yarn run v1.22.22
$ jest
PASS service src/service/commands/PushToEtsy.test.ts
PASS service src/service/test/ContextTemplateRepository.test.ts
PASS service src/service/data/GeminiImageGeneratorExtraction.test.ts
FAIL service src/service/data/GeminiImageGenerator.unit.test.ts
  ● Gemini Image Generator (Unit) › passes temperature to generationConfig

    API key must be set when using the Gemini API.

      71 |   const apiKey = process.env.GEMINI_API_KEY || "";
      72 |   const genAI = new GoogleGenerativeAI(apiKey);
    > 73 |   const newGenAI = new GoogleGenAI({ apiKey });
         |                    ^
      74 |
      75 |   const getSystemPrompt = (params: { 
      76 |     type: string; 

      at new GoogleGenAI (node_modules/@google/genai/dist/node/index.cjs:19860:19)
      at createGeminiImageGenerator (src/service/data/GeminiImageGenerator.ts:73:20)
      at Object.<anonymous> (src/service/data/GeminiImageGenerator.unit.test.ts:22:49)

PASS service src/service/test/ListingController.test.ts
  ● Console

    console.log
      [dotenv@17.2.3] injecting env (2) from .env -- tip: 🔐 prevent committing .env to code: https://dotenvx.com/precommit

      at _log (node_modules/dotenv/lib/main.js:142:11)

    console.log
      Incoming request: GET /listings/templates

      at src/service/app.ts:32:11

    console.log
      GET /listings/templates - 200 - 34ms

      at src/service/app.ts:35:11

    console.log
      Incoming request: POST /listings/templates

      at src/service/app.ts:32:11

    console.log
      POST /listings/templates - 201 - 5ms

      at src/service/app.ts:35:11

    console.log
      Incoming request: POST /listings/templates

      at src/service/app.ts:32:11

    console.log
      POST /listings/templates - 201 - 1ms

      at src/service/app.ts:35:11

    console.log
      Incoming request: DELETE /listings/templates/ToRemove

      at src/service/app.ts:32:11

    console.log
      DELETE /listings/templates/ToRemove - 200 - 0ms

      at src/service/app.ts:35:11

    console.log
      Incoming request: GET /listings/templates

      at src/service/app.ts:32:11

    console.log
      GET /listings/templates - 200 - 14ms

      at src/service/app.ts:35:11

    console.log
      Incoming request: POST /listings/push-to-etsy

      at src/service/app.ts:32:11

    console.log
      POST /listings/push-to-etsy - 201 - 0ms

      at src/service/app.ts:35:11

    console.log
      Incoming request: GET /listings/shop-id

      at src/service/app.ts:32:11

    console.log
      GET /listings/shop-id - 200 - 7ms

      at src/service/app.ts:35:11

    console.log
      Incoming request: GET /listings/prompt-versions

      at src/service/app.ts:32:11

    console.log
      GET /listings/prompt-versions - 200 - 11ms

      at src/service/app.ts:35:11

PASS client src/client/repositories/ListingRepository.test.ts
PASS service src/service/commands/GenerateSingleImage.test.ts
PASS service src/service/repositories/EtsyRepository.test.ts
PASS service src/service/test/integration/PromptPreview.test.ts
  ● Console

    console.log
      [dotenv@17.2.3] injecting env (2) from .env -- tip: ⚙️  override existing env vars with { override: true }

      at _log (node_modules/dotenv/lib/main.js:142:11)

    console.log
      Incoming request: POST /listings/system-prompt

      at src/service/app.ts:32:11

    console.log
      Preview prompt generated for lifestyle with context: NO

      at collect (src/service/repositories/ListingRepository.ts:410:17)

    console.log
      POST /listings/system-prompt - 200 - 9ms

      at src/service/app.ts:35:11

    console.log
      Incoming request: POST /listings/system-prompt

      at src/service/app.ts:32:11

    console.log
      POST /listings/system-prompt - 200 - 1ms

      at src/service/app.ts:35:11

    console.log
      Incoming request: POST /listings/system-prompt

      at src/service/app.ts:32:11

    console.log
      POST /listings/system-prompt - 200 - 0ms

      at src/service/app.ts:35:11

    console.log
      Incoming request: POST /listings/system-prompt

      at src/service/app.ts:32:11

    console.log
      Preview prompt generated for edit with context: NO

      at collect (src/service/repositories/ListingRepository.ts:410:17)

    console.log
      POST /listings/system-prompt - 200 - 1ms

      at src/service/app.ts:35:11

    console.log
      Incoming request: POST /listings/system-prompt

      at src/service/app.ts:32:11

    console.log
      Preview prompt generated for edit with context: NO

      at collect (src/service/repositories/ListingRepository.ts:410:17)

    console.log
      POST /listings/system-prompt - 200 - 1ms

      at src/service/app.ts:35:11

    console.log
      Incoming request: POST /listings/system-prompt

      at src/service/app.ts:32:11

    console.log
      Preview prompt generated for edit with context: NO

      at collect (src/service/repositories/ListingRepository.ts:410:17)

    console.log
      POST /listings/system-prompt - 200 - 0ms

      at src/service/app.ts:35:11

    console.log
      Incoming request: POST /listings/system-prompt

      at src/service/app.ts:32:11

    console.log
      Preview prompt generated for edit with context: NO

      at collect (src/service/repositories/ListingRepository.ts:410:17)

    console.log
      POST /listings/system-prompt - 200 - 1ms

      at src/service/app.ts:35:11

    console.log
      Incoming request: POST /listings/system-prompt

      at src/service/app.ts:32:11

    console.log
      Preview prompt generated for edit with context: NO

      at collect (src/service/repositories/ListingRepository.ts:410:17)

    console.log
      POST /listings/system-prompt - 200 - 0ms

      at src/service/app.ts:35:11

    console.log
      Incoming request: GET /listings/edit-prompt-versions

      at src/service/app.ts:32:11

    console.log
      GET /listings/edit-prompt-versions - 200 - 10ms

      at src/service/app.ts:35:11

    console.log
      Incoming request: POST /listings/edit-prompt-versions

      at src/service/app.ts:32:11

    console.log
      POST /listings/edit-prompt-versions - 201 - 1ms

      at src/service/app.ts:35:11

    console.log
      Incoming request: GET /listings/edit-prompt-versions

      at src/service/app.ts:32:11

    console.log
      GET /listings/edit-prompt-versions - 200 - 1ms

      at src/service/app.ts:35:11

    console.log
      Incoming request: DELETE /listings/edit-prompt-versions/test%20v3

      at src/service/app.ts:32:11

    console.log
      DELETE /listings/edit-prompt-versions/test%20v3 - 200 - 2ms

      at src/service/app.ts:35:11

    console.log
      Incoming request: GET /listings/edit-prompt-versions

      at src/service/app.ts:32:11

    console.log
      GET /listings/edit-prompt-versions - 200 - 5ms

      at src/service/app.ts:35:11

    console.log
      Incoming request: GET /listings/system-prompt

      at src/service/app.ts:32:11

    console.log
      GET /listings/system-prompt - 405 - 14ms

      at src/service/app.ts:35:11

FAIL service src/service/test/integration/GenerateListingImagesError.test.ts
  ● Console

    console.log
      [dotenv@17.2.3] injecting env (2) from .env -- tip: ⚙️  write to custom object with { processEnv: myObject }

      at _log (node_modules/dotenv/lib/main.js:142:11)

    console.log
      Incoming request: POST /listings/generate

      at src/service/app.ts:32:11

    console.log
      Attempting generation with model: gemini-3-pro-image-preview

      at Object.generateImages (src/service/repositories/ListingRepository.ts:68:17)

    console.log
      Generating images with params: {
        lifestyle: 0,
        hero: 0,
        closeUps: undefined,
        flatLay: undefined,
        macro: undefined,
        contextual: undefined,
        themedEnvironment: undefined,
        editSpecifications: undefined,
        lifestyleNoImage: undefined,
        heroNoImage: undefined,
        closeUpsNoImage: undefined,
        flatLayNoImage: undefined,
        macroNoImage: undefined,
        contextualNoImage: undefined,
        themedEnvironmentNoImage: undefined,
        editCount: undefined,
        lifestyleCreateSimilar: undefined,
        heroCreateSimilar: undefined,
        closeUpsCreateSimilar: undefined,
        flatLayCreateSimilar: undefined,
        macroCreateSimilar: undefined,
        contextualCreateSimilar: undefined,
        themedEnvironmentCreateSimilar: undefined,
        temperature: undefined,
        model: 'gemini-3-pro-image-preview',
        systemPromptTemplate: false,
        editPromptTemplate: false,
        hasProductImage: false
      }

      at internalGenerateImages (src/service/repositories/ListingRepository.ts:171:13)

    console.log
      POST /listings/generate - 200 - 42ms

      at src/service/app.ts:35:11

  ● Generate Listing Images Error Handling › returns system prompt even when zero images are requested

    expect(received).toContain(expected) // indexOf

    Expected substring: "Role: You are an image-generation assistant"
    Received string:    ""

      18 |     expect(response.body.images).toEqual([]);
      19 |     expect(response.body.systemPrompt).toBeDefined();
    > 20 |     expect(response.body.systemPrompt).toContain('Role: You are an image-generation assistant');
         |                                        ^
      21 |   });
      22 |
      23 |   // Note: Testing real error response with systemPrompt is hard without mocking the data layer,

      at Object.<anonymous> (src/service/test/integration/GenerateListingImagesError.test.ts:20:40)

PASS client src/client/hooks/useProductUpload.test.ts
  ● Console

    console.error
      An update to TestComponent inside a test was not wrapped in act(...).
      
      When testing, code that causes React state updates should be wrapped into act(...):
      
      act(() => {
        /* fire events that update state */
      });
      /* assert on the output */
      
      This ensures that you're testing the behavior the user would see in the browser. Learn more at https://react.dev/link/wrap-tests-with-act

      58 |     if (repository) {
      59 |       repository.getTemplates().then((response: { templates: ContextTemplate[] }) => {
    > 60 |         setTemplates(response.templates || []);
         |         ^
      61 |       });
      62 |       repository.getArchivedUploads().then((response: { images: string[] }) => {
      63 |         setArchivedUploads(response.images || []);

      at node_modules/react-dom/cjs/react-dom-client.development.js:18758:19
      at runWithFiberInDEV (node_modules/react-dom/cjs/react-dom-client.development.js:874:13)
      at warnIfUpdatesNotWrappedWithActDEV (node_modules/react-dom/cjs/react-dom-client.development.js:18757:9)
      at scheduleUpdateOnFiber (node_modules/react-dom/cjs/react-dom-client.development.js:16409:11)
      at dispatchSetStateInternal (node_modules/react-dom/cjs/react-dom-client.development.js:9170:13)
      at dispatchSetState (node_modules/react-dom/cjs/react-dom-client.development.js:9127:7)
      at src/client/hooks/useProductUpload.ts:60:9

    console.error
      An update to TestComponent inside a test was not wrapped in act(...).
      
      When testing, code that causes React state updates should be wrapped into act(...):
      
      act(() => {
        /* fire events that update state */
      });
      /* assert on the output */
      
      This ensures that you're testing the behavior the user would see in the browser. Learn more at https://react.dev/link/wrap-tests-with-act

      61 |       });
      62 |       repository.getArchivedUploads().then((response: { images: string[] }) => {
    > 63 |         setArchivedUploads(response.images || []);
         |         ^
      64 |       });
      65 |     }
      66 |   }, [repository]);

      at node_modules/react-dom/cjs/react-dom-client.development.js:18758:19
      at runWithFiberInDEV (node_modules/react-dom/cjs/react-dom-client.development.js:874:13)
      at warnIfUpdatesNotWrappedWithActDEV (node_modules/react-dom/cjs/react-dom-client.development.js:18757:9)
      at scheduleUpdateOnFiber (node_modules/react-dom/cjs/react-dom-client.development.js:16409:11)
      at dispatchSetStateInternal (node_modules/react-dom/cjs/react-dom-client.development.js:9170:13)
      at dispatchSetState (node_modules/react-dom/cjs/react-dom-client.development.js:9127:7)
      at src/client/hooks/useProductUpload.ts:63:9

    console.error
      An update to TestComponent inside a test was not wrapped in act(...).
      
      When testing, code that causes React state updates should be wrapped into act(...):
      
      act(() => {
        /* fire events that update state */
      });
      /* assert on the output */
      
      This ensures that you're testing the behavior the user would see in the browser. Learn more at https://react.dev/link/wrap-tests-with-act

      58 |     if (repository) {
      59 |       repository.getTemplates().then((response: { templates: ContextTemplate[] }) => {
    > 60 |         setTemplates(response.templates || []);
         |         ^
      61 |       });
      62 |       repository.getArchivedUploads().then((response: { images: string[] }) => {
      63 |         setArchivedUploads(response.images || []);

      at node_modules/react-dom/cjs/react-dom-client.development.js:18758:19
      at runWithFiberInDEV (node_modules/react-dom/cjs/react-dom-client.development.js:874:13)
      at warnIfUpdatesNotWrappedWithActDEV (node_modules/react-dom/cjs/react-dom-client.development.js:18757:9)
      at scheduleUpdateOnFiber (node_modules/react-dom/cjs/react-dom-client.development.js:16409:11)
      at dispatchSetStateInternal (node_modules/react-dom/cjs/react-dom-client.development.js:9170:13)
      at dispatchSetState (node_modules/react-dom/cjs/react-dom-client.development.js:9127:7)
      at src/client/hooks/useProductUpload.ts:60:9

    console.error
      An update to TestComponent inside a test was not wrapped in act(...).
      
      When testing, code that causes React state updates should be wrapped into act(...):
      
      act(() => {
        /* fire events that update state */
      });
      /* assert on the output */
      
      This ensures that you're testing the behavior the user would see in the browser. Learn more at https://react.dev/link/wrap-tests-with-act

      61 |       });
      62 |       repository.getArchivedUploads().then((response: { images: string[] }) => {
    > 63 |         setArchivedUploads(response.images || []);
         |         ^
      64 |       });
      65 |     }
      66 |   }, [repository]);

      at node_modules/react-dom/cjs/react-dom-client.development.js:18758:19
      at runWithFiberInDEV (node_modules/react-dom/cjs/react-dom-client.development.js:874:13)
      at warnIfUpdatesNotWrappedWithActDEV (node_modules/react-dom/cjs/react-dom-client.development.js:18757:9)
      at scheduleUpdateOnFiber (node_modules/react-dom/cjs/react-dom-client.development.js:16409:11)
      at dispatchSetStateInternal (node_modules/react-dom/cjs/react-dom-client.development.js:9170:13)
      at dispatchSetState (node_modules/react-dom/cjs/react-dom-client.development.js:9127:7)
      at src/client/hooks/useProductUpload.ts:63:9

    console.error
      An update to TestComponent inside a test was not wrapped in act(...).
      
      When testing, code that causes React state updates should be wrapped into act(...):
      
      act(() => {
        /* fire events that update state */
      });
      /* assert on the output */
      
      This ensures that you're testing the behavior the user would see in the browser. Learn more at https://react.dev/link/wrap-tests-with-act

      58 |     if (repository) {
      59 |       repository.getTemplates().then((response: { templates: ContextTemplate[] }) => {
    > 60 |         setTemplates(response.templates || []);
         |         ^
      61 |       });
      62 |       repository.getArchivedUploads().then((response: { images: string[] }) => {
      63 |         setArchivedUploads(response.images || []);

      at node_modules/react-dom/cjs/react-dom-client.development.js:18758:19
      at runWithFiberInDEV (node_modules/react-dom/cjs/react-dom-client.development.js:874:13)
      at warnIfUpdatesNotWrappedWithActDEV (node_modules/react-dom/cjs/react-dom-client.development.js:18757:9)
      at scheduleUpdateOnFiber (node_modules/react-dom/cjs/react-dom-client.development.js:16409:11)
      at dispatchSetStateInternal (node_modules/react-dom/cjs/react-dom-client.development.js:9170:13)
      at dispatchSetState (node_modules/react-dom/cjs/react-dom-client.development.js:9127:7)
      at src/client/hooks/useProductUpload.ts:60:9

    console.error
      An update to TestComponent inside a test was not wrapped in act(...).
      
      When testing, code that causes React state updates should be wrapped into act(...):
      
      act(() => {
        /* fire events that update state */
      });
      /* assert on the output */
      
      This ensures that you're testing the behavior the user would see in the browser. Learn more at https://react.dev/link/wrap-tests-with-act

      61 |       });
      62 |       repository.getArchivedUploads().then((response: { images: string[] }) => {
    > 63 |         setArchivedUploads(response.images || []);
         |         ^
      64 |       });
      65 |     }
      66 |   }, [repository]);

      at node_modules/react-dom/cjs/react-dom-client.development.js:18758:19
      at runWithFiberInDEV (node_modules/react-dom/cjs/react-dom-client.development.js:874:13)
      at warnIfUpdatesNotWrappedWithActDEV (node_modules/react-dom/cjs/react-dom-client.development.js:18757:9)
      at scheduleUpdateOnFiber (node_modules/react-dom/cjs/react-dom-client.development.js:16409:11)
      at dispatchSetStateInternal (node_modules/react-dom/cjs/react-dom-client.development.js:9170:13)
      at dispatchSetState (node_modules/react-dom/cjs/react-dom-client.development.js:9127:7)
      at src/client/hooks/useProductUpload.ts:63:9

    console.error
      An update to TestComponent inside a test was not wrapped in act(...).
      
      When testing, code that causes React state updates should be wrapped into act(...):
      
      act(() => {
        /* fire events that update state */
      });
      /* assert on the output */
      
      This ensures that you're testing the behavior the user would see in the browser. Learn more at https://react.dev/link/wrap-tests-with-act

      58 |     if (repository) {
      59 |       repository.getTemplates().then((response: { templates: ContextTemplate[] }) => {
    > 60 |         setTemplates(response.templates || []);
         |         ^
      61 |       });
      62 |       repository.getArchivedUploads().then((response: { images: string[] }) => {
      63 |         setArchivedUploads(response.images || []);

      at node_modules/react-dom/cjs/react-dom-client.development.js:18758:19
      at runWithFiberInDEV (node_modules/react-dom/cjs/react-dom-client.development.js:874:13)
      at warnIfUpdatesNotWrappedWithActDEV (node_modules/react-dom/cjs/react-dom-client.development.js:18757:9)
      at scheduleUpdateOnFiber (node_modules/react-dom/cjs/react-dom-client.development.js:16409:11)
      at dispatchSetStateInternal (node_modules/react-dom/cjs/react-dom-client.development.js:9170:13)
      at dispatchSetState (node_modules/react-dom/cjs/react-dom-client.development.js:9127:7)
      at src/client/hooks/useProductUpload.ts:60:9

    console.error
      An update to TestComponent inside a test was not wrapped in act(...).
      
      When testing, code that causes React state updates should be wrapped into act(...):
      
      act(() => {
        /* fire events that update state */
      });
      /* assert on the output */
      
      This ensures that you're testing the behavior the user would see in the browser. Learn more at https://react.dev/link/wrap-tests-with-act

      61 |       });
      62 |       repository.getArchivedUploads().then((response: { images: string[] }) => {
    > 63 |         setArchivedUploads(response.images || []);
         |         ^
      64 |       });
      65 |     }
      66 |   }, [repository]);

      at node_modules/react-dom/cjs/react-dom-client.development.js:18758:19
      at runWithFiberInDEV (node_modules/react-dom/cjs/react-dom-client.development.js:874:13)
      at warnIfUpdatesNotWrappedWithActDEV (node_modules/react-dom/cjs/react-dom-client.development.js:18757:9)
      at scheduleUpdateOnFiber (node_modules/react-dom/cjs/react-dom-client.development.js:16409:11)
      at dispatchSetStateInternal (node_modules/react-dom/cjs/react-dom-client.development.js:9170:13)
      at dispatchSetState (node_modules/react-dom/cjs/react-dom-client.development.js:9127:7)
      at src/client/hooks/useProductUpload.ts:63:9

    console.error
      An update to TestComponent inside a test was not wrapped in act(...).
      
      When testing, code that causes React state updates should be wrapped into act(...):
      
      act(() => {
        /* fire events that update state */
      });
      /* assert on the output */
      
      This ensures that you're testing the behavior the user would see in the browser. Learn more at https://react.dev/link/wrap-tests-with-act

      58 |     if (repository) {
      59 |       repository.getTemplates().then((response: { templates: ContextTemplate[] }) => {
    > 60 |         setTemplates(response.templates || []);
         |         ^
      61 |       });
      62 |       repository.getArchivedUploads().then((response: { images: string[] }) => {
      63 |         setArchivedUploads(response.images || []);

      at node_modules/react-dom/cjs/react-dom-client.development.js:18758:19
      at runWithFiberInDEV (node_modules/react-dom/cjs/react-dom-client.development.js:874:13)
      at warnIfUpdatesNotWrappedWithActDEV (node_modules/react-dom/cjs/react-dom-client.development.js:18757:9)
      at scheduleUpdateOnFiber (node_modules/react-dom/cjs/react-dom-client.development.js:16409:11)
      at dispatchSetStateInternal (node_modules/react-dom/cjs/react-dom-client.development.js:9170:13)
      at dispatchSetState (node_modules/react-dom/cjs/react-dom-client.development.js:9127:7)
      at src/client/hooks/useProductUpload.ts:60:9

    console.error
      An update to TestComponent inside a test was not wrapped in act(...).
      
      When testing, code that causes React state updates should be wrapped into act(...):
      
      act(() => {
        /* fire events that update state */
      });
      /* assert on the output */
      
      This ensures that you're testing the behavior the user would see in the browser. Learn more at https://react.dev/link/wrap-tests-with-act

      61 |       });
      62 |       repository.getArchivedUploads().then((response: { images: string[] }) => {
    > 63 |         setArchivedUploads(response.images || []);
         |         ^
      64 |       });
      65 |     }
      66 |   }, [repository]);

      at node_modules/react-dom/cjs/react-dom-client.development.js:18758:19
      at runWithFiberInDEV (node_modules/react-dom/cjs/react-dom-client.development.js:874:13)
      at warnIfUpdatesNotWrappedWithActDEV (node_modules/react-dom/cjs/react-dom-client.development.js:18757:9)
      at scheduleUpdateOnFiber (node_modules/react-dom/cjs/react-dom-client.development.js:16409:11)
      at dispatchSetStateInternal (node_modules/react-dom/cjs/react-dom-client.development.js:9170:13)
      at dispatchSetState (node_modules/react-dom/cjs/react-dom-client.development.js:9127:7)
      at src/client/hooks/useProductUpload.ts:63:9

    console.error
      An update to TestComponent inside a test was not wrapped in act(...).
      
      When testing, code that causes React state updates should be wrapped into act(...):
      
      act(() => {
        /* fire events that update state */
      });
      /* assert on the output */
      
      This ensures that you're testing the behavior the user would see in the browser. Learn more at https://react.dev/link/wrap-tests-with-act

      58 |     if (repository) {
      59 |       repository.getTemplates().then((response: { templates: ContextTemplate[] }) => {
    > 60 |         setTemplates(response.templates || []);
         |         ^
      61 |       });
      62 |       repository.getArchivedUploads().then((response: { images: string[] }) => {
      63 |         setArchivedUploads(response.images || []);

      at node_modules/react-dom/cjs/react-dom-client.development.js:18758:19
      at runWithFiberInDEV (node_modules/react-dom/cjs/react-dom-client.development.js:874:13)
      at warnIfUpdatesNotWrappedWithActDEV (node_modules/react-dom/cjs/react-dom-client.development.js:18757:9)
      at scheduleUpdateOnFiber (node_modules/react-dom/cjs/react-dom-client.development.js:16409:11)
      at dispatchSetStateInternal (node_modules/react-dom/cjs/react-dom-client.development.js:9170:13)
      at dispatchSetState (node_modules/react-dom/cjs/react-dom-client.development.js:9127:7)
      at src/client/hooks/useProductUpload.ts:60:9

    console.error
      An update to TestComponent inside a test was not wrapped in act(...).
      
      When testing, code that causes React state updates should be wrapped into act(...):
      
      act(() => {
        /* fire events that update state */
      });
      /* assert on the output */
      
      This ensures that you're testing the behavior the user would see in the browser. Learn more at https://react.dev/link/wrap-tests-with-act

      61 |       });
      62 |       repository.getArchivedUploads().then((response: { images: string[] }) => {
    > 63 |         setArchivedUploads(response.images || []);
         |         ^
      64 |       });
      65 |     }
      66 |   }, [repository]);

      at node_modules/react-dom/cjs/react-dom-client.development.js:18758:19
      at runWithFiberInDEV (node_modules/react-dom/cjs/react-dom-client.development.js:874:13)
      at warnIfUpdatesNotWrappedWithActDEV (node_modules/react-dom/cjs/react-dom-client.development.js:18757:9)
      at scheduleUpdateOnFiber (node_modules/react-dom/cjs/react-dom-client.development.js:16409:11)
      at dispatchSetStateInternal (node_modules/react-dom/cjs/react-dom-client.development.js:9170:13)
      at dispatchSetState (node_modules/react-dom/cjs/react-dom-client.development.js:9127:7)
      at src/client/hooks/useProductUpload.ts:63:9

    console.error
      An update to TestComponent inside a test was not wrapped in act(...).
      
      When testing, code that causes React state updates should be wrapped into act(...):
      
      act(() => {
        /* fire events that update state */
      });
      /* assert on the output */
      
      This ensures that you're testing the behavior the user would see in the browser. Learn more at https://react.dev/link/wrap-tests-with-act

      58 |     if (repository) {
      59 |       repository.getTemplates().then((response: { templates: ContextTemplate[] }) => {
    > 60 |         setTemplates(response.templates || []);
         |         ^
      61 |       });
      62 |       repository.getArchivedUploads().then((response: { images: string[] }) => {
      63 |         setArchivedUploads(response.images || []);

      at node_modules/react-dom/cjs/react-dom-client.development.js:18758:19
      at runWithFiberInDEV (node_modules/react-dom/cjs/react-dom-client.development.js:874:13)
      at warnIfUpdatesNotWrappedWithActDEV (node_modules/react-dom/cjs/react-dom-client.development.js:18757:9)
      at scheduleUpdateOnFiber (node_modules/react-dom/cjs/react-dom-client.development.js:16409:11)
      at dispatchSetStateInternal (node_modules/react-dom/cjs/react-dom-client.development.js:9170:13)
      at dispatchSetState (node_modules/react-dom/cjs/react-dom-client.development.js:9127:7)
      at src/client/hooks/useProductUpload.ts:60:9

    console.error
      An update to TestComponent inside a test was not wrapped in act(...).
      
      When testing, code that causes React state updates should be wrapped into act(...):
      
      act(() => {
        /* fire events that update state */
      });
      /* assert on the output */
      
      This ensures that you're testing the behavior the user would see in the browser. Learn more at https://react.dev/link/wrap-tests-with-act

      61 |       });
      62 |       repository.getArchivedUploads().then((response: { images: string[] }) => {
    > 63 |         setArchivedUploads(response.images || []);
         |         ^
      64 |       });
      65 |     }
      66 |   }, [repository]);

      at node_modules/react-dom/cjs/react-dom-client.development.js:18758:19
      at runWithFiberInDEV (node_modules/react-dom/cjs/react-dom-client.development.js:874:13)
      at warnIfUpdatesNotWrappedWithActDEV (node_modules/react-dom/cjs/react-dom-client.development.js:18757:9)
      at scheduleUpdateOnFiber (node_modules/react-dom/cjs/react-dom-client.development.js:16409:11)
      at dispatchSetStateInternal (node_modules/react-dom/cjs/react-dom-client.development.js:9170:13)
      at dispatchSetState (node_modules/react-dom/cjs/react-dom-client.development.js:9127:7)
      at src/client/hooks/useProductUpload.ts:63:9

    console.error
      An update to TestComponent inside a test was not wrapped in act(...).
      
      When testing, code that causes React state updates should be wrapped into act(...):
      
      act(() => {
        /* fire events that update state */
      });
      /* assert on the output */
      
      This ensures that you're testing the behavior the user would see in the browser. Learn more at https://react.dev/link/wrap-tests-with-act

      58 |     if (repository) {
      59 |       repository.getTemplates().then((response: { templates: ContextTemplate[] }) => {
    > 60 |         setTemplates(response.templates || []);
         |         ^
      61 |       });
      62 |       repository.getArchivedUploads().then((response: { images: string[] }) => {
      63 |         setArchivedUploads(response.images || []);

      at node_modules/react-dom/cjs/react-dom-client.development.js:18758:19
      at runWithFiberInDEV (node_modules/react-dom/cjs/react-dom-client.development.js:874:13)
      at warnIfUpdatesNotWrappedWithActDEV (node_modules/react-dom/cjs/react-dom-client.development.js:18757:9)
      at scheduleUpdateOnFiber (node_modules/react-dom/cjs/react-dom-client.development.js:16409:11)
      at dispatchSetStateInternal (node_modules/react-dom/cjs/react-dom-client.development.js:9170:13)
      at dispatchSetState (node_modules/react-dom/cjs/react-dom-client.development.js:9127:7)
      at src/client/hooks/useProductUpload.ts:60:9

    console.error
      An update to TestComponent inside a test was not wrapped in act(...).
      
      When testing, code that causes React state updates should be wrapped into act(...):
      
      act(() => {
        /* fire events that update state */
      });
      /* assert on the output */
      
      This ensures that you're testing the behavior the user would see in the browser. Learn more at https://react.dev/link/wrap-tests-with-act

      61 |       });
      62 |       repository.getArchivedUploads().then((response: { images: string[] }) => {
    > 63 |         setArchivedUploads(response.images || []);
         |         ^
      64 |       });
      65 |     }
      66 |   }, [repository]);

      at node_modules/react-dom/cjs/react-dom-client.development.js:18758:19
      at runWithFiberInDEV (node_modules/react-dom/cjs/react-dom-client.development.js:874:13)
      at warnIfUpdatesNotWrappedWithActDEV (node_modules/react-dom/cjs/react-dom-client.development.js:18757:9)
      at scheduleUpdateOnFiber (node_modules/react-dom/cjs/react-dom-client.development.js:16409:11)
      at dispatchSetStateInternal (node_modules/react-dom/cjs/react-dom-client.development.js:9170:13)
      at dispatchSetState (node_modules/react-dom/cjs/react-dom-client.development.js:9127:7)
      at src/client/hooks/useProductUpload.ts:63:9

    console.error
      An update to TestComponent inside a test was not wrapped in act(...).
      
      When testing, code that causes React state updates should be wrapped into act(...):
      
      act(() => {
        /* fire events that update state */
      });
      /* assert on the output */
      
      This ensures that you're testing the behavior the user would see in the browser. Learn more at https://react.dev/link/wrap-tests-with-act

      58 |     if (repository) {
      59 |       repository.getTemplates().then((response: { templates: ContextTemplate[] }) => {
    > 60 |         setTemplates(response.templates || []);
         |         ^
      61 |       });
      62 |       repository.getArchivedUploads().then((response: { images: string[] }) => {
      63 |         setArchivedUploads(response.images || []);

      at node_modules/react-dom/cjs/react-dom-client.development.js:18758:19
      at runWithFiberInDEV (node_modules/react-dom/cjs/react-dom-client.development.js:874:13)
      at warnIfUpdatesNotWrappedWithActDEV (node_modules/react-dom/cjs/react-dom-client.development.js:18757:9)
      at scheduleUpdateOnFiber (node_modules/react-dom/cjs/react-dom-client.development.js:16409:11)
      at dispatchSetStateInternal (node_modules/react-dom/cjs/react-dom-client.development.js:9170:13)
      at dispatchSetState (node_modules/react-dom/cjs/react-dom-client.development.js:9127:7)
      at src/client/hooks/useProductUpload.ts:60:9

    console.error
      An update to TestComponent inside a test was not wrapped in act(...).
      
      When testing, code that causes React state updates should be wrapped into act(...):
      
      act(() => {
        /* fire events that update state */
      });
      /* assert on the output */
      
      This ensures that you're testing the behavior the user would see in the browser. Learn more at https://react.dev/link/wrap-tests-with-act

      61 |       });
      62 |       repository.getArchivedUploads().then((response: { images: string[] }) => {
    > 63 |         setArchivedUploads(response.images || []);
         |         ^
      64 |       });
      65 |     }
      66 |   }, [repository]);

      at node_modules/react-dom/cjs/react-dom-client.development.js:18758:19
      at runWithFiberInDEV (node_modules/react-dom/cjs/react-dom-client.development.js:874:13)
      at warnIfUpdatesNotWrappedWithActDEV (node_modules/react-dom/cjs/react-dom-client.development.js:18757:9)
      at scheduleUpdateOnFiber (node_modules/react-dom/cjs/react-dom-client.development.js:16409:11)
      at dispatchSetStateInternal (node_modules/react-dom/cjs/react-dom-client.development.js:9170:13)
      at dispatchSetState (node_modules/react-dom/cjs/react-dom-client.development.js:9127:7)
      at src/client/hooks/useProductUpload.ts:63:9

    console.error
      An update to TestComponent inside a test was not wrapped in act(...).
      
      When testing, code that causes React state updates should be wrapped into act(...):
      
      act(() => {
        /* fire events that update state */
      });
      /* assert on the output */
      
      This ensures that you're testing the behavior the user would see in the browser. Learn more at https://react.dev/link/wrap-tests-with-act

      58 |     if (repository) {
      59 |       repository.getTemplates().then((response: { templates: ContextTemplate[] }) => {
    > 60 |         setTemplates(response.templates || []);
         |         ^
      61 |       });
      62 |       repository.getArchivedUploads().then((response: { images: string[] }) => {
      63 |         setArchivedUploads(response.images || []);

      at node_modules/react-dom/cjs/react-dom-client.development.js:18758:19
      at runWithFiberInDEV (node_modules/react-dom/cjs/react-dom-client.development.js:874:13)
      at warnIfUpdatesNotWrappedWithActDEV (node_modules/react-dom/cjs/react-dom-client.development.js:18757:9)
      at scheduleUpdateOnFiber (node_modules/react-dom/cjs/react-dom-client.development.js:16409:11)
      at dispatchSetStateInternal (node_modules/react-dom/cjs/react-dom-client.development.js:9170:13)
      at dispatchSetState (node_modules/react-dom/cjs/react-dom-client.development.js:9127:7)
      at src/client/hooks/useProductUpload.ts:60:9

    console.error
      An update to TestComponent inside a test was not wrapped in act(...).
      
      When testing, code that causes React state updates should be wrapped into act(...):
      
      act(() => {
        /* fire events that update state */
      });
      /* assert on the output */
      
      This ensures that you're testing the behavior the user would see in the browser. Learn more at https://react.dev/link/wrap-tests-with-act

      61 |       });
      62 |       repository.getArchivedUploads().then((response: { images: string[] }) => {
    > 63 |         setArchivedUploads(response.images || []);
         |         ^
      64 |       });
      65 |     }
      66 |   }, [repository]);

      at node_modules/react-dom/cjs/react-dom-client.development.js:18758:19
      at runWithFiberInDEV (node_modules/react-dom/cjs/react-dom-client.development.js:874:13)
      at warnIfUpdatesNotWrappedWithActDEV (node_modules/react-dom/cjs/react-dom-client.development.js:18757:9)
      at scheduleUpdateOnFiber (node_modules/react-dom/cjs/react-dom-client.development.js:16409:11)
      at dispatchSetStateInternal (node_modules/react-dom/cjs/react-dom-client.development.js:9170:13)
      at dispatchSetState (node_modules/react-dom/cjs/react-dom-client.development.js:9127:7)
      at src/client/hooks/useProductUpload.ts:63:9

FAIL client src/client/hooks/useListingGeneration.test.ts
  ● Console

    console.log
      Generation failed for model: gemini-3-pro-image-preview Server Error (503): Service Unavailable

      at Object.generateListing (src/client/hooks/useListingGeneration.ts:222:17)

    console.log
      Generation failed for model: gemini-3-pro-image-preview Something went wrong

      at Object.generateListing (src/client/hooks/useListingGeneration.ts:222:17)

    console.log
      Generation failed for model: gemini-3-pro-image-preview Something went wrong

      at Object.generateListing (src/client/hooks/useListingGeneration.ts:222:17)

    console.log
      Generation failed for model: gemini-3-pro-image-preview 503 Service Unavailable

      at Object.generateListing (src/client/hooks/useListingGeneration.ts:222:17)

    console.log
      Generation failed for model: gemini-3-pro-image-preview Internal Server Error

      at Object.generateListing (src/client/hooks/useListingGeneration.ts:222:17)

  ● Listing Generation › regenerates a single image

    expect(jest.fn()).toHaveBeenCalledWith(...expected)

    Expected: ObjectContaining {"customContext": "Better lighting", "productImages": ["prod1", "prod2"], "type": "lifestyle"}
    Received: {"customContext": "Better lighting", "model": "gemini-3-pro-image-preview", "productImages": ["prod1", "prod2", "old_image.png"], "systemPrompt": "Better lighting", "systemPromptTemplate": undefined, "temperature": 1, "type": "lifestyle"}

    Number of calls: 1

      621 |     });
      622 |
    > 623 |     expect(fakeListingRepository.generateSingleImage).toHaveBeenCalledWith(expect.objectContaining({
          |                                                       ^
      624 |       type: 'lifestyle',
      625 |       customContext: 'Better lighting',
      626 |       productImages: ['prod1', 'prod2']

      at Object.<anonymous> (src/client/hooks/useListingGeneration.test.ts:623:55)

  ● Listing Generation › appends custom context to system prompt and sends it with product images during regeneration

    expect(jest.fn()).toHaveBeenCalledWith(...expected)

    Expected: ObjectContaining {"productImages": ["prod1", "prod2"], "systemPrompt": "Original system prompt
    Custom context"}
    Received: {"customContext": "Custom context", "model": "gemini-3-pro-image-preview", "productImages": ["prod1", "prod2", "old.png"], "systemPrompt": "Original system prompt
    Custom context", "systemPromptTemplate": undefined, "temperature": 1, "type": "lifestyle"}

    Number of calls: 1

      690 |
      691 |     // Verify it was called with the appended system prompt and product images
    > 692 |     expect(fakeListingRepository.generateSingleImage).toHaveBeenCalledWith(expect.objectContaining({
          |                                                       ^
      693 |       systemPrompt: 'Original system prompt\nCustom context',
      694 |       productImages: ['prod1', 'prod2']
      695 |     }));

      at Object.<anonymous> (src/client/hooks/useListingGeneration.test.ts:692:55)

PASS service src/service/repositories/ListingRepository.test.ts (13.566 s)
  ● Console

    console.log
      [dotenv@17.2.3] injecting env (2) from .env -- tip: 👥 sync secrets across teammates & machines: https://dotenvx.com/ops

      at _log (node_modules/dotenv/lib/main.js:142:11)

    console.log
      Attempting generation with model: gemini-3-pro-image-preview

      at Object.generateImages (src/service/repositories/ListingRepository.ts:68:17)

    console.log
      Generating images with params: {
        lifestyle: 1,
        hero: 1,
        closeUps: undefined,
        flatLay: undefined,
        macro: undefined,
        contextual: undefined,
        themedEnvironment: undefined,
        editSpecifications: undefined,
        lifestyleNoImage: undefined,
        heroNoImage: undefined,
        closeUpsNoImage: undefined,
        flatLayNoImage: undefined,
        macroNoImage: undefined,
        contextualNoImage: undefined,
        themedEnvironmentNoImage: undefined,
        editCount: undefined,
        lifestyleCreateSimilar: undefined,
        heroCreateSimilar: undefined,
        closeUpsCreateSimilar: undefined,
        flatLayCreateSimilar: undefined,
        macroCreateSimilar: undefined,
        contextualCreateSimilar: undefined,
        themedEnvironmentCreateSimilar: undefined,
        temperature: undefined,
        model: 'gemini-3-pro-image-preview',
        systemPromptTemplate: false,
        editPromptTemplate: false,
        hasProductImage: true
      }

      at internalGenerateImages (src/service/repositories/ListingRepository.ts:171:13)

    console.log
      Attempting generation with model: gemini-3-pro-image-preview

      at Object.generateImages (src/service/repositories/ListingRepository.ts:68:17)

    console.log
      Generating images with params: {
        lifestyle: 1,
        hero: undefined,
        closeUps: undefined,
        flatLay: undefined,
        macro: undefined,
        contextual: undefined,
        themedEnvironment: undefined,
        editSpecifications: undefined,
        lifestyleNoImage: true,
        heroNoImage: undefined,
        closeUpsNoImage: undefined,
        flatLayNoImage: undefined,
        macroNoImage: undefined,
        contextualNoImage: undefined,
        themedEnvironmentNoImage: undefined,
        editCount: undefined,
        lifestyleCreateSimilar: undefined,
        heroCreateSimilar: undefined,
        closeUpsCreateSimilar: undefined,
        flatLayCreateSimilar: undefined,
        macroCreateSimilar: undefined,
        contextualCreateSimilar: undefined,
        themedEnvironmentCreateSimilar: undefined,
        temperature: undefined,
        model: 'gemini-3-pro-image-preview',
        systemPromptTemplate: false,
        editPromptTemplate: false,
        hasProductImage: true
      }

      at internalGenerateImages (src/service/repositories/ListingRepository.ts:171:13)

    console.log
      Skipping product image for lifestyle (TEXT-ONLY MODE)

      at runGeneration (src/service/repositories/ListingRepository.ts:306:17)

    console.log
      --- GEMINI REQUEST PAYLOAD ---

      at Object.generateImage (src/service/data/GeminiImageGenerator.ts:219:13)

    console.log
      Model: gemini-3-pro-image-preview

      at Object.generateImage (src/service/data/GeminiImageGenerator.ts:220:13)

    console.log
      System Instruction: NONCE: NONCE-az5soxd7m9v-1770238566836
      Role: You are an image-generation assistant helping an Etsy seller create consistent listing photos.
      
      PRODUCT IDENTITY RULE (CRITICAL):
      The user provides a product reference image.
      That image is the single source of truth ONLY for the product itself:
      its geometry, proportions, materials, colors, surface finish, text style, and details.
      
      The reference image does NOT define the environment, setting, or scene.
      The environment must be newly generated for each image and must strictly follow any provided SCENE OVERRIDE.
      
      Do not reuse, approximate, or reference the environment, lighting, camera angle,
      or setting from the reference image. The reference image defines the product only.
      
      OUTPUT REQUIREMENTS:
      - Generate 1 image(s).
      - Shot type: lifestyle.
      - The product must be the hero subject and in sharp focus.
      
      IDENTITY LOCK:
      - Do not change the product’s shape, geometry, proportions, or design.
      - Do not add or remove features, icons, or branding.
      - Match materials, colors, finish, and text styling exactly to the reference image.
      
      COMPOSITION:
      - Use realistic product-photography conventions.
      - Maintain correct scale and proportions.
      - No people present.
      
      SCENE AND ENVIRONMENT:
      (IMPORTANT: Prioritize any provided SCENE OVERRIDE text above all else.)
      CONTEXTUAL SCENE RULES:

      at Object.generateImage (src/service/data/GeminiImageGenerator.ts:221:13)

    console.log
      User Prompt (Toon): 
      TOON 1.0
      TITLE: Generate lifestyle image
      PROMPT: 1 image. Shot type: lifestyle.
      TYPE: IMAGE

      at Object.generateImage (src/service/data/GeminiImageGenerator.ts:222:13)

    console.log
      Full Request Parts: [
        {
          "text": "\nTOON 1.0\nTITLE: Generate lifestyle image\nPROMPT: 1 image. Shot type: lifestyle.\nTYPE: IMAGE\n"
        }
      ]

      at Object.generateImage (src/service/data/GeminiImageGenerator.ts:223:13)

    console.log
      Number of product images: 1

      at Object.generateImage (src/service/data/GeminiImageGenerator.ts:224:13)

    console.log
      Has background: false

      at Object.generateImage (src/service/data/GeminiImageGenerator.ts:225:13)

    console.log
      Seed: undefined

      at Object.generateImage (src/service/data/GeminiImageGenerator.ts:226:13)

    console.log
      Temperature: undefined

      at Object.generateImage (src/service/data/GeminiImageGenerator.ts:227:13)

    console.log
      -------------------------------

      at Object.generateImage (src/service/data/GeminiImageGenerator.ts:228:13)

    console.log
      Attempting generation with model: gemini-3-pro-image-preview

      at Object.generateImages (src/service/repositories/ListingRepository.ts:68:17)

    console.log
      Generating images with params: {
        lifestyle: 0,
        hero: 0,
        closeUps: undefined,
        flatLay: undefined,
        macro: undefined,
        contextual: undefined,
        themedEnvironment: undefined,
        editSpecifications: undefined,
        lifestyleNoImage: undefined,
        heroNoImage: undefined,
        closeUpsNoImage: undefined,
        flatLayNoImage: undefined,
        macroNoImage: undefined,
        contextualNoImage: undefined,
        themedEnvironmentNoImage: undefined,
        editCount: undefined,
        lifestyleCreateSimilar: undefined,
        heroCreateSimilar: undefined,
        closeUpsCreateSimilar: undefined,
        flatLayCreateSimilar: undefined,
        macroCreateSimilar: undefined,
        contextualCreateSimilar: undefined,
        themedEnvironmentCreateSimilar: undefined,
        temperature: undefined,
        model: 'gemini-3-pro-image-preview',
        systemPromptTemplate: false,
        editPromptTemplate: false,
        hasProductImage: false
      }

      at internalGenerateImages (src/service/repositories/ListingRepository.ts:171:13)

    console.log
      Preview prompt generated for lifestyle with context: NO

      at collect (src/service/repositories/ListingRepository.ts:410:17)

    console.log
      Attempting generation with model: gemini-3-pro-image-preview

      at Object.generateImages (src/service/repositories/ListingRepository.ts:68:17)

    console.log
      Generating images with params: {
        lifestyle: undefined,
        hero: undefined,
        closeUps: undefined,
        flatLay: undefined,
        macro: undefined,
        contextual: undefined,
        themedEnvironment: 1,
        editSpecifications: undefined,
        lifestyleNoImage: undefined,
        heroNoImage: undefined,
        closeUpsNoImage: undefined,
        flatLayNoImage: undefined,
        macroNoImage: undefined,
        contextualNoImage: undefined,
        themedEnvironmentNoImage: undefined,
        editCount: undefined,
        lifestyleCreateSimilar: undefined,
        heroCreateSimilar: undefined,
        closeUpsCreateSimilar: undefined,
        flatLayCreateSimilar: undefined,
        macroCreateSimilar: undefined,
        contextualCreateSimilar: undefined,
        themedEnvironmentCreateSimilar: undefined,
        temperature: undefined,
        model: 'gemini-3-pro-image-preview',
        systemPromptTemplate: false,
        editPromptTemplate: false,
        hasProductImage: false
      }

      at internalGenerateImages (src/service/repositories/ListingRepository.ts:171:13)

    console.log
      Using Custom Context for themed-environment: "In a forest"

      at runGeneration (src/service/repositories/ListingRepository.ts:302:17)

    console.log
      Using Custom Context for lifestyle: "Better lighting"

      at runGeneration (src/service/repositories/ListingRepository.ts:302:17)

    console.log
      Attempting generation with model: gemini-3-pro-image-preview

      at Object.generateImages (src/service/repositories/ListingRepository.ts:68:17)

    console.log
      Generating images with params: {
        lifestyle: 1,
        hero: undefined,
        closeUps: undefined,
        flatLay: undefined,
        macro: undefined,
        contextual: undefined,
        themedEnvironment: undefined,
        editSpecifications: undefined,
        lifestyleNoImage: undefined,
        heroNoImage: undefined,
        closeUpsNoImage: undefined,
        flatLayNoImage: undefined,
        macroNoImage: undefined,
        contextualNoImage: undefined,
        themedEnvironmentNoImage: undefined,
        editCount: undefined,
        lifestyleCreateSimilar: true,
        heroCreateSimilar: undefined,
        closeUpsCreateSimilar: undefined,
        flatLayCreateSimilar: undefined,
        macroCreateSimilar: undefined,
        contextualCreateSimilar: undefined,
        themedEnvironmentCreateSimilar: undefined,
        temperature: undefined,
        model: 'gemini-3-pro-image-preview',
        systemPromptTemplate: false,
        editPromptTemplate: false,
        hasProductImage: false
      }

      at internalGenerateImages (src/service/repositories/ListingRepository.ts:171:13)

    console.log
      Seed for lifestyle generation: 156203477 (Source: create-similar)

      at runGeneration (src/service/repositories/ListingRepository.ts:298:17)

    console.log
      Attempting generation with model: gemini-3-pro-image-preview

      at Object.generateImages (src/service/repositories/ListingRepository.ts:68:17)

    console.log
      Generating images with params: {
        lifestyle: 1,
        hero: undefined,
        closeUps: undefined,
        flatLay: undefined,
        macro: undefined,
        contextual: undefined,
        themedEnvironment: undefined,
        editSpecifications: undefined,
        lifestyleNoImage: undefined,
        heroNoImage: undefined,
        closeUpsNoImage: undefined,
        flatLayNoImage: undefined,
        macroNoImage: undefined,
        contextualNoImage: undefined,
        themedEnvironmentNoImage: undefined,
        editCount: undefined,
        lifestyleCreateSimilar: undefined,
        heroCreateSimilar: undefined,
        closeUpsCreateSimilar: undefined,
        flatLayCreateSimilar: undefined,
        macroCreateSimilar: undefined,
        contextualCreateSimilar: undefined,
        themedEnvironmentCreateSimilar: undefined,
        temperature: 0.7,
        model: 'gemini-3-pro-image-preview',
        systemPromptTemplate: false,
        editPromptTemplate: false,
        hasProductImage: false
      }

      at internalGenerateImages (src/service/repositories/ListingRepository.ts:171:13)

    console.log
      Attempting generation with model: gemini-3-pro-image-preview

      at Object.generateImages (src/service/repositories/ListingRepository.ts:68:17)

    console.log
      Generating images with params: {
        lifestyle: 1,
        hero: undefined,
        closeUps: undefined,
        flatLay: undefined,
        macro: undefined,
        contextual: undefined,
        themedEnvironment: undefined,
        editSpecifications: undefined,
        lifestyleNoImage: undefined,
        heroNoImage: undefined,
        closeUpsNoImage: undefined,
        flatLayNoImage: undefined,
        macroNoImage: undefined,
        contextualNoImage: undefined,
        themedEnvironmentNoImage: undefined,
        editCount: undefined,
        lifestyleCreateSimilar: undefined,
        heroCreateSimilar: undefined,
        closeUpsCreateSimilar: undefined,
        flatLayCreateSimilar: undefined,
        macroCreateSimilar: undefined,
        contextualCreateSimilar: undefined,
        themedEnvironmentCreateSimilar: undefined,
        temperature: undefined,
        model: 'gemini-3-pro-image-preview',
        systemPromptTemplate: true,
        editPromptTemplate: false,
        hasProductImage: false
      }

      at internalGenerateImages (src/service/repositories/ListingRepository.ts:171:13)

    console.log
      Attempting generation with model: gemini-3-pro-image-preview

      at Object.generateImages (src/service/repositories/ListingRepository.ts:68:17)

    console.log
      Generating images with params: {
        lifestyle: 1,
        hero: undefined,
        closeUps: undefined,
        flatLay: undefined,
        macro: undefined,
        contextual: undefined,
        themedEnvironment: undefined,
        editSpecifications: undefined,
        lifestyleNoImage: true,
        heroNoImage: undefined,
        closeUpsNoImage: undefined,
        flatLayNoImage: undefined,
        macroNoImage: undefined,
        contextualNoImage: undefined,
        themedEnvironmentNoImage: undefined,
        editCount: undefined,
        lifestyleCreateSimilar: undefined,
        heroCreateSimilar: undefined,
        closeUpsCreateSimilar: undefined,
        flatLayCreateSimilar: undefined,
        macroCreateSimilar: undefined,
        contextualCreateSimilar: undefined,
        themedEnvironmentCreateSimilar: undefined,
        temperature: undefined,
        model: 'gemini-3-pro-image-preview',
        systemPromptTemplate: false,
        editPromptTemplate: false,
        hasProductImage: true
      }

      at internalGenerateImages (src/service/repositories/ListingRepository.ts:171:13)

    console.log
      Skipping product image for lifestyle (TEXT-ONLY MODE)

      at runGeneration (src/service/repositories/ListingRepository.ts:306:17)

    console.log
      Preview prompt generated for lifestyle with context: YES

      at collect (src/service/repositories/ListingRepository.ts:410:17)

    console.log
      Using Custom Context for lifestyle: "New Context"

      at runGeneration (src/service/repositories/ListingRepository.ts:302:17)

    console.log
      Attempting generation with model: gemini-3-pro-image-preview

      at Object.generateImages (src/service/repositories/ListingRepository.ts:68:17)

    console.log
      Generating images with params: {
        lifestyle: 1,
        hero: undefined,
        closeUps: undefined,
        flatLay: undefined,
        macro: undefined,
        contextual: undefined,
        themedEnvironment: undefined,
        editSpecifications: undefined,
        lifestyleNoImage: undefined,
        heroNoImage: undefined,
        closeUpsNoImage: undefined,
        flatLayNoImage: undefined,
        macroNoImage: undefined,
        contextualNoImage: undefined,
        themedEnvironmentNoImage: undefined,
        editCount: undefined,
        lifestyleCreateSimilar: undefined,
        heroCreateSimilar: undefined,
        closeUpsCreateSimilar: undefined,
        flatLayCreateSimilar: undefined,
        macroCreateSimilar: undefined,
        contextualCreateSimilar: undefined,
        themedEnvironmentCreateSimilar: undefined,
        temperature: undefined,
        model: 'gemini-3-pro-image-preview',
        systemPromptTemplate: false,
        editPromptTemplate: false,
        hasProductImage: false
      }

      at internalGenerateImages (src/service/repositories/ListingRepository.ts:171:13)

    console.log
      Attempting generation with model: gemini-3-pro-image-preview

      at Object.generateImages (src/service/repositories/ListingRepository.ts:68:17)

    console.log
      Generating images with params: {
        lifestyle: 1,
        hero: undefined,
        closeUps: undefined,
        flatLay: undefined,
        macro: undefined,
        contextual: undefined,
        themedEnvironment: undefined,
        editSpecifications: undefined,
        lifestyleNoImage: undefined,
        heroNoImage: undefined,
        closeUpsNoImage: undefined,
        flatLayNoImage: undefined,
        macroNoImage: undefined,
        contextualNoImage: undefined,
        themedEnvironmentNoImage: undefined,
        editCount: undefined,
        lifestyleCreateSimilar: undefined,
        heroCreateSimilar: undefined,
        closeUpsCreateSimilar: undefined,
        flatLayCreateSimilar: undefined,
        macroCreateSimilar: undefined,
        contextualCreateSimilar: undefined,
        themedEnvironmentCreateSimilar: undefined,
        temperature: undefined,
        model: 'gemini-3-pro-image-preview',
        systemPromptTemplate: false,
        editPromptTemplate: false,
        hasProductImage: false
      }

      at internalGenerateImages (src/service/repositories/ListingRepository.ts:171:13)

    console.log
      Preview prompt generated for lifestyle with context: YES

      at collect (src/service/repositories/ListingRepository.ts:410:17)

    console.log
      Attempting generation with model: gemini-3-pro-image-preview

      at Object.generateImages (src/service/repositories/ListingRepository.ts:68:17)

    console.log
      Generating images with params: {
        lifestyle: 1,
        hero: undefined,
        closeUps: undefined,
        flatLay: undefined,
        macro: undefined,
        contextual: undefined,
        themedEnvironment: undefined,
        editSpecifications: undefined,
        lifestyleNoImage: undefined,
        heroNoImage: undefined,
        closeUpsNoImage: undefined,
        flatLayNoImage: undefined,
        macroNoImage: undefined,
        contextualNoImage: undefined,
        themedEnvironmentNoImage: undefined,
        editCount: undefined,
        lifestyleCreateSimilar: undefined,
        heroCreateSimilar: undefined,
        closeUpsCreateSimilar: undefined,
        flatLayCreateSimilar: undefined,
        macroCreateSimilar: undefined,
        contextualCreateSimilar: undefined,
        themedEnvironmentCreateSimilar: undefined,
        temperature: undefined,
        model: 'gemini-3-pro-image-preview',
        systemPromptTemplate: false,
        editPromptTemplate: false,
        hasProductImage: true
      }

      at internalGenerateImages (src/service/repositories/ListingRepository.ts:171:13)

    console.log
      Using Custom Context for lifestyle: "ISOLATION TEST: NO IMAGE at the beach"

      at runGeneration (src/service/repositories/ListingRepository.ts:302:17)

PASS service src/service/commands/GenerateListingImages.test.ts (27.103 s)
  ● Console

    console.log
      [dotenv@17.2.3] injecting env (2) from .env -- tip: 🔑 add access controls to secrets: https://dotenvx.com/ops

      at _log (node_modules/dotenv/lib/main.js:142:11)

    console.log
      Attempting generation with model: gemini-3-pro-image-preview

      at Object.generateImages (src/service/repositories/ListingRepository.ts:68:17)

    console.log
      Generating images with params: {
        lifestyle: 1,
        hero: undefined,
        closeUps: undefined,
        flatLay: undefined,
        macro: undefined,
        contextual: undefined,
        themedEnvironment: undefined,
        editSpecifications: undefined,
        lifestyleNoImage: undefined,
        heroNoImage: undefined,
        closeUpsNoImage: undefined,
        flatLayNoImage: undefined,
        macroNoImage: undefined,
        contextualNoImage: undefined,
        themedEnvironmentNoImage: undefined,
        editCount: undefined,
        lifestyleCreateSimilar: undefined,
        heroCreateSimilar: undefined,
        closeUpsCreateSimilar: undefined,
        flatLayCreateSimilar: undefined,
        macroCreateSimilar: undefined,
        contextualCreateSimilar: undefined,
        themedEnvironmentCreateSimilar: undefined,
        temperature: undefined,
        model: 'gemini-3-pro-image-preview',
        systemPromptTemplate: false,
        editPromptTemplate: false,
        hasProductImage: true
      }

      at internalGenerateImages (src/service/repositories/ListingRepository.ts:171:13)

    console.log
      --- GEMINI REQUEST PAYLOAD ---

      at Object.generateImage (src/service/data/GeminiImageGenerator.ts:219:13)

    console.log
      Model: gemini-3-pro-image-preview

      at Object.generateImage (src/service/data/GeminiImageGenerator.ts:220:13)

    console.log
      System Instruction: NONCE: NONCE-o3bozkvxyve-1770238566926
      Role: You are an image-generation assistant helping an Etsy seller create consistent listing photos.
      
      PRODUCT IDENTITY RULE (CRITICAL):
      The user provides a product reference image.
      That image is the single source of truth ONLY for the product itself:
      its geometry, proportions, materials, colors, surface finish, text style, and details.
      
      The reference image does NOT define the environment, setting, or scene.
      The environment must be newly generated for each image and must strictly follow any provided SCENE OVERRIDE.
      
      Do not reuse, approximate, or reference the environment, lighting, camera angle,
      or setting from the reference image. The reference image defines the product only.
      
      OUTPUT REQUIREMENTS:
      - Generate 1 image(s).
      - Shot type: lifestyle.
      - The product must be the hero subject and in sharp focus.
      
      IDENTITY LOCK:
      - Do not change the product’s shape, geometry, proportions, or design.
      - Do not add or remove features, icons, or branding.
      - Match materials, colors, finish, and text styling exactly to the reference image.
      
      COMPOSITION:
      - Use realistic product-photography conventions.
      - Maintain correct scale and proportions.
      - No people present.
      
      SCENE AND ENVIRONMENT:
      (IMPORTANT: Prioritize any provided SCENE OVERRIDE text above all else.)
      CONTEXTUAL SCENE RULES:

      at Object.generateImage (src/service/data/GeminiImageGenerator.ts:221:13)

    console.log
      User Prompt (Toon): 
      TOON 1.0
      TITLE: Generate lifestyle image
      PROMPT: 1 image. Shot type: lifestyle.
      TYPE: IMAGE

      at Object.generateImage (src/service/data/GeminiImageGenerator.ts:222:13)

    console.log
      Full Request Parts: [
        {
          "text": "PRODUCT REFERENCE IMAGE (The product to be preserved):"
        },
        {
          "inlineData": {
            "data": "iVBORw0KGgoAAAANSUhEUgAACCAAAAgACAIAAABymEe3AAADFmlUWHRYTUw6Y29tLmFkb2JlLnhtcAAAAAAAPD94cGFja2V0IGJlZ2luPSLvu78iIGlkPSJXNU0wTXBDZWhpSHpyZVN6TlRjemtjOWQiPz4gPHg6eG1wbWV0YSB4bWxuczp4PSJhZG9iZTpuczptZXRhLyIgeDp4bXB0az0iWE1QIENvcmUgNS41LjAiPiA8cmRmOlJERiB4bWxuczpyZGY9Imh0dHA6Ly93d3cudzMub3JnLzE5OTkvMDIvMjItcmRmLXN5bnRheC1ucyMiPiA8cmRmOkRlc2NyaXB0aW9uIHJkZjphYm91dD0iIiB4bWxuczpleGlmPSJodHRwOi8vbnMuYWRvYmUuY29tL2V4aWYvMS4wLyIgeG1sbnM6SXB0YzR4bXBFeHQ9Imh0dHA6Ly9pcHRjLm9yZy9zdGQvSXB0YzR4bXBFeHQvMjAwOC0wMi0yOS8iIHhtbG5zOnBob3Rvc2hvcD0iaHR0cDovL25zLmFkb2JlLmNvbS9waG90b3Nob3AvMS4wLyIgZXhpZjpEYXRlVGltZU9yaWdpbmFsPSIyMDI2LTAxLTA4VDA1OjM2OjE5KzAwOjAwIiBJcHRjNHhtcEV4dDpEaWdpdGFsU291cmNlRmlsZVR5cGU9Imh0dHA6Ly9jdi5pcHRjLm9yZy9uZXdzY29kZXMvZGlnaXRhbHNvdXJjZXR5cGUvdHJhaW5lZEFsZ29yaXRobWljTWVkaWEiIElwdGM0eG1wRXh0OkRpZ2l0YWxTb3VyY2VUeXBlPSJodHRwOi8vY3YuaXB0Yy5vcmcvbmV3c2NvZGVzL2RpZ2l0YWxzb3VyY2V0eXBlL3RyYWluZWRBbGdvcml0aG1pY01lZGlhIiBwaG90b3Nob3A6Q3JlZGl0PSJNYWRlIHdpdGggR29vZ2xlIEFJIiBwaG90b3Nob3A6RGF0ZUNyZWF0ZWQ9IjIwMjYtMDEtMDhUMDU6MzY6MTkrMDA6MDAiLz4gPC9yZGY6UkRGPiA8L3g6eG1wbWV0YT4gICA8P3hwYWNrZXQgZW5kPSJ3Ij8+P2I/GwAAltljYUJYAACW2Wp1bWIAAAAeanVtZGMycGEAEQAQgAAAqgA4m3EDYzJwYQAAABmmanVtYgAAAEdqdW1kYzJtYQARABCAAACqADibcQN1cm46YzJwYTpkYTM1YjJhMi0xNWE1LWI2MTItMmM2ZC00YjY3Y2I0ZmYyNjkAAAATg2p1bWIAAAAoanVtZGMyY3MAEQAQgAAAqgA4m3EDYzJwYS5zaWduYXR1cmUAAAATU2Nib3LShFkGrqIBJhghglkDwjCCA74wggNEoAMCAQICE3/AxV62As6DD5390EqwDEWeuCYwCgYIKoZIzj0EAwMwUTELMAkGA1UEBhMCVVMxEzARBgNVBAoMCkdvb2dsZSBMTEMxLTArBgNVBAMMJEdvb2dsZSBDMlBBIE1lZGlhIFNlcnZpY2VzIDFQIElDQSBHMzAeFw0yNTEwMzAyMjM0NDdaFw0yNjEwMjUyMjM0NDZaMGsxCzAJBgNVBAYTAlVTMRMwEQYDVQQKEwpHb29nbGUgTExDMRwwGgYDVQQLExNHb29nbGUgU3lzdGVtIDYwMDMyMSkwJwYDVQQDEyBHb29nbGUgTWVkaWEgUHJvY2Vzc2luZyBTZXJ2aWNlczBZMBMGByqGSM49AgEGCCqGSM49AwEHA0IABGsGr3IXPvdLP4T1h8StxRSdzJazQzLAU/TCqT8EyECpYCgxBkzQgyme6Uq/abDMMZ0Mla4sisrA8+j35pO96hWjggHfMIIB2zAOBgNVHQ8BAf8EBAMCBsAwHwYDVR0lBBgwFgYIKwYBBQUHAwQGCisGAQQBg+heAgEwDAYDVR0TAQH/BAIwADAdBgNVHQ4EFgQUHejmQiwEE6Erchg+6V5xhYMCU3UwHwYDVR0jBBgwFoAU2nvhvbQsioXgENZrmsdK8frf9jcwbAYIKwYBBQUHAQEEYDBeMCYGCCsGAQUFBzABhhpodHRwOi8vYzJwYS1vY3NwLnBraS5nb29nLzA0BggrBgEFBQcwAoYoaHR0cDovL3BraS5nb29nL2MycGEvbWVkaWEtMXAtaWNhLWczLmNydDAXBgNVHSAEEDAOMAwGCisGAQQBg+heAQEwgYIGA1UdHwR7MHkwd6B1oHOGcWh0dHA6Ly9wcml2YXRlY2EtY29udGVudC02ODhhYTY3My0wMDAwLTJhODYtYTg3YS0wODhiYzg3MzU3MGEuc3RvcmFnZS5nb29nbGVhcGlzLmNvbS9iNGZiNjA0ODI1ZWNjNWMzY2U2Yi9jcmwuY3JsMBkGCSsGAQQBg+heAwQMBgorBgEEAYPoXgMKMDMGCSsGAQQBg+heBAQmDCQwMTk5Y2NkNS1kYWVkLTc5YTctOGI4YS1iMGJlZGMwYWY2ZmEwCgYIKoZIzj0EAwMDaAAwZQIwZhbS95jwDKMG1BIcEp95SYwS8gsoVGBpdjWUEByTnBy6VjaR5JffFghvSMiOymxPAjEA8VgO2XZilzc8+E3+qe8L1uc1czJ4cInswpv/OhsU/KLcJVqUq2/CeU9xQVfMDi6rWQLgMIIC3DCCAmOgAwIBAgIUQfqlIUd2IVjaf5ss/439Fgke7j4wCgYIKoZIzj0EAwMwQzELMAkGA1UEBhMCVVMxEzARBgNVBAoMCkdvb2dsZSBMTEMxHzAdBgNVBAMMFkdvb2dsZSBDMlBBIFJvb3QgQ0EgRzMwHhcNMjUwNTA4MjIzNjI2WhcNMzAwNTA4MjIzNjI2WjBRMQswCQYDVQQGEwJVUzETMBEGA1UECgwKR29vZ2xlIExMQzEtMCsGA1UEAwwkR29vZ2xlIEMyUEEgTWVkaWEgU2VydmljZXMgMVAgSUNBIEczMHYwEAYHKoZIzj0CAQYFK4EEACIDYgAEuCPlUxSiltqnB2lx2ES7FK+TVZWmAxRzzDjTzKZ8umoqyvCqSLOkZBrOieaLqrp+rnzt0EADWWH3X62NqzEXRewW6rb/lS7VXkVCM02gC0ZgJW7+PCsZgLoUBUQ+nkN5o4IBCDCCAQQwFwYDVR0gBBAwDjAMBgorBgEEAYPoXgEBMA4GA1UdDwEB/wQEAwIBBjAfBgNVHSUEGDAWBggrBgEFBQcDBAYKKwYBBAGD6F4CATASBgNVHRMBAf8ECDAGAQH/AgEAMGQGCCsGAQUFBwEBBFgwVjAsBggrBgEFBQcwAoYgaHR0cDovL3BraS5nb29nL2MycGEvcm9vdC1nMy5jcnQwJgYIKwYBBQUHMAGGGmh0dHA6Ly9jMnBhLW9jc3AucGtpLmdvb2cvMB8GA1UdIwQYMBaAFJxc2IlTQ+da1YHbA94ZfwQqKi2qMB0GA1UdDgQWBBTae+G9tCyKheAQ1muax0rx+t/2NzAKBggqhkjOPQQDAwNnADBkAjACxtEE3NW13bwN1u/51ericNF6rkEhYVESDO6Jqb5cX37Hwg0X9S2rH+vXaoFZIHsCMC03wCKKomDHgqV47UtyyHpZlo5IZACW72Xdc4gipdWMEmhvPk88dvxbYtn+LVd9zKRnc2lnVHN0MqFpdHN0VG9rZW5zgaFjdmFsWQfgMIIH3AYJKoZIhvcNAQcCoIIHzTCCB8kCAQMxDTALBglghkgBZQMEAgEwgZAGCyqGSIb3DQEJEAEEoIGABH4wfAIBAQYKKwYBBAHWeQIKATAxMA0GCWCGSAFlAwQCAQUABCBvoqAD8pgCYYFNmCxnQDFLLJwZSETpi5Oq8PGqvXPDDQIUMaHuGJBQD0ROKq0wLNnU9yOrlJAYDzIwMjYwMTA4MDUzNTMyWjAGAgEBgAEKAgkA7gkOE78YGxKgggWhMIICyjCCAk+gAwIBAgITe1GZcP/XWpWdDEDXTobx13AkgzAKBggqhkjOPQQDAzBSMQswCQYDVQQGEwJVUzETMBEGA1UECgwKR29vZ2xlIExMQzEuMCwGA1UEAwwlR29vZ2xlIEMyUEEgQ29yZSBUaW1lLVN0YW1waW5nIElDQSBHMzAeFw0yNTA5MDgxMzQ4NTlaFw0zMTA5MDkwMTQ4NThaMFQxCzAJBgNVBAYTAlVTMRMwEQYDVQQKEwpHb29nbGUgTExDMTAwLgYDVQQDEydHb29nbGUgQ29yZSBUaW1lIFN0YW1waW5nIEF1dGhvcml0eSBUMTEwWTATBgcqhkjOPQIBBggqhkjOPQMBBwNCAARbIJnv0mfDuc6Y7lg9MlG6irr8MyH3t8sIeUXQXM2E5avhM571KwdkZz1nE5yaOxKvPgz5rqcw8S0m0v2c3NyTo4IBADCB/TAOBgNVHQ8BAf8EBAMCBsAwDAYDVR0TAQH/BAIwADAdBgNVHQ4EFgQUGM/bfGenu1fYfL+hClP/0Pf8+dYwHwYDVR0jBBgwFoAU3lWXjGB0OwPiarREBmWXYcrl+I4wbAYIKwYBBQUHAQEEYDBeMCYGCCsGAQUFBzABhhpodHRwOi8vYzJwYS1vY3NwLnBraS5nb29nLzA0BggrBgEFBQcwAoYoaHR0cDovL3BraS5nb29nL2MycGEvY29yZS10c2EtaWNhLWczLmNydDAXBgNVHSAEEDAOMAwGCisGAQQBg+heAQEwFgYDVR0lAQH/BAwwCgYIKwYBBQUHAwgwCgYIKoZIzj0EAwMDaQAwZgIxAN5jazahLWcGe47rMHxtqo99iZn2+UBweFRdD0IDPFt6Rhv6mh6ktbJG+37rww/twQIxAJdd1iqxTsg9O8KcToKemKwPe+R1VglnHMWHBCj6UOwnzBrVeXvGg2nNaBKk04kKSTCCAs8wggJWoAMCAQICFEUAg25yEwLFZKSeZDN2+o8Jt2T0MAoGCCqGSM49BAMDMEMxCzAJBgNVBAYTAlVTMRMwEQYDVQQKDApHb29nbGUgTExDMR8wHQYDVQQDDBZHb29nbGUgQzJQQSBSb290IENBIEczMB4XDTI1MDUwODIyMzYyNloXDTQwMDUwODIyMzYyNlowUjELMAkGA1UEBhMCVVMxEzARBgNVBAoMCkdvb2dsZSBMTEMxLjAsBgNVBAMMJUdvb2dsZSBDMlBBIENvcmUgVGltZS1TdGFtcGluZyBJQ0EgRzMwdjAQBgcqhkjOPQIBBgUrgQQAIgNiAASjfffxvQgqH0VZJeBS+akg3/7bLo9FIdhPCtXNA3HdZyosWW7AnCQyciJ5uQKRX7mmykefp8U0cxN+XsUlROkxIo401bgW/hrBqzPqxiEsI0//AeTgwX/wOGvFcq0lSwqjgfswgfgwFwYDVR0gBBAwDjAMBgorBgEEAYPoXgEBMA4GA1UdDwEB/wQEAwIBBjATBgNVHSUEDDAKBggrBgEFBQcDCDASBgNVHRMBAf8ECDAGAQH/AgEAMGQGCCsGAQUFBwEBBFgwVjAsBggrBgEFBQcwAoYgaHR0cDovL3BraS5nb29nL2MycGEvcm9vdC1nMy5jcnQwJgYIKwYBBQUHMAGGGmh0dHA6Ly9jMnBhLW9jc3AucGtpLmdvb2cvMB8GA1UdIwQYMBaAFJxc2IlTQ+da1YHbA94ZfwQqKi2qMB0GA1UdDgQWBBTeVZeMYHQ7A+JqtEQGZZdhyuX4jjAKBggqhkjOPQQDAwNnADBkAjBBxgaNHUp8AZXW5U2BdHxgXcxwQltKEYRj/6WH3JQk2IHMqPlHUeZ2Loh2aShYUHECMHALpi3THpvF6RCbABHnU/TtJaPpLGrn8GyfdwVYeRxt4d+68Yo/JxNOuLoaUj4jLTGCAXswggF3AgEBMGkwUjELMAkGA1UEBhMCVVMxEzARBgNVBAoMCkdvb2dsZSBMTEMxLjAsBgNVBAMMJUdvb2dsZSBDMlBBIENvcmUgVGltZS1TdGFtcGluZyBJQ0EgRzMCE3tRmXD/11qVnQxA106G8ddwJIMwCwYJYIZIAWUDBAIBoIGkMBoGCSqGSIb3DQEJAzENBgsqhkiG9w0BCRABBDAcBgkqhkiG9w0BCQUxDxcNMjYwMTA4MDUzNTMyWjAvBgkqhkiG9w0BCQQxIgQgYkBR7jshHWZUZG5qA13GCV8qfxgyvrK+NDtYfIJX5NYwNwYLKoZIhvcNAQkQAi8xKDAmMCQwIgQg73knGk+7cT8pPD7f8revuvCl886qFn9rFmoiwcpTYSgwCgYIKoZIzj0EAwIERzBFAiAS01xZNsqxHkMu6ziSHtpImOH7Ku+PACekFNWgepq8igIhAIMYLPXtPJdXowpParPadJHwrx0t0wmoZQOb2AgYP0bYZXJWYWxzoWhvY3NwVmFsc4JZA/IwggPuCgEAoIID5zCCA+MGCSsGAQUFBzABAQSCA9QwggPQMIHroUIwQDELMAkGA1UEBhMCVVMxEzARBgNVBAoTCkdvb2dsZSBMTEMxHDAaBgNVBAMTE0MyUEEgT0NTUCBSZXNwb25kZXIYDzIwMjYwMTA3MTYyMTAwWjCBkzCBkDBoMA0GCWCGSAFlAwQCAQUABCCyzJDJqZ8y8FdeUIK804O40QnQxljge5odxuiqFRbtKgQgnBr9Xz5+XIJHlrV08lM/44Jpb64Nt0b2cBCxlTmx2z0CE3/AxV62As6DD5390EqwDEWeuCaAABgPMjAyNjAxMDcxNjIxMjBaoBEYDzIwMjYwMTE0MTYyMTIwWjAKBggqhkjOPQQDAgNIADBFAiEAm2IHzul7P5TRwPh1wLXoJ7GGrxYryDEmnQ0ztUnXkOwCIBjPGo7NMuur/7FtDSHTxUT2/iIvX+lOVP7/ug3DvkuJoIICiDCCAoQwggKAMIICBqADAgECAhM06oaJw/jJdBs0gQIRnZ8QE6wmMAoGCCqGSM49BAMDMFExCzAJBgNVBAYTAlVTMRMwEQYDVQQKDApHb29nbGUgTExDMS0wKwYDVQQDDCRHb29nbGUgQzJQQSBNZWRpYSBTZXJ2aWNlcyAxUCBJQ0EgRzMwHhcNMjYwMTA2MTUzMzA5WhcNMjYwMjA1MTUzMzA4WjBAMQswCQYDVQQGEwJVUzETMBEGA1UEChMKR29vZ2xlIExMQzEcMBoGA1UEAxMTQzJQQSBPQ1NQIFJlc3BvbmRlcjBZMBMGByqGSM49AgEGCCqGSM49AwEHA0IABNAa16x7Bh9qF1nuGZwRBu1PT0WOSBdHM/gQ5jGZrZFmmuCNCkYLzofsI6n6chpyYvcUZ/ZoK0ivRK1mDIwdvOyjgc0wgcowDgYDVR0PAQH/BAQDAgeAMBMGA1UdJQQMMAoGCCsGAQUFBwMJMAwGA1UdEwEB/wQCMAAwHQYDVR0OBBYEFHVyTVwRBLhwpiT24utmEgQ4nbBuMB8GA1UdIwQYMBaAFNp74b20LIqF4BDWa5rHSvH63/Y3MEQGCCsGAQUFBwEBBDgwNjA0BggrBgEFBQcwAoYoaHR0cDovL3BraS5nb29nL2MycGEvbWVkaWEtMXAtaWNhLWczLmNydDAPBgkrBgEFBQcwAQUEAgUAMAoGCCqGSM49BAMDA2gAMGUCMQCZh6eJ3xEXVngzJQcZEboLQvBsh4ArLfyyEyl9UjWHq5jWgn8D2BXfZeu95dZpJ7YCMFwNqaf2AAel7nR8trVL0iuKr8mwBxedc4gMHrst1aKP4PDgZw7mqgQMFfpU04SO2EBjcGFkWEQAAAAAAAAAAAAAAAAAAAAAAAAAAAAAAAAAAAAAAAAAAAAAAAAAAAAAAAAAAAAAAAAAAAAAAAAAAAAAAAAAAAAAAAAAAGRwYWQyQQD2WEByhIBhjSRKq2giojvRQSlVKS1fXuwoXodaditNT53c3AormL/rguhSh56yJKJcHaq/F6nOKZgbT24G7uFl+iM6AAACcGp1bWIAAAAnanVtZGMyY2wAEQAQgAAAqgA4m3EDYzJwYS5jbGFpbS52MgAAAAJBY2JvcqVqaW5zdGFuY2VJRHgkNDI3MThjZjctYjhhYi1lNzNlLWY0NTUtNDJmOGMwOTgxY2I2dGNsYWltX2dlbmVyYXRvcl9pbmZvomRuYW1leCJHb29nbGUgQzJQQSBDb3JlIEdlbmVyYXRvciBMaWJyYXJ5Z3ZlcnNpb25zODUyNTAxMjIxOjg1MjUwMTIyMXJjcmVhdGVkX2Fzc2VydGlvbnOEomN1cmx4LXNlbGYjanVtYmY9YzJwYS5hc3NlcnRpb25zL2MycGEuaW5ncmVkaWVudC52M2RoYXNoWCBDz0EFJn7uvMHSBBy3UTXMLwBhbHgn7YgnufvOe1g5lqJjdXJseDBzZWxmI2p1bWJmPWMycGEuYXNzZXJ0aW9ucy9jMnBhLmluZ3JlZGllbnQudjNfXzFkaGFzaFggFXJT1mb5hr5dciSSRSClYzE5XQT4o35TIJ38NiUhp6eiY3VybHgqc2VsZiNqdW1iZj1jMnBhLmFzc2VydGlvbnMvYzJwYS5hY3Rpb25zLnYyZGhhc2hYIGvrUGsIJyKrN/ZmX8f6jS5KN9m6AugkjlRk5UCVkjlComN1cmx4KXNlbGYjanVtYmY9YzJwYS5hc3NlcnRpb25zL2MycGEuaGFzaC5kYXRhZGhhc2hYICy6sBb+KWhtzhVmVwNTugC0BuDtM81+0lbGmSPtANXGaXNpZ25hdHVyZXgZc2VsZiNqdW1iZj1jMnBhLnNpZ25hdHVyZWNhbGdmc2hhMjU2AAADZGp1bWIAAAApanVtZGMyYXMAEQAQgAAAqgA4m3EDYzJwYS5hc3NlcnRpb25zAAAAAJxqdW1iAAAAKGp1bWRjYm9yABEAEIAAAKoAOJtxA2MycGEuaGFzaC5kYXRhAAAAAGxjYm9ypGpleGNsdXNpb25zgaJlc3RhcnQUZmxlbmd0aBkZ2GNhbGdmc2hhMjU2ZGhhc2hYIHR0rsiiwrETmWas1HpaAf+uH3pLTapN4p3nb2JLAOC/Y3BhZE4AAAAAAAAAAAAAAAAAAAAAAbJqdW1iAAAAKWp1bWRjYm9yABEAEIAAAKoAOJtxA2MycGEuYWN0aW9ucy52MgAAAAGBY2JvcqFnYWN0aW9uc4GkZmFjdGlvbmxjMnBhLmNyZWF0ZWRrZGVzY3JpcHRpb254IENyZWF0ZWQgYnkgR29vZ2xlIEdlbmVyYXRpdmUgQUkucWRpZ2l0YWxTb3VyY2VUeXBleEZodHRwOi8vY3YuaXB0Yy5vcmcvbmV3c2NvZGVzL2RpZ2l0YWxzb3VyY2V0eXBlL3RyYWluZWRBbGdvcml0aG1pY01lZGlhanBhcmFtZXRlcnOha2luZ3JlZGllbnRzgqJjdXJseC1zZWxmI2p1bWJmPWMycGEuYXNzZXJ0aW9ucy9jMnBhLmluZ3JlZGllbnQudjNkaGFzaFggQ89BBSZ+7rzB0gQct1E1zC8AYWx4J+2IJ7n7zntYOZaiY3VybHgwc2VsZiNqdW1iZj1jMnBhLmFzc2VydGlvbnMvYzJwYS5pbmdyZWRpZW50LnYzX18xZGhhc2hYIBVyU9Zm+Ya+XXIkkkUgpWMxOV0E+KN+UyCd/DYlIaenAAAAdGp1bWIAAAAvanVtZGNib3IAEQAQgAAAqgA4m3EDYzJwYS5pbmdyZWRpZW50LnYzX18xAAAAAD1jYm9yomxyZWxhdGlvbnNoaXBnaW5wdXRUb2tkZXNjcmlwdGlvbnJJbnB1dCBpbmdyZWRpZW50IDEAAABxanVtYgAAACxqdW1kY2JvcgARABCAAACqADibcQNjMnBhLmluZ3JlZGllbnQudjMAAAAAPWNib3KibHJlbGF0aW9uc2hpcGdpbnB1dFRva2Rlc2NyaXB0aW9ucklucHV0IGluZ3JlZGllbnQgMAAAIYZqdW1iAAAAR2p1bWRjMm1hABEAEIAAAKoAOJtxA3VybjpjMnBhOjhlNDdiOGFmLWZmNWYtMmMwMS1mZTkyLTRmZTE5ZDcxNzFkOAAAABODanVtYgAAAChqdW1kYzJjcwARABCAAACqADibcQNjMnBhLnNpZ25hdHVyZQAAABNTY2JvctKEWQauogEmGCGCWQPCMIIDvjCCA0SgAwIBAgITf8DFXrYCzoMPnf3QSrAMRZ64JjAKBggqhkjOPQQDAzBRMQswCQYDVQQGEwJVUzETMBEGA1UECgwKR29vZ2xlIExMQzEtMCsGA1UEAwwkR29vZ2xlIEMyUEEgTWVkaWEgU2VydmljZXMgMVAgSUNBIEczMB4XDTI1MTAzMDIyMzQ0N1oXDTI2MTAyNTIyMzQ0NlowazELMAkGA1UEBhMCVVMxEzARBgNVBAoTCkdvb2dsZSBMTEMxHDAaBgNVBAsTE0dvb2dsZSBTeXN0ZW0gNjAwMzIxKTAnBgNVBAMTIEdvb2dsZSBNZWRpYSBQcm9jZXNzaW5nIFNlcnZpY2VzMFkwEwYHKoZIzj0CAQYIKoZIzj0DAQcDQgAEawavchc+90s/hPWHxK3FFJ3MlrNDMsBT9MKpPwTIQKlgKDEGTNCDKZ7pSr9psMwxnQyVriyKysDz6Pfmk73qFaOCAd8wggHbMA4GA1UdDwEB/wQEAwIGwDAfBgNVHSUEGDAWBggrBgEFBQcDBAYKKwYBBAGD6F4CATAMBgNVHRMBAf8EAjAAMB0GA1UdDgQWBBQd6OZCLAQToStyGD7pXnGFgwJTdTAfBgNVHSMEGDAWgBTae+G9tCyKheAQ1muax0rx+t/2NzBsBggrBgEFBQcBAQRgMF4wJgYIKwYBBQUHMAGGGmh0dHA6Ly9jMnBhLW9jc3AucGtpLmdvb2cvMDQGCCsGAQUFBzAChihodHRwOi8vcGtpLmdvb2cvYzJwYS9tZWRpYS0xcC1pY2EtZzMuY3J0MBcGA1UdIAQQMA4wDAYKKwYBBAGD6F4BATCBggYDVR0fBHsweTB3oHWgc4ZxaHR0cDovL3ByaXZhdGVjYS1jb250ZW50LTY4OGFhNjczLTAwMDAtMmE4Ni1hODdhLTA4OGJjODczNTcwYS5zdG9yYWdlLmdvb2dsZWFwaXMuY29tL2I0ZmI2MDQ4MjVlY2M1YzNjZTZiL2NybC5jcmwwGQYJKwYBBAGD6F4DBAwGCisGAQQBg+heAwowMwYJKwYBBAGD6F4EBCYMJDAxOTljY2Q1LWRhZWQtNzlhNy04YjhhLWIwYmVkYzBhZjZmYTAKBggqhkjOPQQDAwNoADBlAjBmFtL3mPAMowbUEhwSn3lJjBLyCyhUYGl2NZQQHJOcHLpWNpHkl98WCG9IyI7KbE8CMQDxWA7ZdmKXNzz4Tf6p7wvW5zVzMnhwiezCm/86GxT8otwlWpSrb8J5T3FBV8wOLqtZAuAwggLcMIICY6ADAgECAhRB+qUhR3YhWNp/myz/jf0WCR7uPjAKBggqhkjOPQQDAzBDMQswCQYDVQQGEwJVUzETMBEGA1UECgwKR29vZ2xlIExMQzEfMB0GA1UEAwwWR29vZ2xlIEMyUEEgUm9vdCBDQSBHMzAeFw0yNTA1MDgyMjM2MjZaFw0zMDA1MDgyMjM2MjZaMFExCzAJBgNVBAYTAlVTMRMwEQYDVQQKDApHb29nbGUgTExDMS0wKwYDVQQDDCRHb29nbGUgQzJQQSBNZWRpYSBTZXJ2aWNlcyAxUCBJQ0EgRzMwdjAQBgcqhkjOPQIBBgUrgQQAIgNiAAS4I+VTFKKW2qcHaXHYRLsUr5NVlaYDFHPMONPMpny6airK8KpIs6RkGs6J5ouqun6ufO3QQANZYfdfrY2rMRdF7Bbqtv+VLtVeRUIzTaALRmAlbv48KxmAuhQFRD6eQ3mjggEIMIIBBDAXBgNVHSAEEDAOMAwGCisGAQQBg+heAQEwDgYDVR0PAQH/BAQDAgEGMB8GA1UdJQQYMBYGCCsGAQUFBwMEBgorBgEEAYPoXgIBMBIGA1UdEwEB/wQIMAYBAf8CAQAwZAYIKwYBBQUHAQEEWDBWMCwGCCsGAQUFBzAChiBodHRwOi8vcGtpLmdvb2cvYzJwYS9yb290LWczLmNydDAmBggrBgEFBQcwAYYaaHR0cDovL2MycGEtb2NzcC5wa2kuZ29vZy8wHwYDVR0jBBgwFoAUnFzYiVND51rVgdsD3hl/BCoqLaowHQYDVR0OBBYEFNp74b20LIqF4BDWa5rHSvH63/Y3MAoGCCqGSM49BAMDA2cAMGQCMALG0QTc1bXdvA3W7/nV6uJw0XquQSFhURIM7ompvlxffsfCDRf1Lasf69dqgVkgewIwLTfAIoqiYMeCpXjtS3LIelmWjkhkAJbvZd1ziCKl1YwSaG8+Tzx2/Fti2f4tV33MpGdzaWdUc3QyoWl0c3RUb2tlbnOBoWN2YWxZB98wggfbBgkqhkiG9w0BBwKgggfMMIIHyAIBAzENMAsGCWCGSAFlAwQCATCBkAYLKoZIhvcNAQkQAQSggYAEfjB8AgEBBgorBgEEAdZ5AgoBMDEwDQYJYIZIAWUDBAIBBQAEIMGn9UIg9XIqWOSPgDmcAb+H0s3nkoJLWg8FOMukomgzAhUAue0VYdqUcRQ10Qi1LBCt1WJqRh0YDzIwMjYwMTA4MDUzNjAyWjAGAgEBgAEKAgg6d5L8XIKKUqCCBaAwggLJMIICT6ADAgECAhNsJu7t0Jzc7HZw1UPm2lBOOpxeMAoGCCqGSM49BAMDMFIxCzAJBgNVBAYTAlVTMRMwEQYDVQQKDApHb29nbGUgTExDMS4wLAYDVQQDDCVHb29nbGUgQzJQQSBDb3JlIFRpbWUtU3RhbXBpbmcgSUNBIEczMB4XDTI1MDkwODEzNDkwMFoXDTMxMDkwOTAxNDg1OVowVDELMAkGA1UEBhMCVVMxEzARBgNVBAoTCkdvb2dsZSBMTEMxMDAuBgNVBAMTJ0dvb2dsZSBDb3JlIFRpbWUgU3RhbXBpbmcgQXV0aG9yaXR5IFQxMjBZMBMGByqGSM49AgEGCCqGSM49AwEHA0IABIoLZNhjohJrA5VJCpCQnun0vxkzYAwm1irTGz77kqbx1AuhhwJfTpdBRb7HF7b0WH4bgtxXachQmwQoXWwEkfyjggEAMIH9MA4GA1UdDwEB/wQEAwIGwDAMBgNVHRMBAf8EAjAAMB0GA1UdDgQWBBRW2t14CkJjK5K8yfyoHDxKiscVGjAfBgNVHSMEGDAWgBTeVZeMYHQ7A+JqtEQGZZdhyuX4jjBsBggrBgEFBQcBAQRgMF4wJgYIKwYBBQUHMAGGGmh0dHA6Ly9jMnBhLW9jc3AucGtpLmdvb2cvMDQGCCsGAQUFBzAChihodHRwOi8vcGtpLmdvb2cvYzJwYS9jb3JlLXRzYS1pY2EtZzMuY3J0MBcGA1UdIAQQMA4wDAYKKwYBBAGD6F4BATAWBgNVHSUBAf8EDDAKBggrBgEFBQcDCDAKBggqhkjOPQQDAwNoADBlAjEAzc/m4Fj1LolqK1oTrqGNDmiJHE1Hu1s4raZ0DoaBd/O8g91TgK1pWEKBjaAOHmTrAjBOkvyS1yHDI0CrvWGmTyDfTMNbJNguf82TSNTykBidUEOHeOxdsjcee5Cykj35l5gwggLPMIICVqADAgECAhRFAINuchMCxWSknmQzdvqPCbdk9DAKBggqhkjOPQQDAzBDMQswCQYDVQQGEwJVUzETMBEGA1UECgwKR29vZ2xlIExMQzEfMB0GA1UEAwwWR29vZ2xlIEMyUEEgUm9vdCBDQSBHMzAeFw0yNTA1MDgyMjM2MjZaFw00MDA1MDgyMjM2MjZaMFIxCzAJBgNVBAYTAlVTMRMwEQYDVQQKDApHb29nbGUgTExDMS4wLAYDVQQDDCVHb29nbGUgQzJQQSBDb3JlIFRpbWUtU3RhbXBpbmcgSUNBIEczMHYwEAYHKoZIzj0CAQYFK4EEACIDYgAEo3338b0IKh9FWSXgUvmpIN/+2y6PRSHYTwrVzQNx3WcqLFluwJwkMnIiebkCkV+5pspHn6fFNHMTfl7FJUTpMSKONNW4Fv4awasz6sYhLCNP/wHk4MF/8DhrxXKtJUsKo4H7MIH4MBcGA1UdIAQQMA4wDAYKKwYBBAGD6F4BATAOBgNVHQ8BAf8EBAMCAQYwEwYDVR0lBAwwCgYIKwYBBQUHAwgwEgYDVR0TAQH/BAgwBgEB/wIBADBkBggrBgEFBQcBAQRYMFYwLAYIKwYBBQUHMAKGIGh0dHA6Ly9wa2kuZ29vZy9jMnBhL3Jvb3QtZzMuY3J0MCYGCCsGAQUFBzABhhpodHRwOi8vYzJwYS1vY3NwLnBraS5nb29nLzAfBgNVHSMEGDAWgBScXNiJU0PnWtWB2wPeGX8EKiotqjAdBgNVHQ4EFgQU3lWXjGB0OwPiarREBmWXYcrl+I4wCgYIKoZIzj0EAwMDZwAwZAIwQcYGjR1KfAGV1uVNgXR8YF3McEJbShGEY/+lh9yUJNiBzKj5R1Hmdi6IdmkoWFBxAjBwC6Yt0x6bxekQmwAR51P07SWj6Sxq5/Bsn3cFWHkcbeHfuvGKPycTTri6GlI+Iy0xggF7MIIBdwIBATBpMFIxCzAJBgNVBAYTAlVTMRMwEQYDVQQKDApHb29nbGUgTExDMS4wLAYDVQQDDCVHb29nbGUgQzJQQSBDb3JlIFRpbWUtU3RhbXBpbmcgSUNBIEczAhNsJu7t0Jzc7HZw1UPm2lBOOpxeMAsGCWCGSAFlAwQCAaCBpDAaBgkqhkiG9w0BCQMxDQYLKoZIhvcNAQkQAQQwHAYJKoZIhvcNAQkFMQ8XDTI2MDEwODA1MzYwMlowLwYJKoZIhvcNAQkEMSIEIFs8FnG3rUDkCOTtbKKH7erwHSdKOjQSHVmcBbPtqOq8MDcGCyqGSIb3DQEJEAIvMSgwJjAkMCIEIHkIgdw9M5jxM+VMLtaqvNF2bX/FFBi0oqyfTBmWbOVtMAoGCCqGSM49BAMCBEcwRQIgNR8Kj8tYPbYnEOp0tEesn92YonVQqDQeoIK8Fq5RLnwCIQDtknqZN0kqgu9MMSlGL3hubp4hW3oU59L+ndFAHre1+2VyVmFsc6Fob2NzcFZhbHOCWQPyMIID7goBAKCCA+cwggPjBgkrBgEFBQcwAQEEggPUMIID0DCB66FCMEAxCzAJBgNVBAYTAlVTMRMwEQYDVQQKEwpHb29nbGUgTExDMRwwGgYDVQQDExNDMlBBIE9DU1AgUmVzcG9uZGVyGA8yMDI2MDEwNzE2MjEwMFowgZMwgZAwaDANBglghkgBZQMEAgEFAAQgssyQyamfMvBXXlCCvNODuNEJ0MZY4HuaHcboqhUW7SoEIJwa/V8+flyCR5a1dPJTP+OCaW+uDbdG9nAQsZU5sds9AhN/wMVetgLOgw+d/dBKsAxFnrgmgAAYDzIwMjYwMTA3MTYyMTIwWqARGA8yMDI2MDExNDE2MjEyMFowCgYIKoZIzj0EAwIDSAAwRQIhAJtiB87pez+U0cD4dcC16Cexhq8WK8gxJp0NM7VJ15DsAiAYzxqOzTLrq/+xbQ0h08VE9v4iL1/pTlT+/7oNw75LiaCCAogwggKEMIICgDCCAgagAwIBAgITNOqGicP4yXQbNIECEZ2fEBOsJjAKBggqhkjOPQQDAzBRMQswCQYDVQQGEwJVUzETMBEGA1UECgwKR29vZ2xlIExMQzEtMCsGA1UEAwwkR29vZ2xlIEMyUEEgTWVkaWEgU2VydmljZXMgMVAgSUNBIEczMB4XDTI2MDEwNjE1MzMwOVoXDTI2MDIwNTE1MzMwOFowQDELMAkGA1UEBhMCVVMxEzARBgNVBAoTCkdvb2dsZSBMTEMxHDAaBgNVBAMTE0MyUEEgT0NTUCBSZXNwb25kZXIwWTATBgcqhkjOPQIBBggqhkjOPQMBBwNCAATQGtesewYfahdZ7hmcEQbtT09FjkgXRzP4EOYxma2RZprgjQpGC86H7COp+nIacmL3FGf2aCtIr0StZgyMHbzso4HNMIHKMA4GA1UdDwEB/wQEAwIHgDATBgNVHSUEDDAKBggrBgEFBQcDCTAMBgNVHRMBAf8EAjAAMB0GA1UdDgQWBBR1ck1cEQS4cKYk9uLrZhIEOJ2wbjAfBgNVHSMEGDAWgBTae+G9tCyKheAQ1muax0rx+t/2NzBEBggrBgEFBQcBAQQ4MDYwNAYIKwYBBQUHMAKGKGh0dHA6Ly9wa2kuZ29vZy9jMnBhL21lZGlhLTFwLWljYS1nMy5jcnQwDwYJKwYBBQUHMAEFBAIFADAKBggqhkjOPQQDAwNoADBlAjEAmYenid8RF1Z4MyUHGRG6C0LwbIeAKy38shMpfVI1h6uY1oJ/A9gV32XrveXWaSe2AjBcDamn9gAHpe50fLa1S9Iriq/JsAcXnXOIDB67LdWij+Dw4GcO5qoEDBX6VNOEjthAY3BhZFhFAAAAAAAAAAAAAAAAAAAAAAAAAAAAAAAAAAAAAAAAAAAAAAAAAAAAAAAAAAAAAAAAAAAAAAAAAAAAAAAAAAAAAAAAAAAAZHBhZDJBAPZYQJ7R7f6BVVWtd8xR2CNTyKhz+mlnvfUgGzuh83hEpWocBNLNXJfaTBkAQSGEFJimkkFoZMgncZlFNgKJXK4NwwsAAALOanVtYgAAACdqdW1kYzJjbAARABCAAACqADibcQNjMnBhLmNsYWltLnYyAAAAAp9jYm9ypWppbnN0YW5jZUlEeCRiN2E0OWVjNS04NmY0LWViNDUtOWU4Ny00Y2Y4ZWM0MWYzODd0Y2xhaW1fZ2VuZXJhdG9yX2luZm+iZG5hbWV4Ikdvb2dsZSBDMlBBIENvcmUgR2VuZXJhdG9yIExpYnJhcnlndmVyc2lvbnM4NTI1MDEyMjE6ODUyNTAxMjIxcmNyZWF0ZWRfYXNzZXJ0aW9uc4WiY3VybHgtc2VsZiNqdW1iZj1jMnBhLmFzc2VydGlvbnMvYzJwYS5pbmdyZWRpZW50LnYzZGhhc2hYIEPPQQUmfu68wdIEHLdRNcwvAGFseCftiCe5+857WDmWomN1cmx4MHNlbGYjanVtYmY9YzJwYS5hc3NlcnRpb25zL2MycGEuaW5ncmVkaWVudC52M19fMWRoYXNoWCAVclPWZvmGvl1yJJJFIKVjMTldBPijflMgnfw2JSGnp6JjdXJseDBzZWxmI2p1bWJmPWMycGEuYXNzZXJ0aW9ucy9jMnBhLmluZ3JlZGllbnQudjNfXzJkaGFzaFggL2sgM+HcYIu8fNYD8UnCkpgUlVGR0q6/9Sj5MYUNctGiY3VybHgqc2VsZiNqdW1iZj1jMnBhLmFzc2VydGlvbnMvYzJwYS5hY3Rpb25zLnYyZGhhc2hYIBRea/eshnB/U0vc5cI5M14yDXM7EApRNO0Zk8IDivQoomN1cmx4KXNlbGYjanVtYmY9YzJwYS5hc3NlcnRpb25zL2MycGEuaGFzaC5kYXRhZGhhc2hYIIldW5uv/klAsWJQ1EwC3FZxN2+7YugeJIa9q2DnDt1GaXNpZ25hdHVyZXgZc2VsZiNqdW1iZj1jMnBhLnNpZ25hdHVyZWNhbGdmc2hhMjU2AAAK5mp1bWIAAAApanVtZGMyYXMAEQAQgAAAqgA4m3EDYzJwYS5hc3NlcnRpb25zAAAAAJxqdW1iAAAAKGp1bWRjYm9yABEAEIAAAKoAOJtxA2MycGEuaGFzaC5kYXRhAAAAAGxjYm9ypGpleGNsdXNpb25zgaJlc3RhcnQUZmxlbmd0aBk7XmNhbGdmc2hhMjU2ZGhhc2hYIFo3SugJheQQ3qY0bbRG/K0h9otywL7sc6/sn9biI96kY3BhZE4AAAAAAAAAAAAAAAAAAAAAAhBqdW1iAAAAKWp1bWRjYm9yABEAEIAAAKoAOJtxA2MycGEuYWN0aW9ucy52MgAAAAHfY2JvcqFnYWN0aW9uc4GkZmFjdGlvbmxjMnBhLmNyZWF0ZWRrZGVzY3JpcHRpb254IENyZWF0ZWQgYnkgR29vZ2xlIEdlbmVyYXRpdmUgQUkucWRpZ2l0YWxTb3VyY2VUeXBleEZodHRwOi8vY3YuaXB0Yy5vcmcvbmV3c2NvZGVzL2RpZ2l0YWxzb3VyY2V0eXBlL3RyYWluZWRBbGdvcml0aG1pY01lZGlhanBhcmFtZXRlcnOha2luZ3JlZGllbnRzg6JjdXJseC1zZWxmI2p1bWJmPWMycGEuYXNzZXJ0aW9ucy9jMnBhLmluZ3JlZGllbnQudjNkaGFzaFggQ89BBSZ+7rzB0gQct1E1zC8AYWx4J+2IJ7n7zntYOZaiY3VybHgwc2VsZiNqdW1iZj1jMnBhLmFzc2VydGlvbnMvYzJwYS5pbmdyZWRpZW50LnYzX18xZGhhc2hYIBVyU9Zm+Ya+XXIkkkUgpWMxOV0E+KN+UyCd/DYlIaenomN1cmx4MHNlbGYjanVtYmY9YzJwYS5hc3NlcnRpb25zL2MycGEuaW5ncmVkaWVudC52M19fMmRoYXNoWCAvayAz4dxgi7x81gPxScKSmBSVUZHSrr/1KPkxhQ1y0QAAByRqdW1iAAAAL2p1bWRjYm9yABEAEIAAAKoAOJtxA2MycGEuaW5ncmVkaWVudC52M19fMgAAAAbtY2JvcqZpZGM6Zm9ybWF0amltYWdlL2pwZWdscmVsYXRpb25zaGlwZ2lucHV0VG9xdmFsaWRhdGlvblJlc3VsdHOhbmFjdGl2ZU1hbmlmZXN0o2dmYWlsdXJlgGdzdWNjZXNzi6JkY29kZXghc2lnbmluZ0NyZWRlbnRpYWwub2NzcC5ub3RSZXZva2VkY3VybHhNc2VsZiNqdW1iZj0vYzJwYS91cm46YzJwYTpkYTM1YjJhMi0xNWE1LWI2MTItMmM2ZC00YjY3Y2I0ZmYyNjkvYzJwYS5zaWduYXR1cmWiZGNvZGVzdGltZVN0YW1wLnZhbGlkYXRlZGN1cmx4TXNlbGYjanVtYmY9L2MycGEvdXJuOmMycGE6ZGEzNWIyYTItMTVhNS1iNjEyLTJjNmQtNGI2N2NiNGZmMjY5L2MycGEuc2lnbmF0dXJlomRjb2RlcXRpbWVTdGFtcC50cnVzdGVkY3VybHhNc2VsZiNqdW1iZj0vYzJwYS91cm46YzJwYTpkYTM1YjJhMi0xNWE1LWI2MTItMmM2ZC00YjY3Y2I0ZmYyNjkvYzJwYS5zaWduYXR1cmWiZGNvZGV4GXNpZ25pbmdDcmVkZW50aWFsLnRydXN0ZWRjdXJseE1zZWxmI2p1bWJmPS9jMnBhL3VybjpjMnBhOmRhMzViMmEyLTE1YTUtYjYxMi0yYzZkLTRiNjdjYjRmZjI2OS9jMnBhLnNpZ25hdHVyZaJkY29kZXgdY2xhaW1TaWduYXR1cmUuaW5zaWRlVmFsaWRpdHljdXJseE1zZWxmI2p1bWJmPS9jMnBhL3VybjpjMnBhOmRhMzViMmEyLTE1YTUtYjYxMi0yYzZkLTRiNjdjYjRmZjI2OS9jMnBhLnNpZ25hdHVyZaJkY29kZXgYY2xhaW1TaWduYXR1cmUudmFsaWRhdGVkY3VybHhNc2VsZiNqdW1iZj0vYzJwYS91cm46YzJwYTpkYTM1YjJhMi0xNWE1LWI2MTItMmM2ZC00YjY3Y2I0ZmYyNjkvYzJwYS5zaWduYXR1cmWiZGNvZGV4GWFzc2VydGlvbi5oYXNoZWRVUkkubWF0Y2hjdXJseGFzZWxmI2p1bWJmPS9jMnBhL3VybjpjMnBhOmRhMzViMmEyLTE1YTUtYjYxMi0yYzZkLTRiNjdjYjRmZjI2OS9jMnBhLmFzc2VydGlvbnMvYzJwYS5pbmdyZWRpZW50LnYzomRjb2RleBlhc3NlcnRpb24uaGFzaGVkVVJJLm1hdGNoY3VybHhkc2VsZiNqdW1iZj0vYzJwYS91cm46YzJwYTpkYTM1YjJhMi0xNWE1LWI2MTItMmM2ZC00YjY3Y2I0ZmYyNjkvYzJwYS5hc3NlcnRpb25zL2MycGEuaW5ncmVkaWVudC52M19fMaJkY29kZXgZYXNzZXJ0aW9uLmhhc2hlZFVSSS5tYXRjaGN1cmx4XnNlbGYjanVtYmY9L2MycGEvdXJuOmMycGE6ZGEzNWIyYTItMTVhNS1iNjEyLTJjNmQtNGI2N2NiNGZmMjY5L2MycGEuYXNzZXJ0aW9ucy9jMnBhLmFjdGlvbnMudjKiZGNvZGV4GWFzc2VydGlvbi5oYXNoZWRVUkkubWF0Y2hjdXJseF1zZWxmI2p1bWJmPS9jMnBhL3VybjpjMnBhOmRhMzViMmEyLTE1YTUtYjYxMi0yYzZkLTRiNjdjYjRmZjI2OS9jMnBhLmFzc2VydGlvbnMvYzJwYS5oYXNoLmRhdGGiZGNvZGV4GGFzc2VydGlvbi5kYXRhSGFzaC5tYXRjaGN1cmx4XXNlbGYjanVtYmY9L2MycGEvdXJuOmMycGE6ZGEzNWIyYTItMTVhNS1iNjEyLTJjNmQtNGI2N2NiNGZmMjY5L2MycGEuYXNzZXJ0aW9ucy9jMnBhLmhhc2guZGF0YW1pbmZvcm1hdGlvbmFsgG5hY3RpdmVNYW5pZmVzdKJjdXJseD5zZWxmI2p1bWJmPS9jMnBhL3VybjpjMnBhOmRhMzViMmEyLTE1YTUtYjYxMi0yYzZkLTRiNjdjYjRmZjI2OWRoYXNoWCC5JwrqRWu9Em7sqVr8ccLYdLTSLL9BYCvBZVKg7YmYsG5jbGFpbVNpZ25hdHVyZaJjdXJseE1zZWxmI2p1bWJmPS9jMnBhL3VybjpjMnBhOmRhMzViMmEyLTE1YTUtYjYxMi0yYzZkLTRiNjdjYjRmZjI2OS9jMnBhLnNpZ25hdHVyZWRoYXNoWCA9Ta/QiTpRVrjBkyPOSk0wa3Bkepbap3L02vKavR/vrWtkZXNjcmlwdGlvbnJJbnB1dCBpbmdyZWRpZW50IDIAAAB0anVtYgAAAC9qdW1kY2JvcgARABCAAACqADibcQNjMnBhLmluZ3JlZGllbnQudjNfXzEAAAAAPWNib3KibHJlbGF0aW9uc2hpcGdpbnB1dFRva2Rlc2NyaXB0aW9ucklucHV0IGluZ3JlZGllbnQgMQAAAHFqdW1iAAAALGp1bWRjYm9yABEAEIAAAKoAOJtxA2MycGEuaW5ncmVkaWVudC52MwAAAAA9Y2JvcqJscmVsYXRpb25zaGlwZ2lucHV0VG9rZGVzY3JpcHRpb25ySW5wdXQgaW5ncmVkaWVudCAwAAArSWp1bWIAAABHanVtZGMybWEAEQAQgAAAqgA4m3EDdXJuOmMycGE6MWMwMTk4NWUtNTRjOS00MDFiLTRmMmYtNDc5MjA5NGZjOTYwAAAAE4NqdW1iAAAAKGp1bWRjMmNzABEAEIAAAKoAOJtxA2MycGEuc2lnbmF0dXJlAAAAE1NjYm9y0oRZBq6iASYYIYJZA8IwggO+MIIDRKADAgECAhN/wMVetgLOgw+d/dBKsAxFnrgmMAoGCCqGSM49BAMDMFExCzAJBgNVBAYTAlVTMRMwEQYDVQQKDApHb29nbGUgTExDMS0wKwYDVQQDDCRHb29nbGUgQzJQQSBNZWRpYSBTZXJ2aWNlcyAxUCBJQ0EgRzMwHhcNMjUxMDMwMjIzNDQ3WhcNMjYxMDI1MjIzNDQ2WjBrMQswCQYDVQQGEwJVUzETMBEGA1UEChMKR29vZ2xlIExMQzEcMBoGA1UECxMTR29vZ2xlIFN5c3RlbSA2MDAzMjEpMCcGA1UEAxMgR29vZ2xlIE1lZGlhIFByb2Nlc3NpbmcgU2VydmljZXMwWTATBgcqhkjOPQIBBggqhkjOPQMBBwNCAARrBq9yFz73Sz+E9YfErcUUncyWs0MywFP0wqk/BMhAqWAoMQZM0IMpnulKv2mwzDGdDJWuLIrKwPPo9+aTveoVo4IB3zCCAdswDgYDVR0PAQH/BAQDAgbAMB8GA1UdJQQYMBYGCCsGAQUFBwMEBgorBgEEAYPoXgIBMAwGA1UdEwEB/wQCMAAwHQYDVR0OBBYEFB3o5kIsBBOhK3IYPulecYWDAlN1MB8GA1UdIwQYMBaAFNp74b20LIqF4BDWa5rHSvH63/Y3MGwGCCsGAQUFBwEBBGAwXjAmBggrBgEFBQcwAYYaaHR0cDovL2MycGEtb2NzcC5wa2kuZ29vZy8wNAYIKwYBBQUHMAKGKGh0dHA6Ly9wa2kuZ29vZy9jMnBhL21lZGlhLTFwLWljYS1nMy5jcnQwFwYDVR0gBBAwDjAMBgorBgEEAYPoXgEBMIGCBgNVHR8EezB5MHegdaBzhnFodHRwOi8vcHJpdmF0ZWNhLWNvbnRlbnQtNjg4YWE2NzMtMDAwMC0yYTg2LWE4N2EtMDg4YmM4NzM1NzBhLnN0b3JhZ2UuZ29vZ2xlYXBpcy5jb20vYjRmYjYwNDgyNWVjYzVjM2NlNmIvY3JsLmNybDAZBgkrBgEEAYPoXgMEDAYKKwYBBAGD6F4DCjAzBgkrBgEEAYPoXgQEJgwkMDE5OWNjZDUtZGFlZC03OWE3LThiOGEtYjBiZWRjMGFmNmZhMAoGCCqGSM49BAMDA2gAMGUCMGYW0veY8AyjBtQSHBKfeUmMEvILKFRgaXY1lBAck5wculY2keSX3xYIb0jIjspsTwIxAPFYDtl2Ypc3PPhN/qnvC9bnNXMyeHCJ7MKb/zobFPyi3CValKtvwnlPcUFXzA4uq1kC4DCCAtwwggJjoAMCAQICFEH6pSFHdiFY2n+bLP+N/RYJHu4+MAoGCCqGSM49BAMDMEMxCzAJBgNVBAYTAlVTMRMwEQYDVQQKDApHb29nbGUgTExDMR8wHQYDVQQDDBZHb29nbGUgQzJQQSBSb290IENBIEczMB4XDTI1MDUwODIyMzYyNloXDTMwMDUwODIyMzYyNlowUTELMAkGA1UEBhMCVVMxEzARBgNVBAoMCkdvb2dsZSBMTEMxLTArBgNVBAMMJEdvb2dsZSBDMlBBIE1lZGlhIFNlcnZpY2VzIDFQIElDQSBHMzB2MBAGByqGSM49AgEGBSuBBAAiA2IABLgj5VMUopbapwdpcdhEuxSvk1WVpgMUc8w408ymfLpqKsrwqkizpGQazonmi6q6fq587dBAA1lh91+tjasxF0XsFuq2/5Uu1V5FQjNNoAtGYCVu/jwrGYC6FAVEPp5DeaOCAQgwggEEMBcGA1UdIAQQMA4wDAYKKwYBBAGD6F4BATAOBgNVHQ8BAf8EBAMCAQYwHwYDVR0lBBgwFgYIKwYBBQUHAwQGCisGAQQBg+heAgEwEgYDVR0TAQH/BAgwBgEB/wIBADBkBggrBgEFBQcBAQRYMFYwLAYIKwYBBQUHMAKGIGh0dHA6Ly9wa2kuZ29vZy9jMnBhL3Jvb3QtZzMuY3J0MCYGCCsGAQUFBzABhhpodHRwOi8vYzJwYS1vY3NwLnBraS5nb29nLzAfBgNVHSMEGDAWgBScXNiJU0PnWtWB2wPeGX8EKiotqjAdBgNVHQ4EFgQU2nvhvbQsioXgENZrmsdK8frf9jcwCgYIKoZIzj0EAwMDZwAwZAIwAsbRBNzVtd28Ddbv+dXq4nDReq5BIWFREgzuiam+XF9+x8INF/Utqx/r12qBWSB7AjAtN8AiiqJgx4KleO1Lcsh6WZaOSGQAlu9l3XOIIqXVjBJobz5PPHb8W2LZ/i1XfcykZ3NpZ1RzdDKhaXRzdFRva2Vuc4GhY3ZhbFkH4TCCB90GCSqGSIb3DQEHAqCCB84wggfKAgEDMQ0wCwYJYIZIAWUDBAIBMIGRBgsqhkiG9w0BCRABBKCBgQR/MH0CAQEGCisGAQQB1nkCCgEwMTANBglghkgBZQMEAgEFAAQgSZr9nV+swS+POlgFs+tDbXQEGbF7/V7/Ik8a5G1cKFMCFQDE6JR22RzkDTbfKkpuF+zHm8UVZBgPMjAyNjAxMDgwNTM2MThaMAYCAQGAAQoCCQDEiacLEYjJ06CCBaAwggLJMIICT6ADAgECAhQAstXVHyFnXhO8QTCqiLw75OC6HjAKBggqhkjOPQQDAzBSMQswCQYDVQQGEwJVUzETMBEGA1UECgwKR29vZ2xlIExMQzEuMCwGA1UEAwwlR29vZ2xlIEMyUEEgQ29yZSBUaW1lLVN0YW1waW5nIElDQSBHMzAeFw0yNTA5MDgxMzQ4NTVaFw0zMTA5MDkwMTQ4NTRaMFMxCzAJBgNVBAYTAlVTMRMwEQYDVQQKEwpHb29nbGUgTExDMS8wLQYDVQQDEyZHb29nbGUgQ29yZSBUaW1lIFN0YW1waW5nIEF1dGhvcml0eSBUOTBZMBMGByqGSM49AgEGCCqGSM49AwEHA0IABNQH9QiNFqyOaKIkV5qlu/+xw7K/BPpqL7/0zOjhW0jZ8yyxI++Wx3tVebBDIko8abwB7ORA01XFNq5XpAolPLOjggEAMIH9MA4GA1UdDwEB/wQEAwIGwDAMBgNVHRMBAf8EAjAAMB0GA1UdDgQWBBQ7sTw5ItamierAU6m1Ky4ngFjHCTAfBgNVHSMEGDAWgBTeVZeMYHQ7A+JqtEQGZZdhyuX4jjBsBggrBgEFBQcBAQRgMF4wJgYIKwYBBQUHMAGGGmh0dHA6Ly9jMnBhLW9jc3AucGtpLmdvb2cvMDQGCCsGAQUFBzAChihodHRwOi8vcGtpLmdvb2cvYzJwYS9jb3JlLXRzYS1pY2EtZzMuY3J0MBcGA1UdIAQQMA4wDAYKKwYBBAGD6F4BATAWBgNVHSUBAf8EDDAKBggrBgEFBQcDCDAKBggqhkjOPQQDAwNoADBlAjEAs6mt6FUZn17LwVio5PAPbX9bzqqlWVM7U5wtGp+KZduVzS93cpDa0nigdG6wTv0PAjA6zEKFootXNRHh8ehq/xtGA/b4Lw81TGoHbNhrMJxq7Cg9rq9zJN4/I4DZADds4F4wggLPMIICVqADAgECAhRFAINuchMCxWSknmQzdvqPCbdk9DAKBggqhkjOPQQDAzBDMQswCQYDVQQGEwJVUzETMBEGA1UECgwKR29vZ2xlIExMQzEfMB0GA1UEAwwWR29vZ2xlIEMyUEEgUm9vdCBDQSBHMzAeFw0yNTA1MDgyMjM2MjZaFw00MDA1MDgyMjM2MjZaMFIxCzAJBgNVBAYTAlVTMRMwEQYDVQQKDApHb29nbGUgTExDMS4wLAYDVQQDDCVHb29nbGUgQzJQQSBDb3JlIFRpbWUtU3RhbXBpbmcgSUNBIEczMHYwEAYHKoZIzj0CAQYFK4EEACIDYgAEo3338b0IKh9FWSXgUvmpIN/+2y6PRSHYTwrVzQNx3WcqLFluwJwkMnIiebkCkV+5pspHn6fFNHMTfl7FJUTpMSKONNW4Fv4awasz6sYhLCNP/wHk4MF/8DhrxXKtJUsKo4H7MIH4MBcGA1UdIAQQMA4wDAYKKwYBBAGD6F4BATAOBgNVHQ8BAf8EBAMCAQYwEwYDVR0lBAwwCgYIKwYBBQUHAwgwEgYDVR0TAQH/BAgwBgEB/wIBADBkBggrBgEFBQcBAQRYMFYwLAYIKwYBBQUHMAKGIGh0dHA6Ly9wa2kuZ29vZy9jMnBhL3Jvb3QtZzMuY3J0MCYGCCsGAQUFBzABhhpodHRwOi8vYzJwYS1vY3NwLnBraS5nb29nLzAfBgNVHSMEGDAWgBScXNiJU0PnWtWB2wPeGX8EKiotqjAdBgNVHQ4EFgQU3lWXjGB0OwPiarREBmWXYcrl+I4wCgYIKoZIzj0EAwMDZwAwZAIwQcYGjR1KfAGV1uVNgXR8YF3McEJbShGEY/+lh9yUJNiBzKj5R1Hmdi6IdmkoWFBxAjBwC6Yt0x6bxekQmwAR51P07SWj6Sxq5/Bsn3cFWHkcbeHfuvGKPycTTri6GlI+Iy0xggF8MIIBeAIBATBqMFIxCzAJBgNVBAYTAlVTMRMwEQYDVQQKDApHb29nbGUgTExDMS4wLAYDVQQDDCVHb29nbGUgQzJQQSBDb3JlIFRpbWUtU3RhbXBpbmcgSUNBIEczAhQAstXVHyFnXhO8QTCqiLw75OC6HjALBglghkgBZQMEAgGggaQwGgYJKoZIhvcNAQkDMQ0GCyqGSIb3DQEJEAEEMBwGCSqGSIb3DQEJBTEPFw0yNjAxMDgwNTM2MThaMC8GCSqGSIb3DQEJBDEiBCDTcByRLqShSegBIgllgtY2JDDr6rKgAHIV2Xbbbd59zDA3BgsqhkiG9w0BCRACLzEoMCYwJDAiBCCCpatEAI3VbQQADBR8zjT++m47hrbAhEAe6iRmPX+mwzAKBggqhkjOPQQDAgRHMEUCIECbH+EwejqO2WqRQFy2FsZVZG9wNVP9fQtO6n74NElQAiEAqDJuTa1avNciLVds1WmxsiaVyWpGoDbfaepBywLzvGBlclZhbHOhaG9jc3BWYWxzglkD8jCCA+4KAQCgggPnMIID4wYJKwYBBQUHMAEBBIID1DCCA9AwgeuhQjBAMQswCQYDVQQGEwJVUzETMBEGA1UEChMKR29vZ2xlIExMQzEcMBoGA1UEAxMTQzJQQSBPQ1NQIFJlc3BvbmRlchgPMjAyNjAxMDcxNjIxMDBaMIGTMIGQMGgwDQYJYIZIAWUDBAIBBQAEILLMkMmpnzLwV15QgrzTg7jRCdDGWOB7mh3G6KoVFu0qBCCcGv1fPn5cgkeWtXTyUz/jgmlvrg23RvZwELGVObHbPQITf8DFXrYCzoMPnf3QSrAMRZ64JoAAGA8yMDI2MDEwNzE2MjEyMFqgERgPMjAyNjAxMTQxNjIxMjBaMAoGCCqGSM49BAMCA0gAMEUCIQCbYgfO6Xs/lNHA+HXAtegnsYavFivIMSadDTO1SdeQ7AIgGM8ajs0y66v/sW0NIdPFRPb+Ii9f6U5U/v+6DcO+S4mgggKIMIIChDCCAoAwggIGoAMCAQICEzTqhonD+Ml0GzSBAhGdnxATrCYwCgYIKoZIzj0EAwMwUTELMAkGA1UEBhMCVVMxEzARBgNVBAoMCkdvb2dsZSBMTEMxLTArBgNVBAMMJEdvb2dsZSBDMlBBIE1lZGlhIFNlcnZpY2VzIDFQIElDQSBHMzAeFw0yNjAxMDYxNTMzMDlaFw0yNjAyMDUxNTMzMDhaMEAxCzAJBgNVBAYTAlVTMRMwEQYDVQQKEwpHb29nbGUgTExDMRwwGgYDVQQDExNDMlBBIE9DU1AgUmVzcG9uZGVyMFkwEwYHKoZIzj0CAQYIKoZIzj0DAQcDQgAE0BrXrHsGH2oXWe4ZnBEG7U9PRY5IF0cz+BDmMZmtkWaa4I0KRgvOh+wjqfpyGnJi9xRn9mgrSK9ErWYMjB287KOBzTCByjAOBgNVHQ8BAf8EBAMCB4AwEwYDVR0lBAwwCgYIKwYBBQUHAwkwDAYDVR0TAQH/BAIwADAdBgNVHQ4EFgQUdXJNXBEEuHCmJPbi62YSBDidsG4wHwYDVR0jBBgwFoAU2nvhvbQsioXgENZrmsdK8frf9jcwRAYIKwYBBQUHAQEEODA2MDQGCCsGAQUFBzAChihodHRwOi8vcGtpLmdvb2cvYzJwYS9tZWRpYS0xcC1pY2EtZzMuY3J0MA8GCSsGAQUFBzABBQQCBQAwCgYIKoZIzj0EAwMDaAAwZQIxAJmHp4nfERdWeDMlBxkRugtC8GyHgCst/LITKX1SNYermNaCfwPYFd9l673l1mkntgIwXA2pp/YAB6XudHy2tUvSK4qvybAHF51ziAweuy3Voo/g8OBnDuaqBAwV+lTThI7YQGNwYWRYQwAAAAAAAAAAAAAAAAAAAAAAAAAAAAAAAAAAAAAAAAAAAAAAAAAAAAAAAAAAAAAAAAAAAAAAAAAAAAAAAAAAAAAAAABkcGFkMkEA9lhAX1MVsaAd5n/5pm8QSfnO9oBPXye9ttUv1zGuow6LveXdMNg8nLdGyl9CXUdjGgT1KfVZ1zsw7LD1kVR60ON6WQAAAyxqdW1iAAAAJ2p1bWRjMmNsABEAEIAAAKoAOJtxA2MycGEuY2xhaW0udjIAAAAC/WNib3Klamluc3RhbmNlSUR4JDI1MDZiMzM5LWJjNjItN2QyYi0wMGQ0LTQyNGRmYzIxNjQ0YnRjbGFpbV9nZW5lcmF0b3JfaW5mb6JkbmFtZXgiR29vZ2xlIEMyUEEgQ29yZSBHZW5lcmF0b3IgTGlicmFyeWd2ZXJzaW9uczg1Mjk1OTg2Mjo4NTI5NTk4NjJyY3JlYXRlZF9hc3NlcnRpb25zhqJjdXJseC1zZWxmI2p1bWJmPWMycGEuYXNzZXJ0aW9ucy9jMnBhLmluZ3JlZGllbnQudjNkaGFzaFggQ89BBSZ+7rzB0gQct1E1zC8AYWx4J+2IJ7n7zntYOZaiY3VybHgwc2VsZiNqdW1iZj1jMnBhLmFzc2VydGlvbnMvYzJwYS5pbmdyZWRpZW50LnYzX18xZGhhc2hYIBVyU9Zm+Ya+XXIkkkUgpWMxOV0E+KN+UyCd/DYlIaenomN1cmx4MHNlbGYjanVtYmY9YzJwYS5hc3NlcnRpb25zL2MycGEuaW5ncmVkaWVudC52M19fMmRoYXNoWCAvayAz4dxgi7x81gPxScKSmBSVUZHSrr/1KPkxhQ1y0aJjdXJseDBzZWxmI2p1bWJmPWMycGEuYXNzZXJ0aW9ucy9jMnBhLmluZ3JlZGllbnQudjNfXzNkaGFzaFggArbzpxOxajqQKZLvr8+MsVH4CJ5HD2rmUyWxoXu0UsSiY3VybHgqc2VsZiNqdW1iZj1jMnBhLmFzc2VydGlvbnMvYzJwYS5hY3Rpb25zLnYyZGhhc2hYIC7fZ8opnky3iSQyEhOPtrru/Cog7JmS+BRHeDZnoZIQomN1cmx4KXNlbGYjanVtYmY9YzJwYS5hc3NlcnRpb25zL2MycGEuaGFzaC5kYXRhZGhhc2hYIPjizgyu572cRpvqDXTqYRQB+JVnMrBXZ9sqP0zddnFUaXNpZ25hdHVyZXgZc2VsZiNqdW1iZj1jMnBhLnNpZ25hdHVyZWNhbGdmc2hhMjU2AAAUS2p1bWIAAAApanVtZGMyYXMAEQAQgAAAqgA4m3EDYzJwYS5hc3NlcnRpb25zAAAAAJxqdW1iAAAAKGp1bWRjYm9yABEAEIAAAKoAOJtxA2MycGEuaGFzaC5kYXRhAAAAAGxjYm9ypGpleGNsdXNpb25zgaJlc3RhcnQUZmxlbmd0aBlmp2NhbGdmc2hhMjU2ZGhhc2hYIPLLiY6cLCwuVQsd6DgH8Qh4exyf0owvB7wz6C5KHsaDY3BhZE4AAAAAAAAAAAAAAAAAAAAAAm5qdW1iAAAAKWp1bWRjYm9yABEAEIAAAKoAOJtxA2MycGEuYWN0aW9ucy52MgAAAAI9Y2JvcqFnYWN0aW9uc4GkZmFjdGlvbmxjMnBhLmNyZWF0ZWRrZGVzY3JpcHRpb254IENyZWF0ZWQgYnkgR29vZ2xlIEdlbmVyYXRpdmUgQUkucWRpZ2l0YWxTb3VyY2VUeXBleEZodHRwOi8vY3YuaXB0Yy5vcmcvbmV3c2NvZGVzL2RpZ2l0YWxzb3VyY2V0eXBlL3RyYWluZWRBbGdvcml0aG1pY01lZGlhanBhcmFtZXRlcnOha2luZ3JlZGllbnRzhKJjdXJseC1zZWxmI2p1bWJmPWMycGEuYXNzZXJ0aW9ucy9jMnBhLmluZ3JlZGllbnQudjNkaGFzaFggQ89BBSZ+7rzB0gQct1E1zC8AYWx4J+2IJ7n7zntYOZaiY3VybHgwc2VsZiNqdW1iZj1jMnBhLmFzc2VydGlvbnMvYzJwYS5pbmdyZWRpZW50LnYzX18xZGhhc2hYIBVyU9Zm+Ya+XXIkkkUgpWMxOV0E+KN+UyCd/DYlIaenomN1cmx4MHNlbGYjanVtYmY9YzJwYS5hc3NlcnRpb25zL2MycGEuaW5ncmVkaWVudC52M19fMmRoYXNoWCAvayAz4dxgi7x81gPxScKSmBSVUZHSrr/1KPkxhQ1y0aJjdXJseDBzZWxmI2p1bWJmPWMycGEuYXNzZXJ0aW9ucy9jMnBhLmluZ3JlZGllbnQudjNfXzNkaGFzaFggArbzpxOxajqQKZLvr8+MsVH4CJ5HD2rmUyWxoXu0UsQAAAkHanVtYgAAAC9qdW1kY2JvcgARABCAAACqADibcQNjMnBhLmluZ3JlZGllbnQudjNfXzMAAAAI0GNib3KmaWRjOmZvcm1hdGppbWFnZS9qcGVnbHJlbGF0aW9uc2hpcGdpbnB1dFRvcXZhbGlkYXRpb25SZXN1bHRzom5hY3RpdmVNYW5pZmVzdKNnZmFpbHVyZYBnc3VjY2Vzc42iZGNvZGV4IXNpZ25pbmdDcmVkZW50aWFsLm9jc3Aubm90UmV2b2tlZGN1cmx4TXNlbGYjanVtYmY9L2MycGEvdXJuOmMycGE6OGU0N2I4YWYtZmY1Zi0yYzAxLWZlOTItNGZlMTlkNzE3MWQ4L2MycGEuc2lnbmF0dXJlomRjb2Rlc3RpbWVTdGFtcC52YWxpZGF0ZWRjdXJseE1zZWxmI2p1bWJmPS9jMnBhL3VybjpjMnBhOjhlNDdiOGFmLWZmNWYtMmMwMS1mZTkyLTRmZTE5ZDcxNzFkOC9jMnBhLnNpZ25hdHVyZaJkY29kZXF0aW1lU3RhbXAudHJ1c3RlZGN1cmx4TXNlbGYjanVtYmY9L2MycGEvdXJuOmMycGE6OGU0N2I4YWYtZmY1Zi0yYzAxLWZlOTItNGZlMTlkNzE3MWQ4L2MycGEuc2lnbmF0dXJlomRjb2RleBlzaWduaW5nQ3JlZGVudGlhbC50cnVzdGVkY3VybHhNc2VsZiNqdW1iZj0vYzJwYS91cm46YzJwYTo4ZTQ3YjhhZi1mZjVmLTJjMDEtZmU5Mi00ZmUxOWQ3MTcxZDgvYzJwYS5zaWduYXR1cmWiZGNvZGV4HWNsYWltU2lnbmF0dXJlLmluc2lkZVZhbGlkaXR5Y3VybHhNc2VsZiNqdW1iZj0vYzJwYS91cm46YzJwYTo4ZTQ3YjhhZi1mZjVmLTJjMDEtZmU5Mi00ZmUxOWQ3MTcxZDgvYzJwYS5zaWduYXR1cmWiZGNvZGV4GGNsYWltU2lnbmF0dXJlLnZhbGlkYXRlZGN1cmx4TXNlbGYjanVtYmY9L2MycGEvdXJuOmMycGE6OGU0N2I4YWYtZmY1Zi0yYzAxLWZlOTItNGZlMTlkNzE3MWQ4L2MycGEuc2lnbmF0dXJlomRjb2RleBlhc3NlcnRpb24uaGFzaGVkVVJJLm1hdGNoY3VybHhhc2VsZiNqdW1iZj0vYzJwYS91cm46YzJwYTo4ZTQ3YjhhZi1mZjVmLTJjMDEtZmU5Mi00ZmUxOWQ3MTcxZDgvYzJwYS5hc3NlcnRpb25zL2MycGEuaW5ncmVkaWVudC52M6JkY29kZXgZYXNzZXJ0aW9uLmhhc2hlZFVSSS5tYXRjaGN1cmx4ZHNlbGYjanVtYmY9L2MycGEvdXJuOmMycGE6OGU0N2I4YWYtZmY1Zi0yYzAxLWZlOTItNGZlMTlkNzE3MWQ4L2MycGEuYXNzZXJ0aW9ucy9jMnBhLmluZ3JlZGllbnQudjNfXzGiZGNvZGV4GWFzc2VydGlvbi5oYXNoZWRVUkkubWF0Y2hjdXJseGRzZWxmI2p1bWJmPS9jMnBhL3VybjpjMnBhOjhlNDdiOGFmLWZmNWYtMmMwMS1mZTkyLTRmZTE5ZDcxNzFkOC9jMnBhLmFzc2VydGlvbnMvYzJwYS5pbmdyZWRpZW50LnYzX18yomRjb2RleBlhc3NlcnRpb24uaGFzaGVkVVJJLm1hdGNoY3VybHhec2VsZiNqdW1iZj0vYzJwYS91cm46YzJwYTo4ZTQ3YjhhZi1mZjVmLTJjMDEtZmU5Mi00ZmUxOWQ3MTcxZDgvYzJwYS5hc3NlcnRpb25zL2MycGEuYWN0aW9ucy52MqJkY29kZXgZYXNzZXJ0aW9uLmhhc2hlZFVSSS5tYXRjaGN1cmx4XXNlbGYjanVtYmY9L2MycGEvdXJuOmMycGE6OGU0N2I4YWYtZmY1Zi0yYzAxLWZlOTItNGZlMTlkNzE3MWQ4L2MycGEuYXNzZXJ0aW9ucy9jMnBhLmhhc2guZGF0YaJkY29kZXgjaW5ncmVkaWVudC5jbGFpbVNpZ25hdHVyZS52YWxpZGF0ZWRjdXJseGRzZWxmI2p1bWJmPS9jMnBhL3VybjpjMnBhOjhlNDdiOGFmLWZmNWYtMmMwMS1mZTkyLTRmZTE5ZDcxNzFkOC9jMnBhLmFzc2VydGlvbnMvYzJwYS5pbmdyZWRpZW50LnYzX18yomRjb2RleBhhc3NlcnRpb24uZGF0YUhhc2gubWF0Y2hjdXJseF1zZWxmI2p1bWJmPS9jMnBhL3VybjpjMnBhOjhlNDdiOGFmLWZmNWYtMmMwMS1mZTkyLTRmZTE5ZDcxNzFkOC9jMnBhLmFzc2VydGlvbnMvYzJwYS5oYXNoLmRhdGFtaW5mb3JtYXRpb25hbIBwaW5ncmVkaWVudERlbHRhc4GidmluZ3JlZGllbnRBc3NlcnRpb25VUkl4ZHNlbGYjanVtYmY9L2MycGEvdXJuOmMycGE6OGU0N2I4YWYtZmY1Zi0yYzAxLWZlOTItNGZlMTlkNzE3MWQ4L2MycGEuYXNzZXJ0aW9ucy9jMnBhLmluZ3JlZGllbnQudjNfXzJwdmFsaWRhdGlvbkRlbHRhc6NnZmFpbHVyZYBnc3VjY2Vzc4BtaW5mb3JtYXRpb25hbIBuYWN0aXZlTWFuaWZlc3SiY3VybHg+c2VsZiNqdW1iZj0vYzJwYS91cm46YzJwYTo4ZTQ3YjhhZi1mZjVmLTJjMDEtZmU5Mi00ZmUxOWQ3MTcxZDhkaGFzaFggv0jAJR4nLdPvosEyue4HB4t6Pz2R1iQKKnAEdYbO1VNuY2xhaW1TaWduYXR1cmWiY3VybHhNc2VsZiNqdW1iZj0vYzJwYS91cm46YzJwYTo4ZTQ3YjhhZi1mZjVmLTJjMDEtZmU5Mi00ZmUxOWQ3MTcxZDgvYzJwYS5zaWduYXR1cmVkaGFzaFgg6r5lNsfGJdP0ACUfa7kJ39Eh07FzghiQA4quBqTsZiJrZGVzY3JpcHRpb25ySW5wdXQgaW5ncmVkaWVudCAzAAAHJGp1bWIAAAAvanVtZGNib3IAEQAQgAAAqgA4m3EDYzJwYS5pbmdyZWRpZW50LnYzX18yAAAABu1jYm9ypmlkYzpmb3JtYXRqaW1hZ2UvanBlZ2xyZWxhdGlvbnNoaXBnaW5wdXRUb3F2YWxpZGF0aW9uUmVzdWx0c6FuYWN0aXZlTWFuaWZlc3SjZ2ZhaWx1cmWAZ3N1Y2Nlc3OLomRjb2RleCFzaWduaW5nQ3JlZGVudGlhbC5vY3NwLm5vdFJldm9rZWRjdXJseE1zZWxmI2p1bWJmPS9jMnBhL3VybjpjMnBhOmRhMzViMmEyLTE1YTUtYjYxMi0yYzZkLTRiNjdjYjRmZjI2OS9jMnBhLnNpZ25hdHVyZaJkY29kZXN0aW1lU3RhbXAudmFsaWRhdGVkY3VybHhNc2VsZiNqdW1iZj0vYzJwYS91cm46YzJwYTpkYTM1YjJhMi0xNWE1LWI2MTItMmM2ZC00YjY3Y2I0ZmYyNjkvYzJwYS5zaWduYXR1cmWiZGNvZGVxdGltZVN0YW1wLnRydXN0ZWRjdXJseE1zZWxmI2p1bWJmPS9jMnBhL3VybjpjMnBhOmRhMzViMmEyLTE1YTUtYjYxMi0yYzZkLTRiNjdjYjRmZjI2OS9jMnBhLnNpZ25hdHVyZaJkY29kZXgZc2lnbmluZ0NyZWRlbnRpYWwudHJ1c3RlZGN1cmx4TXNlbGYjanVtYmY9L2MycGEvdXJuOmMycGE6ZGEzNWIyYTItMTVhNS1iNjEyLTJjNmQtNGI2N2NiNGZmMjY5L2MycGEuc2lnbmF0dXJlomRjb2RleB1jbGFpbVNpZ25hdHVyZS5pbnNpZGVWYWxpZGl0eWN1cmx4TXNlbGYjanVtYmY9L2MycGEvdXJuOmMycGE6ZGEzNWIyYTItMTVhNS1iNjEyLTJjNmQtNGI2N2NiNGZmMjY5L2MycGEuc2lnbmF0dXJlomRjb2RleBhjbGFpbVNpZ25hdHVyZS52YWxpZGF0ZWRjdXJseE1zZWxmI2p1bWJmPS9jMnBhL3VybjpjMnBhOmRhMzViMmEyLTE1YTUtYjYxMi0yYzZkLTRiNjdjYjRmZjI2OS9jMnBhLnNpZ25hdHVyZaJkY29kZXgZYXNzZXJ0aW9uLmhhc2hlZFVSSS5tYXRjaGN1cmx4YXNlbGYjanVtYmY9L2MycGEvdXJuOmMycGE6ZGEzNWIyYTItMTVhNS1iNjEyLTJjNmQtNGI2N2NiNGZmMjY5L2MycGEuYXNzZXJ0aW9ucy9jMnBhLmluZ3JlZGllbnQudjOiZGNvZGV4GWFzc2VydGlvbi5oYXNoZWRVUkkubWF0Y2hjdXJseGRzZWxmI2p1bWJmPS9jMnBhL3VybjpjMnBhOmRhMzViMmEyLTE1YTUtYjYxMi0yYzZkLTRiNjdjYjRmZjI2OS9jMnBhLmFzc2VydGlvbnMvYzJwYS5pbmdyZWRpZW50LnYzX18xomRjb2RleBlhc3NlcnRpb24uaGFzaGVkVVJJLm1hdGNoY3VybHhec2VsZiNqdW1iZj0vYzJwYS91cm46YzJwYTpkYTM1YjJhMi0xNWE1LWI2MTItMmM2ZC00YjY3Y2I0ZmYyNjkvYzJwYS5hc3NlcnRpb25zL2MycGEuYWN0aW9ucy52MqJkY29kZXgZYXNzZXJ0aW9uLmhhc2hlZFVSSS5tYXRjaGN1cmx4XXNlbGYjanVtYmY9L2MycGEvdXJuOmMycGE6ZGEzNWIyYTItMTVhNS1iNjEyLTJjNmQtNGI2N2NiNGZmMjY5L2MycGEuYXNzZXJ0aW9ucy9jMnBhLmhhc2guZGF0YaJkY29kZXgYYXNzZXJ0aW9uLmRhdGFIYXNoLm1hdGNoY3VybHhdc2VsZiNqdW1iZj0vYzJwYS91cm46YzJwYTpkYTM1YjJhMi0xNWE1LWI2MTItMmM2ZC00YjY3Y2I0ZmYyNjkvYzJwYS5hc3NlcnRpb25zL2MycGEuaGFzaC5kYXRhbWluZm9ybWF0aW9uYWyAbmFjdGl2ZU1hbmlmZXN0omN1cmx4PnNlbGYjanVtYmY9L2MycGEvdXJuOmMycGE6ZGEzNWIyYTItMTVhNS1iNjEyLTJjNmQtNGI2N2NiNGZmMjY5ZGhhc2hYILknCupFa70SbuypWvxxwth0tNIsv0FgK8FlUqDtiZiwbmNsYWltU2lnbmF0dXJlomN1cmx4TXNlbGYjanVtYmY9L2MycGEvdXJuOmMycGE6ZGEzNWIyYTItMTVhNS1iNjEyLTJjNmQtNGI2N2NiNGZmMjY5L2MycGEuc2lnbmF0dXJlZGhhc2hYID1Nr9CJOlFWuMGTI85KTTBrcGR6ltqncvTa8pq9H++ta2Rlc2NyaXB0aW9ucklucHV0IGluZ3JlZGllbnQgMgAAAHRqdW1iAAAAL2p1bWRjYm9yABEAEIAAAKoAOJtxA2MycGEuaW5ncmVkaWVudC52M19fMQAAAAA9Y2JvcqJscmVsYXRpb25zaGlwZ2lucHV0VG9rZGVzY3JpcHRpb25ySW5wdXQgaW5ncmVkaWVudCAxAAAAcWp1bWIAAAAsanVtZGNib3IAEQAQgAAAqgA4m3EDYzJwYS5pbmdyZWRpZW50LnYzAAAAAD1jYm9yomxyZWxhdGlvbnNoaXBnaW5wdXRUb2tkZXNjcmlwdGlvbnJJbnB1dCBpbmdyZWRpZW50IDAAADA+anVtYgAAAEdqdW1kYzJtYQARABCAAACqADibcQN1cm46YzJwYTplYTE3OTcxNC04ODlmLTkwMjYtNDYwYS00YTAyYTExOWVjMjkAAAAThmp1bWIAAAAoanVtZGMyY3MAEQAQgAAAqgA4m3EDYzJwYS5zaWduYXR1cmUAAAATVmNib3LShFkGsKIBJhghglkDxDCCA8AwggNFoAMCAQICFACGE1KoZ9syunByatUO0uKztOrSMAoGCCqGSM49BAMDMFExCzAJBgNVBAYTAlVTMRMwEQYDVQQKDApHb29nbGUgTExDMS0wKwYDVQQDDCRHb29nbGUgQzJQQSBNZWRpYSBTZXJ2aWNlcyAxUCBJQ0EgRzMwHhcNMjUwNzMwMTA1ODM5WhcNMjYwMTI2MTA1ODM4WjBrMQswCQYDVQQGEwJVUzETMBEGA1UEChMKR29vZ2xlIExMQzEcMBoGA1UECxMTR29vZ2xlIFN5c3RlbSA2NzE1NDEpMCcGA1UEAxMgR29vZ2xlIE1lZGlhIFByb2Nlc3NpbmcgU2VydmljZXMwWTATBgcqhkjOPQIBBggqhkjOPQMBBwNCAAT/mQjx4CgzFyu0uwQqUQzHCicqwJp/dduiTxgXAOFjEMM0537QpFElv/AYz/Wasl+1opKI1WPnoAb32TWWzN9io4IB3zCCAdswDgYDVR0PAQH/BAQDAgbAMB8GA1UdJQQYMBYGCCsGAQUFBwMEBgorBgEEAYPoXgIBMAwGA1UdEwEB/wQCMAAwHQYDVR0OBBYEFNiHrxb42ssbsicJvW2Fwii+OSjpMB8GA1UdIwQYMBaAFNp74b20LIqF4BDWa5rHSvH63/Y3MGwGCCsGAQUFBwEBBGAwXjAmBggrBgEFBQcwAYYaaHR0cDovL2MycGEtb2NzcC5wa2kuZ29vZy8wNAYIKwYBBQUHMAKGKGh0dHA6Ly9wa2kuZ29vZy9jMnBhL21lZGlhLTFwLWljYS1nMy5jcnQwFwYDVR0gBBAwDjAMBgorBgEEAYPoXgEBMIGCBgNVHR8EezB5MHegdaBzhnFodHRwOi8vcHJpdmF0ZWNhLWNvbnRlbnQtNjg4YWE2NzMtMDAwMC0yYTg2LWE4N2EtMDg4YmM4NzM1NzBhLnN0b3JhZ2UuZ29vZ2xlYXBpcy5jb20vYjRmYjYwNDgyNWVjYzVjM2NlNmIvY3JsLmNybDAZBgkrBgEEAYPoXgMEDAYKKwYBBAGD6F4DCjAzBgkrBgEEAYPoXgQEJgwkMDE5ODFmYjYtMTQzYS03NGQ3LWI0OTAtMzIyZWJiMTRiYWJkMAoGCCqGSM49BAMDA2kAMGYCMQCmtp1WJKz4aI1yTx1wJI41JITyeGftvtnleJWS2C5gba7cWpydZYCKxcAZEJ6fi9oCMQCM5hMwUjwiGEoqXgzqAaMlhQQ+VV5phnJ2dVrAsR0Ekqjcl6/lDzvpxiJ46w81JmJZAuAwggLcMIICY6ADAgECAhRB+qUhR3YhWNp/myz/jf0WCR7uPjAKBggqhkjOPQQDAzBDMQswCQYDVQQGEwJVUzETMBEGA1UECgwKR29vZ2xlIExMQzEfMB0GA1UEAwwWR29vZ2xlIEMyUEEgUm9vdCBDQSBHMzAeFw0yNTA1MDgyMjM2MjZaFw0zMDA1MDgyMjM2MjZaMFExCzAJBgNVBAYTAlVTMRMwEQYDVQQKDApHb29nbGUgTExDMS0wKwYDVQQDDCRHb29nbGUgQzJQQSBNZWRpYSBTZXJ2aWNlcyAxUCBJQ0EgRzMwdjAQBgcqhkjOPQIBBgUrgQQAIgNiAAS4I+VTFKKW2qcHaXHYRLsUr5NVlaYDFHPMONPMpny6airK8KpIs6RkGs6J5ouqun6ufO3QQANZYfdfrY2rMRdF7Bbqtv+VLtVeRUIzTaALRmAlbv48KxmAuhQFRD6eQ3mjggEIMIIBBDAXBgNVHSAEEDAOMAwGCisGAQQBg+heAQEwDgYDVR0PAQH/BAQDAgEGMB8GA1UdJQQYMBYGCCsGAQUFBwMEBgorBgEEAYPoXgIBMBIGA1UdEwEB/wQIMAYBAf8CAQAwZAYIKwYBBQUHAQEEWDBWMCwGCCsGAQUFBzAChiBodHRwOi8vcGtpLmdvb2cvYzJwYS9yb290LWczLmNydDAmBggrBgEFBQcwAYYaaHR0cDovL2MycGEtb2NzcC5wa2kuZ29vZy8wHwYDVR0jBBgwFoAUnFzYiVND51rVgdsD3hl/BCoqLaowHQYDVR0OBBYEFNp74b20LIqF4BDWa5rHSvH63/Y3MAoGCCqGSM49BAMDA2cAMGQCMALG0QTc1bXdvA3W7/nV6uJw0XquQSFhURIM7ompvlxffsfCDRf1Lasf69dqgVkgewIwLTfAIoqiYMeCpXjtS3LIelmWjkhkAJbvZd1ziCKl1YwSaG8+Tzx2/Fti2f4tV33MpGdzaWdUc3QyoWl0c3RUb2tlbnOBoWN2YWxZB+EwggfdBgkqhkiG9w0BBwKgggfOMIIHygIBAzENMAsGCWCGSAFlAwQCATCBkAYLKoZIhvcNAQkQAQSggYAEfjB8AgEBBgorBgEEAdZ5AgoBMDEwDQYJYIZIAWUDBAIBBQAEIJPmbRqObltNQ6+wTWYi37Ai8bFU+Y3CcShYdjkCCAxAAhRFrUd+39692jsiwXNrTWaEdXNUbBgPMjAyNjAxMDgwNTM2MjFaMAYCAQGAAQoCCQDelhQV8X+xHaCCBaAwggLJMIICT6ADAgECAhQAstXVHyFnXhO8QTCqiLw75OC6HjAKBggqhkjOPQQDAzBSMQswCQYDVQQGEwJVUzETMBEGA1UECgwKR29vZ2xlIExMQzEuMCwGA1UEAwwlR29vZ2xlIEMyUEEgQ29yZSBUaW1lLVN0YW1waW5nIElDQSBHMzAeFw0yNTA5MDgxMzQ4NTVaFw0zMTA5MDkwMTQ4NTRaMFMxCzAJBgNVBAYTAlVTMRMwEQYDVQQKEwpHb29nbGUgTExDMS8wLQYDVQQDEyZHb29nbGUgQ29yZSBUaW1lIFN0YW1waW5nIEF1dGhvcml0eSBUOTBZMBMGByqGSM49AgEGCCqGSM49AwEHA0IABNQH9QiNFqyOaKIkV5qlu/+xw7K/BPpqL7/0zOjhW0jZ8yyxI++Wx3tVebBDIko8abwB7ORA01XFNq5XpAolPLOjggEAMIH9MA4GA1UdDwEB/wQEAwIGwDAMBgNVHRMBAf8EAjAAMB0GA1UdDgQWBBQ7sTw5ItamierAU6m1Ky4ngFjHCTAfBgNVHSMEGDAWgBTeVZeMYHQ7A+JqtEQGZZdhyuX4jjBsBggrBgEFBQcBAQRgMF4wJgYIKwYBBQUHMAGGGmh0dHA6Ly9jMnBhLW9jc3AucGtpLmdvb2cvMDQGCCsGAQUFBzAChihodHRwOi8vcGtpLmdvb2cvYzJwYS9jb3JlLXRzYS1pY2EtZzMuY3J0MBcGA1UdIAQQMA4wDAYKKwYBBAGD6F4BATAWBgNVHSUBAf8EDDAKBggrBgEFBQcDCDAKBggqhkjOPQQDAwNoADBlAjEAs6mt6FUZn17LwVio5PAPbX9bzqqlWVM7U5wtGp+KZduVzS93cpDa0nigdG6wTv0PAjA6zEKFootXNRHh8ehq/xtGA/b4Lw81TGoHbNhrMJxq7Cg9rq9zJN4/I4DZADds4F4wggLPMIICVqADAgECAhRFAINuchMCxWSknmQzdvqPCbdk9DAKBggqhkjOPQQDAzBDMQswCQYDVQQGEwJVUzETMBEGA1UECgwKR29vZ2xlIExMQzEfMB0GA1UEAwwWR29vZ2xlIEMyUEEgUm9vdCBDQSBHMzAeFw0yNTA1MDgyMjM2MjZaFw00MDA1MDgyMjM2MjZaMFIxCzAJBgNVBAYTAlVTMRMwEQYDVQQKDApHb29nbGUgTExDMS4wLAYDVQQDDCVHb29nbGUgQzJQQSBDb3JlIFRpbWUtU3RhbXBpbmcgSUNBIEczMHYwEAYHKoZIzj0CAQYFK4EEACIDYgAEo3338b0IKh9FWSXgUvmpIN/+2y6PRSHYTwrVzQNx3WcqLFluwJwkMnIiebkCkV+5pspHn6fFNHMTfl7FJUTpMSKONNW4Fv4awasz6sYhLCNP/wHk4MF/8DhrxXKtJUsKo4H7MIH4MBcGA1UdIAQQMA4wDAYKKwYBBAGD6F4BATAOBgNVHQ8BAf8EBAMCAQYwEwYDVR0lBAwwCgYIKwYBBQUHAwgwEgYDVR0TAQH/BAgwBgEB/wIBADBkBggrBgEFBQcBAQRYMFYwLAYIKwYBBQUHMAKGIGh0dHA6Ly9wa2kuZ29vZy9jMnBhL3Jvb3QtZzMuY3J0MCYGCCsGAQUFBzABhhpodHRwOi8vYzJwYS1vY3NwLnBraS5nb29nLzAfBgNVHSMEGDAWgBScXNiJU0PnWtWB2wPeGX8EKiotqjAdBgNVHQ4EFgQU3lWXjGB0OwPiarREBmWXYcrl+I4wCgYIKoZIzj0EAwMDZwAwZAIwQcYGjR1KfAGV1uVNgXR8YF3McEJbShGEY/+lh9yUJNiBzKj5R1Hmdi6IdmkoWFBxAjBwC6Yt0x6bxekQmwAR51P07SWj6Sxq5/Bsn3cFWHkcbeHfuvGKPycTTri6GlI+Iy0xggF9MIIBeQIBATBqMFIxCzAJBgNVBAYTAlVTMRMwEQYDVQQKDApHb29nbGUgTExDMS4wLAYDVQQDDCVHb29nbGUgQzJQQSBDb3JlIFRpbWUtU3RhbXBpbmcgSUNBIEczAhQAstXVHyFnXhO8QTCqiLw75OC6HjALBglghkgBZQMEAgGggaQwGgYJKoZIhvcNAQkDMQ0GCyqGSIb3DQEJEAEEMBwGCSqGSIb3DQEJBTEPFw0yNjAxMDgwNTM2MjFaMC8GCSqGSIb3DQEJBDEiBCAXFe0gtQb7arNRjoefkoixGHmwisSA7cvOYouQ91hO3zA3BgsqhkiG9w0BCRACLzEoMCYwJDAiBCCCpatEAI3VbQQADBR8zjT++m47hrbAhEAe6iRmPX+mwzAKBggqhkjOPQQDAgRIMEYCIQDAVBD0BuW7rGRomCJuj6KeHXxPZE6sJHbuxgaD7zEFbwIhAOy9/1JAsdlND2wa+tSwCAMz/dYSTx/RgX76SLgbW/nBZXJWYWxzoWhvY3NwVmFsc4JZA/MwggPvCgEAoIID6DCCA+QGCSsGAQUFBzABAQSCA9UwggPRMIHsoUIwQDELMAkGA1UEBhMCVVMxEzARBgNVBAoTCkdvb2dsZSBMTEMxHDAaBgNVBAMTE0MyUEEgT0NTUCBSZXNwb25kZXIYDzIwMjUxMjEwMTU0ODAwWjCBlDCBkTBpMA0GCWCGSAFlAwQCAQUABCCyzJDJqZ8y8FdeUIK804O40QnQxljge5odxuiqFRbtKgQgnBr9Xz5+XIJHlrV08lM/44Jpb64Nt0b2cBCxlTmx2z0CFACGE1KoZ9syunByatUO0uKztOrSgAAYDzIwMjUxMjEwMTU0ODM3WqARGA8yMDI2MDEwOTAwMDAwMFowCgYIKoZIzj0EAwIDSAAwRQIhALeCYtCbiiKuHxFPTYNOKtw6cC4NNSGnc0uZlGNe/+J/AiB0eIo7rVJ71se9umGMzPneZu1oMZLqqQ7tAj8M2aieDaCCAogwggKEMIICgDCCAgagAwIBAgITLlK0AzUcpC2+y2LeB2rABCBZazAKBggqhkjOPQQDAzBRMQswCQYDVQQGEwJVUzETMBEGA1UECgwKR29vZ2xlIExMQzEtMCsGA1UEAwwkR29vZ2xlIEMyUEEgTWVkaWEgU2VydmljZXMgMVAgSUNBIEczMB4XDTI1MTIwOTIwNDUwN1oXDTI2MDEwODIwNDUwNlowQDELMAkGA1UEBhMCVVMxEzARBgNVBAoTCkdvb2dsZSBMTEMxHDAaBgNVBAMTE0MyUEEgT0NTUCBSZXNwb25kZXIwWTATBgcqhkjOPQIBBggqhkjOPQMBBwNCAASUh4IImp9aQ2/l9uYn/jNOaC6rdo/GuI0o5CDrnCP9ETKKfvFFnzmGQMoDE+NCx4Gal8IfpzRGEEwq+3YU5+njo4HNMIHKMA4GA1UdDwEB/wQEAwIHgDATBgNVHSUEDDAKBggrBgEFBQcDCTAMBgNVHRMBAf8EAjAAMB0GA1UdDgQWBBQUT8jCkw5rn+cNDTykBOwL2DZRfTAfBgNVHSMEGDAWgBTae+G9tCyKheAQ1muax0rx+t/2NzBEBggrBgEFBQcBAQQ4MDYwNAYIKwYBBQUHMAKGKGh0dHA6Ly9wa2kuZ29vZy9jMnBhL21lZGlhLTFwLWljYS1nMy5jcnQwDwYJKwYBBQUHMAEFBAIFADAKBggqhkjOPQQDAwNoADBlAjBf6aa2nRSR+CdOu27i8kP22ouhUI7Dg9gwEsBNjcukCrxZw/WQpI5OKOnODSWWCHMCMQCqfQiE/Ikrquf+uNWyamiiAgcdUZmSOmsS3rU+QNGMdql/8P+cEB28qwNnJg2DGsRAY3BhZFhDAAAAAAAAAAAAAAAAAAAAAAAAAAAAAAAAAAAAAAAAAAAAAAAAAAAAAAAAAAAAAAAAAAAAAAAAAAAAAAAAAAAAAAAAAGRwYWQyQQD2WEAwcazKvwc5QPRL7izjqqw/fo+aZHD6wEp/Mh+H5wf0TyC1hp6WqHJAOVnS53MHmB83Vmha5H2EmeCIcVhemq1DAAACE2p1bWIAAAAnanVtZGMyY2wAEQAQgAAAqgA4m3EDYzJwYS5jbGFpbS52MgAAAAHkY2JvcqVqaW5zdGFuY2VJRHgkOGQ2OWI2ZDItZTc1Zi05Mzc2LTY0MDYtNGVkMWY1ZjMyMWJjdGNsYWltX2dlbmVyYXRvcl9pbmZvomRuYW1leCJHb29nbGUgQzJQQSBDb3JlIEdlbmVyYXRvciBMaWJyYXJ5Z3ZlcnNpb25zODUxOTc2MDI2Ojg1MTk3NjAyNnJjcmVhdGVkX2Fzc2VydGlvbnODomN1cmx4LXNlbGYjanVtYmY9YzJwYS5hc3NlcnRpb25zL2MycGEuaW5ncmVkaWVudC52M2RoYXNoWCBMBrlTNBa/37Tgf8PtjRFZunOFayaP3jsprI5/06N5M6JjdXJseCpzZWxmI2p1bWJmPWMycGEuYXNzZXJ0aW9ucy9jMnBhLmFjdGlvbnMudjJkaGFzaFggy2JVBuwPc5y2E3qTuQtk0Mmew8CaXrx670Pw8a12pkiiY3VybHgqc2VsZiNqdW1iZj1jMnBhLmFzc2VydGlvbnMvYzJwYS5oYXNoLmJveGVzZGhhc2hYIOkfUyl58FlYNwB1EcWBUb05Xo776eS8TLMp/XjojYKuaXNpZ25hdHVyZXgZc2VsZiNqdW1iZj1jMnBhLnNpZ25hdHVyZWNhbGdmc2hhMjU2AAAaVmp1bWIAAAApanVtZGMyYXMAEQAQgAAAqgA4m3EDYzJwYS5hc3NlcnRpb25zAAAADK1qdW1iAAAAKWp1bWRjYm9yABEAEIAAAKoAOJtxA2MycGEuaGFzaC5ib3hlcwAAAAx8Y2JvcqJlYm94ZXODpGVuYW1lc4NkUE5HaGRJSERSZGlUWHRkaGFzaFggkqnqAuKu0E5SEMDBzHkGUnCszw/zMK+t9DnJNR9lkExjcGFkQGRwYWQyQKRlbmFtZXOBZEMyUEFkaGFzaEEAY3BhZEBkcGFkMkCkZW5hbWVzmQJZZElEQVRkSURBVGRJREFUZElEQVRkSURBVGRJREFUZElEQVRkSURBVGRJREFUZElEQVRkSURBVGRJREFUZElEQVRkSURBVGRJREFUZElEQVRkSURBVGRJREFUZElEQVRkSURBVGRJREFUZElEQVRkSURBVGRJREFUZElEQVRkSURBVGRJREFUZElEQVRkSURBVGRJREFUZElEQVRkSURBVGRJREFUZElEQVRkSURBVGRJREFUZElEQVRkSURBVGRJREFUZElEQVRkSURBVGRJREFUZElEQVRkSURBVGRJREFUZElEQVRkSURBVGRJREFUZElEQVRkSURBVGRJREFUZElEQVRkSURBVGRJREFUZElEQVRkSURBVGRJREFUZElEQVRkSURBVGRJREFUZElEQVRkSURBVGRJREFUZElEQVRkSURBVGRJREFUZElEQVRkSURBVGRJREFUZElEQVRkSURBVGRJREFUZElEQVRkSURBVGRJREFUZElEQVRkSURBVGRJREFUZElEQVRkSURBVGRJREFUZElEQVRkSURBVGRJREFUZElEQVRkSURBVGRJREFUZElEQVRkSURBVGRJREFUZElEQVRkSURBVGRJREFUZElEQVRkSURBVGRJREFUZElEQVRkSURBVGRJREFUZElEQVRkSURBVGRJREFUZElEQVRkSURBVGRJREFUZElEQVRkSURBVGRJREFUZElEQVRkSURBVGRJREFUZElEQVRkSURBVGRJREFUZElEQVRkSURBVGRJREFUZElEQVRkSURBVGRJREFUZElEQVRkSURBVGRJREFUZElEQVRkSURBVGRJREFUZElEQVRkSURBVGRJREFUZElEQVRkSURBVGRJREFUZElEQVRkSURBVGRJREFUZElEQVRkSURBVGRJREFUZElEQVRkSURBVGRJREFUZElEQVRkSURBVGRJREFUZElEQVRkSURBVGRJREFUZElEQVRkSURBVGRJREFUZElEQVRkSURBVGRJREFUZElEQVRkSURBVGRJREFUZElEQVRkSURBVGRJREFUZElEQVRkSURBVGRJREFUZElEQVRkSURBVGRJREFUZElEQVRkSURBVGRJREFUZElEQVRkSURBVGRJREFUZElEQVRkSURBVGRJREFUZElEQVRkSURBVGRJREFUZElEQVRkSURBVGRJREFUZElEQVRkSURBVGRJREFUZElEQVRkSURBVGRJREFUZElEQVRkSURBVGRJREFUZElEQVRkSURBVGRJREFUZElEQVRkSURBVGRJREFUZElEQVRkSURBVGRJREFUZElEQVRkSURBVGRJREFUZElEQVRkSURBVGRJREFUZElEQVRkSURBVGRJREFUZElEQVRkSURBVGRJREFUZElEQVRkSURBVGRJREFUZElEQVRkSURBVGRJREFUZElEQVRkSURBVGRJREFUZElEQVRkSURBVGRJREFUZElEQVRkSURBVGRJREFUZElEQVRkSURBVGRJREFUZElEQVRkSURBVGRJREFUZElEQVRkSURBVGRJREFUZElEQVRkSURBVGRJREFUZElEQVRkSURBVGRJREFUZElEQVRkSURBVGRJREFUZElEQVRkSURBVGRJREFUZElEQVRkSURBVGRJREFUZElEQVRkSURBVGRJREFUZElEQVRkSURBVGRJREFUZElEQVRkSURBVGRJREFUZElEQVRkSURBVGRJREFUZElEQVRkSURBVGRJREFUZElEQVRkSURBVGRJREFUZElEQVRkSURBVGRJREFUZElEQVRkSURBVGRJREFUZElEQVRkSURBVGRJREFUZElEQVRkSURBVGRJREFUZElEQVRkSURBVGRJREFUZElEQVRkSURBVGRJREFUZElEQVRkSURBVGRJREFUZElEQVRkSURBVGRJREFUZElEQVRkSURBVGRJREFUZElEQVRkSURBVGRJREFUZElEQVRkSURBVGRJREFUZElEQVRkSURBVGRJREFUZElEQVRkSURBVGRJREFUZElEQVRkSURBVGRJREFUZElEQVRkSURBVGRJREFUZElEQVRkSURBVGRJREFUZElEQVRkSURBVGRJREFUZElEQVRkSURBVGRJREFUZElEQVRkSURBVGRJREFUZElEQVRkSURBVGRJREFUZElEQVRkSURBVGRJREFUZElEQVRkSURBVGRJREFUZElEQVRkSURBVGRJREFUZElEQVRkSURBVGRJREFUZElEQVRkSURBVGRJREFUZElEQVRkSURBVGRJREFUZElEQVRkSURBVGRJREFUZElEQVRkSURBVGRJREFUZElEQVRkSURBVGRJREFUZElEQVRkSURBVGRJREFUZElEQVRkSURBVGRJREFUZElEQVRkSURBVGRJREFUZElEQVRkSURBVGRJREFUZElEQVRkSURBVGRJREFUZElEQVRkSURBVGRJREFUZElEQVRkSURBVGRJREFUZElEQVRkSURBVGRJREFUZElEQVRkSURBVGRJREFUZElEQVRkSURBVGRJREFUZElEQVRkSURBVGRJREFUZElEQVRkSURBVGRJREFUZElEQVRkSURBVGRJREFUZElEQVRkSURBVGRJREFUZElEQVRkSURBVGRJREFUZElEQVRkSURBVGRJREFUZElEQVRkSURBVGRJREFUZElEQVRkSURBVGRJREFUZElEQVRkSURBVGRJREFUZElEQVRkSURBVGRJREFUZElEQVRkSURBVGRJREFUZElEQVRkSURBVGRJREFUZElEQVRkSURBVGRJREFUZElEQVRkSURBVGRJREFUZElEQVRkSURBVGRJREFUZElEQVRkSURBVGRJREFUZElEQVRkSURBVGRJREFUZElEQVRkSURBVGRJREFUZElEQVRkSURBVGRJREFUZElEQVRkSURBVGRJREFUZElEQVRkSURBVGRJREFUZElEQVRkSURBVGRJREFUZElEQVRkSURBVGRJREFUZElEQVRkSURBVGRJREFUZElEQVRkSURBVGRJREFUZElEQVRkSURBVGRJREFUZElEQVRkSURBVGRJREFUZElEQVRkSURBVGRJREFUZElEQVRkSURBVGRJREFUZElEQVRkSURBVGRJREFUZElEQVRkSURBVGRJREFUZElEQVRkSURBVGRJREFUZElEQVRkSURBVGRJREFUZElEQVRkSURBVGRJREFUZElEQVRkSURBVGRJREFUZElEQVRkSURBVGRJREFUZElEQVRkSURBVGRJREFUZElEQVRkSURBVGRJREFUZElEQVRkSURBVGRJREFUZElEQVRkSURBVGRJREFUZElEQVRkSURBVGRJREFUZElEQVRkSURBVGRJREFUZElEQVRkSURBVGRJREFUZElEQVRkSURBVGRJREFUZElEQVRkSURBVGRJREFUZElEQVRkSURBVGRJREFUZElEQVRkSURBVGRJREFUZElEQVRkSURBVGRJREFUZElEQVRkSURBVGRJREFUZElEQVRkSURBVGRJREFUZElEQVRkSURBVGRJREFUZElEQVRkSURBVGRJREFUZElEQVRkSURBVGRJREFUZElEQVRkSURBVGRJREFUZElEQVRkSURBVGRJREFUZElEQVRkSURBVGRJREFUZElEQVRkSURBVGRJREFUZElEQVRkSURBVGRJREFUZElEQVRkSURBVGRJREFUZElEQVRkSURBVGRJREFUZElEQVRkSURBVGRJREFUZElEQVRkSURBVGRJREFUZElEQVRkSURBVGRJREFUZElEQVRkSURBVGRJREFUZElEQVRkSURBVGRJREFUZElEQVRkSURBVGRJREFUZElEQVRkSURBVGRJREFUZElEQVRkSURBVGRJREFUZElEQVRkSURBVGRJREFUZElEQVRkSURBVGRJREFUZElEQVRkSURBVGRJREFUZElEQVRkSURBVGRJREFUZElFTkRkaGFzaFgg28bh/D8nW4J5qLQkGA98Jsn0LF3ZAEo8Qa4i0O5tf/5jcGFkQGRwYWQyQGNhbGdmc2hhMjU2AAACJWp1bWIAAAApanVtZGNib3IAEQAQgAAAqgA4m3EDYzJwYS5hY3Rpb25zLnYyAAAAAfRjYm9yoWdhY3Rpb25zhKJmYWN0aW9ua2MycGEub3BlbmVkanBhcmFtZXRlcnOha2luZ3JlZGllbnRzgaJjdXJseC1zZWxmI2p1bWJmPWMycGEuYXNzZXJ0aW9ucy9jMnBhLmluZ3JlZGllbnQudjNkaGFzaFggTAa5UzQWv9+04H/D7Y0RWbpzhWsmj947KayOf9OjeTOjZmFjdGlvbmtjMnBhLmVkaXRlZGtkZXNjcmlwdGlvbnglQWRkZWQgaW1wZXJjZXB0aWJsZSBTeW50aElEIHdhdGVybWFya3FkaWdpdGFsU291cmNlVHlwZXhGaHR0cDovL2N2LmlwdGMub3JnL25ld3Njb2Rlcy9kaWdpdGFsc291cmNldHlwZS90cmFpbmVkQWxnb3JpdGhtaWNNZWRpYaNmYWN0aW9ua2MycGEuZWRpdGVka2Rlc2NyaXB0aW9ud0FkZGVkIHZpc2libGUgd2F0ZXJtYXJrcWRpZ2l0YWxTb3VyY2VUeXBleDhodHRwOi8vY3YuaXB0Yy5vcmcvbmV3c2NvZGVzL2RpZ2l0YWxzb3VyY2V0eXBlL2NvbXBvc2l0ZaJmYWN0aW9ubmMycGEuY29udmVydGVka2Rlc2NyaXB0aW9ucUNvbnZlcnRlZCB0byAucG5nAAALU2p1bWIAAAAsanVtZGNib3IAEQAQgAAAqgA4m3EDYzJwYS5pbmdyZWRpZW50LnYzAAAACx9jYm9ypGxyZWxhdGlvbnNoaXBocGFyZW50T2ZxdmFsaWRhdGlvblJlc3VsdHOibmFjdGl2ZU1hbmlmZXN0o2dmYWlsdXJlgGdzdWNjZXNzj6JkY29kZXghc2lnbmluZ0NyZWRlbnRpYWwub2NzcC5ub3RSZXZva2VkY3VybHhNc2VsZiNqdW1iZj0vYzJwYS91cm46YzJwYToxYzAxOTg1ZS01NGM5LTQwMWItNGYyZi00NzkyMDk0ZmM5NjAvYzJwYS5zaWduYXR1cmWiZGNvZGVzdGltZVN0YW1wLnZhbGlkYXRlZGN1cmx4TXNlbGYjanVtYmY9L2MycGEvdXJuOmMycGE6MWMwMTk4NWUtNTRjOS00MDFiLTRmMmYtNDc5MjA5NGZjOTYwL2MycGEuc2lnbmF0dXJlomRjb2RlcXRpbWVTdGFtcC50cnVzdGVkY3VybHhNc2VsZiNqdW1iZj0vYzJwYS91cm46YzJwYToxYzAxOTg1ZS01NGM5LTQwMWItNGYyZi00NzkyMDk0ZmM5NjAvYzJwYS5zaWduYXR1cmWiZGNvZGV4GXNpZ25pbmdDcmVkZW50aWFsLnRydXN0ZWRjdXJseE1zZWxmI2p1bWJmPS9jMnBhL3VybjpjMnBhOjFjMDE5ODVlLTU0YzktNDAxYi00ZjJmLTQ3OTIwOTRmYzk2MC9jMnBhLnNpZ25hdHVyZaJkY29kZXgdY2xhaW1TaWduYXR1cmUuaW5zaWRlVmFsaWRpdHljdXJseE1zZWxmI2p1bWJmPS9jMnBhL3VybjpjMnBhOjFjMDE5ODVlLTU0YzktNDAxYi00ZjJmLTQ3OTIwOTRmYzk2MC9jMnBhLnNpZ25hdHVyZaJkY29kZXgYY2xhaW1TaWduYXR1cmUudmFsaWRhdGVkY3VybHhNc2VsZiNqdW1iZj0vYzJwYS91cm46YzJwYToxYzAxOTg1ZS01NGM5LTQwMWItNGYyZi00NzkyMDk0ZmM5NjAvYzJwYS5zaWduYXR1cmWiZGNvZGV4GWFzc2VydGlvbi5oYXNoZWRVUkkubWF0Y2hjdXJseGFzZWxmI2p1bWJmPS9jMnBhL3VybjpjMnBhOjFjMDE5ODVlLTU0YzktNDAxYi00ZjJmLTQ3OTIwOTRmYzk2MC9jMnBhLmFzc2VydGlvbnMvYzJwYS5pbmdyZWRpZW50LnYzomRjb2RleBlhc3NlcnRpb24uaGFzaGVkVVJJLm1hdGNoY3VybHhkc2VsZiNqdW1iZj0vYzJwYS91cm46YzJwYToxYzAxOTg1ZS01NGM5LTQwMWItNGYyZi00NzkyMDk0ZmM5NjAvYzJwYS5hc3NlcnRpb25zL2MycGEuaW5ncmVkaWVudC52M19fMaJkY29kZXgZYXNzZXJ0aW9uLmhhc2hlZFVSSS5tYXRjaGN1cmx4ZHNlbGYjanVtYmY9L2MycGEvdXJuOmMycGE6MWMwMTk4NWUtNTRjOS00MDFiLTRmMmYtNDc5MjA5NGZjOTYwL2MycGEuYXNzZXJ0aW9ucy9jMnBhLmluZ3JlZGllbnQudjNfXzKiZGNvZGV4GWFzc2VydGlvbi5oYXNoZWRVUkkubWF0Y2hjdXJseGRzZWxmI2p1bWJmPS9jMnBhL3VybjpjMnBhOjFjMDE5ODVlLTU0YzktNDAxYi00ZjJmLTQ3OTIwOTRmYzk2MC9jMnBhLmFzc2VydGlvbnMvYzJwYS5pbmdyZWRpZW50LnYzX18zomRjb2RleBlhc3NlcnRpb24uaGFzaGVkVVJJLm1hdGNoY3VybHhec2VsZiNqdW1iZj0vYzJwYS91cm46YzJwYToxYzAxOTg1ZS01NGM5LTQwMWItNGYyZi00NzkyMDk0ZmM5NjAvYzJwYS5hc3NlcnRpb25zL2MycGEuYWN0aW9ucy52MqJkY29kZXgZYXNzZXJ0aW9uLmhhc2hlZFVSSS5tYXRjaGN1cmx4XXNlbGYjanVtYmY9L2MycGEvdXJuOmMycGE6MWMwMTk4NWUtNTRjOS00MDFiLTRmMmYtNDc5MjA5NGZjOTYwL2MycGEuYXNzZXJ0aW9ucy9jMnBhLmhhc2guZGF0YaJkY29kZXgjaW5ncmVkaWVudC5jbGFpbVNpZ25hdHVyZS52YWxpZGF0ZWRjdXJseGRzZWxmI2p1bWJmPS9jMnBhL3VybjpjMnBhOjFjMDE5ODVlLTU0YzktNDAxYi00ZjJmLTQ3OTIwOTRmYzk2MC9jMnBhLmFzc2VydGlvbnMvYzJwYS5pbmdyZWRpZW50LnYzX18yomRjb2RleCNpbmdyZWRpZW50LmNsYWltU2lnbmF0dXJlLnZhbGlkYXRlZGN1cmx4ZHNlbGYjanVtYmY9L2MycGEvdXJuOmMycGE6MWMwMTk4NWUtNTRjOS00MDFiLTRmMmYtNDc5MjA5NGZjOTYwL2MycGEuYXNzZXJ0aW9ucy9jMnBhLmluZ3JlZGllbnQudjNfXzOiZGNvZGV4GGFzc2VydGlvbi5kYXRhSGFzaC5tYXRjaGN1cmx4XXNlbGYjanVtYmY9L2MycGEvdXJuOmMycGE6MWMwMTk4NWUtNTRjOS00MDFiLTRmMmYtNDc5MjA5NGZjOTYwL2MycGEuYXNzZXJ0aW9ucy9jMnBhLmhhc2guZGF0YW1pbmZvcm1hdGlvbmFsgHBpbmdyZWRpZW50RGVsdGFzg6J2aW5ncmVkaWVudEFzc2VydGlvblVSSXhkc2VsZiNqdW1iZj0vYzJwYS91cm46YzJwYToxYzAxOTg1ZS01NGM5LTQwMWItNGYyZi00NzkyMDk0ZmM5NjAvYzJwYS5hc3NlcnRpb25zL2MycGEuaW5ncmVkaWVudC52M19fMnB2YWxpZGF0aW9uRGVsdGFzo2dmYWlsdXJlgGdzdWNjZXNzgG1pbmZvcm1hdGlvbmFsgKJ2aW5ncmVkaWVudEFzc2VydGlvblVSSXhkc2VsZiNqdW1iZj0vYzJwYS91cm46YzJwYTo4ZTQ3YjhhZi1mZjVmLTJjMDEtZmU5Mi00ZmUxOWQ3MTcxZDgvYzJwYS5hc3NlcnRpb25zL2MycGEuaW5ncmVkaWVudC52M19fMnB2YWxpZGF0aW9uRGVsdGFzo2dmYWlsdXJlgGdzdWNjZXNzgG1pbmZvcm1hdGlvbmFsgKJ2aW5ncmVkaWVudEFzc2VydGlvblVSSXhkc2VsZiNqdW1iZj0vYzJwYS91cm46YzJwYToxYzAxOTg1ZS01NGM5LTQwMWItNGYyZi00NzkyMDk0ZmM5NjAvYzJwYS5hc3NlcnRpb25zL2MycGEuaW5ncmVkaWVudC52M19fM3B2YWxpZGF0aW9uRGVsdGFzo2dmYWlsdXJlgGdzdWNjZXNzgG1pbmZvcm1hdGlvbmFsgG5hY3RpdmVNYW5pZmVzdKJjdXJseD5zZWxmI2p1bWJmPS9jMnBhL3VybjpjMnBhOjFjMDE5ODVlLTU0YzktNDAxYi00ZjJmLTQ3OTIwOTRmYzk2MGRoYXNoWCBegIvsYn+rSO2s886U3VpToi/0kwRhhQBhLYKqIiptm25jbGFpbVNpZ25hdHVyZaJjdXJseE1zZWxmI2p1bWJmPS9jMnBhL3VybjpjMnBhOjFjMDE5ODVlLTU0YzktNDAxYi00ZjJmLTQ3OTIwOTRmYzk2MC9jMnBhLnNpZ25hdHVyZWRoYXNoWCBTtDITbmCHe+yWQuX3ikVDzuyqaRfIB0SwIBv2LjZ//qVqzpMAACAASURBVHicXL3RkiRJjiMIgOrZ+78nu9PzxSty9wG3lW4k7gFUi+grGamuyYxwN1OlkiAIUvm//5//+5xThqTn+VtVngFpGyLGJJ9pkt82gKoCoGnbA1cVxrZNSKI1MxCr6B7K/biq3KjDsSF3u7Ef9XRLIlBV/jsAZqaq7IYIoOECJU1/q2oeUzIOSv33W4ffbnBqjoSBgaEladAkAdh+BiQFAJAg6e8zkv5+/09VHR4ApAHMgORwbBeK5LebpDD5c5KcIgkMSs93SNJdlDmS8o3FPzMzaACWZ0ZW1oqkbZLjB8DYVcUuKMs4dpH+208V1VShZyh4QNJmVXmeqnraJAFJajQAWQCemTyzpO4vSeDkSwHYPTPmp6owz8yDUhX9dyS1ZwiSBtgDoOozM8DYFgpAtob0zL5yNhQ+wBhtd953BgMYTVJWUYOemaJIzgxJkuD0DACypPONVfQTGyPZLmAAUD4uEyS7W7DI9nPOgfXaYX8flho95ofHQ330PM+HqqqBAXR//3/7bndVzXcoGQ3S/AA4Qnfbtmi7zmGDJKYBDDgzbZNkzzkn+14uyO1BQT4ATM7MAU08fkgWCmNW9r4BPH4kFWpX1To8ti0bXwASZ2i7RgBYIDktr8HPty3JHJLKQbZIDmgb0yTLINl+Yj8AsryASH+nJdScd83h4z28XTxZq+wXABO2BZqwe4jyx/bjkRQ7KRIAjarq71NVLLVnf3728FokPjkapAs1M469jSWt6xitgwJsS3I/VZUnaRNAzqxtAH4apKSBDzX2btfzt6pIjp13NwEMhioY6O5CGQLkPIRdRds0Bp6BSQGSHj9V5adJkiYpfPL6PV/qT54WwMwjKY9X2V9Odxf/2B50VXloGwXbn6ruzprHh5zzZ5/BDzCmiQOx0bbVfO2cFun2DIessT/4I+npvzGYXQuy4ZkhirZgAv5lG2S1Z+bhqdrz4tiMbVZO9APAU5KQpwUAvH+lAnwkPdOSbnz5kiQrP2ab1usns8v76yDvJpkwOX4oMd8yJI2xOWQ1PGZVqRnfKqFh0uUfe4vP9O7FWpTtD9ecBuvo7M6zSWo/kma/uOz296miTUmYfWaScVa7VsOqit+DGP+cP38/P6fQZtsfguTzPCR1PthY24Oz0UziPhXyCe+vxw8cyuiNO9DMUGbOwoz7ia+wffRpTz6UxnRT+n6/5/zJWwCIx9uFnpLQnqychMcDDKck0TMz3vNSkqb7XYE8SZYX46rCntZ80VjkPaUAYqHroyZLVPHzkvLnk31jASha0j/P95yjYBKfbMvMU3SQgO1nRPKAA6/rM15r3HVbM8i/W1LNASfB1G6S0olvjJ+MzdsOZlAXxJlBHnem464buzgzzGGCriue3Q6jZz6fD0RufP/aF0RhV4bkDKqqO9/u1yriB7wxpqs+aIgnsaa/X50DDsjyTySSTgIWC7YfPETtNwKwkMCJGUJCVqz7Kx1Z+XwAJwihE7zUcPcX4jQklfHnz5+/f59zzt/+a/sjkuw4UTpHzAABkughWTzramKAcs9IEj5ggTMzAnNO24z9uL+koQOATrhUVe0ZdJOk/rRtdL8npZkjteafYwtzFn2RnIYKMyPhGUlyf+PhST+e7m/hU1WxItpVfDx2Fz7BljMz6yUqsCQ2RlKeqpruqvrn719UXBb+pf8R7CGJNmmL+a4LbJ6smxH8yZy7n8joYHuSLrKKGM9Mzlc81RvrY89v/L34dl1DsPGsFRNuSeinqjgEabTXwn/+uV+xMejxU/XhBPz3zASfP36q6IdVFXwuy2Rwmi6uzvMswJ5RO54zseb7/QYXbXwh3lg8M+eceQgMS3bTWbcGAJ+qau+jZs0BsERDGIxvwtIk8bWkQHohAOMhCau7der1acl3Zub93Y1HbkmJdJJik0oGROL5sgQAJT5vEPaeweBPLOLa0Kd4gH4MkvN9zjl5x2e6qniD+cwE52d9nkEOwszT7XOODNvJC25+hHMO6e6bdvWcc96NIGlqYUb3zHPOQQ/I4IrglpM18bO5pM1Cw2hJyhnRBqlD0j3xbxuzrm1fR7sGFhCVuJ/1fLpp7YaKhRxGkyyQRvJH4QMgfnjfSz/4M9EtW++pRv9RdX9NSNlgmCC0/scGhnHFkKR4j9h5oeIr7MY0IZ6Phwr6SoKFU1V/+y+AYJUEi9K/xk/2967MA4CybdxYtieTbD831uC+2gAQatBDDFpduNhA8TjY7Hjs2C0dt5MdR15o5hH/gPOdLzDHldhq8aN/dXfQFFF7KDDugBYPIEuFtikf08QMWOXuGOE553myce5uT1URMxLcw9LMoKRmOIE4sJyXx8NhFfv7nI8uFv3mPEpKftTtz+fz7b9BSt0d76fJLjTJMetzvt0DH1Wcj6R5/vLlClgbxWY2X8uuxXJYwTyJ/vG0wT8NfxTbY4ANarNCfDvrAw7Hw/w1PvzZzcT6/e9GHNoQfCQpAX2x4sVdeTCS+cBAzVjLG+l++aXFZvmP+M+qWpSuc23JttvGPO95vLgIkmTZxnQyApI8NTMysuz5+fiQrJKkeJKgRNsgc67z7fdMOa4mqDh+taq+88335o3iEWOQeYtf3FH+5PHmG4Iqzp9crw6Ihed5UPDTAXeS6GM7pyw+M+8YX2e3xXhR1sd2BS4HK800OmGoRiS/80XOhdRoGUKV9Pf7lRSPl2g7myA+G+vt5C+HejkNDjsE0anNU5Iz7rb2i2o6TELPOSe78wJySeFbsp60E8WqKru2eIAFYL5/Jc0lc1BCx9skJc/mPlVVYIKV7Tjn5NSxvUXmlvMbDOidHnw+HzwdLCdJqOCTIZLzrrnOQ1IwycqfB+LPGmdVvThZEhqfz+efb0v6Pv+Q7JlzTlnhS8858Rvrw2ctc4+5OPM0fPyB2N0mn7//5/zrT3dT+ledvHt82u6vNN9JBJHUAeZuAFWf7qZHSlowqg9wbY8E8IwlkJTg1sxcngc5dM/zyPjUeabz/AC+33/OOdnZvw8AHAGS0Ql0nzoEZsZAVSXcBDV5+DyP7XPOyzkEL0n65/slGXY0KPpQM7Onarkavoh3wsygAUzrnOPwIU8DaPhw8+t4y3jO/V46P5M4/hKM3Xy52YtSfM7p701CSy/uCr8ax0ISU0BcqGPzxJDM233bEsqo4t/nH0luBO3ElpKJ5IQiHulUuUx8Pc5xTi5FHRdYPV+TDuNNAKjBzLAOyf/3n28VBz5HeEKk5x2/VQW7u8EPpHAjbpxznv4rqUZL+ITTI57nMXmkRDrbz4zt8UPUQVXVM18JwajQn+5OljroczR/v+ecb5A2wpM4P/w8T/2vf/9X4p5ngP2LeCVJ8OWaSareAEliPBtmgHOOU2wwWJJEJim0WDOT/zYwblL5mXyXyO4uECQ2x8ZMqyrhSEGoS34pgPLyEG2gKOlcLD1iAaBE7qJQVVUi4z0bySBbxZkphdiKY6Vt7yEJFEh6CZJ5ZYFV6m4TVUcSYdjGDxsy3ZDyY0/POZ/K+xpv4Cc1Xq+9kKtkI/+HpCdA+EupdmlAAN5w9aI+jgeAk8Fxf6a7AQPazdgoMkBWmp4mNZ7wXdO7nkF7RUl6D1qCBMHlamfpsO4+Kl8oABpwheiJVwoIZhFkyOL7wxcJEcT9Ll340L6FqEV/kjHB5s+MqkJ4LcG4yYkZQyIREo+i0HOzdttr57G2ZLYhNKeq8gdmPifmt1mTQnfa2UcnzO2D4UgqeWY85xxSNijOtaU8m4CtXtgET+3SeSm5zSSWuwTFpAQdtLBLZFGEB/GP/JUkVApmsJ0CQ0pTd3sWesaOgNe08newhxJAGIQA778pYyTNlrV8T2fY+fFsPjO2yFSL8syfS6omxRwPcxzyOcGzM9k3744YgLBMSnBTSPPXYH65I/rmT0PAoTz5nrV87x4Nx1mXZwjXXf/4jLGBYDaNu6S7afn1oOohOd0Uc+AqIYIb6avKyVdR3bP82E0Asm5JMyUxMHcmRLkUX8juh7oecV8EAMQEwuwp4Mlis8p2uw8V49/EHphkBRvn5CQyygfPrzWEbUIl8XURWRAyUZhC4CeQA7vn3vte+1T5F25BxbZU9iBPPK5zAEwHKrkqC3Vt8leyhFBFu4V8rS4xi8W7OMSg6sAW6+nWKQ88zm9JBXjcAmCU9Lr49UhAXup97ACXN/Tm7UTlxOX5sgJiTGt2xfyzbjmhAbhKqh/OKGUGeGZKZ3OBPfOKGwQN//arAOacY+LHJlPGi1+CAwGlevFRFjWfQIHkOWdLJlswkEQPshE5w7oJw77RrlQSiRbPzCbDlyjRYEjFIA2PPdMvZFf4tRmQM47PvBhj12fG6xEI3r2YGW0Cb5LTsWq+5+Kaak5iGYDHtwCZTeZqJhzPACDxi6VCcj2HM9e1Fm8kXr89123yxt1LxPONIFpGx290o4oD5kUiPkh8I0gmSm6dfmm7Yw/phGDb/XTgrO3psd3T3a2Eyhs7ci5mhlR2DXDpVhl5w0kVSUHMSQZKUtXykEuE3U9LVgba416DEljSTM4pq07O+2xBKKeC2YOq6hneKubzPCU9/agqOE0lOCVaOEThooNgj8kpzR91d63bwmIjIQmjijfpXRAXxDUeqmzY/pwi73nK+96djIdZT3VxKAWtSyNSpYeud7t0KYNjqWIKivnxuuw8qXaTKpbtngFHVPcDkZRpQOOOHQdRJ4jkKatK1D4ASbIksIJtYp+Kx/ak3iIq61Ol6941Kx1ZPP/6tHiMc870l2TPBQA/0Wp3fjO64GSgbp3jLigJK9EHyfZbJYzF6m5v9Hw/OPneDc24G2vwt88xq6o+1T2fuCOa5NGhlBTgiodyyvzGDu2jK7BkbKX8AN1gAt2CRA53VTkEwVJ+QxS2AEnbz/NICkqtREBPSe8Zz7nzOHu6zukGtD0RMYxbRuvuqsKCCN61MeCFZ+RE4kPRDg4JRNQvPxh7nn2K9breCLmg16CkovbTSKb2ufgyRIBev+Fb2iMhxXswtbBzTklObWZm8TPWGf+iHeeCznfTcXlbtj0zT49sVd2IbG6d1lAyaPV0PLzE/3D8OblbRH9t9WZVgZUx1XVoiD3YEdNougNWczxEGUMWARtJRfMGT0QD3gwjRUGSfVepRJDZRi4EpS/IZZJZKf7jeVpK3GSpUnP/Pt+jUxUTCsCLpQXlzqmi5IsfyPLSweuZYpOLGsjEsnvGGC9UmybwEotTVR7U0dNfgkVR+8mnzpuybdDO10EvaiIEcFLvdUr+U9DrgHwdiV9rJVa0AYI5esH8gZWhn5hM4WLOoMH6fD7tDikG3Gg55rI1BlWi4ZkmlOByM4dNBpyn3fC0OFzSjMMyv+WQnNz1UHvAAHLsE83lfVEkv76IWEr2jbi1ewSGJG5+nWiVrEFVTM63XAQ9ZrwqgYHIGZtNsijWxVFkgmMkC69Pi/UGP54qEjd0LbJaiuHWerFA5ye/u/G4Nkf77cFvFhDfS6rqbJTChUxybUlg9am2V5S2n+8wSGsU5Hqnnwr3hgltVXg5KIx3J8NKXkh4o/AbWXgT1k3cYVRVuExPfz6f90VmJnnuXZO+K7BwiIFd3p11KlhEbV42dlC7vAI7Lfpd50v8xrdOMpWtjh/uT51ZlVYK+RNsVlVtC5oOyE8mQl6OQqxYcliPCycYy3dKlbhHHje15uY4+Zx3DbPjhjd/5U9Cl98Kpxd+ZhOca3jLMjlbc3/j5jNLufLNvTYKxwN8v1s+t83KwYZSP7ZBVanha8CqG5V+coS4j7wehdeEQImYzU8vwlTiWl4wnOGNoYEjCcw+5zBZZ35XiQELGkuiEjKWRFXV83wJ9TwxlO4+pVNXpbPmHU/OxN9DkaIZ+5Fqxgi/ih+lwBr+GOPXyrv7fD4xpyotaKX33N0fu6cBtpOLxa+GOzZctSFq931cUgQub7wIEJKUs5DdD+3g8VvwiIXMNKW8qVdEHp+pi7UEGDQX8IhU6eT5+8qmYi7LgXBzkAtKIfHqXXBLtvG9u7PhLdfTSnk2kqqaZ09r90MnWRaQIBiqb/Kmpm/pbuMREOBUr5P34i+fcxCZV/jSzTJWNXJRfYoiAmhMEFEtUkVRyftih6pTJYZ3Hv/586cjJrie2Ta25Oo888zMhBdS8kjVmY6EOg54wW1IxqQeRcWXAH6eL66OvOoEoW34F91jsA5FxioiyJ6Z+u///neOlmGKIJ++5D4ATt6KLAeDcki053/8+dfr9AEATQjro5/H4xlQpQ/AF1rV+aRyOZfhOsSplM44np7O+QJA+rNZ1kg65wRt7LJBtdnplr3OKVK2qBWngjjnEHy+39Teh2ChZ5nZ8/mMZzAmTNyAR0HtjV6SAhoEHJWF8ZiWqMTn/clwlLWnI7JHQgaBowpxQsrhekBCeYwYcZSqSa2XIyeXu2Igzm1EMMW6Tn89Db2Gu/4piG1DRTji9X0JbPWTsPI90DarDp0zDwADqmowPcMNqCDxeFgSitRMi4QSwybBxGQczQTs2uHISKo+IBcE1tKGUiVvxsY03+fbKsHY0zZnMEnxrmcFpfGLnAiDSgCMNewaYasjlwkFpp+S6CTtKWLFUfoGzaxfbZvDijpkm+LLbBXPtMcdhrqqgnHyjv7l3DGPqq7qKsCvJc5j6r6CCoCHEGeSvExVFVBU8RN3MO5i6GBuPU/a1CdJnCksMBKzPQNO0BIUhjTqQoxhThSaWPDGcYOssMMsgMtGRYG+ILjJH3BvQsi35fVMI0n4YAwbMx4wBrmuTYoFURBjPgt0aomJ5emLQU6AmVPM4K9sKrY8qfGMXYI9MFTlK/Y45zw9dcpbl+A5n/zilf2RqvzPapnhqsu4GVkHUgvf1wwdVZcIY3gqDno8qtRstI1el3DnLbfaoz3LyTgsEBwdOVshDSb+AgAEFcWaCZF3Qg2U6mJOAnoi5y8ZItQ9DkVS+vP5zIwjOnu66pM9u3RC1uCAmJT34j0c8U3nkK2lkbhUO4ktT3jeH1lUE3sbAzYmCNMeqgIDcZMMGFqWadZBkFJdIDL24JevLhZm5SeiJqZonGKJFJ/+eqk6JNYt0MlnAnATKNV4SM90YCs4gJ8n6rleaknr7SdpuTe9T3k9/id7xMu3Gf0CpoHBKZZnnn60ghOCWz98sd/rZLT0h7FMPb28q6kzRvIZECoBkCoGsjXs6dh21XEPDKPD6HJ5kPsnW+OLZtsGpjv1jnNOzxMGQSWVUOoJwZeVvwRtXDYmhYcqSUqXRkBwSPCeJ0H/J+5DiQQEMUlIwvX3T2a7gT/pS4JRhWXKi+hC9s/5Q9M9ouJttnQNDiaGKwT1KqkUb/ITQrInxjESPb0M4OXmJ2UAcq4HGKNO3eASHLPMjKT2Q73VEBNoTPiKUFDJVhgxLtETmgp1CtA5n7y2KErSKdbQ7anziUZ0DKFUwS2V0xxvu5g0zSGbHQ6DTujtIEzarAIFhcdUSnQGi8t0J70Ra0mfKDBMjD+njtRYetg2OCYEVn0WfpzzVtpCYBZ1GULASeT0pl7EKNgMIBnInjNCiAwEa2x0wHWjiRpz6gaUBG4OiXl+EmnAaaYCQ/3kvbfnRktfc8L3qsZNLHSbpEkrQfLYgj+nGoNtUtLKWJOUcvYUS3NLo8m6X6P5lE4dz2zCBR0d2L36EUnVE3UBAJRUV6dJpLaxlaKLrpba2lMWH7Lyjqkq0+NO8S9xV9vOpwiq4w2ua/pFgoscl+ReFolEku20QAGEZNFBpYDb0okFBh1hOwMIuMQSJx7uWhdg9xzV379/42LO+Tg1rs0j9dbsucbonLqBB9Pudn9O5VQi/UjXe9hbJjRMpRyec05HC69VmpuedBRVnQhfwh9jPfDYUuEqZQIUjF8rl8NvkzrnPH7aXWRVkjW6I6yRhQT9nl5oSpZOLWmFv89fkp8tFky2YzAyTtXm9zn2l9AHOItOUzwwbhEraXDINayXJkpHJfLp55zPR59ihYQKk7i+0aOrZW8YSpXOKva06owdAJTMqOGnex8AzPOc80mCDeLoEOm53XqaPac+vFqHYPjp+Xw+F43EgcfHk6SVUj9J3uK3KYWvvp70zHhPKPm55ZxkBLck46EBGZdrAiU9zxelJKLp6KKTr8V04xEDWfRDSDFHcqQ652Ob9ueceSYUzNFJ0nXOn7qG+H0azFSAVLIXVF2ylRdFVyXoCFxNiRjWQ3xLEDlZfcVA9w8gVsIxgFOHoDG6MXEASu7GQCqxkBKO8TknsDWiPUhjH1bCB2BKNJ4xyDqH0tOPg5FKS2W6k5NK6hmAT/uUJFW4K3tu8bu7t0BOndoQYEx+tuoTti5IhFLV53m+vGcwOUhUlQRPnaDmno6TTH00SyMdCd2PVxxTgZrglLLcLImYEt2TYPPWJJ4eKZMhYKBO1JBhRS757fQcJ2b6aDP9RD0AHotb2dmYCJO69WCI6endPgnbjydgSHdVo2ARQ/7zcScArwp4hdwJvSxVvG6oDnAktonVPQX1s2En+5S+zwNxuqsi9UM4WhriQSpmDP/Qqagl1443SJlcJFmO/gvhagI8EphJYmiEGKUxo6TJaYkMI5RQjZrnyYnYKsh+TvX4FEl4lbmV3dFWi2o4EKatwKHFBqsnoFTnjGfmiUg5TCVfDoI458QYbq6kZPqJWtKZSTf8y8lMaXs1RH1q03yCoiymlWrPrKDiuN9igFRgzcICvvWac8nlz/mTY7g1odJvLHpTDAAIt8XieLC8inWlbXFBbUM+ooihTQ9mMPmp7zyfOvboV46PTZtLl4FdSLbpnCKvVSWFXMYToYoW5Nm3uCwVB4nNIiONRrE947kePRz5LkUKlz1NKUIl7sbpO90ekOOo3xh1bAjlBaL7CcjADZ2oCrJm2QI8/axH0E3EpHPO53NwS7/ZxKoidC7XdHk/AoxtM/ly+9TH07qVkmQE/Qwh0p/PSd409ufz8YJfS/RsbYnUcItKkiqu1DP05xxcYZl0knbWIZY3N4DP+RO/K9VMz8zn/CH17S+D4LmZ79N/M0PGsMQqeTrVmnhpSYMZz6XRgkPiQLJqlXkSUh0JDCSIyjyRGUl1N9Ncd9eN5P0146pjkqqeNlE8AIYzGNhVdXTeGoB03GZ9nn4Uesc8dcav6JmlD7FncDxhzN7a6mytVNg8q/r5hoOvqqSAi/UlqcChtkDi6OdgRZqwhImLJ5g2KUTMTFVj2DM9oM9iMFZd4bhd50gnYpo0I3yq4DnnVJ0cwsbYHrqOku/bbvS4q04kj/AVBmFQV2rJQuRpUhJwD0G5v59zbJ+jJah0vt+n/uvf/5Vqg6RUQqp+OhW6H8BSClcFYKWaiOqRVfV8vwAWtNOkEBnKymacwNaRijiVGHX3TMuo2gf6559/ftfeb41rgXk8j+1oCkoCkVYXUqnchpwhZMyiwwvrzznS9s19n++tPyPY5W3sjcOdbRLZkmxcsFbFoPRg7ioNEg/en7wPawDd3TOh4EONBS+DxnYPRHGz1dp8ZvcqU/bRr8z/fXeSUf5iYWXqkJFa/IwZ2QaRHVDQuq95P2wfVZLHLPbzRP/4/uJdkuWyA80WWq0poFTe5GHbFWPou32Q7RPXeyNK8pwNHlqKd8PPVpXxfR7ADSvdkU8nXe+ZcyqGFFDCkFyEruoh3s23ye4u5AR/IzwyoAwACWczIvV9HlLYtyGW7F4+cvq5sXZDXGqhC+kiR9TVNdjTTnY3v5d7rcNFwa7090ROOWFZGX1WwNCbS6w9eMKm3S30RPcdkcPqmEIBIx55bWifeUdd3SqrDa1kfH/UPyY3G5PzyAG7c1d4J+isOCJMn1fxuU6ar7Iycf2l515j1rUKr9yGy/+BquSrGbYzt9q21v6SR6F19dbGfVFV0rKLg1eTQ5Kcbqekd9chPxTjX3JfdXubML/HL9zn/zlHAICllZdrV/ezkTA1kaXkZEcfccVJeZWr/M1bzFXlpDGQl3PPrIbtD5OG6OB1e6Yzoci//xFtvp88SxpvjCfTsjahEuI/cUMmyefy0LaDkvzLnyy5u/B0Udxd+G0iXgXinvoU5CLWAckkaYxgZPdlbnE0ADmngTPe8TKXxt0Okld2+qOJ283O4saDvTYDxCDW/n3VLrGsWH4QylxdP2/zx8a+X2cfV6z6873x4VdhnYw4S0Ne75gC+b6EAVzpTNLC5crCm27oWbNPXXnr9EipNs25vdh3PG/XTsoJyxYBjmoDOZ0CNhyXKpxOPjPOkNYdHvJ2HRXBp7v7SXCMLnXs7odM2Wa5853dAYAK59ibYNPGMw9e9dBuVcI9AVb8s3evZ+ZV272uc1fjClKyemGCwrw/z5OdnemZ1bpfv+272RbjNNbWgMtF/XiDRPWrx8wcA4X0XMX9+2S8+v7YFd7T8T76TeTymcFacz8hOMBANATfNOZTqkpNMk+Ycg5XQxQfs05oPTZAJO3cUDsz/oGDIdPVY3twhzoC6G5adU4yj6rqfkhOL7N5a9gQcVv3dh26n5m+VJfspODAbTONh/ypnXGVbutyPVEPPT3Tb+dZFFUZerDn9LUBb7varjOJzu/WeXd5vRyczzmnsKfPyuHc9C9Glb3Sq0hKaTHv8XqYKz5A4gje87mEXQoSOYwrIPhe5X62Cp7xCBiaykAbvwGLwLlNFXc919rtVPy36J5tSgJ8cd28Pnxl7wkv3XVOT79nB5vU8Y1Z/ebPOVbvqaAM68hYIiaIFUtIGVvPWDwcL939zfMbV3yzO1I27livjVaRdDil1SNRf/ubcNo9M5Nk+1pL1vbawYTR4FWaeNmfX+fi1dTvZubdp2/izRl3dwot3Hl0a1fd/QpDnBUGPK60P15hRFZmNsSQF3BEF5Xnmc4gJnv141kKtHtuE/2+UJJV3aain+CGkty/Bj9m3uM8cVQbd/JU13hwPfn7KTHfpdXuP77drindzqyH1/WNqIQgvwAAIABJREFU3x3lB5LP8+3udG8/f//yskU2ZjqZLZxVvctH3lgP2wNn5hvIU+eNdDn40TF4ZeIxuCgNdVEYomoKPgmuuEnc+yH2FfE4rFRK3peE/SbKbyVuZkYbmHPSkbaSLTyXPBmUOod6np6Z/jUQYDsE0hQVLJCy/XaysrtnR2ewPSl6xh4WbzjkXXLS83YG3TMSNIrYVjb0PbP+jYVm7pLvkk5PVc3diywMqdmO5H5zFqrsuX5MpCA8z/MWJXqmeEB7IuDxG5wDXH8U33fjkbSLfDOC65kWA1dVVMDAL2uxcpINhhyB/UzfzhPYnvR8b/6YRuHNAV8ieKZJ2XyeZwcPOD4hgGr7bN5s6+1Wr6o9Ajdy7eyXVCCJa5+YGbfFO41stwGvrjbZAS94fm0m+x6SPX3M3+cbQcbzPLf1c/0a7BJmHEFSCnsbj7FPxLVc2H7e1uSr5J3LjDENpuOqTyj7uh2E7yf8h10ZM9MXFds+leFOO1SZC0ohHqV5cX6OP8lFAtP3haL8jcrKK9z5BeZzcK4w7uANhzCukHar2bex7E6jul40Sz6/nk0bKCRNW9JE+Qvo1IyH9kyVLjvRtkt15yy95np+EJf7eZ70b+VIxpy+cyfszWwlNRlBOox3ksRWmTzvmuhnxX5lyvtd8Uj6jLs953P4K7ea7RV7463nrdkE+5EZS9vdfYu7vBgg816e5yEhnTQE7U/eB9lfiUbqDt6JGv3ZsUhXulpl2jdlC+pNxFSd7iaQ4t/wdp5tPPLMpO4V8jSNZX90VmR26l2WzMDBdRn2WIzYPxsd+afuRG/gHVC3fHfsLEWC+bXW6VlcW5+J33tDw8x86kOpM1yx902PKr3F1yPieR4A3+836KBX994AVMV5W0rY/aSbbd9uEcUA6ifgKmxqosQAb8deLPyXCWGVcE4XuR2mdG4dq7uDf3KOjs7ct+vwijvacfsaMT46Uabb/n53rLTtz/lDKLEgh26mB07Z5jXddU8/Hj5/iHt453qtrSBTzIIL1c935qaENykeLyfA1JZ4CTBuI+kCxZnkpwR1To7aezCTGlhRugQzANvJlwe8nAC5MwmCYvyAb+eH9tXr9PN9OQ1vj9p1RwC2Qcff7vTQG6iqo2qYxZ72/MSIk8GOlyPa77LdBvH033NOf3uJEaJ7v3Tr4uDTTz7/woQM0VFjpm9fFG+/DzkTxrNmBnuyOH76rTvaDn8b0mnHtcB2ZQKY+w2+wUj1f/2v/0mtmpVvEUbVq1wQV1fqKGKmDeNz6vl+w3XirQyn6030gGB3Bv6hM0WsDt/tT3jATuyxZ6aRxs9letajzWxb9gAGe3w+fxTpMHkbHXRx1z4FsSpRplARYrSOl7lgBtyV6tQJpEtSJDAhhFcJEx1f8QAergCb1AlygjxDoUqEpx+n75Hu6XM+BFgHLJhMVf9t4YGQKwSenkbpxOcWKUZw7U9FrNcRpdTmxXibPN6E6iU6cMPwMO0ACVfadIOMHiuRKb250bXrU2/t9yXdQsOY63OXvROVuboGMJEFB/AJLJUoDLQjJleofgPnXGOdVeSRA/u2Zj7dSbxtlOqcSEVA8pwqMfPhU7YP43ZYRydYaOaJs0bdtGXfha+6QVizTs1cEnXenokMJcouezll/6c6WG7viJWLpXn7bLIXgSZJJ++chb1FQ7dxv/jSRs85J10L7Ta4GqtIR03AVNqx8UwHGWhdEXnbbANXsrZRQ5CQ2G4KZ18nI6L52hGjZQgO2ESsCLWfqOoAEHVnhmASpIGUU8bRj6TMnPfsvGBYOGFFPlJJKQsk8VPpEPaMWNcnLL+88RKa+DKAVoRCSsN4snmoaMJiGSwd3H6jQr39nogMP7qneNXY2J2GD+IW7fK9KNErcyIEVRmNSwTw/iOGEQNu4coYVelOtPGd7RsqLUPetidiC/snPzYwCKWdSFu7BkaXAZ2UmWcH7ABpKFwZhVTuZFvsm8pGRX1HQ0SxtdNDiwjdXvqc8MWc7MPY8rK91xFEHpW14s3BcX2wp6eUIQZXhzyQTnYrPMf0XNVSRVfW80SXXJXHCfjzrNCp7FeDaVxA/MykvySjDLK74soyckKViks7fVWlKjFiFtugVdzV2eONLWhskrkSEvfcNO4tosg26v3xX86X26jrzHTCzdJuP1Bl/ru0NMRN0mgbU1WZB62dIl2Y8CFlRy5fqSoMCWvQ9iSBgOdsN7FDyUiVdBzaHhOvpj6+YucTAt5eVcNG6fS2iZCry1hNF4x+uqRTZ+YrCHZGayv+b6cQiFCY8KvfV+pR0h6LxW8LALpK0kltbeyopa6JRVGOUgatKxRAtImLpEPNq8iMmrGQxpUlj+sUpsOM37YYNQylutLh96cfJVZuqxtfeRRv0C2Gms0szq1AC8qlJTGRuOz82vN8SQjpDVqanm9xwvzsVJBQ7fadeGb7kCLMSnWwZ9rplcXT/cYjkpxUfwmw9FYBFxuUrtVfUy1Vz6RhYbF4Xz3OYSDjSu0CRzDcHkgi3coZ+ARA4BZ3cSel4OizTYFpHr91l+2f3YpF3f1R5JcFlNjwqaINT5pfVpqJulRmi5zpusVObHJ1B39xMtEJO7gpfX91scyKH9+XSO3pjvtYppX8me3+Ejpcoj+NzfUG4T3eO1jyrDjWNz/AgiaS3c/RmS3Bk6RkeJLV7VzmUI0rNbU9qkorUmxp3HFwezDjJpwGrCaVm69mC/D6Ib4jg90JCevr7B7gnHO4Hc8RSYOIhqvnTpe2vZO4CdLIpOAhVxZQEYWCpDqDL9wkCluivpf6AMCnCplkBYBybgE5dYML4wc+9Um6qzsItFS6BSTCtSNZ7M70GFwAS+WI90QId8n/SVdBDu/4WYzIHQXgSRU26ssdP5J0uM5hAugSFk2gPXXOjn2jgdHKTSos0qqLctFUjvY5ecQeUxmxODtENERpsT2VxisMMiupMyoQz5Nh21O1kcrejvCVwW2vMey+F0b8THERmBNGw9ujjlWxPRPKoKSrU+mZ/vP5l9sZhYrbDISxzm0TX5iwDOunPpcQKLslZiRanR3XczZCAzPJoXB7o3OzAqFoxXRj7kzbs+B98W5JLNWs0lU3J4ojPaskT+FhWtjO71jY0aZtYtUOhkT0zm9Mt12ndhgjLMtG9zesqaTDDIZITsYVF6voVDdN1c14RSqrkX6+b8845MIkX1ggl8HgPZvf3goK+KN8v6WUQFKJdaEHWHujyyuVCPoF6AvOI8Ljek4NU7dAnU+mPXzqD2+uJGgFzldW5XT5rFAg6B+Dn6pnDlTSRYAeZN5AliiM+alabRdibEyHZfKUU+ol0dx+to0BHmIF/jBSJ7evErlmegjDPVYmI5MYfM5hJAjpNlBKFA8F5YvCgc0Q+JzjsUo7QEOUjo0Ubl9gz7P0TQK77qguRDBBaKPKumNvbahvzp7SRbTnW47l+qgV4W349VqQJ7O80sFfgI7O07nPL1tZ/LlHAZ9NNTAX/3GrsbPOc5UHs2+gWv3+9OP51J/Yny+81aExyKV6JMmjylkW+TmfPWtG+h1VK5sNkN98fIU1q6myCPHUh6v88U/SHlwngeM87U0D7qCVe6cObr8maPCwuPxm88hMZ/MQWs39Zsqm9MlUmaXqXrhXoAzXZ5Xs0qk62SjktF5ZW9aBtw8gBZutYef6DKq76xII2AIeZ3rDEsBTuErw2/csqfJGXJ98YdN4ORYULhmaTCp/npI+uEVY3L43I8yMbkMv5hZKbaNyqeN64kCe+vOJo3ienYs99kcS2eielnmqbBFaIu7qZcErcp1RbQji1bUc7dgf/R5CW4fUyb2DMcedW+CijgIb0P3w6o++sz85MycQmLdjLPjEs20+3rwjDW6btAG984hUKCG9RGmKnDpFg55Qi2mpuvxJ0b00y9WtmlWfcg+5xexAwHYHOql4Msh9RyZ2YIYkQJlGEKn7bK8A4fS3LSaMzzHi6KafrYENfP0Rwk9SvB1Ou9+1QRkEP/VhfcZIDLqFZH/OKcZLstJlQdXnYDOUzf150V5yumSdRFq+cutPj+ecSiw70rmZO4Y5ivAIFd4tsxlnhjqknOt+7KrVJMUk11YBot6LhAy+XVxvZJTpmXM+Bp6nqSqqe1QZh2Ngy9/TU0RaI1OPn+cpqZ8GChynHWcGRLpPuNOb3z4MvtKddCDqVtO7dyKCSslVux8TLFzRM5I3zW2UTuNMjMrT2rM1ts/t4E+x3PL8DPzApfj7glraRjK+JP6Z/Kyi+bl9Nrm49/P5Aw6mybSo6p4LwqpaElHCzUdIz+fcwZgbd4KjOP3Uf/33v1On4tXFJJcw8H0ehrih+3kI9vN45zisL36ex7c1ITta2644t4swAknZK+5yz7X/bWA853T39CANvzeaLc26UgGec/KT6aggMH6WrkozbW3g2YTl0jsef5+nu1NLheNf+c/fv+ls+H6/uOAm5rLWjB1Niq3kYXJDsi1sJTzIPA/snXxiT4fXrPr03AbJVTTvT4Z8CSiR6pxTRwA+GSu5lQInLJG8c2N/ri7xamd+tvbO0/e7I7rS7Of5663Z9KYHN/iEp4C2G6N29E3n3jPn/kmumUkKEuOSrSGq9oYJkdMtUqye9uSV+dKsAN+iJsjMebqEyFIWuKXpJC1vfTXJQ/RrJV0k8Go0kBRlCNbO/C0d48cJ7r9jFJcBSPXll4pNd6FeWd+6M78yOuh5Hu7WE1j91NyZegkeTIy6digxToKUI4to90yds9w3oMrGpXr8816xjbdiP/3sLcIJINnRSoFwcdXbZvip055wqxTPBhgvTY97TfvV4gX6hr+4I1823crq4S7mXZZoz8+WfBSxj4PiV0yUEk7be8fD9r446iSEzY8zjR6MY4sF45348cIgLgyc5YQCTcCnO5kXSc4SLov/ztkpovEtW2bg9Gwn9dIk9FXzXaMjkA5cv8X2zQ/ebpXp2/W04tmcAt75zj9n08QOT95ijyeXE67imEyX31yr21pq5cYR8pOLnkokE7TaP6PCVqm908y3PHNLbUzT4pqkfStQGansU1IC5x5D4HdPw/erO+5szwIhLC7JSN+b5O/iAa98MMKWH/HavcInIaBo3GIWZibqyJymuJmAO+y0q0CN8OZLz4l3FBu3S4AvD3G/FOJVwGVff8mm7kC2PFWVciT5OmIP+BZ070iZqD7B93wk2vH6CklR9/DeR4fwIj9tggbQT+vi6U4tYeefLtfMS17v9Ayie+I1t3yAH9gHo3KP5Y5kYWVg2S3zSPo+3zWYACMDq0f7cZX3zQFsoUV3uH+2OA/FW6jLO/YVB/jeN3C97oadRAHdqZQzXbmpzG9Qy+V+uK7s7vVO+Uhc+9XQHXZ+25nWP68UfW+k9KrVGOhX3Z3OXl/FyjuuMFXvO1rqkvJLD/GeJv68V/yAt+5KL7CZi6bypa/j2uCy9zfUhQTKQIPPOasbClICvlHLeozVF19+ZyddkvR1ZyHfATzP39hj8Fjsdr1ODukFryTFO3oxqn2vij9fVJv/IVMJJR3tm3sHCiE3i77/RPWT6pGkutfYkrnuNypaXon3mpyB7cSaIe4s19qdnYlSIXc7T+l4do7qJlezt8wtJvm5tmq980qzNkbEdMhbObk+z9c/UGBuN/U4aqClN8n2zDM3rGu71xEeILcUAlTdu8F+DSu/I8Vv7pE5h76lhddaogi7NgN7gNwRhfEKLbF9PFToe++lFP3Mz1nbpGcjmV/hM7Vzpc5+lHOXOOjbW7TnNGh/NWV3hOHeYgrcyVY/g85fSPra27qTyHEE4KxtsErpTNXte86vV9Xy5vj5c1VV1e3xRdqg359fm8k7Yi9TwS/h8F2unYq2YhDepky8taoNYABOfdrbMZaz8LktEU4NTAIvn8uZ2/7ynnRsYY/teYeu5IzkC6uEcYBVXoq57ayS16/U4HOPWLBE1c52mO6q0/Ngx3njnuWcLNkZI3PmveMnhW0ost/zzsrImSXGaf66T36Vx/08VJijKSr9Chkm85JEp6ouZrhGPq/HxgUbvgpZr4R3tijisAirK6feR34hKH2xREYHrOqceDHD/geW+SAy2n6793Cvp3o9D2+nmi7nbtsRnZw7zG0hjeM1Pp8PpT87cjDSUr7eZl+892brX0Y1ZDprDVBn2+Oqqu5FwQC0fd4A8PTjHYscGLyhTfca9mQKvuZrw4Oby2znx69n2M68/3B2ubvrnNwFFT+R/UrPIqH3TqZAlyr+FrfdsLnHEEDlUEdLkcwld0hcPHZ3M4AL98I282YXCHxEPFPzdp3WObcgqKqTB+M1El+ytep0txafOKfmdR1xSZ/PnzdYeHCick3FizQ446oNLq8956Ej4knbAm8Hand7UnoBS6thmG7PkS7/Ar8D5bElzFtfAOlc17lnYWvhfPsyKUWZ+/O9t/Cj3B5BAHie5/AHb3dE/RsL+pfN73DanKz8u6oaMzOZ+782dtc3leeZDP/Z38x4Z0yogOjzAK0ZOyVVbvsX9qkHNxeqik4MPc91UGsn3VP6uWdoZlJwuCcXa5+q9cOJFOTduDaQsYpc/mEVlgA+nzttONTHlWbjYtzAe96+inPT8B1+cmmu+Pn3t14Ln9sOGKkEVhOdKRSW9Bbcq2q68aLE8ff7Dfhf4HxXe2YiQ3VmdXNndfgq0AmmGKnV794hR/c1f2GqWWxQ2jFZTxtQ6IiZz58/kmB3f5F5jdjPzPNscWIMIOXA6z//o8UKL2K+r5BpJXkzacWUmxiABvp5EO9tRD/uWRl+PE8OSHwgxNxB/LJC65ZePx+L53apSaJ/Chs5IQJzZuFlsUyfqnzpnz//WlF2bS+sFjX63es1hqSpyxTva1ZVgvldveANAwb5Ivnu6cykvY0a8QC3l3edGW41pTEEqEr95rXDHNjpzL1PL8WOLsAFzLZRyilcr64Mf5uqSgi+sXpmOs1bmyTtYann+b7h6f5h8H+20Tci/9yit6fDvBPPeMHpRv9zMvC5RI6bBUnLDPNHW3IDU8TNOfVxEvu3wYFkpWmG0vN9uHNrPv1MpGbhIj46eS9thr/30nfPqfPOqAwnPDOZqO7diBdDDrY/6edNY973rGU40fSq7Cax4C6zSfY8Mvp5doZShlN7Ho+q0nESzPP5/AFA8Xke7XnHW8CepwV2T1VtR0h4sKrVDF3ZqKnX+63ebYYZg0+Cc86O4bLb11Xuj11zSqz/+/cbc4H9fL/173//T23bNd0Pgc+pnpmtosRbXC+wAAWqT9UhKlUdKTPqW6tw3V4esno1ZEo1Nd2skr7zHfiZVtq3Z0jUXt3GJKXmzrDN4HWeDJtOmhSXinP+1JKqXgIi2Rer6mAfYyckelYX9lJXeOnRVbVuNTguh9GcoKKUYYrwnj/n87jTnf3mJ4aMpQj72xk7vE7Ek0JJSv15pOmHO3NZyWWvo+ue2TbzXEbU884wieO7U4UWfODqSqIqDcmy+iCMxO7+bJOKX3r2nAjB+HRLWA97qXCt0tDFqqrB3FlBKaF3+JjQ1tDKRWfvq4z/QDAgr+T5rIfjXNbfgx1JNI0xMmmaiOmLO4MyE9BWMrwFIsw0LJhz2yUAfCc3z9T+YNJRHV2iEp5nGnxb9jIg/GotlZKqdW9HxE9AAkhHWnv5X0ZhgaQ3eD/nHO646qxDusYJCvM8VdsbsdzxuVJxrvR1OtxcVZ1isuXEWhWrSCzwBcjcbKlorJlOI0qrYUvH3Ap1lwzS6tlvpzbIOjScoSuqSyuPgb3p4k3eurvS6TOdydirdY2Qek++3n6RDe7atCa85F6MkYLLpXpXwLB49A9vv/NeujihNlM4sZ05PMZlXxkW5yI2TlQ5MaEqVaaIEqo6URi+D0Zy9bzGmx6XlBeJWVRpnmZG/+HqA7fy2iXGKy6lIt95wvDMe72Bf9QHbVMq7UldcjxQO6cpquf0NoDTOftL6Gz3WCDboiix+2tP8XhvS3IUUlv61oeTizBuFEGuIlA8c8QF5FW6ZbD+qmgVI8eddHzbWqWqn8ERYMjWyhzGWk3TpXWWeLiq240YUi5BhTGsvSh4LTaa/R0/hcrIrJl0tywhsJlakrpQPIbfcRmjegnfC08cASsnEzngSBJvjFDp49wGRubkBrFu1sEoq0nv9W4KY7oCsWy4KYNyukwiRosmdXmKixmX29mQBLHHIM2pW7Ac2+hQQrmrZl3O9rgwB+ndFxXTInaqogpEZquSgFP5LB1S4wfRHmrv6Ov+MooAOHI5Cov5JGfUtCrOPXzeVn2Cl7n3i7W5QvLA2ZwzbjmqMd9+onozy1CPDTL3XpbMQapNYScxSRq1WCJFk/QVDqtCWp8qRHwzVjE+GSquuOaiq6UgtxMIOy9htYS5aTFyt87lvUshr7zgl/R36ch7sw8Bz/1/M5WHm+AYcCaQLllDejJXWqunfp6k5qIq3Sw77HFuvP4lz7nE6K65MHD3tB/tZHnchKIwDY+YGdW0J1BEPN1tIjVsAiQKEOKItvDypsfaq8KBgRJwVslP+wEXisTCJc3T7+Tl51Kc75AKkodw91xp573DfB1z0IUx2nsy3hI4XqVSQNc5NTsR3ij1IjRU1R3nSMB7t0p8DTL4dWfwGS6d6cyoWXC43pV+snr1uRJj3xwZl9qYBRltSZetS3Tb2TVe+pi4cEp3EK20NxUsVmEhU/XAz1FIn3vEuSX8HX8vi955YtnEJdFw6yRRUahOzgU4T7fFDS3zHLJYniDrdJ9gO3aSXO182yfMriSO03siYXtzB7rE4preIDeZ2yYh0eOSGp36GVnpFUgSkjxG3MHxBFctDlM8Ohk+W6WO/YUZT3NWoc7ep5WGibwFcuEKND0roCRFDvBcWckFDTmi6dVT8vZ0q1ywjVx1GCV5LBxRl9dGFu9lqnw7vG0nflV9tm63o0FNRI+Wxta9ATgQGpmivlTgDmV6PLkB4uUIdjTorccAUH1udSEscPrLxVtPDjJMOlr3DqE8JDiNoQriM/2pA+yEXNsqnRN+WXFtaW8q8Xm+W4p+SR8g5Ht69LOfz/P3HULC+lDvSN+a8aLrWFdmbw4ySR7eiRW5L0/1AdjPc1Q/Q8VsouLKubeSRPJ5JVlLCL2K0TOXnX3dUY/zYzw3TnXb7v6mHrbMrHiomTkntlKZg0xS9VPnaDe8ukv0Q+PsJQHFIz9PHrt2+hPsfgtUSO8p3loYLxMnsbaQFjVozrh3YUWWeKqorS74kp7JvlEc721z+6gJdblm205bbS7sIZi7H4EZvn+FtxcksSiZdQaPpEiWB86U5/SvRGqRIXjpesnIv+Rx51Mdlu3yj7P3l86nPpWeqmmlVyIkmjKomsS9yDRXUqty16FQM+mypCKgEVVL2NGIw3/dpaeJRQLGAM6knzuvFql2AC6q+Lo5LA7ikt+2hRJyryHqloqfyHVJ95w6HgddpwXGdmOvIo/tjZ86e9v5GKr/j6yvXZIkyW0ESI8a3fPuSifpzbczSN4PgJ41e20yWWvUXZ0Z4c4PEADP8zyjEiRYXXMXETLIWBKy9Sw65MZWBVLI2twkwl84Qh5qTwk82lFEighmVrdo4Xpo/u+x+8pqApGRHLSwDjr4ZObb7WWDFOxqvvynOzg7bBjtq1VcvcSsvdio6ZnSwGOLH1z4UlnWY7OpILTABjNkWEsR/pfkUoiM4HSX9qD86/1EJicyj10TWvcIxPiE8E4OWh5Z91GE0iV5nmPodokgJx8yBlZfhbd2GvlVeKkxXMABEdNXOTrkWtC8nRHnseu6EMCVXelyqhEYpvgrmkAjIpTCp+fkhsdfvyKz37c+r5rrtCkA4vwC682M4olzMnLRqjxPtc0ZT+TJRJewLGR4l4AanmolNS07CMYlVnZ3zyvPcMy89WJmYog559ECnnAJpx5TnylDvHxMRiRzzWdnK2QBO5orEELnBKNHomfUCA+CGZlOLoxBq12YEQ08Z6TRhMbnaczU/eBff/21GiCz+Nf3G++8//r8y+32VGYe+y6IOT0M078EYmSetzuD34kyA8A5mYeLQs/VRpzQuojUonIeAYxOYUe91eooSPLkEMN+6xVinCfZAwt5Y2Yylb5LmKqqyXPOdFW9GZGZcnaJNSw6P9lbb8zMciLDGE+E6BR6HbRUTOXryId/RlYQzcghk5wumVDp3+j6gEFv68F2rJv1zPYZMti8q8u4dGFymIR8vAGbQU0zeFJLKUZodmbkne7suJ2hyNMR8eSh3UoQRIYcNcYgwkArXnqgrHRcpUvByZrqRh4/6hmp51S3K0a1gafj1owTpHdsJDVoUeTJmen3neoTj2YrO8uBqkj37IB0QACr++TBaNdefN53piN5yAy+b1c1tXc6UP36p2GI+dRL8jCOR6aMRxu2PDg850REVWXEOSf/87/+GZZU2ECjqiJjBMgsmZf0uEYhCfwyENdFxU3v9nsgo0pLWERE4TKdKZqj2BDxBbYYyPeV031U1TjVaVJnynn3UCmi7RR5Z8jbsGEI84Pa60HgQYLC6c5OI2ZGM/PwMEC9K2fdSCU9bFV1KpTHdKXMPHZpPKJL9HLejypy8KYZWPGgwcbOV2dqQdtbyG5yWhCDvH9MT7iqVCvBfDHXN2FPbVymkoGPiHCu8lXnd84QVSU2ZS/v5khCoSqDiRmkenvAHtSaIfnnKObxlgPLNnXZA3sfreeFmyI1r/7sJLWUKc/MSBNzznnfPdyRVcWgqVL4/vzMPI8LgglmBoKy59wnoEdu6G3GhktK8B47y7zITZO2o2C/EO5nJvjpZWTk0cv9fLSmddwTbMsrlMFccvUPBNAnz4zJoXeXxhpWzjlHcjSSM4hdP7j9j8xlxFYofU7YVui7J0P8pguofmdge7pm5p1eo16JeMXAX3cjNBsRcbeNjYGeiX3nKnQ0f9U5ZBi5NjgkE5u+tkc7UG2lAAAgAElEQVSzLJLb+mo+sAFT249/JSR/1NINFRCvUmruTVQCHkz3S2qP5MTyAWfM3tWdnRnhPvqL/a1inYC73/X2Sbmcjfl8PdPT0lvoyAZ+AdZhjJ6AXw12cHJxh3seqj461ffuiDENn1Lderlq6r283auuUFIRfeMO6r+/ceK5w4zB8pHt4AxQbgOC+fbijpUcU1Xv5yriZ+EHRTZ9qksEm68yY+78adthAhdZFku+NfHZaKxNHrsh5tXiUnW6vMFQx+O2gNtNpacv8Grrst8kMN+iVu9omdqx7IE3cJR0u/VvYkOimWiznDUxBXrkoO3iKcw4u/6MMr7oWe1HavFsSBGp5zbP88wv8dnvt2bp/fR1isMs93zM38d6Uusif5mJv3ZjjFm3qUchu+3uPltz6K10t8xP3s8nM8XOuFgp1IYJXZXHIMocIhfK7e8+l5GNPQwxvb0pzZLWNz353X9DxtstJFV7GtZ7UG8Neyklitd457s7Zy+s//y6kYLkrlBDt54b3IyJsuCY49WUuq0R4X0hO2zMTPjcEkDL7cLlCAz/AdyFgDPCfq8pkdG87tZseVpMwFImvhfKA8LIr6JFnlcryDh5lowGzLDlY/e3h6AcF0GpLUUhDUo3UPucxAaA+J5eiNVmPwF7U5eEhRmpiLSJYarrrVX5aAcDNowrwLZMMDaiutyUN4Pi3gQ9xNqrtPF2sUilYBDVNykAuwdF8ZYIcjnCjLuBAJUndozmK6Y8rAKTwOfzuT/HdQXznqtey2CdgSB7+tZsPU0IjIsNTaYeK7MBiBVhRdAuBBsk6cJnMEOZuqg2IwWG1Xq1KxSTHOmvVYxpioCpKi90CIZgbv0TRL91Wc8m5gT3jpjCL5lmhPinwY0kPgFtja8YUoo1t1469NWG7B02va4khrwbO37F//siYr3OL+sWQPJgAI4h7GpYRMC/55eVVnpmwhnbRmtKMRurQwZHy+yejaVKb7jVOHvmgvBfQt9sMd1fu0umyAIzlxPXGvkDpNis4qLq5jPkG2ndyRB0ExQBsKqFGXNRHgBEjikgvB+m52tqNqMQZOXcVJ9zpHSabizIZELUDYwzkhZhZN0njM/QmxSyILveGVMTeY7u4OiVzRAMnu2GOIOqdwausZUHbVPu133hdUWicffvq6EfMkGNdnVee6lxOsB1mXH9Hf9YnWmjUdGQpArv7794Gay+9srOQuMdnbcbCoBvv92tZwuXi8YUGi3bzw2JvZVevtNV9qur1zXOVgXz5/PeHN2btQERj45Osvjvvy151YMbrUb4FDkgOudOfdvAVWLqlAm8Lq/Ekwf6r2HPbe6M6ej/tGkPrrBGK3vmu9DN1Z8Me185LEvt3a2b3ruMZLapuYnpo+rCEUl5x9xnmenFMhihXYYaEvyqyU+cet/zHJXrBIV3jJwE/GBVfK1CzmLcTDIjqvoGH8z6K45lT4MxUVrITIS8pM95lCi0LzAzVWmLanAVhNx6eAbi8M3MdIGatrC1xIXAajEHSG0L0OldwsRqv9TFKmXcCbtesylles7ekyFy9OWnSyFBPtcN2L1nacB5zhkVRjPjhXCu8AHLjeHtR1Y3nnPW0lDZZ9U/wvFmOOYliApZ3Qze1zHCKzAz804P7JdYGG4E9N0Zd+jKvrGCM51M1/lCY94i4D1S3x6f3M6CZIuIZn3JrUawm5MUj+bug5TY4toWbWReeoFfoU79q0Dmy7e4jTog7F2Iy2KWdWS9gp7Vi/2u38Kmo3LyMRa0BPfBbn2Q2c2SXSZEhxQqvbn+OszEEk+rXqkef19PUodc3rxTXTP9nNP9RmamnAzck/ZbmMnzKPT51F91gtEJa1BiNe6ve/Nv9teTzF+rsKXNmhkpKUHtAXb4m9quTTx0gFs3ZibF3tB44TbC3Xc0FRHrhGn+1dXixDoorGFARKTShH4/M+Kn35Xyeo+0GaMP1RcOhS94bBS9HahMgTRQflVnlsmL/CKB3GOQI7jsl08AEbrvWso9M0sAvRNNQ5q9kOKNxlbJrJNwBP+8H7hZby9LQJAUoVkfXt+lvZH3CCwO7811gn7rVYUVERbRb119vSJm+pwzv3xBdhXrrQM5aCa93KqH5CsynGwVI+9FcZuNJU42wlP79i7oxqAT/BbedLerE4uYzFAmyhM651yXfpouoHoJXWWDVgbJPNrupo7YcfV2MZAsvj+RJyNvMWABzazqReMs8uQjEN/QYsotHDMaPjt6vPUnInsmIyNyqJ1b8uK1e837vn7C4Pt+oN3yqq5NaubMiMI5JUuLhZUxbxX2Kb1/jEr5m+5eT7+Atxl8ztli3/ZQqiV06uw5tKrlmcl//uc/AC2IEIc/db1bImUwGKKD3mjIjKkZUwaa4PM8XhS5NB89dE0O0g2zXJk5Gol0PZk/z5ntamTZL/aRcMQ/nxfAlFT5cmlfVTLM/BcWpM3Xbm7Fl58oG2qRh6AIRhGIrmbwHNkazJM/gejFwWN3VKpeN64UwbDjv8WJkec8U8MxeBZrL555LDxZUh6AqTeIOEdyAWCq+2/MFEASGF3md8QBEZfry6rWH9bLGEabSNUuJaWK+A2bZjb6JvVPvUsoK1KnHZetHxGF6ZmuOueE7VOEQYyLIlW7PZKVvP3mBvHMqIVywAYli25Mn4wbMPV1T5osbFBAC5OHudbhWmh5ngSjB3kOGs95qClocoDu93chvNNlvzU9ridOkHKqu9JCkjMiiQyXBC8QqaziH2CQtE5F+H1Vhi0ht74cY8zB9/3juA3sSsXdmXGlrEOVR9PT1fq7W+By+SPEFKbzooY9Y5MMR39mwHWYhifDIDeCyzCUFCkW63IbVRXglzBrRptYe7W2j24jNa0T1a1nIrVOUGaAOYNZow8A3PmiW03MDMvzoYk9k/QPr+7y8NaxQj8vNlNzaEKoTsc5R8YdskNphHg+eZ7ZWURYQ6dE/5W6pxnN9FLuyOmL3RMbrKE8hIjMC6fW9FRHOiWDYJwwsVRPpqtL5UJPRXBKUyYNODESjzNEE9olctLN9UJAFNMxkPxOTAHq+2JEI8znZkGpKKx1YEdQDs4+21Uh7XAENFoHpjtd0C9+Z2ONBoahVywLGouTxH7C7pYS7R4jIonrekUJ2uJATJNwKWYAXFOrHfSJWgVpj3y6sPFng55XHETmuowJsdW5Nn3Pc0LaDi4tzx/Am8K3XcnbrenhY3yxBC6rt4qvU4TG4f7wocHt7OTjbYzWIQIIXbym9AiESPNYYyIR/QbsjsFSZtxZSYEV4UXxrSUiRGGUAxWWG6Uj4CXqADIGeEt0V11j6TaEfUe3B+feCu5epYUhzgzFqsiVhZHSunX3LNzgVvZ9HZxSjDAxi2E9rnOuIokOTgex/GLtqmEeykNBkjMCNUXI/LIzE4G3Kj1o0WBEpG9hgrIxphwaydD7XXBTdDWGghn3LnDErhJn9DYA9NDCDoD4NpDQ/JSAABoPERkAg2euyrwm8+hD7QhqlvAXulINMJAe1MUdvC2sT6SWKnkodZcTYcE4J/Htb5KhwD49Tz7a0vHW54IRYt6wZQE8syuRSm2AoxBmEJk1OPILdmUVlI23PsfCT/LmnvVDOOdI7WFRKDDTJSpfxIChteFzz0aA6eliAxy5XC4QryXWIPPJh8RzjlaSziZ1sY/Ho1PUxXNHRKQSC0xfzTDu1FRh5PArJ5a+qxodaocRKf5EuK7JYBiYa1b1Xo3REzIIghnwnINIbzarXuyT4izYkawrhYp5cE4AEnSTuygAmiRZ2CVOUMvQvEv/4MxgI5MOZQoa0OINOZbPADjn/KkXwZPHZxsgv6if+KEesDGec7oqwMzoKdhb1ncwrocsPVdU6zWNrr5Fowf5X5kOdxClb6oZtllEUMoHZvr4qMz64XpJ73Y4ekfGvICQl/dmNLlXxQR0yFXbY+xm2xBVOpWEI0/kQ7h6VxHKkXpOnxAzgziNbthEmxNjp0pJ0CSbVgDp8Ua2e+qY+UC0Kgy8lpfjztnTuKHYdlqt555CAmXloIxn/ASlxhDhH8gYYt558sk8M+Bu7lW2nWDyuAufWdd4CHwdGRwxqt7WScxz5U8D47omfgvcvwMkuu5cxwmGyPUJF5xWfFGJidIfONtqn3kQroq4PGszX0k57N8GxxhQz8yc5+j46EbMEkRmWisZYn0XGxNp2ZiOWsT5Ux91/y5V1NCPzb7W6jo4cc4D8FOdEc/zaP4yhchjtjs1vySA+rwhNjp58hiqCauRZudYJDVgEBSmNncAUXdnBKzflhnbZCHyaLQKM3B2u8kuZxby9TxPl2SSDmfCSppTmJrpnup+pBXwctcgQ1ql23heSplRL6HVunghgTUBGQxkQxs4R9bVpLTttufqHQ6RnJhGi8T26benT/CsDX3vvhyV/+ckJwKR24A7Cq1yDh4JrGFT5qgunDajYkr5VyoQ9aTdLzxT2/1P3RE8kYzRrrTYNN3r5A5XaZvCgMHkURc8VS9NXm6Jo3Y8ULPk8xlbFY2Q9M13aDFUDr2xDBFxzmlngTmR7500awlfAwOxWZE8cbSyddvbr4XRACbq1nyhwKnxtwZnbn+kpKBdBMFT/fI+5gllak+PDOxo0GLsZQbVU9Uh1Dg0A3OVDYdTmYNUI8T5yDjPEf1FKj6O3RDrrMnqjqzZxHme8NnLZEZovxGwFnM/P3+RoVJCGI4kTip0moxMDS8FRefy9Rjx+bzxPMkTkVNa6TSwjACtJcYGhbKvR3+aOR4gMhrD3WDB3RJ0zo8a+e4hWutIR5Qycr4DDOiUKpxlHv0UNTLPOaJHv/rrJnEOgeo65yQN4GsmePLwLuUiI9jvG5pyRUSmVgqqCNBgUnknOBmZEd3Y3WzRXXZWiMzzVKmelQhFjgIzWqIwQ3SSf+qtsTxB0U+Ym2OayF7meArNp8ZWGsxuFc+dzUS4IHKv59dn20kAqPowQjWh21Uq9lJ9QYn5Dq3o43Sl0IwdeGyh0taqgqO5iEPblTxGo7xpRuaiTu2DrU71sccaovRYQwozjS6oPxURp+QuKHmKzFVknDUVttEnT/bIrLCrXoBvvTT58gtA9f6SIlTX45yMiJ66PFrPJKjxTFYPhs95ugo9eSIzkTlmUw2NokhDnBL2YeS5px2ICqyc0TxSnakAAzkQmBH+vjUxnGnTQTAD79iYlnIu4oBtToxg9zUtnOpMlZ96stL2tGrXw7wqVXiK1sC8PSKan5+Ue3uMKlnPdGPHcs0pFV+b64VcaTr+qWJEYORgJkXap/sSRHRWZw2p0uzO1i5Ska5m63VSh1M0NXFqcb2a0RVAxIHXGa78uqEYqKD31kuGbJUiglqCZfyEheJQOUXlVkR83lcvJiCqH+OcT30AnCcyUm1jRj7neT+vEB7OJKOnzslEmOVACMuf6U8XZJ4c7gSWQTIg/vXnT/7zP/+hcKSIp4JDbdsxtdC/pOhRnznQzAfk3U9VM0N4fhIR03htHLZBT2nfvpD3/LVYBj2sdhp7P5+BKUYnf+/KeFUMidYnRPTzfoxVLS0aQHlqKrDpO2OBdtIuheF9X0MYAOUysCj4hmlHmO73mGaIc84s+ne9/zZhIDOhKzfIc8QUkEYSTo31+1+RedH7vicyzxGWaVSvXaMr5bbm2Lba34e6YDB2auRJipI0hkS97zUK2BgBAPJ3uzwUXufoL7U2NEMueVLP6EAko1uhSrBSRERNMXjy4C4mB28V6+cjy7N1f64uZVj437XkissN2TlhK8rG8ho+7en3TWC3bIXRtE20UoL1y/tZluUdEd3Vu0poi+rvX8cSE0jrChViYuuDWJ2Kik4uhMXlr7XnYSRd0E+7UunuyKMpndhV8R0j7a0Btnx0irpECX63RMD5BlPlVS76+SY3aRa4o36qgQHUaGHkrvDFs/SiY2tQYOeda+mgKAPA0zCrdH2CDPlBsDaqKjNVBSn46I+GTEH2acfOio1TbB0IFb1bc/tzUqRjquByrB//Wc3tBoNNJPul7D/LYGtnhpaX6tpGYPhWPc8jqZo+3klm5P4ERkS9JZfA9L6ZPZl+brL6gW0N5EiyPJ1VKsy9rf6OnJkRk+XGOn3ZWG1Et7QR3yJSLlIa7jp52/LF9c/8en0XaC7ZECm2GKX/qpoU3rdVU5i6Wxy/nTOwg0lbAn1vzeLnZnyTNmjwkIlfbcRlKikutdxFEVjt898+VRnlnNY0emn797b69/PrXVheCXjVuhjiWD5niDYytnBxXyd6rvDmq2jO0KMNjdj1aBVDvCRIg5PvCW/zwQXTfFVleux68WqCyCjjESPugEol+KsJ6jbDRZcBmviM2S6uySg6sggbk5nCwZa7pFMnRsbfyIZ6X91tep1jymDNDfwDf509AQo6kFxR5H3jYr29n5cUijto2EqFZvpnnOnxNFUyCPcVQSNSBhMV73xPz+HaBMU3phso62Xu3LtwY8s3punbqaJr+UHqFuRc44i5m4r2ePbiKd2Wsm4Snq99yioAXHkboTALqV49t5s3l5Dh2uDO4TQgkdrAJ3OZjPcUOVN7aKE8PvA+4yRTrbrqgdninqTIegMR0ek8TlJHrnunRxRrRqdaEuy9ueD6HIrHqiAFxFWoCPRUS85FrLATqZnRMvORmQGC5Mmjy9rqfkhytjMPLK8HQMazF5C/X8E+oFFdB98v/pyf2aWdYl4LokKDmlvtJbg7PHp1Ofsd8xGLpfutN4Xgd2kVU30FQLjQHK9Kr9/hJL8utKqpVuntjR3rfEg18IZZHcHqGwb3Ac5g+YSuKADIXQTtM++ion2Q5cMgqb4qKwCAdgMoCSrmuJCJtZXgrRV9d2wRoLtzq27fxF+V8HxlSdFVM/OKhb0sSwUW1Xg38oxHAHbYn9WT0XWpjr0dc+Jk6DP4371+xx5R697hFwyq07UH0qAzyQGf5wDd6IxHdQY9hJ7hHUiDy7i6L0V2Lu2NRK5k9AxVJ0To4QPX1GvdVERE2Ow2s9sm1Ex1l3jEM3NWf5k7XTB8jD47Y7vVo74XNlQJi5GLqpKfXSk86jsR2V8bED2WIWWFPPNlILq93K+Z4qqowruPBc7iGPuQObv+vrYqB/Q3dIpUaegccAE+GnXSnft2Z/vk7eh7v7XPDGjfgl+N4X0+bV8S4eKdcXrmXWm/AtY5jyZjxiOUzJSoZvKcrpL9r2/rN5DsVU0f/oiY5YFVlcTZXDK5fr6+i+quqs8yo618vWejTMMfAKXl8z5FMt31+e/ut4qrH9bnurPb33ft1lH/1saG3aV3C4WU0+0ChBvMpYY0KgcAtgib9TrXfylZce6T8edvSdI16j7dfT0ZdKdCuLiew7GNyUyfkxn0ThjSJGhX1NPdgRiB0Xvs9oQowiOShVHlquHO7XkBiG4sytqGI/2YmcWeMlNiKP2Bc5710vYV9lBEepdvuaVxexcasfaRcukhMwX1GsDKcNiMVIMyjyAFMfozb39KEj0IO7Lee00bZPsdYetGnTQzA/SUpPDOIzk+7ujUTahsu/0zdbtTQOa6WXDrNENjZMsJrvcKowgUvNlYkSRXFTd/F8GsrmKPmSP/F0yIVdPrfi0OIy8HApga5mocZ6Y6LqQzeH6e2orX6rcZbe2OiHOivlQba270fPSWaXSFGd9+OYxKfdM0bnE4DXkPYn5dAX/0dVm5t1Vf2eMN9Sbigw9vHBvdkd9RQgf48/lwN4nOSqz/fguMz3S3VA5tjoN+qBGDWCWEz0DJAo4kM7KrYK25xuQhEa3D36bs9311cmaxqStgwoLUMOnTtcTuSNuA6t4/7gdXnc8Tb1dKN0jOoOSq8kvBo07/+vD4x2nu8qt5vBffRyvPGC1UNK4rapw1X6ED031K7oWFvmtiEeTn85Enqqge3d+hKU2baJI/z0/j+2FIvl1BLUZMTUBzfZPuH5tfWhlR+4X2qlLdjxpzE80xwjZ3ygLUW/BKT+3bqIj4G9FHM5OMPOfz5xOZ5+doXA2rHFyyEksmmUl++0ENiMJ/3hIu/V1gn0mgb6DYFECKjfM9Gzc++HX0Ihua9AIACmP4RT2RFggxNe0AcAfPWi9150ImHyy2pnunO/u+r9x9AHzed3eP4efnRwhlZAZ5It73VfTQN9V+mnrfUNW9+WJmphGYo0wxs04D6hxb9gU2eVzYcOZ3NaLdogb0GdGtlX3WfY7xkFxwLep9uztPVHv5bhCJmJn3827GDwFcHlMJftA5z3jf1/klOXIktpeDJR3Y0hFA/uf//F+QVaueBcWtkCBrRwBat7W0i+Tb9XMerrdPj7etPnkIehYI844UnDSTyPAGMRg9pJ03NezDzMy7UlmCJzPMx0N3n0wMBI7IWVswgwoO1SR2MsKc6wrdJcTRxLt01nynGcGhzM0J9KsdiRmRghg0v8q10O1+VZT8ZJBquiiJ2YkjkwytSYAYp8Fg/CoCXIzXWyK3CZbiYDVulNdkaKrbVlTInJQRXH6E/jBGz9XMuOABrmd0k6gpX3VP/qiwF4gSYBdWRLpIytSJSQYDEVn1dpc2NPz1/HhVg0FSS7YVWAdNTnVJvkyzTTVaU11Orb+WN3ler8OtS4KY6Wq1u9Jcxzk2QjRzR92OmwfLrGaGXSDUryg0JPJuX6WWeE9typd/iHMOR3MRxZgIpjzQdNXpEImQAwyDeUAKgQt9TSDodZhxqNGxTTrdotPJL1PrOoTyd/d4D8EsAtwnHs20IGwxE7/yn6KeCoIrORwXEf4Q4iNTj5RCP0nKFl/ka6TBXNnm5AxqHa5/8tilLjSAjYHN0NalcyIon0oFZTUeMkmQYuli/Tt2QZvNb7vyXzV3AESXXmq37Th8l1Xo0GFNV1nJTHHN2JxOmABuLZnAhNZdVE07NxRaw3RwUkHPzfAAfM6PTFaAqa5M13EKz7rjekRi/opBHFvgkqQFRgS8yaPQ1tMTR451ghFTp0tDAnMW9YF3dBJjnN7w4vM8gQx68ZSAiTv2j+BgnudBW4vGQVcd29hPrUUbgH2azSAmvpsLZKqtmfyUQgRmwPY1Z4iph+mMbC8m0pTu0PimoHx2v0s5ZEZi1oN7mmqueoIHo90CYpmJGwqCXf0Nkvf87/MAMLzsFUdo7MSS5KiM0D5zFyhK7QoKoxgONzM7RNw+KTNrugeRoX1HklaQkXl6GbuAJj0yEBjb/YnPHe44Rh6Gu2hLhdEAskcYs+QKRIR2GJqDBaDeIuPJH8ZKdHUCiVlXDS2Hv+4OoUHvgM4anGBXq1jzrDECza65t0pv9xZ/Got4FMQEbQ00DAzlyQ4q/8p0XhBnAdC2IdUcKpd2VDBVPQKSLB2Rc6UacuG5RWmeIhAA+cTRkPnGipkOMzwhqohV+WH475x8Py/Bkw9d3frPOxhZKyDbxlwQB5jpLqlebrWEvWxaiJoaDAt8v3URdHln0Eqeiy1lvXLx1lCc5zxjEpwOu5iqSNoWQ+FRsmUJgYLhFTOLiYk5xO+yU4PpRHAUDPT8J+J0l9KvihHX7EpRUIEmXalQQPEDQvl9ZCe9GbxrdtN1lxmOcyJPnFmbWgy6PLu1sz9K2jdVV3EDf/toqIJXFBF4ZV3wle0Nu9TqhBiK2Pkr2onGVXtoLYrSUz7nUaNlYxB1UmjzTvYMiBAN8wf1dCiLv7LN8Lzvy7wE54X1yZFH8xQBIonNBZuJCEwNtsxzvX7YU1KU0vl6TAsIe2sz2fDS+ENbLuvLij8z1WkhkmKC8lDcBqy7xYLtW/Xrc4HKD1tUeDApo0N34iPvR+WLFEtUydauAjPMk+fkOWEe62h7swA+VTTBkKcMCK++kS4tvwdBhJKJ6WkEvP9l3IEIY/nFOzRKUjVdMgDSUqPkUu8XKOw40TM1pWUSIKXMa051g9HS8TAasip9MzPjwOAMIlI9ji+ge+7IPAC1pzh2xXFQBeHG0V4DPf3qIvjXz0/XhzutEUFHEcboVagQ0pQbMr7IeHxOxP1C9RS6ac7gUvR7gL7JgkoVBmzN2bfXvyT2wfM8/b6STSvkkexCpnmFUuoFdov4TBxBAl+kIyNEFJWUJBA1iEXY4cIpxX5T/6LCZzkKPBKbOyTpa36hPWlc8hyzmoLVJqJFxAyHMWwE6o6MIzJuS+VVoursxvtaNKSfqjfPkxHd70wP4q//+D9dwmkELWWVSdIz8zwPfXEITEqiPXNOaoS2GnEK/koZsSIOM2BSgpUfugvG650ob52wMNa1MXEdq+Md5HOOWLftnsKcMKUJl6mvVtPFO68ODKRMz+TVgHMnxWREvB974gfpxzAmHy/PwA2aF9d5PjJ5mU8q+brEiFP9qfCz/0gMvHAuM9+umtLXdq7nZIbCJ4iSXE8fgJ5bAKyqT7VCWp7TWBcJF+rPVUd3v92I4FuvZCBVzWFrYS6GKgMihyH/ZTJnOSfv9KuRf0pCfjeiBVpYB6dmWSjRxFSridB7EUwBgMSJnH45XKaON2poyhvr/tczpBdC5DldDcyU8KxTvfo2LVKeVjA88Wydz+lOpmopgJ8uDW08JtHYgJzp53lUJPV0BNb5+b39uHCs98+/lBfUGaiY/taWRvlaxleZqYZBZuVGQLaYH7QuhfRgqp3V1i3dIsjwQfxqSBu7tS7WUFfx8JyT4KdfsVX09yTREn7nAyYd/ZgdpJ+aPMmcacY2RMap5MKG8fqPnJ6qbvTzPMuhsjOzxKAqJ9RZR54Ng6h6/Uhh2rv+GQBdryYtsuRVJmpojgux/j/vR6mtCfdc0D1CzwSyN06SDc5b7zm57wYRkIBN/ay2UnlFRaqZZebh9WOkg5s3xwZBnjgZ+baWkC1hAszMqQ6pUUfVttb76Y/Iw3kW1sar6VMopDa9eo3JfN+XcfI8OrJiosliV30cA81ByedZHbJaE2bmiYPBoEhQ7icL4FwysXIc1nM6M0dggPqLfqeVRlRIluHdcA8YNLQAACAASURBVA03QydTqPoKfUNul6RD7jxHPM+DTMwktQ8yInJlZhrbHIBVb0GqviY0xpAMcZCw8UQcRo4noE+EF+ENp/rVUPXJo/ZIh3BGi4cwHHFidKRnJeaCKjPiIzS86uf5uZNLDbgiz/sKEIj3/SjCY+KtOudJ5i34PZlw+0AhRc/zc+QxoJ0WoKS9QrRnI0lDsyhoG0phqktr3BhBUyhyG2S9MtfYz1//MYNMqSe9QIxQfU4TvMJLpADUmOrhPU9AhLFf7D6hfYCewLgcZWjv69uFmef5UbV3Mmeq6hXmqa95rATSHAjTVdK6QaSurdV3kjq2bErNqowv2GpyEKmeN0JU9SmlrXr1BTNiAoM5cdQRdL0ygx1XyKwqjaJnhnJkgI/AWAlqJA1JAO/7Lpner7i1eod50vK7TN9k/d0TOT353//3vxiRcZRpuMwpfdWaGe2TpCv7Ff7nIt7+k9YYTgf5vlXvO57wu/QU2njOwUycvAMWCpHyRQpoUkcPaQC+f1SIK8pXZlqiFbiFiPDdUc4e75pou0MWPPTF8zzVL7BTLMu4xNT4stTNltKtXk4BlyXhYlGKe2UUrbsY9be9NQHr/TD4vnUlqG4/dmoKQPcZAxnSUcDTvqRgjg7Qzi3d6nqUp508h6RZaVYwuGVrya+6A9/vKGqGXufC09+07dJ25C3bM60dPAKMMKgq81NmdDL0okiALgq3OJa1Ud7grr3Z6/xpz9n8rkrE589HJQOAc54diPGt1+Vypryh3914cYd5xwgvemBjzV98h5Nf/qCivxY3mSXh58bMrFd6mtl8CWr5omakdvP305tlr8eqAkmKO5xLeJw7PoZ0ZLELt/3kdZK3ARNYHCNtBWY9BTpNGFtofie9ekT6i9LN6NnqjQtY2fbBw4Ad5HvCCWzFgTmRW31qyZhwPZJx07g+eXfLNmpdRoRoRZ7UbgnVPdfKLVaOrdcvqnDD/ubqvbfTof8NH2V/R/2eXOMIuIWWl5QnAUhKfazp0gyAeq0wUCYD7GY7PaT1HHq2nt6b16z2V571fc/Jfey6d4IV2n5E6uz0xxKYc05vYFQuUaUaKmFViNDsNkDuN7sAB67dza+cL3taPlfrWckLsMqvViffEmypJv3qdYA0cdSlmxv3uOUXTH7c7+hNNrXJYJl6vk1Uga7vHldFtFwSQAk0rkX4bPeLXTKp0lCvWbASt9fV9fEQyAPji0r5ULgJ/4UG73/fyYzKGWEAs0Mus87n7etd7jign+kfTbZ/fCj2KjP+W9gERr5OETGo9h6US7zVTRuG/a91Y/R3vYN5XWXmvvlLuhE4HDGyFLQ+436/uW773b2O2Kt3If78+eOIbHRpfVrNchJw76d0aYw7twkAzNyHCoEKFCcqQNJ8zKUa3qi7Ks5vpIqT197XH766F1LphepuvvMTmF8vloDhNoudYxtp7PwA9+YoI7STxUYVxWp/FR1VAIMKmm3HMANlVq+zQyx93+r1H9fHil/aR3ytt1aN50UFfsIzs8FsquoO/KTT052aEWjF+XXYfZz8MFsLe9bRaYB5BBO3r6SCFW3L48AVUiZ1K4emuQy4J0peCBtWJk4KBJcH6zHnqCPZ4jCmvYYuCX0nttctcNSvCv6e37nPGJB2dX43i/TmgnuW/HMlRW/EsWDGm4RWDNfdIHK3B+3taB20mRG7RwsMwyx+EydVSsze/VlFY6z/7Pl5AETgfT8AzzmL0cinQtutb+gBxo6SmeKoCPNS+2TrgxNHdZFCR8tHGMtV30QPoF9baijDZwbHoquI+LyfX9cKJD8lLNfwHj3qnAUKzT5WfJVRW6wxseOAhsuyVIJrGz031RLdDQcVRS2Pb8m4uy7003TOSZ58tmjBFY+2nfow0I/FZoJL7r4NFSJM7VQeIRmaBYls9Q0VePXG17CdZD4n5LJ9og3JkWbfz1JtZLc4Nw22vUpaZ+L+NBF6SAf5+EUOlZWyYhfvHoJqgnmyqtOgUe/En0vIbRLX/Xmmqntp62SqlAXXjmNnWR5mBLU2DvzF4nxVDc43q16rEBm5aJdgrwpkK5m+YTgjd+MlZ8C0AaOXIVlllT19rSZ043SsdCEiolXsrDD3q/eiDVhmRq1QmnLAe3+763keHdGNiOQux2uPx2Zmvp4DwHTxYvUD7fa7KcnRWNSNVMJyJaNRX/XH9czWPDcj5F0wsIWKm2TzEOeqCXsZZjrZaiBUMacJgP3aHVsYR3w+H91xrKwqBLH9MsuFXvkukBxft+0SNgjJs0hfrKdOZMQZ4+NNQAu3cE+FxJdx5J6ruxrLur3B+D4Hg6EtUc5XARkR7/u2Fcy6lfp/fUu09vDek7/r982dvan72Dn4aEX2zHTVxad+fahfP1+1jVPhMFD1OefYXmwHTnIPPufIkMcohE6UVfvo7un6uKB1d2DaFmQErLdjBjphpXVjWuPVrq2NxZ9dfZ5Mz2fZ2TMupfb07m8Y5FsfDU52foPy9qnGyhMV4APSgpijfeOtbjrWF1MlIhd00z+Vdrefq95QVFc/qIefQTUaeqdbVHy7ghGzzcGxH37RnhrRLIKI7skwUwPeRfEdceEmdEC6q+1t+5yzwJz8vQG5btLcQHk8AsjrAeruKuQVpllIaeVVeJodzHU5c365MfMbP3lg/GRGRdFKkeAsZBJBd//8/CiTagvq+776zNwhnL7vFjv6L1Pv153p56+fmel++xc+APvCtSwrZ7mG08CU8DRvzbG4SiB4V5X3XK6jrGrRmalqQStzNaaL8+gVvO/HGEL3vbn03y29NbHaZ7zzhzQGyPXtoBUPygVaUSZuflyVvEYmMEd5sDbaisFBQAx96SE0MBjc1k7v8X1f5f2d4I6cOSPiZL4fLRiQe+do30B5y7R3Fs5M/gIqXbG8LwLiqe5ONY6dc+ZuDNBNv2iDKsMaLUOxloi2NHdNG5Hv+074rwPuRGQp/75/jEfMaP0Bf0Vjt6GYiJDU+KRf3L7BOs8R5t7X32LmeR7bfcN9XJDneRQ/9Xef51EkH/ziy2MyH+HGws0ycpnNuDmd5DmPu/ZuQrPqqyncgiRv4ZQ9PHEYiIh3FMFcC5EMyOtvE6J+9F2lQ3FKhhAyj9hR2noWeGi6dy2FjEcseU4xqt6IcFVvtbfGvbjR6eSRsvekyFXjOq21p0H/imqAlYstFUMY8nElI+D4l3aHdEy+tt4LdL/Tul86OXrFxvesojvv+26kivd9Z94TZwbCtEiIyqMON7SJs5GZt4eaGUWqt/vzeWca463u4mQKlyPw/PygXZ8AbFFzTlaVnl7+z3//74zs3pbfp9DPr0RJnFYv2EHNbB8708QrPzKomsyqijggPVvTPnSDvzuTIbvRMjoJC8Scb2WIpVWiEDAXJzOCaFt0ic2xjdQAc7wFfqptGswZTEMOfxip2ZQ43/clY4YnQ3pDYK1QfR6F+vEeBR3fWZAX7SkxKIdKqKidakmNqooZmadFCCN67f9mpufF7g2P/SndE0GenH6rXxOM2KqgSLKZNAvPaJG1PLMJ48yy8HBLVboFPedMsNSTRHR9xDLDwGTheXV3qqoLsvhTwZqZZDMwjcy8n985xpvrN38oq42m/dDqAEjFMZcNZGlAdz95pg1GYJh58jzD0L6x3M2EGtMhTGxIUzpF6kSK4wC870viMDE6A3OFY4pgBjB73BkNnvOXynRN9qa76gXjfd8MRKK6CPnvAWH1fWYWCitHvQy19qInCQOCli91JCPkHpbdjS5MRybJEvd54jvSlYh1pJNFxCKjBgWmIcCIzRnQdjcpdshkBjN6WnsyQG/XBaylIOKqaDW35KDe9/oO8Q4UVW1Q9PPvZFX/o5LKnm4BBsuzmUekVJKRR7ULQA69X1QSDIlwCLF3mb9kCNRWHIh7yIjhwDaqMJt35xYZXt5FJIJvVwSsN1S+1zuCENHEIJnyMiJjuohv+JtpgS/P8xcRTPkjGXb0qIUA7UUr8Cgilw0auM59stdILWbJlEeBRETgji7Gd1ZvrbuqmVH9xklRZk4evbqITGFxMnEi6MwXNPYklHJUOApACccA9o5gdZjHO44QabHC6PnQzeTNptLG5Enj0QOdZIqt3I010BTLef7mGcLd0iW/cJDHfdMaaOiXFceZPgML8GycRL0ldMSkiJEBe1YN7dHkvlSVvrQQgFBacT9zf29zz8jEmCnplr1aSAQWsO4RsSUErnsbNqp/Lbo/8nOsdlG7d78RAzaKSXgSC0qEF1RpfBg1NYjn+aF9cU3svKCVHL3f8QpBrXaQwkwv5ZxjTVJ8YfrP56NcLGfwr9uyjp8612DP6EkKRFufU/NYdbaXZpT2d4FnCVUlYAuRjJySdEnHxpwW7RaamZp3psVX0WLb1JRRc7ZYqhWc3aQ+hIig0rnEVt5YEyd45iAIRpMRpWCsEQpIRi6px/FNk4DMI6927oAH7rdZqKGosfQCDbJHvQ23kYx7gHWkxGSkR4n9fv6ck7QzpP5RWtaolRG254qV7kHgNdbqAYMwEqcz7/SANQFzHrT6OMiUsicyGZLojlGAMGhHYrRd4DsVSC7KiaEcpSnGiw3QLxlTkBAUsjUO//9BASllEIj0WyVUY+2kcOT7GQt/3annFrqSdNkeimQMJGYGiUCubxV7sRJytTVqkAjRY2dGYG7KCEscVQgAtmeEOpxf80sDRplC2xCIn+dHZCqa2s+ZOfkAMt8OAt2SnEMWdhQnSxdzBqt3Nqu0Szy5iPO+JUblCa/whc9GYvR+KNKBh1gSP/pULMKUMVXDEHAFZo8ouD13aRipl9FvMU5EIrQKEhwGs3/5FC9QTgDlN6sX1pHB4TjheMt0E5Y7y0cr4q1P70YQ/a2xj8pkcImNQRKh+j2A6Zk8Z9A1JZNPHV41OTJxFsSWF5HUNYxoalYn5PS3+0FX1xjR8jBdknTKzjEeRYMluvaxoehQqUfHT3THaSPajqbaWTLhiZcGB/aSFadhKwkoh6YW2ww9bE43us/PD4Bh9BpYMU/LltbOr6acxboSAVvNI/jLCefCLv92Q2NNRSLUiAtW+871Z+kF2vm097rVEIlWVeUxlYQg8hQksVqjkTnyTI90aViYmSO7Zg4DLHV8NW+VBlr2qZepd3+bMgPTxMDFzDuvpGNEnGAoX+9XAENMWY51HoyIyGTWu1MJgU1tkrUIm70LzxZj6vw5HnqBqzyzvbWjtsccM9MLWBNAhjay5Mn88za9dUm80fV/l6j5PIjseg2vBNt1tnf8vu+HJxhEt5EC94KQnkwG0PS8QdjxMEK95MmfYHgIpBPB8FyJFE71p/6oUIuInur1of2WWOP6UDmlzZ5mMJipeUZ3/3nf48FqLHihyI4LZe6oYZslvSbgff8g96po/l2dcbSnJEgfWfDtZsSJmLYnyYx1mQL4qssmPGYipPAKocZiKcVzjkQ2GS0wBu6UNRGfdTNTXtgHQt2XqVFfPNPVYqhohHDgBesKSkAA2pdGjk3dHZdCLkhaLyfXeAbWWg0KKT3nPCNFKQiVT/VrqTitambcgb2wGt8p7RtQtNQl4mLxO5jR4EdfPzkSunghMLowE+cRQvfpSo/30DP7HnW2RHdtcFCOjY3OfDShVFQ6l08jjax2udGOvap59AyDhG+XFHJbRlzwkVIuYsaruFRxCKBsF2bY6oGZ+ZzjvyuB5kQkvfVGC13Po+Wahs8YJ9UmtHEERE81JiB0a+nt1RI1UblpNAjRg2a3QbUgsTQsl4hrr3TOIVMEc0l/7jASqxkNxMYiiSfc+wAtXXiPd8h75uYGbURdqC6uS62kkBnpz3LcIEs9F+lNIRGRa79Mckkw0908vlnoHk5P5cmBUXVwzpNDDuF14lSVC/YsrsMpz9imSpudQNfYDYpH3hvGFUA8+0FQXajF0/rKRmYDkUETBFCRzCVwjO2tPBSsfvOkTr3is0zbxE+caTp8OZMsJtYRWo4NnWEhMOPpS3YPHUwGwOfzL4bzjg7yBGatycT7yPMoqfdbGrVUoXvymNiuOyu+fPcE8eTJQJJ3IbMiVWqPnWYe3R+N8DE6P/X25tYNx90gSjahC+QMCphkdO3uTFlimFfpcN5ePISIc84jreQ7HaB2CM1MnNRUlhE7fc/RgiJ8c83bb3c/yurTP+fA0rEI6J7i5zzqMrCw/s006gdlnYRdxecqVLebJ8iaGpTJ5YDu44kjRTyMukgGZKicIZlLnzwnTndroDUy3GPeTQGqHKoKKaXIOG7TEhPj7IaIH8D7IAcqoqKmpjsC764eCMcwJSCEnPS8ADi4RvcZudiSxjyTGRkrwW2t4jpjTiT0puaussNSFrAXzaWGig/Ze3w/hgkoEZiaFh0N+c9//hMjMTZcO2tKprIy3HdmKLDEn88fANMeALih8Xorczl7sO4OEJvbLlTeNF0lUk73+34ysz6vaUE9ArjPeUi5AMxJqZKoWQXgLX9KqGKi9djq3f0COb8dY2NA/jx/Zebn/USciBMr8zHg+01q2ArRGt3v0qr5lpLLsPsCQCef6s6MmlYm6+DbJSbv8/xExv7M7GmMyfvis0REfZlii2MKh1cQb6MwWAx22+74BSyWDpxVVytJ0a8An58f9nAQO3Wcbvn2ys9HV1QsxWpZheJ5Hu0zXBaeObwecXcbsFPnIJ6/KpieW4IHJ4KSiWkOafBOyDCnquRm8Ja7F2ykaFrO+b5eReWrFVlVOkXBq0KysmIxTDFZrg5YxYwyu2rvIO2y976vCiYVe9ecbsbR8LKSdbbR485sfiGqOiFlPUd3X+jq+7+9xUUBAmgrBuCeUJXwd0hL7LcWL2bHvw1Vv1BDTgnyAZDrOIEebSH2v3sLMvefADZ26E1oEP32Ju9uixzcvn5b0FBYoDHA3lfPYZ5sYXwOQXQ48M9ycHeZotmCnxJpFqQD5X5vs7a/Jw1KNI25GxpyRnlK/Yc/KswUdkuA5TvvQRoA53lmjUXq7w7Re47cIF0Co+KEbrS/HEBGzW5IA7vlHeUHI/5OKnAiwOgunVdcEYxMb5eiEOtaIEGcqyveusHHbZsxYSeGkFSwvm9J45nnxD4F/TJ5bYHFzYDcJsqOw91mprioaSVjf68IMT59Nny+3H9aB0N+oxdhxcZCiaVaTk+11wlXWUb/8SIjSqE2VqBmiLPans24EfOLxbYh3VXPYBQnl4MToyYeq1rwp9K7YPfG8y5TBWUbmIxdoJqZO6P+9RNc+36f+Bjz8Mnb/wU00iqWvnXJv30SD3J4h3LmhG7br9I/3/cjgwB77ovnpcmGRiAeaVkJRBIpNoFRNy57SM9wWSrADjnWGihudJISBdpAnmZhc7WA1zd0ZgI4mU8+GLQX69nLAHvaMZMy5fKZ8f+ruzVkZPq9Oyx03yPNCG3r0eEsVAbXM9cu3lwDmRn4v2A5hsz5YtwgfG+3Zb3n0MqbCO/a2j8vENYawft+wz7s/o0KIMEX35M5yMyqd4Z7Bhx+RmufxgT2+EXxg+rLI2a91n6cVWzcWG1scWaOnHM3Uy/NevSWvh5b3W99ZjOFmN1UQ+g/L6yXtxKb/RURgzIsEzZ9EkXDZJzr3EJHiU2pRnCqyr756l2tEcwhPtvspQ08be3Yf7fQJem4ixnIr2k/NgLBT7khDHHNlqU438+FnT+JQDTVda20xDyanRZ0fdVsNDN37ar2V12V/ZaXelZvvdOd+cATVsk080syWBbtYtnhRF0Twbc08NoMPe4E+vrr0H7o6hf4C45XgMSGI07s87vKG01SrUQB1triF/C36xq+t6C0AWJitiyMVT+GHKU0nJYpEMRuWb8LrHUz4q2PepBu73FV3XuN/m4NcKujzYklaqhc3ZdgpYHTqMfRD8CNHlpODPUCOPncPWHqj2542Wisog6xF4EUK1ODH0PhrcNRrqDukEzfWg1wRNi/29iI5ieKidOSJSl2YTny8Cg9BHmQrtPMwtkPCcBGqT5ypHpto8NOSUsj1du8cbj7xYrUDZ2kFJ06mTLNQLWVTyXxn6EuNuoGMWGNM7O6ipmvAk+7f2Qpx6qSRH76qqgnEOQV2YSjcWqY5z3P3hYgQDY829tTEVr+7Y+hQsLhi/22bO40qofPWKVbXpM97RDa37piJyUOxds+YiSR11EsyWLeiFBlCLhlc0bcmlwnWF3VcN5eluVoFOcvos+vCPWtdgYA3qp7u5VGvS/BvMvIOFbey+gKq7rwLpo1rQqcfNQC7c4wlQ16UH9LyjdK621emhXJyHyrnszurzIPlqG7rhu9Qd7RuBN/BAXEf9MKtT3onRnGWdemCxFSHW5kyD5hB4SqYRyFuFiBA9JowEbChJJXMgWQgHYg7YPnVa9GfHUnoyHqgvLnmP5jiqQmv10kyyONnGnb3xk0V9AWMSLF/8rMy6S+DNZxlQ7Hz4V1bP4cZlJ3I0kZp3y7mP1st2ri+SUe2v1AM6MeXPVbfUpQcnojq8/qly9Oy7d0JgVe7MiNQdQUfu2+yrXnlVNcQrZjO2YClKE0saYxr3UD2++ygxDXwzo5ALQ+qqvzHDlEbY00t2OlNpSYhQ0BQb3e7hpEiRP5fv5ERPUIKxTNcWZmcE5oqH/OX6GcApz0vhwGc5UfChizk9rL01cN5xS8qqOx47+XKOy9Zk/p4YcsQLaMJDnVvXqCs/s7VYeoqJTMV7/uUJAu29xPCZ0TKUeluwViivPV5zwLjukqKEoriBke6W7dnaM1VzuVVBCtqkEDbJP8InbkafWPSfjd2/Rpt9B+eMgJYNBBFSaTtJmwoaS5KZ2f98OvRs0z5FHjJsC0TQ4ziD8452Br9biGujOAnQme82CHEOc8/5YxXzvtqLJ1NNbl+iozHCdDlGoA6lMUSf58PoqNd3cFBlJVYrstrVmb6ZtP4a1FPlD8FtSK/KTnMSmDL526ZDznZEau46vafwGSinttczPlKfX4rv1UCEXEWt79jb7QspSIEN6rSp4ZJ1O0izjZuytlVEUwSdqONRyo3/eNE+ecEE9uvSveKvWzwi09wj9K3EKrvgPCGytwX4zyRV6goIOjr604pi2mz8+PHsis03V3ZxidEAxGMlcd+fZHKxBlRaEzvGJ9jWZVcii8/8xM7INSzRARxlWMVJi5HpFmdmeS/MnnVpu3/LjvetYWYwX2F9H4ji2r3YvBOjMfGjhDOQlr03CELGFn+T3xft6qNyPuELq7u+2speA+0xFPVeX//vf/gHeCoXHjqylFRJxgaoBGvG+p+IiIHvYgwJMnkJdzLeWHdhsEI49WyakadttsYdEYbsoI7eFZQZYVdlp3rgIogp/3w4X/etpj7TAREiauzkwTRA8zBGaSfKvVz1QXwE+XqI8iFqNrrI0Yuz9rtVTX3P0YMEmroMUbIwY45Eyq5YHonqpG9zzP0VBCPRmHEwyxVbWEYiszUCots3sARPzVI5Mkp8Dpka+Z3ryqJRVtICJzMCZgG1jUQNK1sg43t8ya6sH69MGbylv1y/pjaNXBnbffJG0FfeQMOCIUhwgqdq6XX7PGbiN7r12K0ZgBEec8AuNK8p/gwCXdMnE+P4+WeXTVx1YAsgoEkweDoLye5xdKR7SgtPl0iaB2npMiS8Qs60yIvv783G83KJtcR/z8/FSXZqFbpPF9KzM1CZyZ932PG3X95G+5oGspYqaTlhzYXX6V1BJcBcmYw6jZXqvkvcPBfuvkQYymGYtiU5FYD7emtYlYFUBPJ505SHa9J0/GUYHBHWDofmlfvM6PXZLjIBIx5oVROMQIkZIhouyebnEDhhm1ERRzfOMaTVcYqQkVEDmGfT1U8O5wDa7YEv32QqvKcJiQyGluy98ib4RANGkI7Fcwy5ZSkbfUDsqhpt1m+obO3XwATnVpgYHW4KgjZyTA5duGIPLbP6vI0JeuQcQxa6bqnEcEvPfttvEUYWM30Ujtw0uQQyCk0NIxy90GOoCNhbV6DjLYqULj153VSIAReR5BM9Uz9ghmLK3PkWJHCB6caKzjVBT97X96W9p9qfq+IwRnSFuUiCAuAlPrYmhvCr7XlENN1dUDh0dfZqOjYaPGgfxoL6AJI9HgMo61GO3OkV3ixIiqDDFyMQtVB4yiN6Gn5DgWQYHd7/uHlPxNAHUz1GTq2+ZMB2Q2bURE2joRPCO8ymwo9161NHPZcLMIE8dbCvbADu39qT0YslBAgsnAVJjLRq3AgQzBiUKv4YyrCKsAwJD/fjKes2XhRCAt3Uqho7civYWjypTdTslL8FbTciXPQU+8Xt3GONKI7OjCjYTCAsF6q71tVqNdUBMLNcbIQCRzakJGH34OuHH1oj/iAYUy6JD6AGlOmyLw8+RMS/apr+wtK8YDnQ0EPsq3tKfzZDK7OiiKR1IKia4FDqptfmpuYzCIdDTYJ0lFJ6JVOUDyIJ1dodhxjlicNczIA21uYJ5zGiOCz5pjuFzu7kBKyq0FStjhBBfUNuOMupTsatgEH8GUAGDxy3TMWdhuurApcg0MYyJGBDoGtYnlN4IZeQGyEZwyIz9ZXdRltobOoGJPyrxixNaRtRhhK5GKoP58XhA3OKJAmkEfz3lmqqbznG0fst/XqM2W+NITX5xC8bBbndtaQunDoxyIaBJmGOWZtqd+EGKiYYLMVL85Jh9cBkJKenjyNLq9wry4KInb48xCzVqlgZPn1sbfcMk0703dY0QE5uc8AftbttKhBogRmhKM1ccdzBO6wCUyZ2zWrhKuIeGOcpwO1MyMHGF1Std2xkGUxKqBReN6KbJbhjmPNDGIS5DvV7zXjDTjUq+s+nUiWv782KqbQr2x5qvVvUIlt9YZR3KGa441Av2rtuzqxuT5zvYABCPopYe6kYlgUEz8yKMCitTOr6H2066aTWNRb7NEW8uoGkli45npxpRYI9yRQCSWROwaXgCaGt3lUQiPjHXFb4ABdDjWwwAAIABJREFUnjWkG+AnTRGI2MWVJQNDG25skheIWY1mcKqCMewIZob6D8fSCIIZB07jUgC8O1jx3PzIxGCQzBHYqjgh0Vgr1nVonKUumoEeqSOMxTC1hQkjTBMAOcGI5zkEuLq9jIgT3XVkoU1cLsVUW8at2we0pguDDBZmgBg5I+XMHImKzFg0RJK5VhjDn58fFQ/5PD3o6qoWLKIgmXkyj2Sdchb30lrRYizorNhv3t3Nich6Jz0REIF95NAbpgU0pvNobQ8ElRqxXupDwl9TNdUAmjOiL9EkGwxOZrz9ZsYsqUsweixxcGauva2ec9thTRVyy/RY99q93qh6pMY2DaY3YKMdVBenv7W+M0Gdk7aKaqwwkW8PmBRFHx4P6NyePKmFEFAOCrslAI0CIVBPeybedTvRN8qIMSfMMNneKDHl73ivI+LkyWX3wzidkuyJyNlhs05abEslZvoTKd0EZpJHq3cidDtmtLLVyj+NEMyD0WkRcSOZKv+D0SirDQLqrFVaICUsDpVLriuCmcf9r9WQrR5qDUDYbz95JNbBDvBmhvQ4JDNLu7iUpOSIW7XlCVUNfN4/KsEEqwWh/rHRkQiYg5URDfbeslmDBJhcSBVgzpDq8aE+sgGmdvRoye05ukq/liGvBdy2vQaRjBodf1yPmGcwwbB6fkRkbkitqJuztQRg7H5tTGgihbFDjPjjDGFR3tsnCZoeqDZATORJersDplqnsaZmNydZq8r5OaeqJMWQqvKSDPT5G6NlXYbzTjLoJX/7S5kokCePBldY5TcW4VFHYYDJE7tvByTM36diXCue9cp+24vChC8tcOWpnyoT1bTJkNwZO7KWUck5P9UuV5IHI4a4+D14zjN10So90pBvXEToDhpEGZKhYYl2njVK63eCIbVQRu60HtCSjg22JEPSIc7zHLnS/5y/SD2l5Smq0PWwf5wj1B/DnMnMjDjV0o4zIme4hPEzxgZrRsMPqDIPxLREaloSRr0+7Xo555BTG8YnmFqfeaeG8jZ3UjcpSkXhEZpJIWaquAdLPXxn3uqpyTzvaMFLzMzPedCjSqyrT9pkzLihDjXcnZ08Ow6c7s5IVaER8flT6qNJnjh0TRXB6EFErn/U2BdECmBvGxpQu+js3bQopZ+cMN5ZvyBinjyfriFSZMcYQSXh2Ycb07fe2iXSNZ3HXvRcS9VcS1Kh8hIUYrqVSsiTZzCf+pPHyNpMNae6oEEvSZte+F7Bw1p8dEnl3wOS0K6d98+f3Mo8k7u7DlIei4uhTWxTs2rUYaQ2nBF4q2bmrc44OnvwLCFaC7hmymMzzMw7c56fGPZbJJ/nUT/S9Va9vnVV033yB0RVEZOyLpCTGOZTfzjQvXi01ECXX3IZGsUddGZypt5PxuPWDp3ngIx8ejr/+Y9/LPDza1G1ljL3i3p18lSNPs/T61CZmf2OKJzxy+KKJDNuQ/Kb7XtREDKkMOgu85/CC7jGUIV0LQ0A69jVM9oIH3mVgyY8Dvg8T9UrjLWrDexy7Rcy1FlN8JwjXapKkHrfcH+4+EXsYINR2kDSJTTcT0nny97R1B4Fg634f1S925IkSY4jCpBqUT+8U7vz56fDleR5AGgendIyUlOVmeFupsoLCIBkxOh7yb0E5j0JYdZkQfGApMckW5wFT5XwuIkTYkbHzpXSDlQB00B8OYHXDw4Apus8tn7izk71kOvqW1eec6+7O+U57qhKbyrXOwzQDFZ/s726ulvDt3vva7thhcdWjz1cCCkXsDOgT0XDHd+pdekW/IQ8senQy1h2Ymwfq5mR+gQLH+qcBHmew0X3KKOJwUwpCZK94ryl75qvOief91HMeuqdPLFWKpkHGeZrrLfaF/bahg1AHrs0zkvJd5P5HrCX+euncTKNEe3IXT9X6oH0f51Z+ZKug37c7mLyxNLNycsl/8oYX6oIAAsnxVkIs6uW2cqYdSTUhzk6qOD7XmRroL9En4cAxc6b8fVT9BUk8F/qBL+4iPVx8ttRQZYzA04kaY9jgbbD9YrlqJTYAtTSwpcJIhaSBv6LPu0V6F12QjfU3MciCFY0oZcb3su+8Snde7z7XfRFSO2BHCYixXXSHCWCy22jA2A3OCGHU3L6y1vRV22vCxbdwAMh8i2J3DDr1wgENXSL/zohbeav3j7/7NfZY2AUS5m+v9zMwDiTq3Z5A7hPppatTYVwaEz1vM1txJFd26vBClNUahO8rYJ67f65WhbsNEIvROffsauKws1XLTQvK9OHByLt7Vej/NbfUauj0wuWqZCc/QD7TSU1E4NmVoAwMxok2MN05s9jHHULOkMkX/IURfruWU2MESDf1nkP5vs6/E+ze4MAVF1+Gf1qsQQD2UTujY33XhW+/iTuexHWnv+JOYyhqSKwQcQfXQ7xPlvgz5MR022WKU2RgHbbiRgf/T5fhrzXt+jX1xUV4mUqjVO52R/Ey0gGNCfZXTIO+CUTpy/GrSZfp4VMpYa3ycciki+b/G/sfePS28KpMtFGYmzPrYlerxZNrA3/TmG5G1D6+6JxN4TCNKUx5/HvrI7qlwZ/OO/yG1Qcg64P+1aJQjDT3M+zaIgDs97ON6v6haqP9cqyvVtvnqLGPLp9egh3XUoLM2OPK0nLySNOTXePmNd2VJN5cf/FcwHomKtUEAK7b0Hv1x9n1kDA5cfRfiNvCtFrqmmSR3gMBLhBf8TFw17Mb7xSjuAadQIRDzN7ylt8aefQHq1RfXovZXdHZs9kpBZOiAPmqLEO5iQjMjN7G34AkVFf2yhNEfVY9AVjyEZXd2RMSUihhzMYVpVVU7uEmWRVeevGaP0q5FGLYM94xZ6xBmc7LiNdoK14tfqEtto4IUbY+740G9s3+L4oleQuteB3J8h+FavBgOc5KssBWD0jHEQxcyBK0MxkxqwZkYIeTAEQB13SQ1fXQwSPTa799WKwFM4NEWZhszNi2oFCQNJ7WvAigAPyuyRcwznd8RNy4uP8SZfYalz7xujpgnz8x5UARUnie9EwozWt/TWTFiJ6tFFtB/abjjcHBuy64GHqn4/RvRQOD9058SUEKBbNdGRoYSMgggqXVReZGYM3KqL6OUd1cpfj5Zvl1mRGb9xWq1/DPV03DyHG0qg9QqoA5W3jozP8biq2xVZBS/KqMrN3YB9bV78J199Q1xyYtQY6u4dAvWRmSgnqzxb8ySMkxWuh8L2/jJQsuGa6+6yiVGtq9Y4V/GmwD3L+iS/FxFyGEaSo+5EKa1ttBp3+9l4K13sLA3LdoPT5yIz4fD7+bSf/8qkefR0pxYQxqTHZr6eDKiQrGNU454m/Z0gJVE2pt60zlvJcXlU9ADxeUgHhqYDCbHxDZQRX+3sMXckAHT///HRXE/fWlpwOa0Fus6atHlykLHp7GXAORUPxdfaL9sn98iNjeyvXBgkJlwNyyVMN7C+hXAyDauwdQvCtcl2unJnpe89SSt33QZjad54hKHlv9/fcbrGKzLM9YwrW6y7V0rGe6Znxq12dTEBTnMnIzMd72tRQmkvxeipQRPuXhgisbc46NLwakbF+Tudax86aMAdhePzziN8N20rDNsGjvdzG4u1Koznunxi7dTOhVxzGmZS2p7XtNv/YyygJvjdef95qAG7Vqgl0Jq08oKBYH/gMu41MA7hl0OaNUXBHQwBGjH0YlNA1//sDcRLd3bfScIQFoBGQYX1duwzpfTlSGSLHG7bn2xqwq4feC/i2Y5TtxL7HMb97i+o/Vc2MJtktvEDXQB9SJ81KSjsrjG7ll43uY0lF5tw1Y6Zmc0XPESSf5+H2R7nSXr9aUA9BMU0nRtcxc9Uz8ocIbG1Dhfe3wqcXAnf4/Bh3ioiM86p5DK97mi80RtPfoNyVxSLa82coYZorVVmdk/PzO4Bcy0f3s7oLbR1w72DGu3neWLfZft5HJ+Szq6XDMykNsL0So6v+8/v78/OjvyTTuVX6httajRN9y2cFeNGMzNye7kTIEBuLXDSAqZGHD9dXQMEKY6eAcx5HPJEqIpjx+/ufWAX2+IQ4VihjvpVPMH5/f/vNMvD9wqpPIMZzNWbcVpDwEBcAVuc9r9PMe2dn5l6vEz9HfPRZNMOuALPuVy0666qyFK++Odd2VXrXelkFIONU+Z4SCB1I1J43ALi3JPtihBRdVktHDG1Uq/ij4/oisX6qQCodcP/l4oeU+4ulWWK36sq0lGpbSODeK/aLLlpvLP02U777FkB/bkX4Nm0X7D7FKQYGeI97bT2BHda2xRlWxBJkVNeMfAi8ggja0bW68z8DJ8zM/XxIPo8Mx+5CTxZf5v/73/+nQ9wamnFi3b0BQVeKRQxET8uP7/3+Na1o7DfhS3iqWn58M8jnScfKcl1rpmchiIxBT1VXV9Xz8yPPXQIBnPCY90RmJPOcR/8Gd96JhllhHGYeMiWPJqOrI1OW9NtDh71z94hrAuknUhB9qu6VjDSTn89v5FEO7erH3qMNuYCR5/zMoMYlZepLuVyQGojB8zw/nKi+3cVRgegSpDBiYP48j0qsUu4UTWNmgJIz3Z6tc44lva3Jbev86hIC4pio73rWbh6NyfOWMsnIWzdPRibk4wZgcDKn+9aH5JOPnHOllgyJkQafunmSHvz2oOU2aezOqBY0c/s5PzOtnDAaeWVGnhlzvxeVyIhQUH77warqLjnNeV4uJTg1SggQEfbZl71PwNyyqlv9TqFR7agdERJS2dB6R+582SsoMvTttNYjmSlDG0Jgzd5A/cDp0Yr2cC2xG73u3K6ruXh3y8uPlAhGsyuZJL8WsWYSRUYTZC6rAro7ejQZhyC6kxHIs3tykiGmarzLY3e4DWC4j0b00jgeWmMgl/08tclYFbAMhwKh1/yi8aE+KTSYtWmAuaszBGquWF98F0jKEz+EHxCmlQgkdft60uQaZkyLTDoM7vbAFF8Q3EZafMNpgtOaJHItIsVwjx0jyUMgabEH3qFLRMixy6SmFqA71JNhiFPggpqA6mYNBSMI1FRD3vIvxLwyT5lghInnM92NzNN9x0L4pYVobTtDHY/InnozAGtG8KLYIk79m2g5ph+KtoNxeaRyCxkD9Hw95XXexWGTJyxNa9P5dQsTq+UNaI+TlE802w4zsLfpDIIi5pSxthlqv45oxcJB2ohMIOVO7s85htUpyArYkQOS9vA1kBtKojEDInTkSu8ryEHwjAF22aeqX1FAtbd4Zgxq++u3VQ51HwLcXUyQL7MSa/vTEMF5AFTde6+83vV5xN6aFb0NkeB0a/eJpNyykSGBabRCNwhfoy2E1Q8x80gZtv2lz1h6ML+WLKQq8u6yhFMSGDUULsgUOKEivN1XQu7TNWWiyd5xN5U07A73f/oA4T5jmkNGzLD6nVPSBykovDUzW36iJON8pmpa6quBLGjMb85IvR3dUD2I3sWbeRKN3InFmFF1MJTB8uL+2q0dPcU14ieTtKvzTA+iwZqK47c5Gv2sPQUj7v3U9oeUjSjzu8NG94vQ5xSTGpja5p8nVaXoJPycI/ZxRKInMvUNnvyZHsfMHp80yd5numd3hIyugGhx4a/vzxmaZwLyxLKtogtNl+wAIs7bVblYb326Xb56Dhp5DjPvvZjRMFVz7YjoQZ4zhqjYas9i90yMIoBLbb33CKqwlkRNMNv0ZIQgda2XoRRuWl66aDIGGXIXv1ypgD+w4IlgZIwyqbUsFxuaiCScCxqSUTN3qvRmQyEl3W1GZKDFBFcdm2dgk7RAfO7HQ4uQKSgaXdMqDNXJaUBLg/4BoDk1fSJuX5DnnOkLLTaBNcGNiYzd9jWvGYhqdxkZgf1CanYfnr9y9VCUU2MtAtm8ATXsg4wd71Vr+bx2m71YBlsaCxdGEtEKoHdmNJebtP5NkSFpN/Hd0FtXPiSM2IXy0+/+TemHBiFWESGIpOtWPmdGU3MtuFB/i5UCT8Ty4yysMWAnovw7IQeQoDSvQQKc0cIqTImyoAsh9AQ6drNjfLzz0VRR1GZcIvfhu5227ydiphHmDC1OEds3qXGJLWkCiHcypCoOKhBNMvCtxNesLE8c+NGsxzoofmLKYK5BBrx0xEmQS3c9ulTqHRp9e8cSq67LjEEyMH0y0BIenfFimJn9YLP2ONqjwInZMOUKXu4v+8/3U3ko+ZI40QJH8O2GNJNmd3M6gn17Wp3L5itO5gHZjZrK1EITqwMjgkzZVjhu78BDQIeIGRBrBxC7ouqDUIJEZJDZhQjeFku7N7dor8/42Orr71SJy7gOhLhxmfsR+ooqeOLRmRRh7l1gTg41ziSBlK2TaMP0AFIoRkWEyNj6s0pmJ1YmTk+D7lwQU5iZJx8OPn0HWNM5ZQSj+Ju0VS3avjU5wV1Ppg7CwGtoT96iYT4JGThpYPRWgePdjZRxlqO+xAqOmtOx0vmNDNpf1drVqdJNf2fd31AhCTdmbY5vB3l9tQwW17TgWk2ityrTScgZ2D9cv38amGstI6u1PSi/9x3s6qCM6iMpNb9aj+jukZ+SbrSSF1m3wHgRSU9VpuF5eUQmFzlJA1KKLDG19m4DqVGN4iGuiebw8gBocGJADROZR6rK1OJiyPI69WfGgYXiwBJSrRwh6lV35NYSkE0CiB6U9oRqloZ3tCYHcLsdjGbEkZzWeaTj5Fjh3ZdE5vPWKoaPSCA+9VHHIfgcoPYEGEWxBS6ri8O6lxbsqp4rNbhakzZAmFXfmaFb9D5n7bh6YYepKxhAJjEzjW41Sb3oPPXPR79FRzm66+TRVNa3ic1hRsB3aMh48gAx058uzNzROoBmZC8Jn8vEAmxNFkgM7dbgqwkA9IR7ZhAZEYemU5R8/L2PTeF0mlQfJCAYtyfWUeicU3OFgWTmef4hOMPQtiTVC+pRFjcUbcldbWZwZA8lBbMaIgfbqtu3MNotpGGn22d1KhECZ3Qr1RC4v6NJaTwpCnl4DNDxSrRLhq7jLGPcBulZoIpetXUMJnwH56vU1LvUriwXzp5nCKW0/x6d494QqSZNTcQ7LwkvkJ94VJDQg5PBzDw//3yqtyRhVaOZ56gbU/XVU+fJyCcif+u3p3sYecQoFC7BpU/NzL0dTDJPHgbvvYHMsA6DEHRgzoRnZie7qoUt5lHG17ictlQNgKb2p4ASb0bUj7Yj8ZgypYosmdKkMOLeWzMC0Ld8UvEhGVa2OXh5jiH97r5TtzuQcgvPzGSqHluZPusjiYBiI855ei5jqyvBy5xjtZjgvqg7ma4k12mmBCVGskZwIoxtGcCvjCM+hUKkyOLdFecZaF/Sj5dLq4YIY55qBYctLM+ihf0tJ5O7qDleU/fMmhaUIaLDNZkevUUgQ549atu7Z/s4FQ8Gvq4qz9u3pkG2myB5WiCCg3l+HsWcvjfI26WCSoKGn+dHKwBgtp/QUWPIMxNEd4nYsTQ7NKqrRDr5dD35VN38999/ZzPwukyKMY0kb93zHKPkkCm28iZ/f3/Va73IpuZ4vVlW3HPfWs+4SiApya7P2paEwaXBcx6lH5vZmJPIzLQeYgBIGoxUG7qqi+6W3R2WxaDfIx/JY0TYs8dlj8rMzpmju0+e53kEajPynGNlwLZ/QVr05JUdKrKnvdp3MvJ1XVdPuLyqXMRlThw/6WqxveLkd5zw+V1K3cCOxrjal6XydiMddsGsgqP7cDHr5aMSaR3o2JlUBVysBkKXUOO40nrSndJHSpXiBnPQpBZGYcRE1hCFGCImDHxF2HONGvb4w2KbJPVysVs9BuNgtWWfTAv14e+99ecSAnOOdQbOtTMRHNTMaGnPq3Dc2OfII9TgZdzMMn3u7osnv59cpn7qUqh1020rnlEF4TZPnWBoBBLLJN1SEgCvGSiv96WZQk0GMW36FblDdYp5Bk0+FTTdQIawj/cAmCfLhZDGaduMwO5+OVbcDvB9mLq8Qtqu2QsGot5tmQBs74cYW8RYEvDHXlnUP0UZlwsOsls4vWeMHt4IGPIwYMQNl0W4ZKRh/Mh/frUCJLeMwHSH6s79dvqvGuDvZHjRU7+Xrw/sO919v6nkyfa6Yc7YxG5ZVm7wGEsURHuWm9HVDC+0XN6BA+bMV6IE/zJqJj6pXTXt5VEApPvG9tukODiad56IiGDtxpoIwWPcIe7Xb/RVzHC9aPfSjDL+BD+f/8yoRllYVltU9y95n1swq0oF2XsGuusvo1+Nos/h4J3qOoP2VUOiGDgvJf/LezIGlm4kvmnfBWhb/ZKZ8gT3lYl9vzb/mR1afLnM+mHdpeGBQHO6G+XQdkyhRdzy47JQ6Q+JYAkae24dUTNziCe0Squ9u2z/85spIMaEg8O8TT4R4lALwTAB8j3VVhgAsWAx7D39Ruw9q9R0Qf2zvm+E9zLDKgSxnJxYnWJkv2AvLOz7VTf8JRzQAccRiWoOFY2Hd43p9yy9ypVlzZPNmUF9bgRFNXuTGsmxK5cPqP5U2Vr6WQZ64B2TGE41W0psOC68wm0VztqF6WxwCYYzk+fpGQ3N7a+9/KNumTsohmM5Pvp7/jIBRzvT4lU/ALOeHq02VfiLhrKe+qewlHd44+WMwXMOwRbkP0PvexDXHufnRx6av3VTGIDv9KYGexNzZsS22yXVVqKonsnM6ooINYc+q+K/BKVEAdHD7pJh650u4wr4k7JfLo9fvU6dUHHZQG22coUjjI97PMTa55/wpSJY8UTYBzajZJw8+YW1FxlZzuB8Z/DT4sYqm+tEj/Zbkz9rjEsygvdePcBPF4h+6fZkNyITpFpRRTwIqSL0H+p2iNhBWuVJir2wiunj2onDiBNhKAwmRpgC4hG23+j7yTfK62c61unAOrH6Xmve7yp3043G52a6iQH1VtScYcYTR6TINzr5269+iAblDTNqsPiGZb0yhTr9Db1wwF7eozIbmJa7azh+KsAuS9FQxXjqLxTy2wVA9aNP8vcMaGh968r2ao+co9ztem/K7LfjH2VPGIiPiCQg8O5N2ETP0jN7vPGi66/0TQmC3a0qYnpCsl0gdsmqQ8TmJs0Xlxe23ADdB4EaY95eBhkTTC9M0rqxhdWUj7x2xUMEm/UxwoqieUdcHo3uvyHBnRT64WTmcjd9kpVJzYAGB5MZs/M5vceIFbjO+6Ws6s5V1M1mgRlkxnN+ZouA/2I15qlyNEu+NTBm+x1gpafQZCI0Z5qZ+/lg8SurBl2Nu0RRQBCoJONgGMLYXfSceyviMJOwViOSueq02Tva9a21PEEKrfn5s1EA1gf38uUB3ClB0vSBNFl7s5sKNM+0ckeGJGN34OXuaAlowYxy6FusWkPmToohBuLzHL6qelKOLss7Vtz2RavZGzD9PA9WOjCrEqjNoXrCb1fydpeK8wBOHIh/s/3ISboJWMXbO3urmYbJriDP7m9yVp06IVBS4b7JGHO2kJmfWxGSag0wmpPBGju8jclbbxCSdwfEWtjEvbov16I6IXq44z7Ouq3MXTBL6Q65SjUXGAh6u97+6HxtgV9J64Kk72Hv7r6Nb3zTJDFnbPDi3S2re/vTi6mGn1lGtr6Lvh3AqpLtBpqZYgS/2nRFbl0YU7Nf5ruf0lcG8fae312Sby2n/IuN0QJa/swd3YT2p6tr63CQu/WEmN2SMn/c/OGVMO5HjFNlkrI7FwkjvvYGrhocY++9+ijLp0aKP9GjoYHEG7q2Gd6NTDK8GFa7l5DneHyvHYdtAv5AJfr2HXgPsj5/fvq+z8RIiPXlo9GpKwd3kRFMYCx82b9t70JvOZczyksd5+g3x07yNU5ewZgCrFQUl2SY8N53OvOI1aoOSB+p2wabb0DmLiIOX0yfAcUloai9PhB6aJBO4Y2BS+dVDMR3VQaUW6vr5+dH+A+1/HZxWykRpaXUaY8duG7PqDj8XTx+VwyqrntdItBbWqh3UMA7J6e/z1nXfGDaOP78erPJm/Te54A1e3j/SFcJ/fjn52dsgr27LWfonUO2VIH4kRn3flSuRcRUn3NsP6uWZ4UpJKdmMLc+EXHOU9V17/M8ALQXdmbofVHsLTC4dixdHnLtHhFJQsvvdCDGeq8Lgu97ta7ruqfEaLakbUnLlNfNdZkX4f0cuzthOSh6mjMz72BM9bzaEOk8lLgzM741AN9IGxFWltvyboWKlEuE1qd5KYJeE2YwcVJjDO5f8vpJiMqzJ4Fmjz7Pz723qqo+QX4+n+d5CPYyG7oHay+2MSdtRg0t5nR8gHRUkfD1XC0VHfrHg0B9LikhhnYK8XmTm8iLNfmYwzIvkl3utuDtca7BdLtJlZge3y4ukcBb4smHwEqd53lUt1Dad0ezjt0QAwMFMTP5v//7f7vLgx+IUIrt3NcxSbxaTwJEdpNBUEutFl7WMckIS5yM8sthohUXGHmOiyrieZ4Zovv2JZNr/EAizwFjaZcTjGF8bslbkoOf58l4ejzGEItT5eiuLdX3nO7CxBX9fp3X3DS4mJ7uqbrP8wQDPVpkfeSuPUYkf39/37Uzi6EtFVy7z4SNqFkemilJTrPLSMSUnOgRKRa3z1JGZHBqMAMw88x6v84M0Se9yEsivmRO2xdef6bqmk+nTM24M66uwgsPezrTOwzyfAG+3/oN7/PGIN6ZMHQKR2uLIhBXqxExGjKfo5yEw1ATO6JHv15NXZTUqqumI9Xfa5YVPfMcs31rqmfkc5eZFhouu/zJM63l3vKTVetLBmcH5gZ3jCBzuTW0NHugirC7722AO8PUcWBEjGhOWiemoCwQf3i+tc7Z3POiVE2iRTIa8HXr03gpePJMBJMykwVsG4wIwQtgMxB8VMO978XJ0IDUF/DVz9USZuw3G6DhDUvneAeAQYGAHhTkFxIciM8++p8DaGjkjrA1QNO1OVc2Wy+rVAzx9Vh3SJm3DyF1eCKSaK8MUGPg8aGHMyO2WrNvg9N/Ernjlk1yVJ1aXzloBBqT8o32w5+VOatgHWr0DT0gScghQtit0jxZNdACllhaAAAgAElEQVTredcgwa5+Hi99mkEEP6WK+ovX0wyyxiDOQ/mc0O3E1OzsktrAYS9SpKitbyhvxyKPPoENHLsdISKk8yE4PQzpDVtjsdbmW/fJM9qjxX1BkVOVJxdwIkXymwEVTADgxCMiNLdFHAc+AUk85/FuWGUyYzcRkbKSgH2ltUvG+/GwhUJvMbUfgVU9aO3MMH0i3JaY944XFJSHriGYTX47TI1vI9H3cuEez6VMZx4GZZirEY6Am5nxoWXSh1x1BSOyB4xUzpA+yaewG5pkQcsn1WIdjUxUN2mxm9es6qSGvoMBpgGgo2tfJQDotTGq8d7y2IGczXFIgF62mnLGr3H/gvESH+lvrBfx4xZkN8w4qwMT0EYyRhdbMYkCL6entHp9XgLqTCAXW25Xe5E6u1ggQAjEUgmHstkRCUtf8q3UyZcWhP1XmiPt76RSZCAzn/YTVfUSPS1/fwkW3W/ZUjOxHwmqHzzCtCnKRtpZ2HOW671LCNEjjVt4ZqlDCiUJxq2qLhCfe5/ncYMltr4Bo1y1L6s+8WSMVhP3hvYGmSe7pfMrBYGmmSlaC0z1exDbaN3JFo2KXW5JSWp0tgGlUalk9L267jvppKKNoGeve2oxmGYmMj5dnqIK56pWR09SziMjVstM3eswoWzowON7kCkZHz+firCSYwDkZjdwrYRAIo6pZW2WsTwNYfm+acJY39kZbxLq0SBqrG1XqynakNh6zNjl0nkigIY1YWj07Qplfi3jAQHohJ8nq6v6DlojqEJXV1CqWdCQaL2Kq5mJxGHs60Z1B3LW8gittpXucdTGxXQNw67TQYJZPc95gpEyDjWYTmE9mJ6W07rP8Z0KD8FtaPECZ9jPn4zkITnVBKT9VbcAC7YAbRnhwegLDTe5e1YUMXY2eLqlROo37ITp4TReQ4Bafv525NifktplMh4bF2OgoAH5x7sxg0lFscNykvyU3Fy7ulo2fQCIPDkIy45dl+o4qxIQPzcBjXaawTuNxu1mMDI5IcXeDGY02k8MX/Q84jQwsE6ovHrE4z0lEShzzMSJd1kJ7bYM7hjbJBgplyIEl7/w063rYUbw8/kMIO/pWRVyVYlvq0D0kZn7W8KLB4+oW+rwXTKCYAsXUJZWfUvubswaGRJ2L1ffN2NI6TZWOScFBoAR7WZWr/kSwF1nZj794lBDRnA4mur1JXHOMyZ+ZYxIaZY8yovla64LeNQ0Y2WmSWAhKox02It9qyU7Xa7jvN2JHelpDSE9x0Rm5uHEb/3SaFpiENKma2Ozua78jrmAxS9c9XWVlQ1xrHLREMDE8AkgM3YIR+qODEiYpAagEZHn/CgPYQHTeBMlsHQQkJYb6K2dOMn8lIkLvV5h5q+Yv6GMXjuf4Kc/4NStsCZ9SL6uOiay+OdOBCMDgeoaTkjImWcG1UOKsMl1qtNYUbQ5XfmH1M2Y7lJ4fAdRoko3p9G95el5zgJ5qv1NtGqrhKdvERP56EEEKaadPvWTR28Z6oyMvLAHM53ULBTaAQkgBVp5iV748iywLkSelpVGRDSQJ1uuvAaFp8Q9lhwz2MSnrrFnL8VRPdbd1cN7KxeVFgPxZVt21Uyf57+GFiSD9jHubkYMKgUgrEPDzNz7qbrPeYIs9TqriFU3KIRRZBcDXGsKak7rbiPK1alMoNH0hHKRMDK9IzQ1Whj71mBqZZfdHD7nkJAXE7k8g+/sbc9nkBHaXuyaqo1cR6BvKfFkHtUwNR0Jz20N9ZpFcc5B0kBEayPTQFU3ZjEy1lbvLm5VJs4EskU+J4k459ipPw7WMz0yy3tu3MsU5tY95pX3yQjEiaRkTPIJzMhzGHbxakSGdFAzsMrZQxhYNK+Zk27TeU7gWO46RYZs1dVVmSXM1wJO02L1pZRFmuqGnj6aBnFUzcpHIIPqWKuq55oSB3Fk8/P5bG0jIZmGwTmNzBOaMFVNm2+nuDErEdiiYMZbuxhMgTwa/g/RU4hV2xsziZnO81BmiS/JJvm5n+r7nXtOJ6VWnOWGcmbO+XkHOZEBrF3Y0hpcLBPWXuhGWBWkmWW86pD3jKFHtbqVKOoHQotFtWG6RQuL5Im0F7kbE5Ks6dfiGIUIqV33spvKNhFWlAAjF3dxcFV3iCpnWqpMKc/hVkGqwegpmmj1HAVUvowgPQHrUU4mkWCIRR3G/YoRZ+3UFLdOpvp+Tpw89bUqajVuqk61YmRxtnnyaHuBKh8hY/OHEIZdouIoN1OQo8PLren9Lv5Vn5uSsqL1mAi4DGSEXLgxWILFrN+vf6ZOj/6tcKcZrTSQzUZsmaEwi4bWoQYMRyrtygGoe/I85GGgpzJSGD4jbo+wssHrY7kE2df7ZNTNKXR4pGFKKJEGRAYjhLbOeYgEUN2N2r0wNiEUyYyO1o8GSzVak4SBdGRsTs88a2VGsmQFEnmOZHxLpJuoasK72f/zn//kv//+z4zkJo7diupKrnf6c++ocK/pmaNdGVgWnP2CPjOjMc70vKzV7g7x4wDy7w6TEWw3JndqwpluMj2pzupSDV016kK7S/w+gwVQ07IvQDKFbT8UWDXT29D8XyRfLroRZn8wmLeuWK6Ax9HzzrV6Zqar32OInQuJa5WvIEjNpyKpLrO+UvLeW/XRCxZmec7p7nuvCgGnQELrDZ7nUcx6nh8VyjqOg1EDrOOiL7Szx66F5gOsqozkgkyyI3iHn1UlyP+EBAcREV0XwOdesQNUX8onSud9dpjfmJ88NiTVZnbp19Z3L4OW10lAvbOvOK75rqyf0GKvd3e3nLxGMwz1PgDOiSmbO83CUuIeqgcYExmgIikznzzvG773Dr7kfe5klaSgIp09HQSxO9PSP0U/2Wu+UkG9lMeb0x2BSHqiK3zNcK3+oBiOZPC4nZNQwR5qVjm88bS7p/t4McbaO740iuC7PJb75tR/QPVIeNZkJQrQXGKRWdst28eIGNqdmfuCzZylgWo1lmI+jucOtFx61MgqE+k6LjWAUqpSaNbMO9PRB1umA+JlYW9DqMsl3L8R7L6ZwtxnxlMsMSUBeinfbDEKxBKyKND/C659ByHwX/VFOX21I8b4uNnKepZ60CU9r8nXHKKqr1T3mfohKvdlZtxaDkZlcarz4bJQZSwQ7+eEwpq5JA5l5VM4M7NLAjVpEWdfT54mm7ukMfu+636uMPU1KhD1w/SBw4NuJZi31XnvyPdtbpm+YzyffzX8PpPi1Ks4GGjq7LndO7owTBFv+F047+p7zbI2FM1WkOM2cnapUWYa+XrbFWWZtN8iueNkfSNhcDpj1Mak6K7MZ0NouB/g1/SQfKuW/bR6DupbulwJOam9W4K8q2B6fv75IXk/v0+escsZ3wyls9Hdns6mbX/M5JJgnwYO9G3HjFGSKmvgYsj/IGyXr2nSCMgEvNjZBwQzk8zvKIeCPESYJXZlVvzhkWGMJgzsjesbbZnRRKBmcncFEWjiygc5I2m2OznnrPjzTzWvZskWB9UAJPuV6mXwEoUgObbZ3Pjza5lE8VVHgaIez8hb8/2tfqEzb2dihhewwCgjYh/8KijNwPXqUZVAEYGZqvJ7JK93CKueq1j50T5S9VTmBna3VnDpB9h9c7ldY9qB1mOqpF5oyQy+fuGhVW5xY87fO/8NrTqlVWXG2Zqd98y9V2iUpAxESuHXslyYb0ywqiPj/Zu1m1d+pse8GBlE4JzT05EJUQi3fcrMrg+AlsnMLcVnAJhv86m/qq+0wGig7ieWwlnmSuuRCvtmMMyUX7UfALZZkIV+EwKAJIeIDClH9nd7D6SLY0wcB8bcpKjcYKsrQC4XtG0gu5vpgS4ZNRWUT6e/mZZx6mNokd1iXkHwnOwZsUY1cIo/PrA7rFJoTVH+FSTPOfeqDonu0tqDIOUaMWPvDSWC+cPX51aYfNtLrjqH4PrtqATSk/xeFwg2h8a3tZIm3YhcIc6bBSBO4g6KqLGFr58un2xndqLQfLOPjwSprkTx5xxX4ADeURPC9YyMiTXsfm1Rq6dnmjMzT1o5npkYVHcw8ohe9bYMzIwtrqkAomOgL/j3/3IBrmofSLzCnf2cRoTWiGbn0P3Gom4ZyLZeClPEJvM9XxfMN1bE7qIAAFv/YlMt8KdilOpLLa4h+Iw3oxGumd9yGlalaItVVJXu+4mDbrEP8KoZJlTAq67w3xAuvEtIQ/fJpA2pRf1BFTJOypL4j8WlOjtbxTYiz6uedEWUGVoyMeQfb+iIMBFtXPuR9B6Orfn196yclLJAErvf7vYRpB2g8+1A/4TTPR3uCzfAc9/Rl+YPTIsk902Ia2wtTEHLtIH3D5ywHx01cIIJVRvlESGyJHfA/MVnW0o7WzIGybO6TPdomcsIhKuOmXQn2N9RPXki7PVACWtdYLyn2rBjtypG1ahjB7aRYKLu543n3P0lIO7813ThOYcDgViv0tEslKU5kHYjYOAPfbKf51kioK751xi6RDacKYvAtj537tgApfk2qf/qlSFQ4tbgQ4aNXVVE6LzlOoCrH9GZL8w5J15FbH7J/mGRSvytMD2DUiVj9vF3Z5V47q/lOvZXt4XXo6H5i4H8Qer3wHiHn25NuEkkOZlCS02w0z19KybdlO6Od2UHTcRdirdlnX8Phkv0GeMq1EJBPhoUBYUMunP/k+7fa9XdV8abejyux6LqA7OAq9v7ZjTutd1NJJb27tioTZOCYz93g0PGcV7Lr2t8kxRs2ssObu/dVP1TwVxvbHQLSFH8dGR4+wgb06lUEjt4d2W1XDfPcpxlbb0CvurrVCuyQrxLQANEZiwiIU9a3nuB2YQVLxYXEc2OzJOHy1/uqmCo2NOHqaoYRGRXud8T/JWZmbrYmk2H7n8gMpc4Neeck+fz+eQ55xzlT+9gqAaYwfeHAgZ9I3JzipetYsTPCzOO1gWelO1tt0Q9VuRYb6FHPSvDeePtN1YpvOq5RQzRdfVl4RnYvBO3P1WKefQbcxi2RzNHLSxcc28iqys3mFYRSSvzXQT1888j4Ev/9d6rrWOKCZ+u7s4nPx+JdRSZ3wW/zlaZGUdbSeLz+ahxseJB49Kfp6ZjN5DV6wezHeufb2plD+2I7RG+cp92oaWN36er9U6D+TzeDaOHLsdy7e8R8VcQ/dsRA5AHzHueAZzzaFgrpYJOWawqehxR641djgO2spRrn/s+haU3JZHGDM4xG/vREzu6IJnOm6ANMpHbtij88s8vLLt/dsU9ON0ll0va0VWVIc458xKjImLFSeM+hd0FrfcGQN4qE7Npq5L3XEkVDTcys6dooSkngVEbBs9u9X246hw5GfgA71ZdX5NeDKe7R1PXqe4WJnz7+svumYlIELeunXhma5jNFNpM0935f/79V+lshQjQJr5bUz3BPGK/Dg4fMKpuZO5D6QiBWwOUDJpbPISeGY0us+tO9XNyukKMBlXSA0RU95OiOaBK6xnnzvze38wfNTZ6mJnJE8wgs3q6Pt3lxM/MPDXNIOHOnxwiTxwx1+pqb0lNwFJTTelb2kNB/G7+YwlQmay6Vc3Bc4L0n80/fU73FZOt+gLzbOlpuwYJCkKLFYqUrSYMFuzg2LPc/f0ZAZU+gB2fAfVFm6IwU5nR9560fMn71s/R1w/bsyjP2LJ2IAK1N5yokkvm/HmBGSciwUHG9ByZjkUAvN1dd1dJeeupln+2lzwbpiW1hiPUCUcemmxOCe40Cpm2iygjxHnUegI93itH476EwxYQ95a/70durXPOCfeT9DCgveZlBvkc9Y3oOSfCxrIZyaqLJNZCJEU332XLNgz8AwmV204C08TtD6Hm4J58KMtIW3NMz9y+tyshFo03bw9aqpdGtVRQVsP4ufXSlcPai+m6//xzIlj3c+LkboJS/NKtsZokz137JqzPshgN75LkwfTUrDzQm9AiRYlS5lMpJNqVHbQRnsoGZyrWjx6Gt/iVJZjnY75xo/y9YV6t2Otb8KWqiPkvPqOYsyWg2j7+9ju2bNHFqJIpMUCeB8hjf1W1izHkoFrKIoAE31ipcPgHhlObP4PXTA+9VS/mtp5ecYYYzW8HqLrDMbDeoECBKmKOOblttp1IGTyfuobYILKhF8aStMeu94z1DCIJorsQQM+7xH5KDsslq1OzKWGCcmipAublqXnKolPdb/aXUKxEIpOMhXC1PKuaWsxSz1r04Eua4VVztYUlvXsQWO9gAJkHEXR6PhAjdZOriF3HXPge2v9q3skBbTCHBYsBScVR9Rnu+2Fk2O1dxEzAPvUqCrEDaf1zoxnphkTInm12yvX7MjRdvGY0pvoydSmaGSDurnYBGszz/Gxlw4j43NvdKpblI6/hJUebC4ZBFesRZIQYMRIsACkzjHFLJacyvOTsbkkpbGYypU2rwgTp4C/pN8P6OOtXIuL1dW1iaQGYltPUythlrCH9DdQRaf1vF9ctLJhpWxuFqwHaqoKmP1v3ECfynDPlT8AI0Rsyc5qDel6gX5U1QeKctLmw+YMgB+b/wo9SOq4gbXE8NnfGknKgVrZC/s6y8LZXL08eeCI170mbmUWopYmYzFMYYepL6NA39vAh88mMwjzxOgSCnnxzZhQdf+szQCA0x+wVDiOpk9nrqaLOWvFtMMNJzolET0ZMsGdGGgi3fu4CuI4rLiRBhnlea+ZmWgZJ7LJ0bxLeEdE0lxZQV2zi7bnoOsVWioZvhDJoAjGIc34/N07OslAZaqE73wMnJ/qYGdx7GTyPJzFeJraDmqR8dPv385/YoC0QZ959IeQwqifI7ppq+WUrbHWVY8kRgEJU9eumZ6RLHWjaE7fuCxlnPhIuai7XO5xWFE3atZUc2VJrt0FL1DnsLu4wRjQ6Mu6aaP1kLkVG/bNzerzO+8lzjtFQV/JBhnxUtR7FBYaqyvRIXL9R9hHvv+GfRgVoX/QZM/iYo9RHqYIWDZkutDJ9odsk3QH5c35gP3px0r9rPx1eGRHZt7kp6crEi9EDmyKv+icYSs9qJvRTjl06ZQPSXZpjvei/ESL9v/d+PGhsBGLK9oN+bpGFjkwxIqUiOpkZcevzPI9WocxM5sFU99yunvbGspUwT8twIE6e+/lgQ5NKfSHOXhMyTaPNrjFc+5Md3sFLjRb2EEy1+t6ZCUrwjpr+eX7QEgt7Ca0qdpVhplipg9BPo47rJSOfw8jqSwfqWOikM1OSlhlM9b2/EWLJ+T3KioHE9gXO9cd1Qp/zTImJEe36L7QOQnWPeq5d46enQX9sFSjKdn1148AIrO+ibbVCSIQIsA3U3DhxzHlUnBe/r6tK4Vm7o2RlBnaVGbjaKehhT3hX5GDsnDOzO71EX1BlMzE5DXkc4yXi7CRVky1z6cAZTF/43VsJYIoDA7JRpfi47NYm0tQbx+DeT2ZqnF8bPwF4l5g0gg2ADfbKbKGR9jkv5P2Tj3iu8qfmOxiwChDd07d6Bt3/PD8ejYVnJNxZSVdpkmSYYWb6EiOXziS7CjNB1L1CoLqRUhgbG3Xo1qHoLgcjs2QMocaATAkLVMoI+pyxb0SkBMRUbyt632jAFpmpREOJUeRGqKhCE/x1JX1Dpzlet7ckgykFpcyAz56aWvSfrgCAh20zQ3RXZqhv3602Rpa7u1Bav5QguhqdeaTG46AblF88IiK7S2xuwX/JINiYiCN8mBMZB6YS03X/6C8CmQ02Ok6efJT4Mw85EXzOk5rX6Eyqfu2OwDk5iBkUEHm09efJ5930A6BuZYq3AX07ESAwUx7sXAO6CoNbolV5gWJszzuSv317rkbL+Es3BjMTmOk5IV8JvDRWVSzBiDg0X4+gNprw9/fDd5CjeQkG5FwZyjlZ1PQMz3mkmt1wPaK9TvfSMSPzMGJJ9+qvV4Ro3smR+zwpIshMScOqIjkjqM17Y1fSkmJ1GCL8BVKFcXdhSUIRGfHoCXGt5GQRZlgwoGYPZCwxRTRzwJzIOOeJI8JrdWngnZnqVjnUYTvxBr/JiCd/PG2t6lUoZh6xJKE1YO2eee2AXZ3w7e+WmlN1IRwZUTWx6JxCeiMYKd5knlNdVXfkmD/qtgjZ1gXkSxG7iQ22OyMpLv8pLy2QbngiUkB5T5Ex3VKgZvD8/FTXzCfc0XBgx8td4hBvzFEXQt82wKQBFSvEENrdteyTqpIUlV6LC5Ins6uVKAf2uFN8aPQT5298iTg/zzMeHnbdz7cPErdPy6JNXMO93hBLfcd8GFk9NYWY2xeWUmXvrwmXfxGm6M8qv2eMdw1xqwbMk9qXpt65p67uqXi3g5OP9Gap6j2MllbdmX4lcTOtXlgIgK9Le26kRMkdrsxraCnCLsb8xcK+CWj5lxCxJOp+es03XiWSdg22SyN1uEvWcaOr+cqdHby9rGWCc3vHhJGvU4gn0DKvG5BVt01vcVHaXXcK1P6PQjdDlm5SE+INrUpv2u7VVU+ekyfIZkMU9D+HY40xwCHVIq1JutlaCu0E4IoldsjU3XduCyyN/Pk5gMGdQQCSl3nugvWcj4jm/N5fkUtAnuenexhZ9pBY4giQ//PvvxFRdTWqih1zvZwdxa14+Rra42eQYsjpGpngu7H54zmoCT+pyKA3x6qWl7cyWy4HqttW8DMW2gEUcyFP+onItfSqBXKXUlXyy2t3V9SsIiL+NlRhi03gu5jKXu3wnAiPSBDr20ny05eD5/nJSJoAXqJdSGvcU0C/urbgpMkgncRz8h1EvH7EUDlgUEyLm0pv7t7LrbG44yY9k8/nU1ViLtTgc+/JqCozE8PghSxZq+q8mCk1pKG2JCqsPM8R1Tfz0WT4SGlFhb/T3eDkOetoie7+vV8xL5YZMZaye8GymqOtGCkARgkowr5yJ5+Q+q86I845A9zySvSM8/v7K6Z27OIRkb+ec0ROyDigwo0UCWY9aytN3yttgVhggim1yO5lSGSmaY/nMFD3o8yBfW6alEotocDdu3roZJ6T0lRmiP+Duj3gc86USFI6Re2QbfbT96XwLbVXOx07N1aY2ykDydn6cRYmiKrPm9kkRRSbfbTBF3POsU89R0wHwuYSxGuqow7XbF8NP/VvpxzQsY8kvJLLYbDXi1z3YnzLcO+Vx9fuabAD5sygNPEwOQjATLHVNI4Zu66RPRLi8ok04Uc3/pvoBPNZOAQ6I0KLd3Sn2kNX1LRWML+6H/21LkmXsfL+xTOtIQrX+V5Arb8v/C611kIj9fEYQihNa9ei4TPNb2AJ8FUFbrMc/XRp4kK2RS3CY2RzVirKd6twZiquaomLAHEZxr8D98y0h+OWyxEmhMRuHZQDRdCNnWOvxvDGJGdmnVVNpxMJLsJDwKl78c4wNqaJu/pyJfYEKZr5/AAIvjugvL5YrglyX43kmJXPRUOUUwS8NgCuZIRbiesRmfWKCayQxUKeOedHaK1RVIbhb+iGIU8sE32058BAEDzRognRW0fvv32jEL305YBrJMLMjCuXv2lygkeFhbKt/o4Nmdt/DQFE/rHRmKvt37q5eoYquSLMTsL3aocYH/qUVd4/8cY0P1uzOGUY8L2D9N8TmoMrI+tUxMtYN9PEMEF3Y9PwlgHftc/Kbrrc8v0MjYskXBjMVnKxzK8IZtpUV65cOqXbyARWAuyvo84wDszxn72Vu++RWw8we7zHRSdGzaptCZXIdqrWn6vz7K0+xrxcnJMoafJUzAhE9vhy6pXAx47JiAHPeQKpm6Lz3nsv3g+puNHdMkUBuurC6/K8LwGlCZyfDGYi8zyPvojAcWWiN2s7GjvWyQbBxHzfx5MAeqwjgTYNKzuUyTX3XisaN5h3t/7g7oWe2S0mXDzrrW34Ja1rxwHxfoW9VNMCGZ0I3qGI7keu9TPgQ0dXwjLH8aXkAjR73hHB20VOIkh21Xme8Nl+L8TazQfDlB9qpsdlm76/1r0U8nW696NSWMNCETvEWOxbWCqrw6nbIfHiSTnwatJqB6134xTWGmq/L5fsYmDBXKlYKhS5n81WWl8WEv/ogXQAxrWB/pqc3bqkwbDquW71V+Z3R8QJUdUWMO7WtmblkWXU0qsiVfC/I1uu+ge7/Sjy3o9tXvpl53dEpIywWx9EuBVjudgklwUpe3rrTWNVgPv3W3wQaUWOOLl67wL11SSg1MPHzHSV6AEZz60PYD6peyJLNxDBnvvGLisIv6dlvsdGlhjpYr5XZOP+wAAcBRxM13O0lZ0S5ncRXinRig9hgUjfe/t1zvmTGgFooi8BvggzgWS87jczI9rWkKhr1ohA6jfe5sld2BszU1Mka4scfZIBPqVeUJakn/eqmtW4MzL/ZLErwpa+Ct07CsJgAojMPHnvJeKctKosT889IlQNXtncTN9b5oSS5xxZIwYDHkJa2TDtM6/8sp/nLSwVTyZ8ozicR2SX3QSw/Pf4VjJD07NIQNzzOJGDHjB5Tj6uVhxp0jDlFrzfasbX2YWfWIE7a9eJtd6ru0N2+b7do3q1u0XyoCdAyjiWZQic0lnRbobzPJkyUyaW/U23oq4TRPVtdKzqWjVAVfmnxwyay/ffNudlAa8F+RvnZ2rLeGxvgiC8kKGNIY5/j2+fTwelohN6IJcwPaWZ8dpk1Xvy8IwEOp4zwCM7U+tK0zAawdfarkqvQ8N1wY8BQSLasVTP8wSzsVdIB5p4niflmr3bX1S7ZmZsbSBUWt/NleCuUqdbP3sAkiGmrgU6NODFjaW9RmR6gIxQUFOVJRzEOJrVLR4uKBoBAKPRXwMEWKcYjKq6H20o9MWM8B5pnVIfx/2J2Iq/vMb8m9dnkPlQA2LH0OUF2xKtc+uKXMsXQZOYyLVe2T5USU3n4bvzSb3Pi0S5PhGZuUqtmru/5WUDKjSsW9K86tU8veAaxJfCdItokrbo0zd0Vp8F/7DPhOecrorIGu2MzJnhEU1qAFSX3gpFO/ZXcyp5+6YtmfhXpSQrSwyf5yG+9XPvEBGzK+W7q8q2gf5s5vCOAUqrhHq97EPIm+c1ZukAACAASURBVH+Ix9hOECEHjlEjHJnCDQCQ2ZyayTdakSTy7MJOxLElVO+NF8WWY0/EBiDbw8xsO1V4uiPY61a9kUozOQOumGDs9d/6U9/TAJ3eMrq1lcQs+K4555lRa+aSVZki7Xy1G+CAV4c69ufwu1aJn5lyZIJURxmfe7n3jtupwaQK5RTd35jqPKnzrMJ3A6Y3eqoFu/L8qFIMvFfrtV1LayDeuzycnvYt8+gPGiZyku5L/FXwCz61sm2dnLZXEqAkktU5D8FVIYTI4uccsO/9COUXGUj360VwcpfVbYe+z5Qk+TyPbmIEddLe/zT2fsjuguYQVqRVZOiZjF+foPCt6jV53s/g4ohZu8NAYUlBetaTBkDMW9QNabUQNF9Yfady9owlWT8/P/qCseOKHzXpg16Op/yi3zPQkBvQV/9kwCGJ4Ikz+3zeULyhaQYDxck4GiKSWlI9z/O0FOfgDD2wyb8Tf1TV5/OJCDkPKWIkeSTFq9LvY2oC2kNoqODSK/bCgCR/f3/z//zP/wgovLf0cMHMOEwwNKYWZYcg3g2KtEAYM+i5MLgfIJFRcsT01zPu1XY9BMg8qYMQxMkk2F6rm7O5KSAHmJm1uu5u+5fJuV7eKHaL4qCXby644Y0l+tG13ChFW6FBmIZgaIInfwACEylRAgZDA0YRmZ/P79jNqgfaA1k/z5MnTqSIwYK15IPlZyU+n1nMPdPabqlSzXRjWAuylRA/9ckTYvDJEiS80ei4LSPRLb5qZHTfqpvuBtB1t8EfUrsBSEKsqKAvW1Xd+yHTtQ4cZzVddP866Orqqw5W+efkUR6JyIjjoC+N1ULoYhs6Xq70/UiS4kE8X5huljggm0CqXwspriagOkOJgnl8RQd1zkHPrQKCeZLyo1C3ZrPOLodgAYWNGcytgdTu44WEsX4CpLQX9IfjiyW1OMiG0WmLRJI9euMB4ByZI9vV/F47NobXm5cuPaYDmtUVCdgIYEzvXtbqyWemG3PvBxMYaqeoBGsnZanvRldlCihXfcr+ag3uqMgAvnzpF2JQsVdEZhwNq558VO+KkURleh0Pji6CjqvABEH/CtxyTY0X+GjoIfvMk3sHRxjqNnIFvOPS4gLz2zKp/nP7Deagg2QDogcCmPWHpVb0+ScCOIKrKW4azGJev3Il+Z5ZYqybNBV2Kl6HyRmztHrkHnDiYURr+2g8BI/4OSnIBhmpQofaHyNHV8zzPDMTeXTUMp+tggYZceRcwGpEJNGzHG0hwfrMu2MH8cRhdEv2/ao7lUQVK1dQD4DsrlsfEv+cB1+YOOIcMf6gWqfXC0sMSrKmBnPyhOLqtOR7LygISh01HE1h3MxwsLMXvBN1fOU3eNnXmUe+58kYQSmMmguC2u5DT2dd9i2HJRkqkmawPvhSqmZ/258gvVPEZWDrtJzXbELfVwCoe6/Z2bWgM+QIB2yA47H1lWJaUNen6ubJqlt3GGs3v8OYCIq5MN0RQ3A9l+WRrRX0vSm2g6yeCLPixY/u3XTMVfYOLGPSRxZ4TYeSybVcBkC0xAqvly69F6f3U/2hk1EPq+GJcWDXnouJqU4gUtNEUos9e5LR6M+9qjoexfPtLkTQoB1XXfG0/GMI7czQAACgVn4AkYphkaSoAk0zhjSA0Zm3BG1cTva+wBcrYZd43641haTEMtf0fwMpLbfGCcj4e36kPpR9cDC5Eu+pJrqqxKCPbVqCMT0Nipl4Uj71+PQ9mSlv6CodY/0PPQZmZH6tPILvdgc6q2Z3K4ZIMKmhI5qysiWJjKtGNhiI53liSQkKuhHn/v563Lnv/kScZGHUh6e05dtkzjK5CLbiuuxoAADaTX8iBZoQ1KBKR05vuWrHz2DEGdMBe4JXOIdhHfeEM91zNUvz6pAv2AQiMk9wgphqWE+DtxDCjq+CRKNKE0EdP30B+4Grw1dx9m1patJGdkxy2sxopWot305GRgoiT/mNBXXm1Udhpu+keO8wm18ISw17WoupVO+9Qtm9j9QIWPtRNop+B7eDQpKI8uJxN2+e6M/ScjS+CLHLX7jLwqI8jxVmKmUZ1QosstARyJIEjnZ+Dr30x48qGqOjYHZVZMYhA0OJPHSbnrRW5ufnJyNnWvIgUcMj4yQzUmSoc37U8618liH5jrfFICMzUlWEdgnwpbhKWUsINgDReIe7EMfg9ZjmIJk8lFlw1Z19QSKbC7FVZU+LJwDr6qwgIjjoc7LJ26X1FMmcQfVoB5sug9Cc1YiVKh/R3HJlUvrpPa+4KqFQmEf1fKMGXbciYlcy4ZwgojEMEevU4ClpqsBRjYTBKOzMsrfzpP5nmpmyEweYK+rGNAIQNzxU/FNrLQDm+ek2wDEBZjzi9Ud6SdUM4ujm+XL1d+BdVSdJWfItaUD2qXU/5xyQ3ddULfekSoR2KI0T0kkMVrr9VeUOwyxiedfI0GgGZKAnI/HVGEGaZvc4mjn1l+OiH6xTZUMhiaVmxoAFacXgUen7nCPS6m+Vsp7cx5MZ6e00FBnLZzQ2b39JS+c8eiNhcJwZOBnaLPc84h1PrqJHD0oSy4CHcG+1LBOJHdfh//v9YOzSFen602/NJ1A0SQMrZEg9L3fK0P6hGEaqM8Kg+7bXYMZLtZJDa02/+VeDHd2sW5fLTZwpNaAZC1BSUpUUuT/WLlggqhu6NvJPotEr2iQHyShPdSbXkWA4SijbLdrozEAVEKriSBmTHg2x0pv5CkMzlBmLxRfw+bR45czsntAnlPGgtxhmRJ7zQ0T3lfhS+YuUVfXn5NPdilY9HhsA+NQH5PSd6ch4M94LUwBv0QUAV1iMVHEuvnJ9dIna2jqCiLW8F4Yzg+lppxE6pQJYew0yePJHF6fXgIjvxjIoLQqEHxgdC0SW5BvEOY8ahQih/C7LI4LImYkT4NLB23unxypVFe+d52cG8ujq7u5bf34ieiIijzFZKe1ITMvgVBAhddjPOZjCklde2mKE9+tUi2kRMkUxY3uJNQaikhHUwOBkaI5BijoWy6sVADAz410OHuBN1e3pW5+MeJ6nd0VLi2ybHuSfeOQgMeY3UDnR8H2KBtoioZJUwRSRTYIp/8ZBMeIt2vveHjtDqRIrtInT7+4QUBHxWNo7EUd9egQplklQw6QMb+5Ugl68d0bGYuCxYMukWzFvZgFZNz0vXUSrcbrpq6oYvnVzIIII6ElG+sCOn16n8wJJrFESQQOv+qYNORyi+0JazDjK3RarKUuop5DQCMhzBtW3YNsCmv8idlSQwfp8xBhuD6VYt+SGp4ND4PB0lXzugnHWYPl2gWIkDCOxpY5i/nOSMNkiJJhAzUxVJ6QJ0LYJLBiyN1FdOKprGuNuuobaa7Xl8M/Jrgox3KddVAGAHIxLXyASdFVfepeZj2ZHdevee56T3g7CjPPz84+Owj///KMTce9H2FTfCWZPdUsExogTkS26pskuPn6m4VD7Ldz/9VTE2nlNGUsRcGScmi+fUkA8g088KpG4iOIqDn3NAZ5IeKyEjKx7RbYO4WkYEIKtR4unIgetmkT7P5S/fusOkWAykHG7Pvc2BqsQ0sQnM7vQLw85ZihhbI+YtYiZeR5RnzOCVLc+SBlwTdMhMAk1vyUKkJMtMdNd7fG2RFlg5DnnqSl5qfWteLS8lnFOA5+6EIcsYjD57//9d8lZ3d13hHYdL4fBiOUCm2+aYDjegq2+3cYXJO8uQFMh9f5qb1Dot+cRbyas5OqquiVPXg/DxSoyz2tajagruti5X8Yu0qS1CNKtU63CkdlL2y42u3vWyWurFqcc5VON0MX0HzAzT2RV3avZb8ExO/UEleA3Mchr3vKfXgmCJOeyUtkhpKeRVIXkfO5lcfr3mopn6Cx6i7pjYtpYUAAo1lrKDLXBrDX/25Q6bVVlrPUBvPwAgPfFz0jIkrkL4tyEzGxyhUoxUfAcbkIwn2pErjgx7PVvBAw7hYukkvrzPNoodVvQIadx60ozce/leg3//1y925IsSY4jCJBqUf27uzt9qfnyqXAluQ8AzaMmpaWlJPOcCHczVV5AANQl3IzQwfAYeUbfdLpBK9wNu7ifZHULPP05j/Fm6i2NcgN2r3p8V6VXhOK4U1j/Ydxkyn7Kjp/93cPuOX1ELLQxcgJlyOQ0ZgU6melnmKcd5WU35J5EtjORKs5oyxTBod1bW5Q+w9TYGVmcPvEBLcNRvyDg12/wRM5MMroqzgqVVOopDatIqS8k19cU2hn7G366tC0NgEAWnXOxyxexGGF+bxxQMywJrUR26JHx6XuvDX2kruc75DEDiGK6R74gtbywhzqKnhXDwCj9dhbcxgrtHUnEyqfrQJI2XzLvIzzFDgJxl5+F75MVzXDGDRNVvIK9JRQJ3M8nIqZLc9rIiMx7rw33bcUAkrLjeNm4VfUqePaq9jnnVhEosX8A5AIntPIsNlkat6oPNg7DArs2+7jNYuOr9lg9wUx3VUSUuH7Wk+Gcs3wdfQArqPREScbKyZVHSS4Tx0CY/m6sKkKRWE0ayfLeJ977r4F4DVBx1vVuSrDiJPOJoEKr2Nbdjb+vmEYWNvuovMBM6aZTZ2PPmMvusPxTb2SDoUZN3zMTjGBiinuXtVJ1S8AZs3IUfSvjJZOhX4ImPM8AA0QMhUJTgOCOu7RrwfhVWcOX+WC1Gr2Jxj31AiCxeUpHdXPfwJj1ancMUI4+zJiuggUdCsDyvERmGVKdUm8XJX5EqKTWr7doJuInj5izavx0vEjNjADRhCFwzPhBhLUL09rn9Oi9xC5f3QeIlOJ4V9rquQ0l711O1qZ7bsZVC4SZyIjn5HbL+kcsTsVaZWpv/Yudb5FG8mRMHClOXrh2EuzFTNlELEWF2TPniOrGmTn+KCFv0/izKSrWKUhGWyQObZ5m/o7q6eqgTHK2qjHLWEKEboEdodFgoM2VrqqxAsDsY5hLieADwKtQuxmxWgSRvl1HKaco9aVX3pX1prcc9vfUUXT7gLKqlLma3N/ppO2PeWKvrcmq3S27HsJdqPqlGdk+JFysi4liv2bVkFiODzfWWMozgwbju7dpPyd8Pw2ygF6tOe8Jmam9g3qnbpVVCVc1uOA7Cdlz7HrMWWal1Y1/2Nwc2uhoj6uhgciIkNGHIqEO3qxbo+rqkuYfqKt1yg5oEdGY9ER1NJUy3aELWk25FRpsH9rvPYr8ZlXxFES48EF1LuAMuvp5HnqA5Jj/PP9gULhAzxVAU6ImlymAOoczgM1tz9KWNcx4BMd0yRLzbYYHmsf2FzJ49V6xgxDRAHWLM08LC8ALQc57N99jAKCm7r25u4gyc/hNIrTC1QbT5LdGfUm7Yolq+zQAZnQVv/0LF4vRHbdyOgZyC3zk4aZVZ93Q3lHd+nP6pefYSsiVIUgkI1Pum9rwhEUAlXO7W3GVkfdeeexq8iRKhDPgzL1X3dn7eF2p0NtZdLMcDcSctmIAAB6txCB+fn76LoL8doJ0gJuewWt4LfT8/P7+65wDm0EuB3NlT3rsXVr8Gz01ZX5rd13Xxu/N0jI53s/NTFDIObX1TaIrT6Hgilf3VCfHjOYQDgIA6lz+8pq5Qsn3CFX3tbkExJ8TC94e4qV6prQjQ7XxsnRtmQfi9pXXPzcr1dqfchVCgsLFFZuZuoXN3e9be9+ganLLgAJ61OSO1hifz6esEvDYZkkMBvoFvnBlrDrtVSX0OBnnnD2ZYBD2o+gMnuenvL7Sydsd0Q7+E0QP1/nayLelMOWMCcjd0RFy1c/v+dznY2Ormb3gHpWJwq9w5Ep7ZqYRJ2dQ5WsUyzZQ3tLTUAlKD/KhGlJubNC+brNc+d1DLvBKLGDVV6PWKHoVNmOExAMPDWW7OzK753Mr48Q61L93Qb2t3CBMh8Kf5+nsJEDqkqHEp/qPf4wyRpYAQ9TIUr9WJeNg+KXKgtRapjOY3/psT4S3nlnLxJW27ArctyQf0xpGn7xWMcBFk9RfdM00bs0edRGMUoN8FQaaf0ox33VJdknSvS5GphSwgVffwC+n+/sPgO7P+fGmNNeJ4Mx8Pr+ZWh0BITC6TD1ePMMlW6wxl9jrEeENXcr/zzlVpf0c2x0aQxjPg+WRORgwTTDlKoT4LTiyu+zSES/yoNePez+xjiNjgEtvefY1vdWOyzM4equM+mZP9Q5iMmWm+OvVRWBe1zjrP9xvbhhfXeDMjmN1kG6P1W+KQp/7yx1/ytf62mNA6GI8z499ZqxI2/g/g5GnhYcJsW4ooaaLpMVMri1f+Li8MjBlQvU8D17EjBERUtJ4WmXExkLDrT3QwEmL5DTRvPf6sJOWUG9VCSCPr+3zPNqjc/KoHsiIXFdS3Upr8rq9e6+ru/ZkzosORaQs1/SrjuWGZtJU9RY/xld1KCUFkNWKsqvsF6eRgeqP8gvtucSMM3yjtKv35+dRDdP3q0qUbc5CuxKECwlB1e1qDWD00LCVJL8cQ+Br8NXCuFTAuLYfK+rUdepgZ2bmIzCE5O2P7mBEvI0/F4fsqpeetWcVThirgp3h53OB+cfzsz/WNdjMMNnd39Q1HnO+Jx92idAyrVF5KuBr30u9Zj3iHAFoG/uLN+fV0M4+4yj9PreCbB45qyKNSBFKk8k4XVNVmqmQFNw3w6o2UGbWHWn9+tT07+c3QNVdPfOcJyJgy7uZxRir6957Ms85CM1x3abpE1a3t83883/+iZlBAWiqfj3aSQiAPUH+635q2kGZMnYdaU4d7ZaTIrjNK1YMq7QQHI2zvFD+K2+hPg2AyEdzo6qqIegFL2wvocqMQseROmH0Ahj55ENmQCzXWeIS3rDV3ZnHQ7ZAT9+6Qt0huxnZ8KEIplyyVz40fQGeOMEYzosbiqXbpsh1d0eczPPpO9q/quk50MPMsxxKIvMfz898S+3aLp0rcxCJiZl5q2/ZSVYXiSOeOCRz62mgV4NzVIZ2S7QyyOQ4c2dYEnieR6O+mZEA+oj5ZWWDY8VrGHDymUEP1kbclKj3XkbEjh/U3ya979CbtceW8XO+m5QeN8ouYgmx15kZREYyznmSJsEJvNPiYpHoz3nUzmSewW7HHTGwAiAiESOxRWb2VCTRqG4BAZZPdmfkySNQrKsynpPPvb9VWgDh4ruvifwiJM3gTj156AIyxJI5Rtg6mT3TqOd5YiDsEGDCeTwjZT7pC7JwABkyOK2+I0dL4MlH5+z5STTyHDI8Nzun3z0WpMUSpvkvLYLRBXCE74oTIXwwyHs9HVWL2VMJds+TZ9hdk/HIKhRWzrTWKlrk4Yo+dTGEEEI0QJXKsMxCNYNmauZgYr5XVSJZbVIhZubOMEO6/oHwI5G5BBNLrD+xvnv0QZuTeeLAktsZRPUVDlbdiAMLxLzxMl5QMDDSC6peAfSpZuosf1kOp2IwOIVArHNi+k7V3ATEvp9qSs5FHVR7wgzQc7stM1RNLrqn/v/tKyBE4YzbUdVOXtVc5Tn3yl9xl9ER1T2Yds8s+M+OIve1MpSACzznnHyqWsFzNr2RkqNG2AlX4I6qFO5Y94hMIr6VSpJa4H526o5BRNTUjnKcqOBCf60qZhbIFgQw5xzYbyzMgQVl87WLPdWKSP2szQ2z/c7b9jRkqwIjIvotcXJBYLze0DqOIcRFtCav4cDY/UZUlIngrmZIkMseNX82QkyR/nmefNdq4fVa8v4J2SOE1TOUqivCmRRtU88BEROOq7DESTvDNS9UTz5IMT8D9RGqkqT3D/skSISkwse+kwZWIjwgJPTD/RDzrLKQmUwmhOoek4b8+TX9NENEGOgMBplaDqmEKOwgSNYU42j1HTGMUT9GM1g1sNFNZ+ZT/VGXqq/hngS0dNASNPg+emQby3HzYYhM0JM5Ij0QRWN6wWSe89Oc6u663YW0wXeYqzL3VsZDKuPYASneSLjyAzVFIKR4V4iuuq/mhjPT5Y5S6kar7oyfqjvrbkYwJv1Chqtb8TJGZmimM13VzNDdocb8Pimkl4cMtkIT3JHqc8A4R5BIRJzzoxjrLxJxu9oLcseuNXlIyiU/gpRifXjrQ/UlmdIlvFBUJqdasu3z/PRIXP9QpiIBppW/z/Po8Trv12TkUFyZ78BABbQV+vgqt4TMg1/bBLSqp1Ih0z0DkyHCRJHOcyLi3ts9XbLIaxBsPLKdnZkp7uINjVVU8gZjnazQbcaW2Xk9uolChWi+gmzThfodXY2TWXWfJ1UnQ2a+o+JgVBTrqkcQ05nR0vChRLoiefv2dO7IR9CMnhaIFhfYhaTe46PCOyL071tSdw/VNEGcGQM62N6MZIlqEwEEI2G2xFWhxUiVtplBjDg852SQ6vSm+amPq2UyM3JPPka4Mz4eg7VIvXLg3Dq8g+QwJGJWv86495eKKQDMeqvMnABoTVjLUgPcdGMCkO7l1KBxbLWlKFppuvixHSj8t8jouS4Dlq25k6rJk7CTgAdtasffBkKNwt1dRzOjRWQjJiHmOQeWvkUTMnsMqNoLiv4vAOUsh3TJPW8jLQCl+t66jBAxo3o79jsAewrBKXx+P5Z2BF/YYkKla80gqFFlO8gz1x6dAGuuOJKjMSGYjJ7RXlauvxPg5jwIAiGm0QIopLXmuUu8KWao8AMwleuWNJQpocYLhdtwaWGUNoNVmk7EDIZTwsoYdQumusjWKTQ7O5npTV8zVZhB5DYdih+pDDsMRjLC1ZGGXd1MOVzJQhAZz52e6kicsERS0aynZjqYJtGQFvpHdJVV8uvhsP/fgEtB7GmjxrGkKNscIb+0A0qm/7V6O+dRM6mZnh7psii0DYshu55SpmFEohEMb+kYcKi1LJrrZubRXgRB8+N9D7d+hadEZpivAY63agGRC0KleqrSSja9vI5gtZayIzPrdgSqPzOtnuLWdXLkgqRxuGSi1hoi9mhP0uDTJVHtzNxPM89ayVkvCHI9VKDtCYwYG2rthGl1ojOUD1WEHPwnNKMFhm0T/Bf9HBUgErJrEhYnn1502NYAJNcxQ0VsirkMOGLsJ8nzzCBJdQGaAopQ3PJ4UHU43I8guD/gveLCgsuULBMsdvl5BMDneVTjZcoEnwpKIAORjFlLPY3pAHSNdfQnt2dsrQ3tacq6ecj1LtfRgF60qSCLFBB5nntLxBq6lkVGIrzicYUybKq3AhnXbu9zGBvq+41Fzb51za+Z/vSFArjoTBMRilGjwfydK/o/Qv6GkUyFuF5d0NkVKTrVx4Pej9wRpLMUUq8eR5glvN/VcjeVLdWtGr1Hyyw5g3Ks28SNdWXzP74EXkRAiiWt+sH0dxp2uF3CY1QnTpf0fCefxpBvWp8h9uLj5XFaBmoUSOc9SWq0oKdqWBnIyHNkFiJlQkgRa/JWRKbwenFaZAA7AO6ngrEA+tKQegCzt2PrbvWJ6JqSnYqra6tSdE2rT2YLSac8AYY7JFMNM1C8Jal5PbU9V894tmbwa5s+5+ecc+8l2jRKNQ7U5sSuqoz8fD6ibVmJXq2CUHYB9170rIeVOkREkvZyQJwHdD/1uTcilxwQZKhcVVrX7jp9ZPEhUqqgK+/dILWfTB1u0d8dmXk/hUEEZlor0CeoHQwDIHC7umVsHtyIJIhdrA5f12nJFEimtnkLZG9x1yYzj/RGmKorJOfz+RcwgSQCXMcGgIGfnx/da3Td+8k8z/MoOkee8cyi1ctLryNENhhtf1fP95SkYX8xefDKnEcAGmam7617vdyPqs3+mAnrbjNbow+wbpEEkburmL47UkEZBtjhUItwSobmULq0qn6fc1Q46SKoufl5HgjF2j2UIkAfrZ5eYlxPR/JWR5zuEYI08nAmz+461XTS81T1v808j97pmqJPdZ3nkYekcsZa7wVq4qR2RshU/BEIhfh8bv7Xf/3XzJxnPe+eg+FblwS8ooQMlRcl7YJY3rpLdMX8+/vrlhkTMvnY4Dq7sAsAlxWY62alZPBy5Ml0mw1WX+yMS5XKWzbhNZ9SF4dWExvLOeLOh/2/JUEy8458lyJomSr7T0DkgMdW5ZBhXZjVaysrt0B493EDflaYGbhoFnTgj6EIMjN96x34+LCD3f08P8C8U7u2EM+M3YVyoqrWqUiPRcyOuPdOq51ORpxzPnXdiC+a4WYjQt6R2+bUPs68dSNegYVWTSg9RGZMq/T/UqLez6ZE6ODuvR075tGFIyNCRg0S5at2gXEf1YXRPdOVmQHcWwZKaIGbCo2IwPLua9dX7GzEIGjPZEZ1s/d6wyDpuGOJjeBxr8ahKpvk2ygFkdk9/S5t2yJd8i6qTRoTixb2NeI+fTGlAPa5d7ryPER8Ph81okvnYc3r3zo+gTPbi7o2UOzLjAjbEbrp365Yx0xx8d4bC5zs/1fZ6XUOJG8pORrcNMcUViytJ7Xt3QezhpACUIyb6MG/AxsbQMmbTD/wT6Pr6etKR+dtwn2BPGLZSwHBN3I8VyWtK7MUG7MF7r0tuhm+wNMbe3QmVQ0zkfmzPb7z4Z/HPvb78BhDlFMCXxtlERPz5PP8AHg1TN+nzRl4xPhzflRejMSJJ2vWdxSrEALONkLnPPPnk0eE9828NxeIjBPa/6Hpm6sivdlVmiv2bmjd4rIwWpgXEWdPBYAFwfqcR0UPbeDmAS0xkVGe8fB15iXFso9VQemlvSd2OVSu+zx+f1UahoqtkMX6OGm3ipAAye29ita+zHQC1rFXq/DyPrRDCC16/giXW0KT//C8ocdTNbznQR9WhLvlovZKHFxb5rtO0IOuxdNhQvT7c6qKq1d7UR5x6PhepzEqox9CQuzF97ONqdsdK2LTcx2PZ/wMc03B5KAbHkuPzo/uVOaSxEkAHy1lUojw85xRMbWLPbnRW9E+I6tvpk+mhMw0KB7c+PyCJhEhJpBiGt6rrsFjZFDm1L23zT9Mn3nQdbW/0cjRsqsGBte86oQONt9v53+zBUCvZ4cCOee0XK6oDKdoZtgI7S3E3S05oYbiylqaq9Fetxo+SWGG7AAAIABJREFUKRLyTwQzP6i7VXSGFa0qf9aBcO+7A/gfSs14xZ9i80ytFjvX7zu94i/oBekAznnkfwB8fwMaV6LdwXsaPT81Aw6ZX5eUvZmOIQFKJFGrM+AfhYeSkeQpjtixSwu4yhjlzamZefIM5q6LRURgKLYEv+eQe0rwHsKIsP5slx8CXqnqoSBEniKAXTz4ju0Jm8AqYjvGnnMm/pQjg29NEop1F1+voRHd+GvBAVG542WDQuFR2En1m4wiUpFHwL0Sz2irdqbx98jqjxP0Zj0hNXdlpsqb8rJP68H173pmnnOEpEDavm/12G+s4N/YokCVx2zjiCCYriWAr5s5rccVFyzvFeS2jHJrkiwJ5fGgmt7U2dMj4oveKRcCjqByd1oPYZvXmcl8IqNsaeW9I/4YGjwBe6dIseqeR+6xHub1/tnaLXF67T3hGvp7OGNJPHp6po/BDAidFtEyPJ+LiD8SBCyD+BXsi6o1MyftYPAdvr7DTNOMbmxZpj06yqdSTj/Pw+Dvv/6lPxwndzOKnoD1JUJDEExM3yujXMaea2Fex6bkPz8/+r7nHLEXrdVw762PQwBd8kwhgE9py5ruY9BFF9++bDxodCI56TMfEdcSCp5ztDpVjNSdYusgqk//ntKI5ELktWIO6W4hmBa8O7nUaVdPqrzZbQ9Akl4bOeC296Io9dhr8GTOiGAzDOTas6z1sKNRhDW4f5VPfhe7VOZlTX4tjnWlI558ptEzsS3i+/VbM7xUrz73fpRSdVreczim1buksY55RsB8+r07Ac3bXyud1eXq/DYm2/VljadahssENQrVpZ/p1ziglw3dK9OJNR7w12GA7Loz7OnPvXpuOyb0LoRZPiYAOxT1CKxafzCLJmNzPy0ssNQmIoDQVMZBFFzrs/i+HWH69j1XeYF4Kyi3x0JUvNFkvOp5Up7XQGvj9yr+9bHFmRO8CMuyMeMae6wUUWFQ5KvlhRhgwfM8D/eGmob4Fk4zY+SXXXjdLN+qQzXkPnzFE0RYoJGhxeEpN6aX/EGQ6NcGQLdmQRhE/I1OXyyFLxk8k4jf3//T+0kofongVLgoyDzaOGqNi7rUgX6X9+WIqKvB1sxsqInMyPNiLNw5vWoAzQ/atirbKGq6wKi6L7qyw2xNaeKck/hWaH9rJOFCypiWezoKfbPe7NBdp+g8z1Y4LRyJ70zOIlR+rSxX/fYaOEsbvbWB3J1VtGdagb1wVBUjTmZVPc+j8CisSUEpeARvns0vJM95YKthTiPkjZwpdYhmAAJbPP3z9VLBE2pkTj6tut29jEfO1cWAnQ6qIlI7XQTsvmo5h2tlE6ko+qu48tkw+95Q2LYO7gG1VOD2nZmfn5+Zkc1LdZ3MZ6sy+4uOrWYUFWdUQofwtJl5/SdI5jl/01Z3T2lHEbb8+2qAXoaObtx0r/DrjcZSAwvV+QzdJIat9ljdIOStD2C8SdHNo+YBT3pL3M8//tFrL/a6XDzP09VVNfDe1uc5tgMYVe/5JXjNyC6d5LBlJcdxXxCM2y2pcbUBmdXuMjQKUnSNZe6bwKaxIDRDJeLZFWuEfYlrlyft/Xor+HenmtgAR9m5dotGeMiE53kUVxXhP/cDoG7NlBA5kctfMP3eu0I6UeSN4/nNZYZwxe0a3nLIkSdW9Q6COOfI6OXWfTMvI2RqjW9f9q1bMg4A7373jEC4Dd8afv50iHv+/RMyEyFifW3Q+VKyuLWHVgbWLUQ0CuggTPqJ3V3qGYAUQl8dpzYlYLyQg0h3BJh7b9VU3VdZW1V3OnjCjggvI2TOOb062v/4+UetP5jqgJ+TU711Ebo7//nPfyo+Qy66o2dAL1SJZ4y/KGETU+maJ8arYq4QkbeplneKSF7V1yjgct4HsoCwOab+a9ivxhBPIIRIEHHU8EMuywci3DE4TSC+dkNiccZKcl5QnqI4ylUWNsMZjdysw36Ts8RufP96iQBxUn6Xhl3oma1pNb1xkaRtCOelVXrNzsQMOTPP+cfsogJ5uzznke1LA7dvLjqNra4mcPvGhrCIwPR5cmYE+UUkT5oKl/KjPAJwhEiFTHUHE7x17/1sXcKZqb5beKsI0wjaZatAxoE3VSiVjgxagnG00U90Br7A/4sPRERrQyRnwQtg0LfOc5wdu4DhSTtsrpElZC5A3voMWo5y+hmf+9tdbe948QZK9TVWDqAONzCiuUWE+Il6PlWf7hIhTpZWbmBuu0LcIv3eTzsnJYg86eDbDeDekphIMuGTaaatljQm5RkKNWYRJ4+r10gxlcaDmSRjAiBbps6y0BmfXhmitQbH2phqs8iZd5AG+1xuYOwXajOIGYiUvrJOnIzkLp8RCTBfuH+3LOqcmAs4xqQkDfbVFqG+ihjmAdfaRf8ZAXC60zqhsYyR0LI+ELopDFuyNsY24I31lOzAq8tO13yBiJxgnvPEMzUhWz19hRYYR1IKJCCYGYJCBNBIbEIMpjFYVB0qlIetAVyNrBjLFsWu/m2Jdu+vTHyDu7/ANvJchaV79tl+TG/k55wA9b1C5sWeSF+VRjKBIxcPa/K7BioH4gGJAOQ2bxFkgUeibZhoqYQ66Cfc2C42Lf9SaTZiSWcjv0KHKfI8EhNEVUENpr4hCpzp14lu1e8K7YOlRbxQr9p4VTICT9/MoI+QmvSffGgTUp+THWiJW5RhQKfDBeWoZSUwhrRl1xszrcU4oge4aQ+VNW6/9VK6Wz7mGYeI7tH28Agr0jgu/wkkloY1LUdLdchOmmJdzYZBEwZbGOW0fkwbjllMc9PWrDW6W3dps3YwT4D588hadqnxMjXz2EA9rqIHl5EHIPO51R406ZvLV917L5MOJs6XaePchQsN6VZkiAo97/hlJujNMXoXHEEJZqBwTbqGZuOSqq1r0c+Q2RkgoZU6GoHOHrjagknQX9nme0OTw1FhRCNtzMnsmZkbolefFGjeDa2gWIwS+5rkTlyS66lqBMDVwjseEiAGaLlfkoMBvoQ3mh8HLnIrpj928WxG7J8X7RQy0QpSPvKy2iPGOazXBzzOzn5mR6EBYrpDg/Pud7IATFXPeFvAiUSPpNktPqancKZ/zPSJpIovOXWaxUfvvNEjF0CLF6x3W5JBcYqVkmSe2tNWQvFIhTAzgdQiDTUDYktFRELKtgBYU886p8mWRI101xhj2i2OAmsEY3Gmq3xyZIEoVhOaAULaBVfJOlHdE5Zqzcg/0JwJYPA8Pz7PKtsM5sQyjiiTF8+pNOxcosCWlvPSYnTlaO9AQTKI5eYDu/l2mlxTzaVgi+5BahMMoH3a76xAvNHBc36k9puBxe9wlDmZVzJwQPsPZlBzGTiZaOFP0y3lnfxJ1EThZIB2z3se4fhBmyfUTE84Od1qBiPz1m0xhomBG/bckkOZ/VjqK/TWWSgia66U4Izl+l2vbPncTx4Rv0TnkPQqSWvIFA/NqGcK+MsVLEKRSkaxM9iFzLvwouV5kpnhGkxVene3JzbWt+mBt+zdSN65UigufUq5mJw5mS+5FXuBfXp7lW0ztPXH6z8ebcqCeDYdpFiHPoXBqjscdYxdZVBb++As3dNktSWYJjnVg91O0X0yT7BmTSCntVWV9g72ckvlvmQk46RYBcgTU6MX+hFEmAitB9PoEdK9a7ug4mHyVajDpDSpk5XpKN+InVp9Ph8Az09W37Viw4Td8GP1QOSbZMM3axqztGLl5YHH7WlzNjE/U7vHFRUjU8W5gpYXSwDwSkMi9DzfNgeeMeasDgbAk0fryvzeW6Ki01NjBWTvvYTOrW6TYl2cWCIlXGAOtfFCkBYwE6gpxYo1Y4nlfTliCAXt6VSzFiLPcVOw0l+ohnmOwN8enx2N93QBZT2njNO/9RnY3OOFNXtqHajmDm6XlgLeKfh1jBooIgIxXvCWL81ijHQ5VOpFD5BggGWXEgCTjJnuNQJVhWBvCpFLgN1TFd+X5rwoKIAR7Lrc8B7iA7WyISIoL6CMB8StQsxr/qw+gtQ+HtkxdTA1k1Oc0YWn9vEgqnTBp6WSpviR++tt5YHgyHxcwEswJCjAhg/1C747falKVp1MixANEsmwF0HNUSZFDmodfft5fiI0huwejwCpKnnZ/TWj0j0ZRNf93K7zHFKjE5srxo5PvLDU4JowE2ZsmC8TdDPNi9e6Yu3yhe0Nena/AU2EIvCugdUeyxnJ+7bMUqyw9STQ07c7ImX6kTzrHBgvDKeGQ7xyebXLCTMiQ3mN9jZU1crX0lA0SkzdG8P6lEqiJUvNAtnKv7IZsMey+GUMgMOA7DTo7xFhTsCQPPGo/QtyChkZmRsPu7rlXmgf2rf1Crosl8wRJFDVwSAoHw7P3EgyenDOkxIhuTXyvhyVFe6gZT2yNl5OKUMy+lbsRI/kTBeaM2ScyGFrTYULUqCvvL8qn7NA3ZCcYNkdIU+w6wqxCfPY7T0eYfmHZsZPPtMzZGuNDbXcXsvMApzMyNSLA0ntTpP/ce2q0VFXmE8yMRp+IyBN6hdLHG9ODzJ0X+AdilmqAcKq4syHw+G89YB2hslES9unZ+bWjYSSeK5f9VidxojExOf+TuBWBanlXxFkQLnm8/kwznkeoJ/nqFca+YXKSPm1bgb0UWVHjOTtCtNDM2TGnlnlhXZD3Blmto18AoOfczL0hAVWKQwWdpQ4Qe/syXh+fjCBlhNzDaSw59J8hkgMqz+ktEctbE03MeOpuud5pCnQF7v3un4zaMW+ZUhalS5n20lMTAkfp4b6x1gTw6Iemn8AasmH1jHebuOTsyW7yzapYOZP8Qb0VE9XXRKqiyR9QUxrhbPc8DLfoWZESEVXU4CnXPNO66k1vTHDe0ucic/9zIz8UZzFhHiEVb+6fbEDY6zt4Xj7CLloh+hKLRJDqGcau2BJGCR3BI2CJG0ARdnsbjTO83TXk2esL+RLn9No7Zysuvnf//3fIxuW8cH0FCOY8XAZedqF9W2xlOFb5zgj3Z7G19LR8/at/HIsTeL717GT3lj6w5fpafHflzZeXgzypYJqztHdTdz+ML1Jc9mvLlBUgr/FCj1RjAh7o5dMFcVakuMzfFLDI+21Yl8myo40FjirHnoxpuyhJI57SzwAQdzqwwhK+fGZmZNeVzU94pcHJVatReAydxP6c0TpjS9NPgKklXfWaemBG6W69wa9DJPLZhL4EqYhu6uX7kE36H0Rfnr8+vsTYTpbxIRXh/fuIaANBDzlAxx2VYMqF2Gklz/Ts0XYvpngidRmdoPKmD8HcyxzW/LmzLQVG4bqNB1xoKH9f/J8SQ404tvyAX4BWSN5CRWh+YhE1mPg0BZJujwLQqkHm5VvF6CDwGCmt27m2JNXOoA4kQDrejQnFEi7dDOyVGUL2hib2aFn2aCLtXeLjkFb2bC7xadQx3Yi9fDVmC3jDP468vMtmbHEezGmJ/1GBCnov76c64WBZyLiec57y2Av70EQms3u7d5b6Ltg4XNGZuqVwpYmjAzpaH1DtzLffsB+dpTaY+1QMjMZveOcd02Tm0DZKdg/V/CrRNwtpoOuwm4NSQy8G2C+4Wq89FX+ueqZhduNivsZrUIaBc/w8lvPkPVf44+SQGc9My0HHoos5h0PEUvqDPK1elXUj9AIcKvGAHKhxG+vCOzGGrOTRlZR6hxm3tD0TsjTpST0lQBoD1iQ3be7zxNAvrdbg8bxYfDT+lLFp99SchZO7T+8e0BTru971GWftZft2zKXJDmjlUFuofTzZ75DdX1+EjKM1v1vweXECtrCSL89EBJgTwlY1z+5y6ZMCB445Smacb+mkB1v0hzjwrlNLNAwi/Pra7Kvxnx/GiR8VQJveppt1P+Y1C03kKQK4z1Ln7oy7emqvaejb/j+HLnGC7UTA0ttrwo8zUT3fv0b9VLPIYJmyzoevs8qZCrlf0PDzS/53VCvhouY/c6ixphfuccPJDVZxJgEOssw37yjZ/IdCFUXwAxDG28JoTyOfZjv3Qm6extAzErYhaDBgeQRwK36fK4C9eZZnOfMzKfrG3lcwGGD07cz9M8EMJRZsIgLUgdman+dkdlZvvzeFGMNV8o2QGMzYcfvM6weYApj04kIg4YYEK4QxDC1+3YDw/RK3LOcI9W562FtesceSO7E2v9DkM1X9quPKprgVoZv5VBVpR5ehzDTWQy+v4KEgizNlqpfpG5quPOJKy5YfJWvPv8mRiyPOEOiuIz4fD4D7bCc3J1MeGdWM9ZW4iWeQzX0y6XNc4J8JPEO5p805++iUK/LPiPlaMjEfrjeoVhCBnvEHrI4qJ3h0YPuG1QaFyH6S9N5cyid+6fZeZJY6/D1uv0mF2Dx1i+VTCoKEwUWptIOxnm5nOh3yydEPdNCWm3FCGWZmJpXq8cFdKSVxM6T3ndntOi9JhkhTgWsRSapNWAOOBBbatlPmOb8yVDx1ksOL5kTVA0fvn0AcKtj7Rpon3HVzE0t5ZqJCYdxwNmn++fnh+C1MhJSKOo8S0WnvCMY91aJXaglC3uc2Wip1jZzzVhr+N4vH6T3GT7PgxmCt27EofXigWG1vTlK+9WAZfJ+rcBmD0Ps9q+XRwUwdgEel1Un5qAok0LYtSsFf/aoWQ54hCHa81p3tqpVv+n3OsK0EwRl1eXeqKtUfQmNdyml5zkzNlJbMsSsOcOykEB+F2yux61j5gQh4/gd6OrDhFVB4hSrap3IVOOqiKSGH0vKwXvRXE5nMiHOiPCL/aYkT9rPNiLyeBuBbhww8k6omRLkmkGvunVv5XQACHpYcoNrpbcGmFYSx0g9qQo5NOuFBoSOXd3br7phgVcuKv19q4W/9RINwX/rBEX+fre2juvEsC4E7yekCymVNfmGzX7p9+tBPxrR2S1XXTAzPMRVtyjW6KxVpv5Wd4u1CkTmUa1nhbqAr1Yprhf3ijLD613+iJJjc4fyTr58262XvjWtB1fjanE1B10Ka3F7twEvXwSLMrn7cEUB5SbdyrdEeLXFb1yyrEpLZOZ68V5E1WeMEvvZio3u5zyjqkC16/tdKIzJ6MQ3VvS6CACYVh43I3MMFfvdfQW7e06sfyXju1EJEXGrSQr7fQnLby2tsxf8d4MKUhuqdKc0BxKAoDqfy250iCPl9BCZWzaHdq5QtbY2U8ox1RTBr9pb5ZCk3kMkYzOSeS2bLXcvXff+J6aJjySNaGeoAdfVQFXZ1nvhMsUBsfJfpV3sqgxVSW+y3seLL7A+M+vMvudTtDwZKup5Qq9Ln4sOrJ6OK7TSnEq+ZfzMzCxevGfdpd/q85S53rJfGZFLaHcfsnhXrO5VgULCiwyZ9jm/vHGbjaON3LHFtu2SduBnsEienKdR0iJ0z+f3N71h9Lb0VW9JD/vC6SFjPRLeqkmdAFWIit/aKk/Q5mT031efjo3qjiUt/dsHifjCqU4b17mfqqon834+qoet7D853VISS6fyaLxEKNdfveiMnrUVVhrr3tuNmXmen+6ua2dI1d6yulUE0K8TdjdjGBoSxR7rSN4p5omjHW9wfSWrzKiufA7I2zVAV1U3gXtvpIh9O7J1JnLaOCG7LX8BRe/M7JkgClPTdUtkZFv4Mki+nxOae3lM8LbJ3yeJ0dKOu3SNqfqckxHPOY9GZPfzmd661EWsFFHs6UAMt7zwzGHCx3XeX/qecAAzJRzp3Qp8790MZZRJH/eNIe/VgFFxVtUQixAeVYGUzxoWo+YbOjaLDc+TeguWL+EtD3DCGzbfM443Q/w7fi7itWoP1WAFEQq96kObbiU61w/MzJoSuQHA2HVPfiFJerWeHqSGkdN+UF39R8X+fSwzk//v//p/GE5gA0SiLYjURHREPT5Lybo9LggQmUefL0MSLTGAcrq7OjLLvJfky4OmzDbO0kn6T8DdtNATyRfTdNCnSNAmqN97Rd+pEo+bjYl8RCT7HoVuAXnv/95DhZnJcxihclYZSq/fLSI80+t+k8QlIfYH2RFfIpkcqWaHgVM30gNjsZMiUhYHQeMOuSqBqgICw64rq7AZ1Ee0aZ7M4JwMeUi8B1pJLkhZN2SkDPYd39u/SwyTwHRdMEN2qG5ij0Tr8L70ANCcT92hFQo9mLnOcBHVpR51gm7JZOmlEVNKPvNy04YTJx8XEGDXBPM8PzMVuw3p5DF1pYuiLkN0m8cjdFJ8roiAaLWLRqy1tsOf4qy+ropdYFq71Yl5NQrTEXaxL1SGqiYJcvs8T0TMFLZ+G7Bun1QjIV9OwfaTGScOXClH6MyMEF4CEycgg/U4gCEPwUoRgSmDHWS7EgSwSh2X0x4RAMh43MkE5ZvJt8bcfzKCqa13ulMptnT3uLRbSZBDfqb4hRlBpGrUb++qRamI4Gl3fr0EEDkAZ+ZB5Basg6SAQnHb3656piBfVGkptLbWqjFrbI1bTSmobdDvGRfxQGNG1DmMrMxjud4aQpjdrDurYuvW7a23dkrIzZbw8VN74BpZLNgKJULxWxHw7t0gw3SrWKyO9hPElJnrs5xKumnLzBUTjL6WUMMWAhjubDyK+zvutSi4Xqh1/GTcn4iiGJRaHPSrVqEaIDUk88+MYISgmRNP/Jnh6y+pDxelfb2PeppdHYnnOdq/phSrBRse60S+GlXZjitAVtWJJLGVK0eOhOYFjPaCPs8jDnvmAxky7p+npx0d7tkWTJ862t/OKA2qzsOIqg9pjTGTciQf09/WH8CgqKsK9Zb6OLGA44wk6u7fekbUDK6keM+QCJrfJnZigBFvaAzxal7evtZeB7Z8Co0G9i57+AGS+pgmHPWfUd9C57ITnJ1GRXs4NkDbNCyiuuyNTIqoEonGd/GAPOHGsw2YRD/NePc8q08weBrORpaYzHcQEm7RoV81i+PEtrpW4eyjA8lqeEcNIL2I5lXBmG6YumUB6XfME6yuAeXgv5XuC3l/I+Nb2mJGW9Ekax0OGVKrMDDdoUUFeez/YKpjJAM9yJjuN8k2oOHBTM3XsdAwBBEwOSNmh5oMmp4nP3FMxDEDQABld/IE5dsepmWqbKQQZDOSHMCXCe7ajriezM2dZsaw40SMrw+DKi4tJ1uI75zjlIy47aWRkdQuwxlZySNWHOgoIY0SJe8aVc3lTIefPCcfqj+WB2u/6QPdtYNGRTUAuHUReOKoQM41rqke1ShfTba0MynmOWdq3HbuUHzGVE1NRPf06lcrWk0TG/XbvlWhRc09Ja9SSFGEeSOwshq3HvCuvzzvFeYsEvI2q5EMNgEkVjLolMkdZzM4vnpi7IEgHd5JDMM9Y7rycfvoYZ7wJCVaRAbHgiK7ANcFJtNabx3gW2WeC7OqFQmmmXGgPY1h6HRlzXG1e0IesnkGfLS0fCZOSlcXiJPJdat4Irk7fiJklWtftLdnZ/gL3/qlHxR/8snICE7pwTgGVk/SWq5BtePpnPCmkjs99cUfA0FwuuKkFFXMeD9e5kOGt15VP//xH9yejSuBd97ZgiYifn//5bwZEvjXrXqe5znPRkJMQPsK4OlPAA2wPFJEi888tqOROiGCn8+HoHbqEHbhF49sC2PzZUmKcLPnCjNjprAixm6KkosM6Y7vnHPCJCpSix9PMGMxoNlaS4QDEqPd7ORo+wKKiJRbCFrrFt48u8esAlZdaIO0NhAOcOLk68ganJqvcyDBiOl7FsSesSVCVXXVk0deye0lq8KpuTDxbDSgfN613M6DEnWImZukqHedEWbwYXpGSP5OcNTpxTdUaQPYYEaOWzbbKcHEpgnzrWNXAJcR4HQ6O/kxi6EsSxMwvg60g8yTR7Pw2N5HYnExKDw84w6MVWgJIITix5jaoiJwBxVfaNhWPyS1ITzIoXx1AKFR8hMPXdoZnjj5p3nfhG5viog4Kd+zbsITF32gYElqjCFTK4FIZh75y+s5d0s3oMbED7H6BkY8+bHZTmO236T58n5EkaURxujpgWTyrBZgzDydRoTu7G2s4nhvlws9iIAfMHDT7v4N25LB87Rnn9ZL3duUioVoVOQRvUADdaJjk1HGwbeenMzMeGZVSqLW/d4LIkKTg773YwUhJ9LH81bRsmfnBrUoumXbub7DTr6jhUwzowOcnjw/38nNhPpfjs98MGP1SRr6QxUs+eqQQAncW/+n4lQEhohQv6mvXAAjp8YDKyIiyeVo8p14OYKRnG7v6VxaukjRMvoY4HX30nbumlV/znt5olDDiTy3aruDXAWDRjLmU69rpMCNjIhhixMNEsGaHsVJHp03IoT2SxWwFTsxXvarl+jNQxEmRusfL62MrYF9yhY6UAT29CJ5VCB0d9CqhcXboxHx7tVD5Qmr9mNEYw3DWLMtaWm8SWXrNXH69Ec3w1PJGWuaJxgpmp2642A+zxnZzEKSuyAhRc451pRrZxAAbWl1dEJM96fr9s0IMXsUguTpB7EdwEFF8JyUhgnqqwbSE2xLpvgbmWcCIvd2d+TOHbuOjY7FuojuEtLCE0NM9cx4e4d5NiI/ecAfgd3jWJm7MqCdrRTAj0khV5snvM8J1ptGxLGzsSbSOKmf4oOtDxdjv+X5MzaemcKc5Ofzyberapzz0OD1s0nbd//WvdMNaUqiuiPRU7c+5zmA1s5nz+TJzGy4DYTJt5qCkEIsZLrLnmkOQMgy8f98PtKLj/TTBCXTWPSSGlyJ1BvQBi51rAp3PsOhg12AgXLldyl7WpLwnjznzc6RMcKyAhxNGR81I5JXro99famiu5TYLXNERlZ/GGZjaAccNDQdwCoHae9I8ORj9IQeAmhVVeYTkbdb5VN3j7ZldVfdOAn5Y6uh0qwrzvKEcSJ3jdSeZGbdz5+RnkEQBRqhult9BXeqmpkMVlVfF/CYke2tIqqiTgg8HDJsGhsI0YUVbnvkvgBiTsb2nsLa5uQR2tbErbKx8P/6z/9PRRspsQYWIH7Jm+ol7eskA420g5uqK83JfbidwMKGfRFPZuYfttS0sXjQOOC/FSgibu8jU+gEMlRGAAAgAElEQVTpXfjpEZQTme6Q/iKC5nMlv4LNMapoPLT/uMo+z6PKUn9RtIN4x/ruDUNsO1lzqJC9H9ESZf5jhoA+8/t78QcG0qBW4OWx4ItYuw9mgGZIyT1QBHssS2Jmuq/sQTUgUkEQ6zCughs7f6MV6931yQzxQTTIaSN6/pDdE+54oYKFDC/6avnGCtpTGe0CDqmK1rCLnfrVSHhAuE1FRN1+J2k+xCFE1SPKJ5+XtinavByLVCnOTElxg+4ZYjEUYAV3cj3Ge259ILuJUQHqKoUY4OQPQHz3pM1gnjwrUDcTRPlW7zNEem07kGoyPD2DgqheiiuZ914rtrq77wy0SWVmIh7dV2pZNDQH0my1zLdaCRIMzlLXSVWu2K/LgsTOFQkhGT3CP+jdiQ2wpk8kMFdqkr0Xyz6brhWjaClbL7qui6/3myTZNe21UD4/rvnauqxRRzujHcLy6V6Fr36dIDW+f1WwymhO8B0mY2ZiqCH8bnnBjB1X/zILIlIhUv/mXrNBDS96OmMtTkTYKkFpGBVJQqR1sTvFfdYE+M/9VdEvztQWjDPacPPGh3cGhHG7+x2avizsmcHySGZHHTBAAEyDKWygMewSShwLgnOjU+yS2L4v98d12GBdPmPj6qh4TMZLODfyoGizJ9YqgR3kOCHmbpEd2W0RmbS3oL6dC0uWbFXACFZpmdNCYNgZy3K4xGpqF779xv+pAmxx3iZ3fRVv+mOyDVj6Sb27YXrZFRFRvi+g9Vt0DBfH9g9hYR+I/e6xNZD/TLKnzYBbJfJ65cIx8M9CHcdnKCXKiM+ku5Db76vh8wmJ+DcuvP8xjrH+p91ftdP3JPj9qhcwL7gXE4R1iy8r5Ovn2N2+vX4IOqXv9GL+fhi9rMyft7T1+VlTqVhPZF1yODWLTa+yz82t50PoWZ3c92CvjxbD4+FVXZhDRwdSlU2+YktXVCnyZ/SywRzuT7+iQzpa2/5Lw7zHBrJy+u7z80RkVb2ux/rJTdx7GbHnASNToFe14A8K4BUWicr7rZH09MT79piZTuLE2OFBsf1rd9Dr8e1nAsDru79F5nttvwd49lyR1DksTICf388eBvAPu7blpuTT8310+jw93X2tW7UMnD31xkMdJlU1rhBgErdANzUE2CqFGmfOaDlz150lAMafDQTmhTFmauxSGtV9rVebPElEdXN4ztH+A2k7lAsy85xT5fUMbX4fuiYiNeDHDl9fIOZzf2dmeiKdFDYQUZ/fmQVscZ2YymoKOxHv4fEJBzSf8cRypYr2Yobd2LD8WScU4bP6973s75ke9aIbqYIBTB61TKNLQZU76xniGKuao69UFxFf4l9m3l4BMUJDRNuMaD/yDktmrAMdIA+5uz3aIMh0zZuYfryXsrsneLAknljlTe8yz00EbvM+96qqufdzMt2HyZdhvbP0hH/raky1WaAH36ZgbDxN2YHqN333G29fwNV+xUYcsXo1VOuZFylSjR1mt1kQBtmUeJlhzYixqKenIPwVrV85fOrS7IDfUUK9VHdEGo3uVtkVXzsgCa+gG6fQ3eugBUDPX2GovKTER2UA6Xu4+sJ7r4GwgbbAawDgwiAtT1ej8VLiXWVpK9iS3wVWNlHOyr7yApcFu+97dHOh915/HKv1HFR1y/a3qsSqw6rH3sGkgD8yzjkbh10zRQQMBSIiaHPabTZjwsYOoRpP5DnQSztyTbF77p+HD/UdPQ3E+0h1jLtFrSstbrJt0R+Nl5CsexWBJYbTBDYAg4/qCMwiXuFVakXE1vB1vQZmul9KCvCCX47peg4z7qr0dha6/Tdusv7Nyce10PzVrv05pX90GFPNpWqFv+m7lMXVXdVVHUANpch271wR0TTF/qV6wGfPKITs7PTnbdmAlZgOBKaL7IJ/r+hgglFM970l+INeGU0An74aCwmUgXb1fadyVN9KvkFpSBZqyssUNzKIPUbhsmhlnIgIaEHrempqhE/7AGOLI6WkyYjY3XIRkecojzg7AOd5MtMFudmyIK3kUzcHUchdU6njiJlyxumRNYjoerP6+4g4Zwlwxlh8x3U7SFJ51r08MvJzPxNMRFUJE3DJE4vJRKiYFBSnLBaM53n0c+qljLixAmWgp5Fra3+snl682MXMaLvsG4uG7LmvlEcnLU/GWkrogKnu1fpZYT5Kxzp9r8qBEfdWl5cmdjdhxO3dB9m7Ne0tA5bu4zV4vZBH/2kWCBFDzdl60kAwvD9FhC2ec6T+wcw5O55EnSexWzTOORgZzpiYQmp30i7ZslWZnJHUy4eDAlC9FYuIK8RiHd+BOvdh3ns9+Go/YewYSdvFPL46ubGxdPjyRFcNiqTGYGoLxt5NfgvPz/O9+DON704maeS4grPnebr26v9p1fUK9bwjRLHi+gfkxpMjoyRDRyW81ybMW3HRsJCKtbcz6jtfcQmqq9fZVTfx8/kVGna75GXtHRhAUHW19amfLqXjWaHbiS+7H9Piy3fVrc85D4G6lqxt4hNOy+6JE5xRbW+t/qqX/qKdL651R778jio9w0AvFQ/Dnum2IZ7cFZ0BvfFOZyDjz3aureXEPLJyKyLkO/06yQMCgf4vDcrOzgwz+jPPV8lRPz/aTasUwxmDhHUvIx5j93omai6ip5NHNwUrL1BFkU7H/eLJt+rn58fESr33cLNWpdU++fn8klSFvOll3nq1WyaRMzP3+nAibRmn+OYhbhjlbq4mUjyMwS58RXclFI56leJOesombVktgVQNmatGUt4855kl1Lpu8U4IwyOLjfyZkM/4QkmmjMHrxjxahf0Ho1DUWJOVF9dzRaGei/H5fPI//+s/37/G0dxlnjzi34drMRB4zsMdG4gQJjuY9gTZrCCSYc2OcH9XBSSvY279fn6rB/qZw+pLUhPpCJnDgJ5P6+jIxIC/9YnUEGsf6M63RaMVX19RHYD8zv5NbhjZMxk852iJvXc2rPIRgG1MdF45VRe0XwQAHegRjkC86LaassOgbZpyC8oGBo03FMKTGJIhkshsVRFfF/UYP1QwdIzeZ66dEJ7DvwPGTE2S+9O30c/5GSkjXjDiRbNmqbgrPB3g0Uo6RDKefAh2Xw3chtDEPiQW6XIAHjOwupB5+IchaKn1kfdZa64oBuw24fGukJ0lsHCZnrrMsldS7Q5yNMlTW07WtDysplQ+pqJq5rFWeFjVyZDltKY63fVX3JQ+qDrGr9rA4fVo4s3BF4xDVckqjsN+V5q4LlOBBcYEA+zQZt0JkJpGyW/aK+kWT1BbSUJbM0KKSEvHpncl2nmeSF1KA6bagi7eUTB7RJsd6R/f0oYSMoyaQNvaMJgnAYKzGw78gXbFGcCpKrEzRFqRDD94Ms7Yhmh67jQyz4k4kSJOat7rMOR7JYzyCCTQM8wIbXaRQ2uQImhkZFdjkHFOWjboKTrACDEXevdwZEaPK91Y1gnc2hhIBTCrqho98o1+OtLenl0djJOJseVRJgS9Yh+j4kN4GhTuEg0fQAYySq6Qu6f7qCFspuNJjwYVXQPzX1TzJnPaQUmfUiKMPJShITCgto5spAgfQaF+kP2xgFqo2oGo89VNaoKohk3ct8aajA1bpuIRon6qrUSAXSPpuhuDXc4RWySpPQAVj7k9MAHRN2apT/MdWlcHz6yr2NBIq25oRMxUdyWzZ6o+8g/QbygZUhnrB6SX1sSK2f3yfzkzcbLNqdlQrExsErEnKzPNTE1KaUDLzXPvXqOXgaXakwMBKwM8kV7Ds0XpGO+FnBduFYHI6GkR5/+922woD9LFhzu86RXi0LQoOyLMYKA5XGbNjYj+XIevXakXVtdpHjziLa06QWgGZ8rSXQuDxB/EIBqoKfHnl3Me33iMsU+qsvZMgI4P3YIgMa0mR3WmF9XaiWj8a6S2oRUMs8zrt33lFyOC2UmlLVDxbkiSHsIA+XbjAALpRRqgG8UqgjX3c3/F9dMDKfSs+iridM/EV0cPGjATKGVQlRDRnVYFsNeKZHqYoZ06ZrbyRJ6ay+Tte6tksr1Av8gH5jcSGElzhsQ7ZAKJT1fPSDmnOBHI6bKSRl6l4AzkFaDYoUpL5Aa0XPlUM01EQCd/+vWIVHM13RknuE4BBtZAeP2VxgGZcbVdd6rhzeR0K0YvltgqQFNhjtUnQeprJxH04dS5PUeQrm5cOSUHZ/o5RwOqXUA93b2fWVB8iHTASC7BwvHsLfzYDMFlefvupY/lFDPPQTPoWz/V+xBsLyZ6d0jQsYMfAALIsGMY7cwB0YppCuKBGWjXlzzfX6EmHYA4UFjoQSe+tEdKlaX9DVbfAtPBmNp56q5pIakKOfPJPDIzvhYsx74CJcuZ6kjPqq2FYlBiLYxGzmflXJo+kZR8M5PwnqfovlpijYEGhNUlHcjznNI+swEGXRdjSiNdsU0sCUUCj4iDb2t37/00Is9TffPkCk345AlAaxiAyYyaUl8n5eU2k2cGnA7iOf/Qc2NAao/39+z8UsTl0ZBmhuekZmuCn7RH/t6uEnY6GvO0Em4rSKv4HnDe9pIkGDVAyJ3fYG5myOIByi8moDRpe0yVWL0IL0xuAKUiAV1qvRrfDX1ctPpTt6cjs2dUl476j6QKKltwMMDMPGImagUVSGRo/NHoxpzICC+f7JEnGJ58gNAORhH4pNxlUHTaGbVbExmvb7yqqXdMLo1KkE9qa93+hJ6MDDPseKfbBCxExrQwESwxJtAl8TEHcr3w1gcl1ODM3O44DHGbvGJH+LseOb8SUUWDmW2u2SgdGyWb7mrpK14PSe30NvmJrzKPwV2oDjVI7qAjFAKklsZMcGompIglrPvXiVHg0A+ZRQf4tp/KTaoJGxgre1Dd1secOASHWT25zsoC4dqDEBdOs8+UpLYW9chjA93z6U91BaSDc2l1zrldM6M1Zfq0HL6K52kpfQWLjDZskQsLGviW5TLlawqPUka5EvISdRvZAt32Gb6GHkiLWdkqJNR9R4qqw4jhJqrg5xY0czFRwJstIADEU63E2B5Ar9O1UxcWH/CKQQ37p+isr8OwIS4wMjnaqpuR1f6lYYqhCc9hi9F6v8NM1/1gK2SVqYAVtG1gyDYdm2VGiH93w0su3x25ZKCnvKXD2kvlIwwolLy6kYAXftCvBphAdR9GLG6o46MC1JYaLtIWymzlKaQi8zr++a2l15bKr96r19hpNp/4SS1VnB64LYsL8o+kQSF4OkTVq32rkxkmYvJ1SMOOWxZS1L1Wl0ooMPYgzttCcp/P3y7jnKM4SUysrSvcTyHiUKiR2QDdXfkdCVfGA3hXdsYRPZRA5NHwdaYOzwzUZG+BzhlN9MJh25Ce9cFbgRtxVq0IA6+/JE6c9yCJytioXceCOMFAdUE9mFdCz54xGrqZAeTEu+XT/hMRd1qh7FbH8TgNSxT4+flZRX509607Djhd0GYA1SWpiQEj0FLzrxszXLhaUH3r7b5JnhNoBnO6Y5dvBeJJ0YzuyJ8wjtrS8ppsubTNiaxbmcEI7V1oxIBHFh1eqsyM0/JZbeSRadLV8z+SMiCODOIGGHbXc47UDARPZkbC9j0dmbbehRZcB4CWLsqQKZ5ztBMo0yYK6ivhUQFXvjmB4DnxLsqmoCF5UvUQ3cywmiQYT8Ydz8mUs86JSIIjU3cC1X1vkRHTASnF8eSDnuqrkrVbO/BCK7JU3q8A7kToJ2FGa+RKpX4wmalw5O2B04JJsDeOtJJPYB0Zt/tEnMxX6jJL7ztp4dRL6hGGI3oBgFufrXm0e2LUwovTU1U11Zxb1w1wDzAnjqTRw6Z8y8memj/mSwCC6dmzhzS13YS27Mx0qwXa8iWk9VesIIBcEHzBohnce+FJel+1MDCpfeRXKkrQtjkRce8nM9ccW+QYYjp2LRNXOhM8Eh6PG5wBRYxvHTyD1TP5z//9P+/EFWaIG/aVX9hrq6SpmroZDEq9xAw0BkdOA9Nx8vfentlE+5oPBqRPcWmQIVaCsBmg1is51wxBAUgRMMg8KfFfxhH0rBaEZGpJ1JY7qnlmZ7P4M9u0nC5EGJRv0qn6RMSgxK5V8Wo2+vLiNeF38Fyi05s/SO6Tmfc/Reyq7pk/vMvZWl9QixhSqgAwu0bs/PzoevOd/g1m5sr/CzIL+moXdF09qwQCVvfMn03iy1De4lsFFaMXIYk4LYRXdJYgvGuupbh3nS1NxsSbi+TbBdopUEcWL15Gi2jocYvUVC6q9MdmR/1/2Cjg2pXqvfpCIs55Amxs0wvQ8KsZnfvbNRPWeZiIeDmPX6joT6DptTBTuxPHQRxLgthX6fBn/r0SktkBzNRo+ipDlsjjhgoAjaColT7aNlz2F16R+zvoQoiy9R2lerqug6cmTNiDRiOacCrX/mFy6f5iDe5neXkblEhyul6bUyyGTwXE5drrX0mA5lZKfg5ChSKC9PJnv2vTVLtbsBThw6+3JncmgfDcllKjjiWAf6lzKlh7xeDv1dOGg1hKkVjUYfKlvFVy4Z4XmUT13SGl5gRHz24ZmpEmHy17Sw1tGwNVSwYaAtZBfc+8FjZEuBP7/f2XR8F7DvvPws+ZYcbAzCN/ALyBQiCCLQtiOSbCCJwCLeLAmhKMgtXVyWSICbyPCO/UWHefMi4A3qc0M9p/+3otfQ+S+YPCd/X5v/oDt907EcklMmO5Rfotb325LbofRkR2F2O+/O9l+rsNaYiBBbbU9Grbnnz+f67edkt2JMcRBEhT1L7uztme6n7zqXCR3B8AzSPnzjk12ZlxPeSSiR8gAIao8eXFrUoMBm72u6nwIO2segP4vkBc0jC9ig2GpyPNcI+IE/n5mADucRShhgfQ5IY97h/2bDQ8tF43Q/DvhVlLRN5oT/kjIZxEEpddxT+jstsOcbeKAzPrfb+9aGG5qF+G2k5Mnew2Jamg9MsVDEjeFGX05LK/Octvwa6c0rMY2GRA9x/CzDlUNIDx9Vus4M+fZGoh8B4uX97flwtStv79e26DrXDSUYIzyGK961l8B4GaQ2lXLaD36+stjh2MKUveCzL2QXKT7z7Evs/Fj2HfMX0LAP/5/OorS0fcMyFMLWLQaV5jV70Zz41RmoddrDoiZrkz3T1yLS8PxUmKlS8A+JyfWeYLyXvqLoijyHttDUjymCUXS7NQ3NOJ4D8IAblce+sdYyVos2W61JqkHfD6LfEz6L3d1mQE2SUFVQBAe3nm1XzEcpZJ1KZ4hbufH3EMhfYsVDlzDVKo6mjZVVNecUl6nNDdWsIcmRj2lgf32d4T6D0rqmqqJIzYvGOpB1RwY8DO/CFDfvrhtXaDmBtRR0o4CDfP4K1oPAPzo5GegyIhMlZyoB90vPWdcn0KAL3s11UoJINgWq+juuJV7hCW/rcuAqy5FltTKpOZAfr9h3LuJc2In26Em6VUVaansPx9vSPdbxikiXsOuRoCb5z6nlsrjQRuhXe2z36aTIGSoiREYDV52PdUoU9h7WTWeFnoZqoAOr8VI6o/OxHfrOHO7e5EWTYoBHGKz9Lf70s3x8J+Zc3qyjy82rS9Ch4zU+8bJ8eDfzx5qvvkWTqXA554ZJkpYtOM9poojH8zHXw2wieRlFWa/nN7SaajohgcIJPpSOVnpVljwPYAg5ldVeoqrntaBLtV9JqNP92re/aLM7bl4QbIWGUw2BuGKB5fBN/3df3phcVu5c45yg+X6+aaWW+oVCm7+ePz+Zzb6wp2jMOvUE80kYiIHSbZuaK7KRsN1f9s21fCw8sLPdw/JUFzaB+e9PH6Rnt+9n25yUFPSc9tM9dcNYAfNGYa11pTVnX64Tx55Rrxp3/B39+rf29FeNw62aKa2+bFBU/j3tXq0ST9VibY2nE7NX8LVRJpEf+132mQuS57oHOW1j6lZLAUFdrmbrRLldnTqsNnt57MXIWoEzHpaQ+glDVxhzzWEV76EaVC477UW5jNyJCG2h+wNtb61qafCqc+jLEOL4YRvbNb7nMXxyE2F4xbWitHiYAWdIqOSlRdpI/TcyKFPelQTPVNQ0L278VDYQR+OopHbT1oz3hnAF3wB2FptMqmyxAA0KMNE7joBCMH4rGWwB98+83Wo8pgi3LrNxOqnbk8Hl3hzHzqI6eFe69082shNn5vlyqQXSfg2pK8nqt/gIU9d2Mm0VF+NIAujjYALR/G1rebc5VJ7ECAAcP7O2ErJPS88Sf+A5eaiVeb85S7Ida2WhIhABoJ7cu952e/wjc7d3dESqWd8XQ3iKqCHUF67wCqSrKkbmMj5odqu4Ar27YNA3HfAv1OEgrTclFfhr6uM2a4DHcvzo4IUP9PhwtBm3RmHu4Oj/zzUPTHmgP7jszFppRx9nw6qo+AbG43a1GXH+7zPGHw0PbaJKu/wrI9lgkL2OYftTFsCUhCzfgsB+JudRJxRQgubbZW+HZY9yRTb0fkAUeAMsCFcSosZuVMW8nHOOe01r//2TVY5rYGMCHipkgD7ztjb0DviGKm+L4zui17zXjrZTIz1xdalbw4Qo6xqit0t8GVq/fMVBw5r+o6qRJCtUqsxEef4OcVwOymUgHT688cVg+0o5vBtA1QJIFzadY9J+XiPgzvxMo8er4A9x9mbPQibU297wtIxagdALpF4mDp5HDfUO6DEzSvFCCXVKFPmirtNHj3J03Vdm4ew3xTnmyL/giFM/MjdvxIxjYWjCmaSVcQm9epONXdHZBrovJF3J0iXa0l1d2thZeSl+kvNzr3bgD4+flxHPcr88ZZX1Z9mpEN+g29rD36UvLukFNgiW9vFQZ7Z0bzoJECGMQ7/eThBZw9SZXvWZ/n0KFDPvb+zMLk//z3/2BM56GH2APETGsYcH1UDaKlSxYBOlwgUvONL6sN0ElNgqKuA158NLH+cZNE7zB+9iXU3nPvg+NlcslIXTLVrW5k/DFEl9GuYLiISbUL3aLeYAaIHE8mACDyiD6hj1KV/GWm3Mn/jDkd3dMC8oSXGpgGumALiK9uvQSkxDS6tI3gkN/9NhpcM8RnwdZv96EOifp4YXpGiPdNTL3lthATBq+kf58aPucBhoOMQ0ByIitspLvyvTKFB6tfNigEzNRI9EOR4r0KlZQlFMjkrEEGQU5PgyMm71svyIBOagM4ySD6FTXsehN1nsSCjJ/6BVH9Ktlz2aeffvUyPycAonqJqTiZoaXQZLW1ck8mZuotQn7ofqvfeqs7UrQ2yK3hwjRY55pzjgz/Z3BiQ4AYRj2jXaBUWVV694KHDIFBHi8F8zxoRGZp3ZkZynNUgfQIUsk46sntVyl/m2D3tMaUbnpDAhYgqhsxCG/X0dktmBGmTxh0aAm6uwd17yOG74jxep/smqFtEAbs2NriqYmrHrmOzCb1aNrUN6jDBinRA/1i2PzRsglCtdVYIgSIf/2pmi4ldJWTsj5nRFtZAlDEgdpYr4xwuwgNFfj+fggyTlVr+0aDb1UMgzlo9cOqxJRiQZApq4JCjcOUcSKRB+ngQEZ+F+sM+d0EAACM0+i33jAHvH3xIldr4GexijqwAaVJbBXcWqhLElznNR4y3vejqD1EWZHWEYS3y5fQUT3ayCPEY0ulNTEf77IWQ1DPMRxgncywgCNVJKodMqs1SD8aNd7t1azfZyEtTvVrNux0ve9ZX12V8PKFbC0dkn3QFTYKvKDG1XMZ6MBoZ49ePWVuNeTrFiFCseqMnEG3vDW+lZk0LtNFb1deHK0nUoc2u2AKic4JWV2RIa1b7/Ley5QHIyIzMhBVbXanyjmRa07KOkyvvPhxHEkbvh2XSx/60frui/W8Nds2kxQ8K+dUUGeA1Lmc7reD/Gq2BKvFg7lDlPHzS5vs6RpSjYgypV5zJWmiNBVDL1ySAFWbv/Myo6bh5sL5PShaqFdQXmRkxyS3eRv0PV4hZput3nmqbDosr+0Me2EpcGTEoGZ9bPFH2SBcX2CryLkj0wkz2kcNpG5aqzBigN8xRmx3FxElEms105aU9Qr3CZLhieMEWUu1q+mMMwAJ+/NAD31+8lHdOtOceJ6fZY2pdJNNQSA4IZsRJ9ruHii2s6tX5Ulo80Fb0wyPUW8OhSBOqX5VbGlXjaiwb3WQsYr1AHvqyK3PQoTx4i8LBJ98HtmzzFKBevSo+b6/7/RhnkjB2T5gJtFlrO+E18e1/aOg2sdMIU9uiFQuGjNg8G7llwjVRVOqhtXxesBAys1m8jwg3/pE7OJBFYzQyqgXHO2aqdbuAQX8zPXRPnGmtZTe1hlv/UZ4wfiNbBExcBYXRUY8cgZHlgiYd1z6jBFLktaVU4UaYKKoAl2I3cxqRMbE6vcBKKUxSbxtwCGPBrSQiY6yW5k2wZDGUZKXWGGa35fc7tHvx6c6lhxgsKMB4J1XrXkge0qNtKBYjSYzs1Gkil5CAzAhWa8cPhHBk9n9Vo92WHrchEEw1sKla06eZdLh7RkB1dotQYS2mIzKIczsKqcZpLD7t7vov+KDFKC+XUa8bxW81RDC9GZAwdwrqCWTR1Fc2sUh+i1e792Znx/1wy1XaOUp33+pRiiEnxRpI3h4CHpDg9mUOBm5lgmDtiYRlcyyIU/LfaiE6i9ycFsVPcBI0YllYJRqcVWEeaHl6sNIMqPlKbrKQmWhdvxwSxWZU6Wz9lsvMeekHMBjCeok1wjFjdtJG+TaFklKS0F+La9kV5iE0l079zUwVpGqQJDijuosl88jeHAwQJlkB2ew0tKWgV5GWTiGjLbRmU/v4aOYItSAJ9zvYLPAtM6dcneEsjmks6h3dGknMvTCindcfbR4T9ewfBH0yEstHK864sy0+9zR4xMnzHZM1GJJsw0pwvUCdtjCG2APegchAkQ06YRqMwzujgcTMEYPfQBP3Gml9Uj7nl6xGxD1be/5CsRURgrBemd6bNSv6ojP86DB4FRNt3tr112Q/uBJMT2FBpFg7VdL2Zrw/OHOa66s6lSQq9hJ6B5GgqFOx/8VuajlzIw6WMoAACAASURBVNSChwNDiq/uqJ0kJxaXI2NiJA1R3J/2AKM2SW1ey2CkrD3BCU9gNDSqGZv/9vsGo0Z5R6V4WIo4hemeqnrzhA3N4DM8HC7BnLS8m8DJEJQ2QKZ2MmmYbSxVbu++zrLMgjvfkgkk/SfOeXTKqyaQu2wuGlpjQTmvPkfgFzJjvIXF3UT7lHn6bc90AEAypttkL21wWfG4jtzadEez54uBCOV2L6JU2V2FzpMZRxk0M9/Pb6OAaA3R95NPPt2jNb9Om4nw3EhoKNB8q2MM+pxzal4NJnVIJUNT06FucSt01kX8BfrBuIrgK/u8q1ztd+zz3lsivrKv0Phzth7Wm2qckSSTaXqEkFmSPYi0u9NKKvUhHvFkBDxPUs8iwqLeMT7Po7wvnZtnK+PXX2hyK8Mu0873inI5Q0awPVRJRjKec97p6cbELq4aTjzn0etJRkS+jQGthE42JrR8cJDMZFyWkpBABKrlNje68397t666O5cpM0ly5n3ft+pVzJ/1VNKu04jkEQzlsKU3SD6QkdECuRSIx9N0ag9oRAMRmeCTh6YPpVzgxqLGSa0SGUxP9WdhI78IkmRdQlKqd4t4q3pmtyaIZnHHfkCwm629mtNTHWJDBn/fj4SBoQGWAjO77bZkjETzPPUMAjNGk7yJoCwEcqZ8IMfGa9Z+NWnPjNwJNM956HkpAL7vR8IjiNrYs4IRkNIoBPHdchFgi/IP1udXyH5BJRE//XlbC3+DyU+9qWWfzi08aftTEdY+/bG2jFkaqfTLVZvOiHPQVa9xvAGxxQQE/0IOucEIW+MWMKmbEzgZkSci1G/863kIDF5r1hGAlxkwprpEzNDeAZLw0Etaq4yhliSnNNP1ybSfp3bD6Px9qhlZ8/bIGEItHqo+71SjpS0Lpp056Jh/ziEWrlwX+oz8+fnRtidRDXqqUJ+3mNHo0lrsmeoi4/dTmQecjEieLyYj/CI0xWmFIIA6S9Vvdzfi//z+5r///e9tIRQnZ8ZLQnSSU2sDlrXa18IJLlDc/pKbJyzd1SJBAsN1rQAo7MMAigq4wJIK4zLgPATT8NYMju62dHbpvX2pmioExRcS5Ad2wyyJsUIfdzb+D8+1O9KE4hfJ53kE+embxpAwFqKJglcDirMQTi56Y6sbfSt57BXmbdE/9SuMpbsi/R25Y0MM4+T7vt0d9KSLRvEk3Nb/KZYHsAsD+3qSymrGU0pNT+I+r82+da9KzMHx6HJvYIgLGViKa9mR8/RbOhOtbdUZZDT3qpwpMwNjYWD5HmVUleqt8zz1vtD5UPuwfzAXQ5RJ4mhMergLIaHF9FnrUHSd0VTcdBXlYqnuedegSVcIpaKNlZddPstyvUodO/AGKa+07uAlr2GCni4C+lgl41XAkMEavYHkEkhvk6N3irs2zRegHwngu4s7WtQtACMPx1fvJox/fWkmvYa276f0ifFnIK/zk5l5HhDhw0yS05fDtZij8Uz/mRnM6AxMWFx5M72Iqu1t1R03MkB9rvXOekEA+9pHyEFLsmsX/caaFnSOiHeqtNjqS3gxB+T6Ce4JQmb2wJHh7uJdXoYqQhGzdCX6eZLvLmMgieEF3bD0E8cHRtWr78s/bB1ALm56ka0V8OBBn2JCiyKbB65ia/IqRls2C+/tx79t/zoA+MM8tbYfq4qse/YQSzdzt0QsowQW5c14/qRxmX7Z7CC592gp2m5+2vcIu0igd5rcy44XrpA7QP3SBJYgREb3e/1AY5nXuk7JORUxY4283EE5lo2aH3P9XCTgEpa38f4OftrmAMqMnLXF27th2mZENDlEqSugzljRioclPuP2qyaoj5W2Z8ztcsA0z3c2sIhPJ5st3tMuxg0jQjadmLiDissyJhfQDPOktCFqZjA45ygmKNiKA5LOJtMzGdmY3VhwKWCWaluV9hVP8KTRFihBr+3Cvgtr9sKd9U2PMnDEeoAOAH5NIRqb1mf/s6Umoji39ftSP0SmapelxftX8btDSBBWd3dXyU9TjAySa/E9m9TCbnT7UtzP1JOIzeJYbsgVbspNW1chLtzn89laqM45cqFRmFNTPWYZC1DUuZLrvawh9mIc/H1n0zQT6UE99ROmetXc3XNO0ltAzNGe0ujnq0RR7JVqW5lUumszKaBtnQSmIfsg2Tu5twzIB9krB/a95kyfY3ca7Yu6NXFoabYELqJ9MP19dW8jND7jWoIIUdKpC2e6nJnUqm3XaaQWe0acc+I5yshns49P1PcPgCbH/PH9hHPO514MZYd6ImJXX5LMwgRPnGjMX7Z1l8JLn+eB/EYwVdU1pqfBQdDw39jz9JxHb8p0iyFSMnkB1IEK+HjyKBdA9OEp81bcAQaATzUYl22kaKaivNZSXONhGh1G70hvk0tTkiS41w/GEOuia+6tuRTOZfTTyWUmch1AXGKTWx3pfs4MaMuVE0fRm6TgS5X2kmTNTMYReTbXpdfc/Bu4we0PZ+QGHnYIgTtYyktafPlYWXCEW+jcoK/vCw/d8zwPPVDBYKTVXrKzazl6f4PAC448btpCknTPBuUs38YFRmcBQV3MQkWcUfTHibRFAJmM+iOZF7KsG4thV+XJLmGrWej7i3TeqyqPwUdSo8dgROn9gv3lr0cfd1CP7dSUxFW3z6Kt8RwRAA7yhgJCBuWvhkB6/g7BElt3h32lgvT6o/27+nHIPby3+Nn/wOoiYiDMTkOoBL5k513YngOYALdMNWVevUc3BkYekxp0/jO02aU5+TzcXKY0OOLZrVvIjSo6jueczDNTEdthOYVYM9e7rWrGqAxWMVld3s6iQBOHhjBwozownMn1PLhvFqzKsuD4O/zfm6a3lSRwZRbKqtj8rOGT/814bnFPLyasBXcFujUSVF0KQhZOHgHgrQbkVDOLiarLbhlI6e9KRhnL2oZfYp7nQY+stHSSwwMiGVsu1q89E370qdKIxKXqz3wT1taZbuJulk8ZjJBygc+8NQ52E1junYzx7oTU7DxdgPXMnKv2w74I260r+LltT66OT06RmGlRDRewZjI1mo+IYbrjUL+BrQtVG4fmszK5abGvZlUIsXxh7UoZETP+cPx1RO79GUFO/mP3Aj0SoUU6NT2T8SMeGIER4U+VuV01NCzHFRdSAg5KR6MMvsoJfWbfJfaOpWLmZeZlRt//lYNOeHLAlvuZOPX34ek7zi1j1ZI4Dwp5MU66TZQiiXzzuROuMNnROSczAwibSo3ylykj27e+78c1SXkpy62RpKVYTx5W1VZoJlEp2tzXNrZ2UszRVUV4POY325IMneq/6M1w3L8LAhLovzubl6UEeHn7DLbqFwlA1VeaOOLZ560zsWrRiBDm4L5PC8ntxaWk4ykdvUyLJw8wkUmGepabAvrGr42iEZFGxuZ5HiwLuaqO14R8VdeZHoIC6H6BUYkFTAREX9AaHsXwSHvHRATP6ZmpESUin0NGzcuFL/v/0m4urbuvYnuHqTGG9rahJsDzOC7FKiE+vx8AJ881t9mIpOcVZBwr/oXb+H7quZNU7stMEpqbaqrHfRdCW5pjWzFOY7r6HG7zomJgvGcouEz5yyQAlyvWWgJ3U8tK4iIimGpmZ+btMsONCGJE4Ag9BXf6Uncd+X7u3gL1NQJ/1AeJeuI7CEZKfhoRMVTsFRo1rQaSGER1x9J2r3y//V18gIcNbTb166b/dZ2jJwvgfqnIHI+pZptFx6SMBDsze2NaaboPMDC0oiXs7WgxYsazPco9TsrLxPDEzQ7UDqu7W5EaJy82SCMnXiMHQErTUlafwNfA1iiKfmPVh14ePtxVYeoOFI8+7ysKc6Ovzu+cB/pmWi3OjJO/v/+JJYP2NHnzctTGdkkO1PtL7cTItyr/1//3/4oQJMJNkOc8ZtDMMLLHrsoYqgEg+XZXi8SwRQy+CWD6JZwOxeOlQq+9dIMEGoFoss1+7RiEfM265a93k/zMQFWj+FD9/V1Hb6/JnEodXlXEbwoKwbjALenqz7Hj5UTooWLp3hHpX85530/4fWhkoARyaXkdPBCTo5jskJekKe+8t36tOIsdReyCcE1ZZuTJa8lbBAodkXmekYl7dVXFifM82OpBEhEyFnzUJEXFqSZRBgJIyG1WIXu0KIJJxnt508BUCZMg1yx4gsTbn53L6HbPxZua1FLH930JsFnSgmQkY6ZEW9Jx9xxiBP3qn8VmKpHbz3nsSentmZoxioIxJzPIRqlqTebJ4+88nUKxd3Gc7PhXE6CasmamuUDorpoUQ1neMAJPNYPvqS+iK1BbJTczIodmMYtMlrT8yk1Ji1DQ2lAPdHVBHBOCkQPKqFzTDp9A2qVE71tp4a/LfPa8PfVE2iuR9l9TSFUIeGsE3feUzpgCVr2lvi8zPx/tQ+kT2dNaAMAQacmVtB/zdKHDwUVAHjl822MDGb2pFQuG/OaCKbtYx1RFfGIGrZ0cNCIs4sBbFXn0k+3BiXZCjBhhgHhvVzwEsTIyRAjqqbe71Ntdsck5TwamLd5vjlVJK2Eb75Nf76xBSv07iyyQ4vwqffarsubMjL2bGbyzFgKSfGHqLeUSutS32EIT7DGPGyQ47JUMLziFAZNHjL08x2J2NI/GsnxnRKnLTDHXALymYN7GGDF2P7SQthmMUXfQ4wZpm3/Nz6ZrbVsbNu86ZbISznng1Q0jpmpV445i1LCYd6TPjoiw8brLek2dRt1ad8n4rnoY7KnCIKAhLQR/BBHUQi6/CaRaTh3X7orkGq6P6GZqU26wunWkGkuE6G4wXcUiG1SX07RGLckaVyouFDizwAmnad41p804JhDMXoa7c9MMIZhRa5EkEIISs3w/4JEbGVy2uCfuEZHHjkxCwtX9FoxieAVLDXoxoI32JzPkVGvcChhTCtRc7sPeqRqFppkxqetBT8ZJgYdab1ylBJYR42zuVxRUJ9G3vlNU3MLVvgcEr2Rn+gVY3ZmPj7gnemYmDij+vpilgwanPh3MXFdlFWohwfiuTJB541C4gUXRMrvvbtmSATPoejvI6v6tV3DbO29cq3vxVeV5qB0hqmW1hNZ4DRURdD1vlWys3qqqqp7nPMmD4ZrpC2tgBkVvp1A/DXrNAvsDZ0TIFra9nwNgjGnfJnY5NVujIPlIabzxPD+ZZ9DTlAH3iUzLCiYYXWJHTlf/eXRKaV3z5vGO2ZlWOJGZl459dVUVM/y2ks6mAFoBsHvq2AAB509D65Tp6REbBYmiwhS9T3+qvECNbsAiItFi0NhbJiPkA/75fDIeDe9ru6kge2C9LMlRD5aFYU/Xa1LCfF0jsA5DQvuqqmBTl4uMq9IzDVESY53JGoKyDxQgVv3Kv45BbV/QZo4e3n2wmDn5ZWepVsTMI2ZgD0j5nAMWnwbBOD0Vxk1cIWemSLiRgRWdLL1QOILY9MZ06AVCeM7xKIFsdIl/antZzceaRgU7IqrflmjXhTiDYcViW7FU/UbG410aQfLzvpnaY+x3VVFfA/LBFLoHPXMCxARU2FNnXoiNipATj0JD9VZSJGogFjKRkW+9mU9EKMC/3W9/KCttEXINcOkouoNQNtUiMWzX4PphAG2mYbxv5XlUV5/zI4fotyp8YFsDfQE31G3RSL+aVpPMjMy3KxgZR9sdT8pAgxOgsmIcMhpAAwHJszJT5MbI867jWcPTRy3Vog4j5FmF243PtC2S7oCHYoUDhuwJUawAcohpOZhpQQ5zpzKDbVYlsvMRDkYk14KyZ7TH417D21LRUM1XlakqtvUQ396PgpKRDCBW5GLNZ8DpoquUeD//UYEgjOZkytro5AmbLKt75+yhljChShIH0YAu2KBfP4uuTgHDeesdzomTeSIS4NuvOlMBIMMgBB5tnZyxdDv9w3WQX4yhHVC+v/ZPK6vlmZiRSO42HMqVAeeXATLOnexgZzkAp7kVkTpV/r6vOoyvPQOxrGjYgs7D+ASA6kCMyeDrdPT1KbUllBbg6QlFHsVHqGaYGVvMetQSkWHxs0NLntjvJYWH2+r/C5i+gz1lQG/FM01NEVRfVptFEyBaIV8whUBwBfX25Qy6t9/xmGI7MXVn7TYQwBOJ6aRp+H4eI1Macf53g+j4zVeWCQ9xQYbyfi+TY6a8GAx3uBxyiB53OL3TOGAp2NQClUWm9M1VV0idn5tPTdKCfgu6taw+5YjSXY3KyUCIEdP1yZBMAT2cttmllSXE0TY46CaHCMxvv3qvtKPxXqfiv7sK/X+7KCDA7snUxhpSa5NVgnSTWgqErYiwJSXQpQq8p5lsbeRQK4GpqVgR2Yx2hMiCKuE1Q901ckRI5vu2kJ/LRBH6b0b7DMHz/MvQGNldcvIuMXhnMP08T+QBkUcba/CWlib6pRWQbYANU1VWbIDElI/KcDOjKSN2RFiuz7Yn9ERC6BdJfXeZbcrVTaqhAVBVNntRqdhu/PkdY2LjBgf9/DxWSy8xcWb+8/lgJYiPFoYvTwj6Rt3anyfDXgawHFYEUjtUegalFkHtKyPQTJu/D4cBiUJaysvqsk3QaMcJ0Kx+qSFEjd7ZQSmwyDuxd7GwuPX0cAUQChlSO6k6kJZE0ybdE22sgbouANTrH+KJZ7d2wIj/Y9VXRCjRg5zpwlCmmP/AJznjvY8jo8iF1xAe/ilN7bxQr/V0V5wz21vpsmkrOa1KFbWaAFohKEWgFQY4PvRdwGTGSqdC+YNgBHbm2pGuu2geNkRO84TpRL9162r5i5BqbkI74Wwr5/LQaXT2QZwjHhtrRvGuuvJkWIXGGZwnriIS4M/zYLq6qzt4ZATigY2OsDJge8qtf0MteATIRIQIQGoDRf+pYaMtiYYGWj7U3S0uBYIZ2ZrcGF2IqxwaMbadtuCMBny3zmCJeApl0xI8ecTVzHhAdlWQXf2cRxaWgC3HtQmE9gidKWSe3NoVi5XVmr5EyOuyRzABBpqrMSIfDTOV+0m+72c7L10OZhCZomZG6PfxP5//nHyUsfW9YodYmAYn//3f/xtbg2iCoclqd//xwRwsFqABo8JHLsF/liq1I9DvxEb3q2ZkLCW2fq9LVG/7CUzE13N8NjyBtK22JmN/vHcB7JwXy6YRxL6HZ//rAnnANn6LoH/5p/NnFeT88484QyRrGh7GuA0utNZQCl1KLqVXnJk225eLzY9MqIj/5+dfcns4z9fDnYGI8zz/AqZUdFIz2wLQNc/zyO7AX5apoxYR/vfrwCLuRnfn3ZkjjD9CyxLpQrZmzKSeVUIsLmzKk1CjO6EK2n5OUB0yYudjWhor/DEyzjmM3SUi+4Xn3CvJddVcv36lSe03b8T3ufhZZ+qjlCmec3DpghGkZeYgP5+PHuHdX1pV5zyAK2D9mvVf8UslMF33fHZmiLXtO2HnX6wHrt5EFaap5sldp4eIRGiJa0TcrW7a3P3nkFs0EBG7uAwTYb85p5i8Ae6cxLofYiZyz9uMzCt1lgQzdXuZrQSnOpCz/N/ufrQEovt9d+lcizf04fLapJz3lNPhj9ty34rnwspuGOiFTnAKmxlORMwl1wSli9djCj0Y1/TPbahszEcCSIqE0iKzd7dW1qhpr/eNCERUlVgkZmdoPVB1U8SrUFOD0CBaneWXtiBiyG1aqMbVaMzXSBfqFP4IRP4Zu8w+e54fiu/mkQk9KljgzP9sxfoffsvoLHsUkHmqCrmeoeQQn3pDs/uBCVMAtvvKTFtsQa2miJ8aEru3O+egmvbyuD2nYG4JzOXO5sJxYzVaG0Gk/tNSJgXSDa2tEAgyQpbXYkxjkT5LsM2rnLHnu3Kjv8ifwMXuV0XbLO6zGg3cn/FpT5NxSIcHfSVmqPTTk1ZLMDNiJeuL2wNPLvkEyfI2M5fd+WWjiBlnpYl0A9g4FpEqKGmgzc2G4Mf7VEJU0yrA7t6L3o7tdyLkQcn7Zq0cRNMF3atF8Ce2vo+1Kl4VSAAo9JOnqr8EAscH2e84/+o81arfdL2eBEBqieruXOEF7uRAgLJ6kPAZC8Zbxf2xmdso+phvKmPEQeRgJMkUV71XyZRpUectOQCc58GoLhAzuqSM2YxrBlZE9NQQyZR8pzHadeTBoeKU9zE3I+TiUdWCP2/2VK708saZ2V1Ti/F8UQ/DsMkBEh4DZ4SaGb0791FCrkqZ4a9GLeZT950R50hc7+eooCNazTnn6sn20c8NCJtChyd6EGoxU2/2t4CiDxEzU+oEZ3yFaMb7fuj7f/ZFthHEiWVdhYWM981VRNUnK4qeczKyqtraQWyYzfkHicy8P9KeiJ+3ZnqVB3Gvdss9U5neetUknvhRbCFZzoyqa7jFT5915hzpNnQNZP7ZkcAb+5QXBPgEn3xq9/c62ihPKfFJ7CinbIuOQC0TNDXPte/qY7LuzF4tjdlnGgNczGqEtQ0QjKo+57mYglLxUu4c+W4h9zx2GvGzVo47UfU5cXRsRy6R+8sy861iOPPGvXUjsyNzHi/XeEpyB9kyWN6RadeKkMdruYl631fvkUoLsdEVs/xVPWaUEGEijuw1vMBTpnbT6/UsWs9N5ZyZFP6SOZjcbUlqbWaGueeMBHI4R26jOtvtmyj2X64P7wxyrZPuUPNmHB2nz+cFIBBE50qQWdXbPdwuptfaMZlispnOs7HFdWyEcMPekIptX8AmkM/h3aAz836JrurnRzJ87IF3jf7tziozk9kbDaRgU/fvt9Hl3HfGiT9T4AEzA2htFMuU0gLoJuP1njkll75HC5dI6E1c0WJSOYPIk4Gex6+asHaItfWGDy0dhYfIyGef2gprXGlzH6LkR7NWFcDWukpq39dHIrYbV7+0KswgzzHxIs7tH0H8pCdiA8g5TRlfb9lNf2kDIt6MtvEQF6feqxAjmH9STG6E94JA5z13b7E38GuE+M25uzsnvnlWpSwcnQAtu/JV2ShdA4KhV7+WfuXa34VG8FK0q4vUKVN1oY+SgEnXv8X8n2/JO8HTtzAcLK9zrObm7726UehGLS6J4f6kpGa88xW7FsV43joQWzNvkHU4391vBEbCZfVWA6DnxLnCHT94RzMV7e75vod8EGTVy/gSAvq7j20a9L4nsv9sxPS/Aub7+Tc9AZE9w0itXb+1nw+tFuCJw+SqwOxgK8a4ngG7+bbqRUxXHS097iLaGvober7vB5QRY82rXaEpemhPU6QGqPpL6jfpyYqP7CL3njgprNy7KjPeC8r9mTCtRFVdbw+0BIjapSRK0J8/6Y0ymamfBJgm4tGDT9znDnRHRkTWO5tPg4HZfSd/rtm3R/VkZmbYnZ+uw9t1rKJK19WUiH0PX2BuZL4NoaqPiJNmzRv2+I7Zvp3F/aMEgukunlQMVboB8L4v0qdLSww5qkw01p2FVXir6Ygw8BXxvm87trhv1QW/70eX/Hmb9n/z/YFr+C8vXjtQMNFV59Fq30zGAM/PDz25iczAQJZTx76F3lER3kQYsOZSy7E7Mu+nC/nZsJARIdW7IG/ddcw+pFvybd07o21M32PW3avg17sq365X10laV63qVBvb8yQGkdnetWb50Z19xqacjWIWQ/TcH5Ben8Iw9UQy8/z8WO2xsS5M21Xc+7lprmae5wnG++6eQrqrZMSR3jry5gKFsshvbiLZUxgKQjznYPriLQRn+vGR/m6zE3bx1gdYgOFbpqnck7UbR6a63ZFH7mG6kufJXYSuiD0wExvnxLaiMOEGgNwVI4MqdVdLxVlqtdnLzCT5eT9ztXQbzmbMK/JjCp7ItYOyVU9Nq97WWMkbJpBbgOm0GaXXOHrt9uqcc0/4zAy8AiHiBCIkn3pf93fhoe8YTZPHaaYXe6hYDj19R8iInnmn/vX8S+/szOhhVr+C7LTGssaUHH11KYpg1WbOTJnQWdIIyGkQ27mgoad5zqn31f0RavF+Pvlf//t/ARxrtLVVL7rnxLm2qs/P8w33nHMS0ycNDIY5jJKwaDpJ8rJWZ5bmOV0E327GUdl9UqOtePsDoGHOtc0BgyR/zqP0U1XyKjJ0NH329+pX1rzgeDHENBjv+86ft+iiUTrYPox/NFDuNmW8FJgZCdi755ynaDknlsmPGYDPOWS+JbS5t4rmTD/Po462PUQjeRvyOCf18z2wpixXMwE++WC38PlGc42hBgTkkCw3AwedIQDZZaykZTJPvy1O4ixU2t5CPHkO4APhvIS7VBBBNnbd0Dik1ufNTNun9IhyEiAy3i4tEukRbsu33wFmjyHtDomG7a10zbbvyEteaTLbn8FpnPOoYDvnmWHXzJoUC20zpUJAcD5Y1rl8wTAt9NKI7QJAmm+DXxlgMLu7pihiZJXw6m//sI1VkIGkeaP9vlLr+1UJBiNqamYeiVom0NYO0wgpq18A7faDvyVeBWPrjPct6XgFN+ThW69IcySP1KliIigpIjLyfT8/Pz+a/CM4KLXZOl3dnUrAaqjkygcTo6/BTuwivhMnMyfQr41uG81AQHlojIqG3bJ5wRMMEOJIl2vOFoPwirKDk8Y5RWK6ZHD9JJI4Ga+CkQwr+53pPIfBz+c3gpGR54x3yOcMTiRmdHojMh1JZePkHTNkPJEhjmqgp0TZktezHdKrGazqGmTS/OJ9/7W2jaa3+otATfvJabXQo3/DcGQTJUn//q0Wlvfz8yNi3naMHLEm4dvLteGqsl0ZxGtKcdUhf56ZirWWUBY9caAVppzLVEF1mA3q59LrhOBo6eJ/uCIAVckRJGTvdkLm1nuFWtg4gBbG9EKcGuE7bLIX8gL2eAqwvR1EBrVe4duAOeXrt8BSevf8YkuK2IT6vOLFBClyjiOei+MNEcGWY6xGzicbs865Q8oLZEY06UiAE2NbcddK8uQRu4IzVjoXWkmJgdSoqe3sNuZxXw8W0Yul1uDJvMxxyQxAdwJHax5eGTqPRKZEhNBerh4r8o903c7aDJXdlTyLp6ueCN+fUE15ui3ExtefRhNPuUjN7u+h84u8C6hw075SbQAAIABJREFUlYKG9BgNwJUFB6I4KO2qyWncPS64a7jur+x5QTw/Wu11DNYPMVCeFUQOEYscOEi3qeLQmbtI2nhaL8xgIvmR0CSTDA2YAL/++fMEz/vW7fBBpjvt7mVazfZamndZawUu9o0eG5C9n89Up1kq4sheADhnUOi3Pk+ck2kLgoEGrx7uTFV3Y0SLf/K877tNbbu6XqHDogBhGAWunYLxc57uft9PSPnbQ7Dn3kOd7fUKH2BwpGuOfW1AM0zFO+HcAUxPrW7MY0sujE53aDZ+GpTEgtN63cyL6AKtHy3AoFJ3gTlCZxC5W9bDjx8utiIgupxQzkztcZCJ03gl9RfWh2ind8Q1Fieq03tHvr+MSK3irH5nBghtsvnJRxKnaUvZRBKhpVtWwY7sq4CZed+PUqTIdAJbxoixXo6p93PRJCJmZBUlQ9zSJo/pfp5HrtbJwMw5533frpeLK3n8aXlJMExWEIAofNIGfQIhgnF2dO3NOrvAJqJ0sJkE3ymdw57hBIbJFIlMCQImASQsIpBSKvQDYtlHsMT/XgvQOIcTkZypCYh1GxNJ72PYAdWBQ+Mrha7rXi/HwvRAjzgwM+mTOYHLzmsNg9WsUoUrVrnQ5paOEZy12qjJOBpi5cINNX0yq17tEhAxqzC1I5wZZpzUwp4xsIfpODlAhhcFx65kV14IhbYIkQTd2efSz5RM7eovQswY9FLt3sMUZqglBpamVNeaTMqqM8hQOjKeGiEhNTN1r7Sji26OtPPJ9MXu6TUCna2yTNZfPnBmKAb6LQN13qYlsU29XO9UeBGxdjg3AudkSqiHaO0DCM6wBhGH1Ncf7ngvwsu9q1qWvNOciPOcHSBxp3Qg+TxWsGGNHVRLc73jt6w1yP88P0bsMBFRK64CEDzd4p7XERo7+iILbmKIu6n4T5IDOA3oRUBoABZzmY3qhJinR7lpLXAv63xaMUfbd3xuM7ewcKFnEBDZ1cR4EdRqN5Ura94Ixk55KTlyT1CyZtUr+spaXAHvnZ0KeuOJGIOqunSCTcyeAUe1fVeJ6zGYc847hWAsxYcO6lvUqDmfHpGd+Z2L4A7hgPmDiHEhQnwnMbwgnQsJM0HF31xm4Z2EczDznAfTqkzCZDgSuUBc0kYDYqTpnn1p9WKC59rifvruj83bW73dA7h/l7oaSNHB1x1iqoCJITPeUu0LR4aZiMMTNVVdMFObU53hRKRfdCLXqDYFlkSkyaDSrWphjsy7qZRu6ltPaW6rkKLgScaxIRRP/kAa6h4Az/MoxoreC4vVVJaomyw3gF+yWmOfVFJblz1u7Jm4s9BIKQNiB0gzkmeHwXP37+peY+RTDWYywScDgaquduiSq76ascK8wjMZwm3Oebp7tghUTzsjGjrefiOXZ1JWYJBcOFU8ZROGquqV86H2N0RqR849xnKSmHsK6SzUdyEto3cD/MxEHsNK3VNenKaYEkt2MWpoYDoClDSccQZGdUaacA5s0ek+0GS46e6emiVft9Bd9YaxzK0Zc59L7/mg2jXk89jhwxPH8JlSadFT9Pr0vMyq932xXb/3AIy/FRn1vvo/lYJ/nh+Sb7+SxeRJjt2ZJETSdMHmxcDP+emqOHJR1mRXB5NAeH+RI49CEdQHzZKKcb9gZlfBydgWMQ7ypN5TH7KdLfV0RjZCdJ6ZQvOkyp62VaxeEEoMN9PNyIhEF4HP51eY47gTDYtc31LHn3KCUpdKYvVQMyBCywIjTluINTdUpulTb9UrDwBgAiM7Ga3JIeLnnJvOltqzRpbdJ5+3Pt1NRFWdJ976QM0mgIHJmgEA77yXZgctBF7Lr5PhoXXEBOut6pce3TVmwhOUEWE9MrUF9pA+zPaH1YTGu6w0vdBOhfI5IUllWMuUrULuoJYowqccUdVVgyvLUFtKvF3SAA/wVvWXIwVipPeHF0xCR73XuiDPcYM80zUnH/jn3X50v4L1VShGeIeNhpyDFsal78uxYun6ZGYkmpH59qseUC9j5pHVATQmwZz0kElBXqeiMNVdv//Rdz4nP13iEfRdyLpmwjMFUlCqkk69b/73//wPAMsG1RQ1RXTe8SPJ7Jojrnq9dzv8ZvcCr1u0XjMP79WPzj9YhyMVDHr0dhBdLfOWOw8xeRPdkljOzHlOVUmAIVOC3A2rKh8XEFOvhu5i5DlneWHYMSH5h558P8HFov53Sf8R0Xv7GiO21KN1JV6I3RGpVgfIPBdEcNXqRt3OG2ZDW1KEUK1NwgtgRYxwdFa3UH+vTZ2zMvVCdMDgbbmA8TnZXXlyZuq18uPueBjbxpke8Kfqmh239DuiRYt9oFHO1HSVCCB2t6iqgKKVyRHq0SLTWIyyU3fXnMc97SzoqbYtVgFwQdhvN0K+ppVi0I8cLbQI9zI+duD8Tgc1QwwGNF1XI/37+3vy2QLRxDfteTYEE5f4z1iPSACaKXDP+T5rKwb8fWOp9DPEZIbZ76a5QL8v1oMraZlILO1d7yRJxMoe41sT6wkfWhoViSDDGAFPHJ+NGd170t9C48cjxGMwqJn7iDEzaUsNlzhVZXxO9fceEQWRiAjGOWeg5W8Uh1cJ7PuN9GKH9h/oDmte0SEfrX+QW++AoQwEdmVkZK7FhG6RiGZFUit/zBXdshXrvqpToX2hA2pBvUZZmekXtioyYsQCw8zEfIk440Ze/M2pqhlPgwYejp+8D268svKPLYmcttpzN50Kfu/ztkYRIRExlgRxExJskaKgpMGM/Nyiqkr9re6tVFxXRA0cOf5oro2Y3dKpKU+kbe7LHkGBsoc7d3z1h56/PyYDr7+OjfQJAVArONWLyj87ckmUZbYc424zf3YhuHqQku3vbomxqcpYvT7f//RtGjVUuAloIvM8dwuLW01ckJ24z3eBddXwtmQZBWqS4P7FpQJDBh3Z3b/vL3eHkO/DyeUaSe9OJAct9Ux48q8BCbrNXrlCyNm2BCZUthx1I0LckF70U7+v5ahoeLczD+XAlpnr9n6fYHeR93mxDKul2wb7rupWf9m4vrdCrIHYWJ3J9/OrPOX7jHjf9/P5RcZdApxh9+H7OSTLEMWK1YLzx8sY+0ecFHKaaK0y9sRL8cCiAXHAxT/yqZB20FQjAOM8+1eZJ9ZJ+87oKJdc9drbdXU8kutkEqFgW1UpwgS1t61k0df4Hs64RHqDhu5z1X2dSDHmqL3EPrf0t+5i5n0BRPA6u5V97392t2LveIWXTr77/gUUPDr17IPssQ41vPDDapvZpXa6bJkLYwPUJkQL8Bm5+5ZSP6NbpjZVlEBvR4gTd/rypYf7lV9CkbEhPRZ1sRH2rdMyN70jPv+IO9byheGva63YcFx7aP+VSMoXW2ZCQ0M5M97eeaOunFjTLMsLC24Ra1taZCZS2Pu4slGzPQo7XOXHQC69pPVNC4NmZvercHsPfuwusZ55zrlbhaRDry7xCkBQBEaxClyEeB7DW3ashG7G8ETuMs8xw0V2VWIxL0oAQ27jTtSqAqMeQsRIQlpy0DakfrrlUVMmLanR5FJ/S9eDGSuiGlWvftU0ZnaOPqiu9uxZQhnT+gJivYVxMXRmZBwx7GZkF64pj7PTpz6HUT3BvJYO1I6fmXNSywa7u6uU7wBgStkl931UCZTx3DNvS7S2peHNZTo5NSYdPmr1ZyCh2DLfq6q113d7kPuCmGSz1IOIqOq7NHi6IrO5WO/GeQFss9kWQFzxQYj7KTKJZ+a3DiQJc7T1F+mEuxW4c9OdqF9bNpVnG951fqA9HMmM/A6qF88FYKcm1cqLs8/MLLCre2t5MfeHzDcXaEhhPXA+HFy26S6Kj5Pl5U9HomSFxxuWVclvuhlpPtQP9nedzEN7pkxE/vz8ANCAcKYjzqIOUbUmhenrv7/LRr5wYMSfCmpzn5F752IfHL2HizxGnOcHwEyL86ifIc1AuhXLzOTRiprQ78XttjQikh3MbgMRMvhOnzhVJRULdhpxQ9bMJFy5C6XRF5RXHrck27CjE9Lyl9UNppdbTmZ0NVeIbPsAffTw3pZZqJTkTL/iGub6ue+f72n/Bj384xP2nt+LxB7jm9r+/sN+mrqA1evwREpFOjuCoKyOpIgC7rH5q0XYmgokqXH4uCr7yqA9+HHzoqNoZ1qYtbnijJHD/gZH9jH/LMUxktwEGo9KWr38dF2EeIp6H289r3golw+sMY6VRlwISXS0FYYWBgwOu2qs8o///P7qA7d49rufybD4UiE9sQPT5/m517Oll5vZzHQbJ0h9p69/6oENuaoxIsb7FTxe0ne7HYQaAwlQ9MlPPnrgVfX5vDODxluG/BboFNzssaUzUcRVgajxrCoBzXs0ZwZBRqZdBESZ7QG96cQECO9ucWcM4C53BGRSOfdNVAB831fW9VNa2sG2/bIqvMt6WdXql/zeigPaVdbdjBwTt6K71C9/v4CnZcqPfY7NBjA459zPB/Cp37vHJI+17PeVvEilDkYy1EPpsIAIHg6FSt16TIFQngSzYXNLFM3jzUEhBGtiPxOYOSI3AK3F7KpOd+fo36ynqgBgUNuAdMMFhl+mKJcPZNAfwDlPxO16BhhGSPQeqxg7i0uc608b7sdTRApRxILCmm27ZBJM7DcaNSOxjp0RwQjz38mqkmjAQd5UPj75yCoqIqUGkDNERJzMqurqJ0OLRZ9zYMqF3rIiEfPd4CJ2dK/8RW+HbPKVa04eRRLpcsas797vEtpZov6xerrrVbUMIOyWUVKZhwi+q+GoAvvJ1Ev/83PUjuU5XLMglSBCwWZl3ATfKnLOkSW1VS9cGODmMkas55ie55w4QhTBgC3lVV08N4+U/A8aZhJcGEfz2JnuN8iuvqimOqlNOti1zNpQqLJB+SuqWh2QCVL2bpF6BgDq/ZVit7qDWrSusy2O1MHaiGmWH9B+nW9zN9s7XFwl1pZGkVxaK/3uSO987em33hNHfgxD2PAWXhlws/P0vPWb//vf/wao7d0jIyMjikFxeyOYBKdL1ZMWs0S9pQVrr9afo1RcCmnyyM5Ok+FXnXSR1FX1WgnebxDPyZM53RFZVbtCaLDryaBvuoiIGkk91Pd9Izb1TnUViThPLGFNVeOMHMPfi6cTqa1i7t7Xr0DpCSqJZkA6xymQtUHPdzqY0q6BzOBboj2CIeMAH315HquajB0+YPR0cU6iISdkAs/PD74QM7RyvPqVmZwKC3lSi0OX5/oMQBB8dUecbUHE2kZEVL+qL1XQPM/DkWUY6lXLN5GB3Q/hArxxBB8Pkye1fkCxXpMlz0ODHvmGwCBosk1mMBDCak8+BNOnWTmCkVECfSCBgoZ8hFbYxdFgNgJvVb3KfxIBvQCDzHwogq0Yx3SlFeSos764mEL5mKSvaqQpTcNu1Op5zuly0JG8Q6+l/VsVYjA19XmFAyLP8VIdO+efmel6xTc7+Wg+IPb9cAZ9yRlT3f3O9HPylnp+rJjuErpmdn3XSQGFBVAGUD1zibq2FUbQHi9m3nWVrBtk2i1kGDtSgehFO4ZRmnzO0fFdbyUq/58T6A4wI6cL+9a3Ep4Ad8tU5Vp+hQ5bDmkhjBniYjRgywRgKpbfPQGIW0LACh5qSP88jxweZ/C+b/A8z492wCAw9pvGliBAr5el2a8iNRO4Y3tATBNVp5iTR+9UZjaW1XaX3OoMAQz7/u9ijjMDPWLvMAAVCaubkRSRHPtlJXe9N1km1IG3C2EBvi6tpmv6SVFvSLj82XIEZExBA3YVuxqZO8mpKptOmEeEKzmX9o0zsHLi1qA3rToDN2bgjeZ7P43y9Mjg7+2a6ScViHZ8KB2b6HYERpJPpaoUlWm/VMzUOV6eNjIX2XIP4BCRT6NjBZ+hhee8FhIEGMdbakyTH8Dk4r710x1VbrfrAXvuEipF9AbIsBUbWk0mukrEvTjDCbi7DkJSICHPoUOhFYXJ0gyfPEe2+DzPY0YJSCBOgJTn+El7O85uY1PDaVuY65mGEFVITMHIGOHhYvvKRd2u04g4mUcHXm+7rpl+A4br/K64ncxkZhz9/MmkFr5laqSgV7WJHu3DkC7IvYEOTmQwPDUX5ZLbtr0N5Xime5tY/yXhlQC0iJ4iCTr74GxTyj8LNhQTFqbizLA9i1Nnkoxj65aU19TJZ/b1F6GDIWLehOVZxw1+hJloyYssKFjUZVDGt1cU+jhTxJwIzwhFzQMYcc6zPe3s2j24Bp6NSz7QoVc9IwBNg1yGqlooIaTCeiIgG+4BwTxPhJcTUl+czWC/TW/ekn8U9ZoIXBuKV3Ez4ETyrTczZvrkM/WN6iL9UbiRwhisfeSSLVL0557jSuggKHWwRHLiVPYocmZI/ELZfYzDA5ORkGbCA4+3u1VARuQ5p7sHmu4x8wnEaD+h9GoNzC44Yp/zZCQQ2gFT7ygrVVV7LSRnquuV60hmWq5CyV+st4uTVvVVi5QdKQIpJI+YALQqLVOZVMoJILyniIFxYfS+b56AVSYLGY64zWF/AAYjMo8HCFZ/BgC5tohFLKgFjZTNt3ZkiJE402U3cFhMdrtZMdYB0dlc0Y1oxwvn6fMReQgzMWcW1JuWdQeooXjDxVICxGg1W/QF+Ke4ZCzhkydTv1NJetBYTa2acxWp5xxQS2tyRqZATpqbsRuYqjk2RScdmiwVmimj23qD/FzknxvdbW9tDEhZwbyfigjtEDK8uBovEFoAJc/oRle/IWIHr899my8mfY+i5Lc5h1/VYKHOd8mKU/ygp/vQKRImGaDqXZ6K5gFtTrjKdJ1PAPSg99FnDjGdwUbXH3uumdFAayVEzkWYyYj3847GgsAAJw97QPZu5FBzHuuVcWfAhdZg3lttmtPDhmoDTovWlHFkpjqSFND8PtD8+yfPLnRnxNEvPZEMvPUa8ALr/Y0tLXp6pvVdRFpGT9Wn36YXq8CbOXtO6mdkW8qI4zah+vfziQh2B9UFLtlfdKJw+b0ACDE1Xn2MsZoTLoNUd4RalpCgyertmgvmzmg8KRQvq2otH0n7saj1drb1UCEyI6resDeFKQZkVg1iLISN0PB42IPOOOy51q9wVhhOqzD4Of9CN6SaFVOeKSL+dI04/ExV8TpLVNEieIGzT1KfPbfJ8k2ZiSMyX5w4dywUi5K4FnVETB1uP2Evq/ZAWp/pSc8Ehp/uEB7V/0jWHAZziOpy4jVl2yCjgydjCul944YL4K5HhHfoajAjTZI0BM95uB5BJ55ASGT+9juLZI62x3kbHNWzjMf5YODzvhqDDDhyFbX9ThiV1ouPTtl+dksjmOfJo+HpGPiuxjXtho6891dlZhcYKYpn5umedwFx3ZOqD4xET2ZK4+szow/24F+zKTGixukEM+XRhVfQAQNUL3FdVRo1ZQcwbzXJ5wQwDeluBa2qpnUQQOY4ttZ5MmxKFgBTSucGQe28RHK6IpjB5+R0yfu73le/NLwfkVgbkJkRkU6HkEYVxkoCUf5cKqYO2ABE/DwPyRbTuV4AT54gawrU/ksEc7qZ+cdMzPNvneNZsaAAbl0EL25IZQ2j/JnUZNTt0GA4NqH7zuegkri7ycw8LXW3tUcAhx4LN4nz5B51qN8/P/9Suup5Q3sDvLeAACk9kN6R8Fu5VlGBtsNbZn4+MjLZDntHI/OK1yvciBkpFY6thNJGl4DAOtqwiCT55E+3YChzy3pUvq5+cTyh0evnVvg6Bfm4U0W7qDBeaMF+63WPk9FtRZ3BOHXFu0QB4ryQkA9vt55ydXNw8tT4Lwr8ioyeikwOM0K5QGBudc+dIbnmXBXBDJo/y833nteZn+eHcrlnk8hgENoAHHGmBlY5s7oQelO8w288aus/I7FUVfM8/3rfzzlnYB+2cE+UuocRefIH8i+i7b41wZEA6pyDcXTVsZU96XO0rwlaPZ2g3XG6pnqmghjyZKaczKcXQnSldyKe52h0JpYEKWqanrDtFSIuw3SCYe1UNcm3ClMKJM6e3lytWN9kMA4YkvnkyR4R5Nx/Sdg6Nkx7VMBwp9oDLs7g0zJgntRfV9cmJAqDk/l51eMYS1mEw2NyK3pBVRPv+wrzyfO0LLy4pMaFxAFE5InjKhqhNYEzyCWf9VsTAuL5tixqs7TEr18t8CN2h2gLgu/f318GPu9v/td//beqScnFVPiqT85MTxVmVKYo3Ji/DIgpv0/HHv2960DN3aIdrzSnClASVNqPDyS1lV7osJ1PVWqp1O+pKhtZCQmqNzNXX//d3NDzRpxgDE1UmZnP57PRNtbEysWHaV4Lefb1hlvVpNCKWxCoSBJcMmbv20hU4XJ6npOMfCJn11dqXuLPp6/5fV9Cb9CQwEAzK6yVx+yoI2RLDapYp7tMHREV2teDcqB9A8/P+75jA1YV5CGW+q34aW873lrNfE8yEH/9f0nFU7Nc969ziYqWp5x8ZCPQPULk79PBwqauoq+z+R9OvRVhdjnXUr6DVUjoD+x3iUuF0Mxc8J0ero9TpvcKHHdldffF78Bfo7Ly2plxNvVtd3dX9WoEreMkoHwwWvzrepAp6LkxNDFv4OloLafDiSEi7jslGUSum+RMe+y1LxVk3m0BUP+5XcB9pc01SMyynyhAHrOLsOxzuq+qaIHdrQmqZ/tBE5Cv0PgfzPqp659jD2UTRclbfF/2ukCl2ZwtFFPXEPSYGQ6URthHtlq3wdDzfdeHvRddwcATvnI6yYzf39+0kaSwA2ky8vss5GQHTls7psNA+7PLOcqbEsZjUWGty4jXTXdjTn0HhcTMHNQNIMtEsOvrjL1TzGVYH0BFBhkmVvl0+WoxMM105HZt8IHfPyIlwmzNX4Z2jF+mxrcHM2i+dhDc4Zyw1Jty6M7ekXCWRQshLPTI01WpVTUrScZ3wD6ELBqH3hhx/9Af0ov7YLuaremu9ZRMtRiDTtNSdX5MhAGJicFXXvZ//vOfmtfnij7tI/+GcZHoMAIJ3SmlJ8gMN2ZrazBjTMFoRkZ8Ph9qr4xPouYTJCELkcHIiu3yHcAQOUJ/XA7MqCZwY8ydcba5lpkipJh9rGEw90n18l718TfMKvDuLdUt2yeLdXhbYea989xzfj9TB8b8nZt0eP9B92SuilFpWXVbwfcNs+X7N5jx/oqIWFdHz3hcUvvCXBjAqJn5L3oxoYEIcK2ElNZLOYSxpDPflqrq8fffMDshIyO/m3oNvk+8l9jYyzy9ly44kIN0m65Ooa9Ac/6gHm/9nvPoBQkKMNm6wniUxYhcwSL5/3P1tUuSJLmNAOlRo+c9k1arJz9Np5O8HwAja65Ntjc3012dGeHODxAA38uoANWZyfHeEYeAkVBaVh5IGYbMq4hXGewr+Z4BT+xdTkfmA4nVu8/5ITa6LMlaJLu0a/8ra6i0mTXH9kH1npBY88bplpQRvzjagtfbVPqpqkY/5y+DJmRmykfCekDiDd2t7mZ1eDIfV5rRiW0LOLiUke+jFuddVeWJqHtlJeEo6r1N86bdqiskGzu388cHZkHS7vl0bZMAytWBVlmHff89av4OO/VS0GL9VLVUFELv3M3u3oE3Fr2VUnfLp7i/1UHIo9TMxDbqD1iK3ugjgKZMIAr1z5LS7jBs5pu+e5onQYY5oUoePRB1Mqs+M8O1cRErpqYG7C5hc56pTYDino/mnMQibpEGWMULFgUGosCncB9SoFVImaPWPTK6Xch54JqhZ66SaqupeK9hevOB74L4K74RvrkcFRhbBB5TuT22dGeIhS+FXMx0i2BkRrCkJySSISnrMunsQR+RUr/5JNSHvypSp2DVGHIiDmaetn+O47mGLmxpn+3oVZ+7tSjrloxaa+ynrwotgoLYglHji/O5fyJCoxwuKXZ6SktWtw9yYhilX/TUlRX4O/BQe1XXTUFbgSqz2VzCmVFs4NP1PM+xYQveiug52gWiARKe51FpRCE1rgHU29MuDZJwDqum5b4tlgSGaGKqWuPwN0oz+DzPa5ugAGOdkJxAgI9aGObn80cLGHWuXJMpjhHnnJCj7wBhRa/LpJleu7lkAL3cd5L/YFD+zu9vYFMNoFquzCWCdlQocN2rSs/zbJoy/JXmvwFyZhZzH7ksGfmLjMytytxvZoRUgob+lz2mE6A7G6EQim77qZKMib13LftEoYmx6I7O+K/T7s+mmc2bav2/rmW+g4e3+OS7XOTb0cRb88B5ww8B31npG8yBYWPI3bSwnY7y1IvVVtU5Zwdz3/4DIz0IpydSzvL5qwmyyiQiPp9PanOGCTI5NQos+p0R9o7TB1HDrfqfu9ehZTIerryrKs/R4kd9yBdk9rMCZOzRMsK+pSUg8UQ4F+ix+JFmnl4N8bar77PVLe6I/PPnb+dEW4Yqfp7C5JFvuHSE1oRJyyJ8Y14Nbu/iZvUIu+cmfslQ9JHi3QJlJrUeP0m2lYKY+W7S0pu3zHvzoLHz/j2LAoCTR0q497i8ByAi/twPILHirh4EibGuYnenYc0ANyjvNTBlzd03JiKOp86LtAC+N219s7Pzhmts4/z6ZJgi/Sbr53kEqM4GcwCve/N7Tbords+KHzIATIaX0/TYHHt7AW0OmMaceNcOTdr+x8rIWM7Zlg2YmeqPrLIEPwh5oKodadXTPfKKukQxdNAAIK1YHA0M8sV5DlR/bisLX8TqeomP7yt4cbyeeSJXruwDVPXBSu2risgx+3R2nxPJqSl4FtbYvZtyYOzdIKsnTZAZa+oemmrPV83z/Wf9qfICEnXcYnPqaON9ce/wj8Tu0WnZouoB3CpqM82xsnnKIMkTp3vaLv8xM7q5/tt7uKMFlzdChF6mV1XwS5RxLz9m1QDQegB9WCuPsWBrT/fI+/F2jcSsQxptO/qmec69pWslh+631QI81lK+e86TUo7k8+QjYD8zT5xp2JNelSAGm1mUm/R81JN6x8lmWAA6yfFbFaeKLgPAz/O03TuUImz7044kjekqvb23aYW5OvbwrTzeyZF2zaPuAAAgAElEQVR2NutpqHB6A929HxHi1Vg5P45f0O8r5j8PnF303TI8kMTW+3pdG/hJBrH1jE6ZkEzRJmL91ih91Tb7MGGr3peeZP/aZeKeHd4ldj+fWCt1DK+tetJT5//613+uVlr4W0eaxNpWBBJdGeJlDDHkggfoCPKc6R7t94jsoQ1lpyieMC3eUSMxu0Amk3cK4Wihoz4xsDIAt25rIi1IP+J10s9MSaRl5Two2iyUXlTSXTNH/lX6rK7eApAhgZP6te8t38oMZuT5x72vYQ1HlAyUsvg9QFo5KxyvIZc3WQllHhJDyHh2wMwj4CFV1UeCiDyw90UqLknH3vp/e+LFOrTxYocfOq+ZEZkh7EOYYKxWAP38PIEUc183AWDslBKxzXaPJQdL1NJtHy8bSVhJ0qFhYI9YfIMW6KD78Dx572emV5O7mY9vraYhRyYPFTF3C5AWXHftSQIwJU80wFNchPZ9JWBGAG2gPKuFcIPk3lLnpOUVKCguAE7Ig3IsZMMM5jzHu0CmIiPMgT6hPQS6HMTJJ/LcezMzRvk4fGXI6o9gzPM8HirWn6oLC6LlnBhd694YfLGh6QotUqvO5NiHerRXQLXoOu8zIqeusKE4qW5ZJgbSuklgQUT3IKBycHrixGCSgQFDg66N8r/Ums/zqINajVFsqOVARpmIzLeCm9cIaIZgxsESK2RuoB+rxAairr4dFCSEu1ka1iPbQJ2b2LntxgSQCrCRPMFo1KCnvfhUXyYz5cXZXdUfuus2Yz0iBtVdmQ/A2UhFUiLO55yIkPe6ACyaVzJiWfaMrCcx8rJQIr+kCB8eTqtu1KCipKzKl9z9glA+mgr0adrEtAL6Kg/cr2LuvZmOb8vOaEWpt+TSjMXSO75KL0hGR6Ix1hYIjm4QVkssghdWDQCM1PkWaPKWyBHhWsG0WBc0YilyrefhgpKSH+7zF3Fhtp+Md9Wz/HRIh0/Ppjx/GMyg62RcVzj4yedE6nus4li7hURYEF2xxQoRFmmfU3GBMdM1mJMZMiyFN74CaNVe4HRnpPY6dw+6g26nEajumQDXXmYAUYAiNKyK1MaX2p2+I45IpD4CvuWmSNAnZ5tksEVqJjkogFO9wUSRgYZjq8kIi211HmjW/KsDMaMC+9PGjToVyjpCHDfsjGQXeELBNRnMk6+GLSKIxX/DEygPg3l08Bo8zKlxaV1tivtK60TM0+8H4t5Pd6M7TooHNDN6hYw0NkZ2z8k007lBhMqm2J29mdnXuyLvvTBbvwUtqeJUayobB7RGtG5uLbDdmYomeZLvpG1Y5x/lnRkleNZhtszh+wZD/2BRacCTZweBMd2WokvBFhER7wIubSBRUWzQQ3hZHGHIXYjwWjCllr2P4oUpCIiNGJqEY6au6tohMQ6EW+aCIXPI0R8hYBO3CMLb8nZFzT9OVyLCwpE45uWF2qjUu2itXGroCmqaXvLKUuF7khgie7mEzi8WI3fGWW/M1pK9J3/W+l/l9a4pwuJYwO0CeWcIdPWgzzlCS0l+7j3Jez99S+He24TQ5+fY3ZgHM12l6N99RT3CdoaS3gJ4zk+e0JY/lMG7uqW6V9KBd7CkiCTg/eRRKGSyd630rbJLPYU1TVm/mDXoKvndEwQCrSrJ1p2jcK2dBCGS3dCQjaO0gmssSzRgJuyTzyxfXnxsj/eAAc/5ESKmwey4aytvgeWLYjh8+DoFlEpJbTtJ4QY0wUKs2hGlhU4su/coQ2QjyikNPuifP3+rDurq0GCYQ0Iesm85qqcJYKpjD/ItLwWfUscylgio89d2KN3xiNjtXFv7GLnDryoCwMkzbRbCNAjcvgye1+fNWCGwBiA1rVijmYr+fWkeCUO+h949oHxxnp/xhsMgmPkz09AetQgaXjT7Srs0Zl7zW3kqRkSkaRYTwgbsAqor/VJAwAx9mL43wyN8/1ctYwut0JhML+j2x+PyZoHRpI04aarKTOtGt9V+auXlL9LTFvkxRkGyPqXs/zzPdHVVzZxzvmqt9y9zoaWDOTO22IqMTLshqwvjICOHX/iBJ/P8jFvxUbLITEGc9LxcWLlyqIrVCUCmuIPOc6TIHzSJ7rGDJL+9wEgIuwV4dT/PM7J+J04eBWND/8HzSOFHvDvnFpAV3ijO5zuKiIiqzzmPLh4xzzmD6KkEnzyMqHut/Wmc82j64Ua+FQy7OdNFTHX/5HFlZV8+QahBIBAzOje7JJb78xjO5uu29P1FIQ+vO9Y/JhAvKvSrtpn34rwj/1+RXnvjWCIOB7SAt6rIMdBvkEvLmcWDoSt2TgZIBFI9kgXHi4zfewGeOF0j/7wk7T2iiZhrG3cwuuTTdetDTFc9mV1XpaAaBXjHn8IS1J9i7cLYutGWBEREo8E5GXpR3fb/ZKZ6rpMRgpW1iGDA3VaauxUDwDQTcSLQE4yMuPcPMH1LXBVC9TxBPM9jSoEsgl3cTGbmkZqqIjLiAFNdg7bFgCloVjboKUckuk8qxpZccZLZVT0tctpgMp/NUqBrVM372/ddq0O6n3jMDQbNBHcHpAI4Mk9VP88P+eVIKf1r9dfGkOGyozC+sd/DxY6gCV413iliyE5tF/YP+mhnSEUB0thPkI0aUDsguz7cZkfhpYkhbpVUdxw2qrqlvFw7FyXBCWoFxZpOB5lx2/6rOmbgkDiCIYgZeLSgSnZeWy28aTrjUR947x8nem3rqcLMX88D6aVSX2mHRsSITxnBdYEX7pKMGXT3VE23dP/UYlHPRCGMSG3IzFR/qm7kqZkJ5HOmPlhFTrMb/V6ze+86nbCmwdd5f6ZGfsnV5RmpJwjTM+d5uq8mD020e8/u1d+/z9YECcxEyDFaGxylwC7NcpvJzGN3VoY6fYexW5+//uM/ImKGcjhYYhnIqP6YJGj70Mxz4h2oALkblXXQxWrSgEFgdxyVyp5nhBrjMUdeZ1I/weJJnd6ERgcBeztZ4DgjLuyg+948i6VwGAlSGxFIRuDz+ZNHk7zYoK7zYE6G6qTDmDH/O2DLrHPO/XPf8fZAsLuWS0NZOyKCR0VORtanDBj25M9fpY9KYcJnODWtDVAIlIkFoX20Jx8yrlbe8qhsmMHn84nX8l5YZF0pnrtFJAKmMuKkdpLx53nMESGq+u/PhxF/Ph8QPz9/9WJoJ8BlVxTag9uRNkMmFrj16Slb1sfJPNKigVLYqsVAVYFz62oDk5vc0qJa9gwCiCmhHBwiBFU5YgHPOUESdh5Sy6kOd/l+Lk2rir18YRfx344sM5/n+XRROrz//ve/1WwCv3P/DCmXJc3PM7OqZwrUPce9d3Y5mPoroS2ZZ9abu62zs+PEEGIUBjnTZdumJCbzfD63u2/dWLoeJQsKzbsc4oXnzox+T8/MmBYX60tI5ATOOZpEWUW9uKejvkF5/+L6fc+OaGJdlXf8aAPxkQ8doUWmjv7eNT0ky+SXYLztrLi082gKBGgz+Awsz7XE4duZ+Nlq8CKq7C75eb8Rfs2swl7z/g29jK02B3yw3Lpu9hQZMy7ia6QdkdnCA6BuSYpwrFHlBDOsVL1isQm1icg8fz53ljC1xeKofHlT1Ds1na9qleQOQX5JDqvrc6+Dqe8/IuKcp6pedo/i773X6woxHHTXyQeI6lZRfpZ0GZIxpj9hrzaXmsEYQTMDyxzA2clzxvFSvqi+J0wNEwN2Zpjmt60g1I5Meqp1+96rpKu2bZ+DgPiWkCt/wfqZ6XW83R4ZLJirV7wyIzH3BUoyyNt37ACojkWNB5exNW5xSQ/be2RWGxGQv8E/K/h7rwr9XrnPr6/2ewK87P6IVwmhkSnBrmJ+WSqaZ+ItuH75Xb40KP02buOqVSLJeM4hyNBoras6M5/zc+/VKcJar8xXsKKTX/1lT+Cd8Lf8bRmb8X2rHSsEeMlbZnSK3g0QfAkm8eoM9ks9z4PBTAcnkhImGIizZc4gKEtwmdG9EcAQpyqe7TWV5/YMWN70PS02cOF2NCvEe+Wxr8bi3Tqc29zqhsJUOL6Fxy+nfhKZOZYDQ/KGxR2g3UekogwjpZf3QYpl6Kg3j4iy1Bozk8c8fX1LdU+vmNpw+A5Lvg94KZygK6ej21QlVLHgoWO3F/PGGgQY/CUH6PLSmvdZxXYP8Wrjfgnzq/t90QL4flmyfZEyvzKJZ+t6HqbPIL9y7WcG3qGa75ScT4633ehZnd2+qJ/jNxIA7NfpX0NtsdbJLy1UjCztX3JaFphoGxa92d6F6nDFY/ENucD03iMYOzWjGb8sWQRx6BHqmaswVi5YzFnHWiQ+D/lcWrlMkfA5piELi9HOac8SBUxYL6s41trBI9btd3GUkBefwLVH+A7esHEmlhZg5AfYD6xx2huLIGcLLwjdcuLJo78jSElid2bUmSmTJQxu1bXqwuWj0NuTViiGzJpMlBDXrN+cqC9ytKvJOSu6Szweb4fV8juvm+OvEKrNk9k7tFDSlPmPToX6E+fW9sq4Y4EgTEze4yOqxr2XQM9U3cjU+hg9fEXF6ZFcfsbGO9PwSsR9Kc0e0AtvSaG3uq2UrV8Xz6npDA5g3u4X0q1x7YQZWH8AMfoHO3B9IScqQjHkVwIgnuMz2q2OpcSLmolE0gPOFD9dWLfjpO5CVHf3JSRfHBVC3V1dKhpL1MeBpjh7CIlVhb5yX4lHq0XhH6uwpdSB6uuWGQVhZfC9lREzVbcoRSPNa7bKpwxA65moGnz3cvXu+cCLmo3bY8d2QkADGSJMfeNhhtK2SmgotuoBveRiYyt6xvjWt/hykGeG5yy7/01nOAySydTYRhGAGqGq/o9lbYPdlVqA4Z9f4rGdo5zliz/kiVTzfqf0kWEVjg0WNvKr6NaZoTmMQFlT6DdNj5B9Q/W3rG+V1va+e6qdXzKjqkMU2THig804CjkNl9MzI+wewASt9JpRvuN2fQbOTU+Xv9lRI1pVckOuFtriRweg7iczZVDM3UMYO2DDNAf33ud5YuWVuqe6eHqnqtJnRlRC72I5+QIxy7/mwCvHBMT/Dm5v7a1Z7DmP9mnRvrXzVuNsnEzEdLeGKzpk3Hyks8GIc/LdSdB1c6V4qtyc7I7svPl9/rHeZQBMXQTJPx+flllyH3MB5uXUy5zNPF8NNGcEIL45yzlR8ibb/4oz6An9zBQm1uNDzyptw1X5HGuS9DpcrIZAGdrY1vpC7sDVCSfoPMh4/+RUSZ/UkMVcdK0+f0YiXXoorloOJK/KdcjPIPUuVAP40KY3Ki8DdyfDv26Kah9Rq/e/+Hf1L296fIV9jhjbxeMNKeSIMjkz06zy9uYw8XYy85bGarWyMTR7FHVfGWJglAv+4WGwaIDKF36/iut/mjUMYCeO0k6pTRab+3k/rSIkNkgK81T391Yvyte+L1vJq6EmIILmC2ID4tuJoCT/+i1i83XWhq+owideqMEDHjNk+d0TpnMlrIC/dJ+KmXJhJe0hrLcnw+q3m1YVOivQ7C6rE3qELOupzszAiJNOS1X1LYL3FoBbnUfm+62LJMfux2x371OUcFqnOqkdNg4yR8HBKo2ZX4E3ItoEoK+kb/8XwGQ8ci7a/iVVR9FcSRPgfXyDx8tspbQDdtrYa/OVyTyPzAwYrzJMda8EWzM7+vI5V6+UGeQJmSM13Kr4rKoSeC8RgOoL1S3bOr3/iSTqxuapWZVJhp3iSS+bPOfoFct2/tbnfM3oqSoxd6uEyyBbdLaia+ajIt5v6pcTBrDF5yohBDQvoDxP5NvP6knESZlCG8Kxm1M3p17exG7KTBVFgbc0Hed9p4rneVbx7xObkVWfIVSTrPPEna35q/3x9K1nBhndRbiGoThwpOCmUAzzM3G9SfLn56/u+zxvZKCUT3qGit+blcxPbDdBrrQj4pwjaylVlbmGwcB8br2uACQ/nz/eDkhf8Od5BhVBjBxWdEQJtKyYAxTz5g1Nymth/1XnkX1rAvr2DbpC8AYIISc6BHih6t1jhBnt1YuT2JuVccqyEkCDh2Tdi4mZvlXP80xDeyb0OiISYOa5u8RbqpTevVBdk5l2LtpzTvJ4Pfvnxcf2c3pCmXlmxEd3ZAXZ/VG7oQ/ZGlalBW1SZIrRZQrvNu/Q65zaoiOCh2NnEWdMIILaaaForM2q+szCCvI5L9gb62giloX4WynPw9Hfzp6JsaEuDDxBFYXdMoQ//BxG4Fobh3Vp0+U954EJ+qT20HRrluwEN1YD53//63+IiQVhATSsy44EMbJZxKC9itmocHOSh3RQjki5zZS4ReR0RcLFTWR3J4/SWp6DQFXvagqOKibO8bRKm6+3EAZ4gr8Inworv/dY4oVrYfcbZ1SAPKb3rbDL52MPzZpL+HnNFDCZT6+CzyEp+Ln1gsubfpTsSrOjAfKYtK9JA4mal6emOmCqriTJt++IL96Q+CBfvyPgnGe6xcsOcqrJ0SPLfCyMrQ5GT2m5sd50dz/Po6vTg2RiYCrJ5piIXARP1aOIS2LDXX2z5/lL7Bh7udzPTIcpkR30vPQ5z8kj2Ds4XXfJHYIdo6onkBa7zIlnGoPSVQUneIJJm9tEBqYK0y74AITWgNRr5KIwukkRr1O2yzMShOfuu7QWxAwzzzCG/YZxBqev68heQCQQSGHW8kjQridva4i1Lwy3pSvWKlct4MsK6boKLK+4RAlTMwHZiLd0BBrvI4hoDEYFeo7RzD4na+ZWAS03YWDupwG6mJh58tyN+yRCe+RUOOpZpj1z9AgBzK/v012vQzoMZDyjRcEztP+7RnEnM8vglJaKjwCFXnPY8ZOfk0foDoG+nzAENsaH/X9eKVddqo4hB4aZJ1KkAJXXkAMxmXHI6CnuurxjLCkBXkE/ZgEfw8HDoNC017du2wZNWLSpCQ06iHS3nEqxLZacn4QzynJnS1Jau9+2+kDsMAMgc4PNC+xmu1eGTAO+9PwddxH4OY/Krm3IvumEboOT5NU/hKEfjbJtAUZG2oX3vTqhvQUG3M9iKlAMVLls1ZGnHyQ53qcKcn3bp2iFh1RQ0pTkdAUDLaPMDgakpLF/yFt6vQJHAmDafwlbeY34sMQQPRzzKKfeRS5b3rtg8jcmOPaHrZmmWyMbPKrmUIIyj0DxEaT+/k/Xn/u3dABXbFB90wjJOCRr0BHSQ00dUdI2tF2rpWloRUF4tKCOaAbJQ0QvO0P3lCQmXLF3K2Z4qGMblmyTJV3W74xJGbW9kG19veBLw9mhlcBvwQSN7pnIpJ2CNGO2Qb9Q8mlRQGaqmWfg9GwQpw3GuQ1gylXe8LQQFbQcpkUlgazG8kDbsvSvGDPO9KqpYzMuxs7GuhQtDSVAA5ENRjDvrdTyjxmVsM/zyJbwTfSj0KMgAG1PsXCEX+IVurvvPZkZWbeBqBmNiFwvTctHlbD9ZgYHYya85u4uYjMoY3xvu8ErFQIW+4MxjO+E4JBh4hPnRWC1sMQs48A5yeVxZMat0iuPOAwNL+scAXAdTuE6rtT6jQhB3oDtvAONaeHXHO3g7RabpKfOyZH+I6K3Q+2pXnb5akAEWECcOyPds77MhgUD5K0/mDmMr4rLMWe663YJUE3y3g81RN/COk5UG8hXk0g7L4/aJz23JtS43/tRa30iuyS2njy5BKt5fs7hCch7PQUKwZ0e0fA633aMBHk8KHVcBVp+jZq4vsOqtRcT/91S2JftC9rHLFa9ebu4WVvXULKqTdAyW/fMaTWkXjO1ZEpjSRnRXeOca9Bdx+15HqmxIs501eemGXmCn4FGxNH2r3xfeln8iomeQrwzZRzzDEaPZ2aYaI91sChX2LmLqSClPQfsyYgmqEM5SvbXEnV0W8DuTlXk33POoObd3pF5jpLhCxs5W1ES55ru+nmeTH76vikmT9aMBvnVZfb8ip4zQpYkBUTmACZFxRFLgOhNZqu/BbSNSXDtEHIxynjp3RhJNALd8jEwX+oLYM3cLlkvdoHe69ZryXVuz7Ab83MeJRsHMdS7aw3Tcl2XIcRP/owMW/LsnuTIPBF4vTXEEQnn/c5MJmrqhIQ1LskaU9BoKneWNDvAlhL6NdZY78EFPt5Ymin/38QMM8yEAOS5plDzc34Wbpnn+cvApYqlVlAniZ668279mjxH4ODsmCRs7qHfYhCBDCvziLueq67JOdOVGZnZRORzyKm2Etp3FnXvtFaKMM6xARVM9JmxvdhiZeqdRbthI9orrXirVHShO48nCsT0LXGYemYQRxv4NAqkLUjbw1qlNgShKv0f392cm9YlAToVEbCLVU2Onu6inQxr7EkVKtm1kE91kSAFxT09LJKzbgR6+Go4/OpbvZPIUwCg6z2/TCBjK8CQn/gCtUriLxSgYcbL0mBAGDddCC0ROxlBOQo0ezgxkUxtN3SJVjK5ZvcUDFYKN5lBMBtjljTi+7cLFE5lc0aEJVgz1Pq9IZZMoC8QpPjiVXeRbg0lhdqbHVWl7YzCJeXo62+PASccTQkrhMaJ4B3q2LzF0AanoWREBgNTjSkVjpruZ2SA485nfHKk1EyzQITP7JOf0ZKc9hfwoIv9qQ+9jEdfhyk7+Rd8BwA854cMk+6Jz+eT8WTknuT4Tt97UuqH5XPMIPOgLS9WRZuZC/3/AqanRb5RdR/2OKoZlNE3aIk9fd4e9TznPNr7KI87W4V0B2mZl4tg5fQlGzlFyOuxQXWglv4wQdh9l0PpCzOel5PR3t0Sgay+us1YypFwG31TDSQGnWctKIlqWXBPegwKSMDhnJoiC0bmQMNDp8gBn5+fJWLJbSYADYz1DSHczNEy85aK06j7GY2B11eDmHMOIwFvIul7OejWvt+KiGQG2XAg0kUgA4MMY2mKIeM4r7p1mGzPP55Zg0qtDt4F7Hoy6PX5VD4tNJass9R05eWRE4NqrQBncO89kehR5P90veQq7TALm5/rPIe7MKDbq7O6CyMLnT5pYVB1p2S5a11aVfd+knEimzOlNXIxPWMLyhai+Pef/wvM1ITXas70dHWeh2R9rq7cjHkVgCEshdBpjfaRzyP5Ba1xhBqEwtAih0omCA4zzpCfW5zIOONFPnaUBZBMxbd3s7cOT0SghyGHlVAToWcFjNSifVtE86VpI+WUIDQJkiRFZk6Z3uGOigMiT8oxcWK1JuNCU04YAPPETx4utuAkKEtkuRMDELj37a8JjAhJiuetbMoYgkONuH5+fjgxdjh2E/I8JzN7x/l///33OWJiGH+ekeDgPJ4Z03o07ZXp1stSM6K9hgzK7dOd8eAdvUtkw4zIo0fK4JOhDRbPOaZMTOQJqll4ew1SvZhG22OybyiunvO0Uj9A8tkuhrKqI4kMZk89z4P2nJvwetT897//p7WjNTZDM4DJQ7Zgf8iWSyvvJDLqbsZ5ve3eqXvJkV9SontfRrZYxt6JpGZDjHUAw8/n0q6IVKYfY0MEVhEsDLe+TvpvVeoCVwJ7QUpqo3cbBIYCH4WJzV6J3sXOszP8cQ3kzgtuK/GWfSpduZ5cmqrRqIT/No2jXkaJnDoB0/ljxcE7HXWQVcLQNFh80ojgcNBTnc859DrrCH02kcuqSyt78Da3JN+foyGwajsB0Op59PSCrPpsxfYFK83rDwWprNK+eE/fdle4zqyml+h+K7k552hG9eraZnxAvQNGwG6YA67zYDUTZ4juevKhxie5F2C/HfDWDSO4hC/LQ0zisZZzWu4ATSrw6WHLQX4m2OhwLetnMo1771jVn5hetQQzDXNFeM+Pqk7A9ACaZm6oSLhYabFbWLc3weoebyIJURhARqxdFVyLL878qy73Ys/3X6zDmt7psUN6REyPzXGAQifDYv+xeXRETJgCM1uO76RJIRB7FEMMLO3YMAHTr+C750B3UGJwcZoGGOmvVSZ+25tfX+BLjn4PIWvGgLgeIUaQynupq6pn8py62tn+NQ9VeQcf1RYQTFska7xg5vLW9F/AXWX7ljgCFL6I5DuGFLyu/BYCD39xXvZgtD5kRHRP9d23ZJmifs/7Y8V+8k4LAnJIDM5QeUsfQl5VpEyQtvKOiPB9P88j9pAe9cn07x+PSbjdPz2hn4Dry6Bp4bOMY+MjLugFk4bYMCreZRGlAp4ClwfAxC6X41t7L71ss8xGeLXe7H3Ob9uP7xHZDwwgBukN1IMVdSlMz/f3fmluS04RDO3LO93ccKEqv6xq6qXzjLAfjQ/N1re1Kxk5Qpp+5b741QDrl9LffhLf9zG30eJrn3/zA21Zw9VqbA1lK5iI6F+7cEAwRG9lLInp5TioEfp1s/zP6ec/72cry7DMUlnCiB+jB/D7/PVVI0I2bvvEoWJ9z4zkUEt5cOyiRiz65wivQnkH6vHVytiZSrRXRXK8LNceB9IZrMZf7ys8Gmkz/QXm7sd+Y1e3XDZCB0JfU5zuEEUgUwaPAMo4FbT0pXQbOed5ei1NuC29+i8F1cyc6tgszPBsr6pTE1rgFScp76gqYcYeIywlx6FtOLdq+e56ICK/UIMGbFZV7MrQ0t1+myusmCNeZtzmF0fy4J0eSiHtuiLefe77DKU0f28ldkmPWWCQTFClgsWOXdZM0NzSrKqxlD6qP2b2aWeu+Fmif/76hPJaSU9HR3MsBJdBE9KGkuzpk+nXZWsjlPzByVfpMhtq1B0VRL1Uh13YyjDjVN0vSTECCwtmphWE2BrRn9ZAn6ZpmfaJwqY8FbHb0MK4zADT+TbDAi6trvN9/OYsR564929dy+mRXaQlBcFZr4PYUFXaGeZJxChTRxhYFOcGtJuKapclEu1917tWjMr31htuY6DrRbsgbDSc9SHEw/EHIUMGEU3h0e/OhlWWWBo7b9xjfFn2fkpdJw/jbTvdF2SEqJdVVfZiDmmg9Teek89RZaLwxYhogOCJ0Ha63KOOJd37559dPVJFoHrykWivN3cZvlA+JbmDt+10goCWh3nZNZykGOtN53yRHARev61hcIvb7kFow2H1PRtSxhsFMV0xTET6oAEAACAASURBVOaCsxT3iOTJc+KoB6FTqp27uXXCN8Qv4MvdthjhGUDdmt0lnQZJQdNGg7G7Z2aS54UY4lf81xMWW1nkiq8lXTgeAt86hGZxmm1tRaDvNgao7tH2IRcAA7cDEBjhjAPXbFzyctf0qsT0t+9/6nyXzQiD6NrOiFtHbZ5VjJFfzBskwZnORat1TZyLyY/UHVsbz8yjW+9kJS75qw84mar0CojU5bXgdqqqTTZiREAjcFPi9GF8d/D9Nd198hFjdGZGZm5rfUBqSjVSJytioKeq9EdoBXbj+5Xpz0/+Zv2PHzSYUNLp3fpG72L1E9AY/r1E8z2O35s4S2B/D9Xvc6vxsP6l4x5jZj5qe7eX+XX+v57XnpcMXtIY/PZVrIrqFL8VPPrkveVlkM85C8B++4tFHvqNLe/n5+p4lNGss7SJgk1CXqKuX6HITPsopNfac+LvbjmUk0nss5w0OO6KSv+fjLUKEb1djW06h85SOWdf5FgtF8/JgSRBG+VgqDEztSh1z0PeKx6nN71tz2JngpmRqvU9tCPpxj4ubGWrel6VRmbaAdLRw4nSFxsGlOHCZj5df/381RufDUzvfrXuqa6ZeY4Hme9JE3eBJMVVCtJ5mT7JHq7b1mbejAw0CkB9Pu6/knvq/GfHGwgOmrBSQfiDecCSpvmLWMH2jdLKAC8rH0DG0VzANR6ZydTkeDu98JP5xv+dq80be98WGIDSKPeYzVrJj3dcIRl1W7NJrXHGXpDFmjQgAayGmbe9IGnzA4EjwMysdeHYuLvqdp30AuDeCzsz7+Jo1a6/I3lVQddD9Ged3hrXLd2xq4AF6L1JSpWwnAyE10lnI+X0LBNozxe8YBl4IqYM6FWVrGsxU12pwrVthPGNkLvAFQoni1Rod0hkPM/jPYjW/MluSPoeRsStq3xxTjhDrX3IrOtDdUeQQ9H23wsFp8sNFhHPeVQfZnqPFAPv5PJVisTaS3Jwnqcwt+v1j9XRVT1mu3VwOAmeOOqdT2aAdqXuFlHMpeMe8fSi5iFHpGrVSPHVV2EG1nnvbtfYS3K70uZ4i1OJNiE+R7uWuF1jU43Q2dOt16SNYvPAzOu3fz/nGP/BaORZJTaweAZNw2h876ZAMZHCAWoFz5bqPvP7avhmqNWpQA+zv0CEWi0RQCd0j9SokhgekiFCrZtlVSZvDeBfaDYI3nsF0Hzu55xzIpOh4CNC1dsbQn09KQ4Zpv73f/83//Wf/6nWWH+l/hYBRc5YGUSfJ7+sNIDMKjASjC6t+unqFuNSzFliMo44++H9d6HTrR/EodijadE6z/OjJeGxLpYzM6heEyQYzJzMnOa9NeDz/MgXOHgUoqc9k4/M6j5rE4aFRqsqeBZGtw/GW3ItXur8gBUP9lzGaluDDE0XBZmNI6ZALPdSGEBz4JnSpkq9TiEqL0VUYI4q709/akrGQdB+95k8wQZpNnfXzkx68jmZec4jkP55HnK8e+L9drCuf2ZOnNjpU40WRnlMQtGwwt5WM/JYJIGeydRyJ22El6A3QVbXvT1AnhCMpLt87w3bpIGW7o4wN/H+ZiNaVdnY+l4GEcwMMVJVZ3AC8ikbnBPy2HZ51AtW7hBFQ0RVTjoNKiBKvyMpcu60SIOc7gMuajq517WqREkDOVMR+6JG0/gF+4jqFgs2I8I9s+yVCcT0dNfzPNpdoclkC6BUp6Zgl7GTKo6aBk71xQphmdFlAwKoQIczmlBuC48MOGKwCO9Q3VeTYiDKGt964l2Bht1aTBjBmbFaYRqZWV0qB0lKWwCDfRolCL1lpsBQNvrko1TBoGgh+q3iobeZ8U13HSyMi13lFM9X8PLTXSXYzguywONqpORjDnOOyuXXa6gOmdDThBzaHsSPbFQB6V8JuiJmYqB/wKhqhARKs9x5DJinZzZmqogUH/yJPAwM+LFXbwhEIRBYkBUgJiOmBsQ5z3hkxe5bmCdPJoVbQOGZcZ6UKlD2bDWDGK2eWE3IAMPlFGSECPAr+N6VmPoadGAyTcXYNv0FYQ1BAC+u6j9ltQVGptxfddEvHlm8I40wQPYqioOD3qHQS1Yix6Agx2Ql/bMsX1WihvY2MBjKefpisey5CaSqVl2zmUbw1sWIp0m9hZ7puTN94gmEaCZiBXbdQAjFFvy6OWLUr77jterSu6VTB8Sy5cy0Yd/tlNpHehD5qIDWoLG7VTi2iw/uiGf8e5g7Lw6lQw4xbC2T0M+3NkINm4/McJ2dtu9raUFAjc8FtHA1QN0TDJ4j9hDDrFcbw2zbFrYZXWrYjppIY9wRkJJ5uhianrW87BWrzRkBNDmIYABVF5h+G/s3c3NvJzz0GFmMjbeM8JdFsgnEPc/Pz0ypo8h8ZAkI0z3B1xM8wLCj/R4htwqDcpPcok2kONXnHO11GALUGHssWNn9E4KZtyFxYhV3bJqglh30xlLfhCtXWgy6M2Pk0d/MRWAQZ+jFP34AIqaMnqSfWO9K2xPP7OtHi/LaCnjQ51le4UDsquxuMeB6OoK3OuLNUt/JBJndExCzPj0hkAHUOSSrrmK5fndZe8E4mUhpSKqbESfP9AWkLxrXbMMUI33VBpq8yFscZqUN6P1MYxoEQfkxeTgEQIMT81DIiNM9M/08DxckwgIiaoq0x0tETG36cW3DTGbXJ4PIuO21e0+eoC2e6cUsJLzeTY4rmUchRQ1thKNE9cy+LwAIiuunLAlNMdcMxGcMzluwtg2YDvJWDeNT3aPdVhmRQnZJB+Gqqr6U+W9PofOcsT8B71TvKzsMZMximDbbnJ7g4cnImguAPbR814PbK8vbMB9LCbO98jfXHE8HEXytORbyw0zmE8GevlWDjtwmvsGVJoSFcBxJ42DZ1ucj1TYATrAxJ+Kc3AKqMkmg+lrSk4cMh94eboFF3SlwuiN3iWLIxHbmTkQOW0VafNFbb2QJL6hUv9ADCKkW7wwyIMbIXbdUgfWvsV9qwHPEFFNRd7QZLCJSzf+EFlhoaRhjmucobmg7W+rJnMjQUGg3+5nSIyubwGDohb3zQlrqasZAcAPQ9GXnpElGa3uTmeMgTeaQIgc9Ec/McC2sAVZ1MqchQNMJYIWYctwNLYTonp6+rXP7+VwypqA1ACHrebLrqlOT4OG8rHYmdHcyZv0YrWkjIyzDnRlxdrvwkt182IekrF20dsTosALTQrqUVZDI6RwWNGljptrMwBh5nEYNBh0ZZaakiQX95/Pkz4sY9LQj0u2MhUKsFSLXUrKWz2EbZvcrLS3vzKjOhtQtMHVPwxhCeGJoSSsToYU60mf4Ps6i8KFdF3IJTibBiQHp5YHuec1Q3Dj+ndL5RPmEl/K12Vs9hjNhxEItwzsM2PCeL9qikuv939jZObDWRvpLpcjD1BpMK8e5AtdgYFrmnGnrQqSCjMVz2rsTqxV1zLX8XbcaKnrU5SjXY9DaFe+hrF6FbFq9C0px7FS1gElKX0cSaCDPMRCMOHkgF8oeUB4mL0GbuXaayXPykdO0iWsQN3QiCM5qseQWsO5phn+FuaPqEkvwjwBwp0OT4EB1KVafOILthCSlKknwnEewn9jJNlqOrL5hoW/kOdVVfSNjIJ+Db4cRX2czK+ad9lTNTMkcT8Wf2NYYVE+EzOptiRwL7SwmG6Pn0JNB6RGD8eS5fTVNGe8zj5molguY/dAbNeajjH6s63SI8qLGR23C1c/RDGZm0Jq8SunlUVndIbNm0Mg4wVyjIPeYoKRUAnZFzS4u61tkC7Ei3ViJJd23Z+7nI3xpmhHKUcCu8NkaO8i4cxst2xke9nSX3pRqyOMSdUwnknX7DgWRmU8+GATj3opIk5BdNZoMt2iYsi0pCIXOs26NusV4C225n7FnA/R77ODf3d23d2inIJMiRGrZ4bhr6O6+xSC2XJAyUgOEntbfWAMxKTXvA9hSNjDO81NyR3KTL3JqVDUiCB/UUYvejemT75BYBRFOnFv3eQ6BOA82akkU4iH6TsQdJjLB+TnnnLz1IfOcR5VwJDJD9j7Sdp/03hda5U/Hf8n5OAyuVbvwHEhkrgoXkDVrxdj/vNf+fdtRp/dpEFJlSYbZLxPIHbcmlHEEO59zqj4zLWrR85yZ1lhubcE82ZUvU90KMs+PCqcTAu7mTvfMz3kyj6wgjap3Zz6iwqhrg6V16syGZPftjWMJ3qlHT0B4jpbRemmEZFgmgvcM2D+abUjXdSu0+UZZv0r0xB7pU5F5tBr9F13ytQpMjazAHnQe26FT8/vgrY9cDPtWxPz8/OVS4NtctxsGDMmjCUnE7dtdNib1zOaQAj3GuWyKwerihiD95I+N7g+N4rLu55xULlNBPoV7PwK/B9GD6lut6olbHtRM952uyf/5979vlSDv+kXP4YovZibM+oRqroE6MSfyWW9oTX48CkO7JF0mJgSXAOSXQRPkz6OdJELwx12r5jqe2PhjZCZaboZx5MPOVTlAyQYEtyzY6n/W380Eh+Vh8Tvz33emH/IdNsw6G+rmWzpH70is2uUwRiImAi6DNDFLM17d9nW/CzMBIQ8eRKu8Uw4s738ngOm6n3uew5nfLFcJiMaqcCnG0d3PMXOTZFW/DnqG1iWnhf3oARjeHLyFmp7e+4JIKs9Jui5IRawlVYjnmC+pObF+D7ZAXIZo3SksG6F7gmLFCiBmWF7XPz9/3c+H6AA5HG+yIrehjcwF+Ydu1z1FX7bvws3T019qjFaDCClerlxSMobEYcrs/jWS+/Pnj57M5/MRU3zWj16NoG5vty3/7/2EXAtsqDy62OElZtqE0XvqKSxB4Luqe51+LnzJRehmBsOajtXgR4Rs+7pbiyoMSvkl+lVqz32oQd7f8KbAmU282N2qgjlWTugKL+UxsIV42AtomXQgjFyHtndyU5Eee5yZ+VQDE2c3iOxkeIf9KtSiCZLaCxKvP/veLp9P4tZVQaMl6lxCysxLIdOcfFv0rVZ7fZy7V9nnLzG6jrIm3B+45NbXlMjo/Hu6W+UdaeOS7WV0DhVYtLecL0FAHYYj0t4QxQfFSfmcXilwZyA8xWw7ArCyxy1b2GGpuyFowlwYFbghfBfYrmGCvOJQe9XwQDMDcozCyfpdG5K+4dH/zTwdtZ3frTam8+AfgfQtlfyB2TuLVR55y3KNwV7o2uHofZrfsGxSJnIZZwTftw6zw2TGWoa1mNVTdUN5x7HCMfB5nghWq5Q5V0VDV2ZmnJ6m9Wc29ERPD6dRXdAW7v21eZMyZFRJ1t2YFujWq/3n73zjob4GA1YLvWcSXs9gQ8P4guzBdw+Nyzsf5dwaaJ9/juZCGK7b6XAKoqedGVFj/YnEQ6xPnzwDBSaJzLCYbDTZM0kA88dKPrxfCLbmEEBf742QcDXEZh1WL4Tc61bR3VvHkMu42Z+8rCJ/ztZWiZ36YoejGyhMZYjvPMQbVsQ9eF+CxsA0V7SxMYGvQCmCXkgbjTnniAX57jqdlqB4d4qsb75i5k5ZIkJLw/qFHWc8BjC/AE56M9Prfou33p9udVxw7diDc562P74Gw9xe0VJxbNqiO9FvtKIUjVz5+YoaZ2Y4mSfcNRvB9+CR6OmUg9w+baxLwHsSlJqFf05p6bjfY3cHcbtQcyIB3qrbF4DGA1ht2TlHqj6Tu3uId31okog8ep5VpeD7GvQoO2BHTSdz7I9kcBwYAQEvL7glNEmS3ynFx3X5o55zn99wFUKr2CCceNM7xmD9InY8qGPAQ4Rfc4lXb4ffklesXt+ONPDqDBSB9ZnH5hUPfcFFrXoiwsMxHQOhDoMI0y+e51Fo+vn5gVsyu3MAwO7m2fEGSN77Jxe24KKCIhPNTDW05yyAlEt/T08BBnSqdTfj/ZxYcJDLfdOEWCeKbym/gcPQ/MxMvxenqrpaBU1m2oRsW18aXZnMH507DQn4DdScqTh5SKxIfMI1s2Kn1DPYmKm/95yz3jJm7aUclACN5N+bLL84fd+lp+nqmvraX2sFebqyerQ3Qk3pV7JJkjyykpgmmeDL/CVDRs8zE2Bk3Hu14huD6WKaae4cWcrN9ke22gzTXrLt6dt7L/BKx2ALxzHvOH7FjejdCqZ6RvnXBBFRoQxTqHJeEe2UZd7mxVNpjr9oy+8vLl9KL6K3RpLITMJ6wUKZR6UvgL7aycTcLuyLJkvqHYzI3rm9K6IuLi24NpLsZ0YEv0qp7uTSCgZr5cTMR9/2VglP9HBXY2DFT2WM9DkR50HD4DD9SHVyzszn85GScgxGv0tl0D1XRRQ1P5j9u1wRZWbvIa6qt3nvdahftD+mgUCmWLfxVsj6SQ5i+/nVQwjz7c3mnslt6Ftr1i0efm1g7m7IQvMttmlVAe1x//2cRwsIX/fjrS3flAfjdKbdbEEyr8W5nkcgZtsoLUOOpaWTPiQMacFNf1WXTS77XpO234yznlk2NDwDcf0GmmIsyzXdBY95/OH5xpONYDMz3HqG5KuHmCWazFrPQVM5KZowC2GLbDevgUkE352Ru//Gxb+GQOlGcl44bD/NdywEiIux9FrKNMRP5h2Za+eKu8n6vqD3rCpazo7Hxv2m68CI4859IGkIVgEdfi/uZjbBoqsyvVOaeOms4ggv8j98qVX6q0U0edJ7qq3kBmb63stfCgAdnghkJoY1l5r7DIJRXZ6akmRU1Z0aT2x86u698Zy/nr+W9zMnEoyZrm40xX3u6V5i+Pftu3syLkdSZnR0Ro7Rfh3AvfxiSrPnMJjMaGAJdnP//Hl+ftbEW1d4wit851XawTsMtnoJcUxHDu/v+elr5qOqy2lv4ol8dEC3gH1tG3zaIZYYTa4Prerc2NVrFrIsRmRyXUV0kgUBcbojHmh/28AbMFs4x7yVLcE8Nr6ZVW9w+/e6H4nFNOjUkcvMk3ElyhHj5BzukVDuA9DNUb9XVeJDawFtX0A1tl7NvO4O7+d/Q+KM43aut3Y+J6DpV0v1Wd1Vfe9tC5E1UIQs9fyuyeqP6oFpU/l0lfI83ZI7Ik/ce5VitanFAhX9HN9NVFXd+waE2WSQmX6P7oJnD5Ijc4D5nLVfVvKR9aLmL/2+Gq4OaTDbb+q8IFJLXEpowX2Vx19HE/fg+Tzdrc1we3EC0wE+zw/AmT4nJamRNqoxpfIPzk3WKWxaZAQMb/f+TjSq6obQ09QIVl5OVvJ5VYZNQUK46zk/3X5HaaS436eKPdcR4cEPGdACr7m33i2hWKcQdZRcradTqqqjzIj4dL1H3TvknL6N357zbHzTPTKuqKbg8/kEqU5hZsSjmHHLAznGR2jkmXme5xnvhY17r8zq8z//6/9Q68tcYbyBOyKy7yWYcQCZaE+/BATM7KhEcV6cmiCfY5uFgbQLwTyr1ZwUIQWIwDlZde/mNGUaVesRWXM99DtHXBmlMYlrFIzMGsiUAy9DtkLUU4b23sQ0ukuLOt/dMrotRW+x63dU4RPcZscLlSbsrkcjfoOeiNRX7JmgXIZHXOaZDvl/Je/nTyuBMSJk4sxMRLqu7qnI7K6qm3FOHh6im4ifn0fsV6/SWiBvBtOXwefnhxsU2yMiBYhQ2R0R6b6ou7vr7m2fF6dTWplZpUIS07oqt6806Upysyv4AhJYdMsiUD6RGCAyI49cJhgRBcWLUTqEpdYjMJzCdoM/Pz8y2EH3iYxkMHe1yLexByMY3dpFEREq/iIjxdHBkHFUljzPjxJlVy+DGzu2pSv1JIc0Cuw6TMyFc1TBhBidGPYQbpgh0rSlD20R1peSTnN+e5oR7ZaAYqmoAXOLYlJxZ4bEFUBhOs/PgMtQCFV3ACACDdafR7FqZtvs6V21F8sxB1B10/T2ocZVnl6Ib9JftLQHg5IBqZi83RLyE6EZuP7aXEe2gVdLNRpgZFR3Xw2Nu/qSSeY6PbqnJeEDjdByAnPryKo2fKjgS8CO9gK1XWnp3WyRam5cdeUxn5e71qJ9imLgsdaM2DfiK4V8GCm3i70g+9fjtrXhyh7+TLNsqWVZRcRwah0GRDNRVnB4TIoSwuM1DwM5LsocQECP8SCF2ZPmYGa82Vo9SX9KM+wmdzdGD4Fbn+/zId+OGmLtBeMkvHB0paUMaD8wGLoqZJwTGWI6Boy9ZnrBF60DHTO2uxmp5x/ify1cW/YGFVd7AG23npkWIYW/kHqowLVwBNOdZoRBwRlva0uSqZ1vQVEqNAiiFQM6t77mGQkd3uH0eDyMZScyiO6614MTkRDJOx1IMkaesPq9IYgnFnYHthj6dOkTFmQ8aJwX8t8U5R/AiHfZM+9SWe3AcHGvEg1iuY8cIO3gDEx3YZCReqqSnkScez+hhaVbIAKYqlw8Qt/OTq/V/vAAW+uQ+CL/izuacQnh3+9pb84g/Pg9ChTnkSp7pgQQ67hONwejKzpbVMFam+qKDPm0jq3D9N9ULabLsD3GjOz956WpapfgMI+39agTndCqifaG2LfSUQmqZGpOqzLSAN1V3bq/eY7e8Z0WeKxST384MgAUOk5ON8a2G10SvSk0mbXnL5MmenJfNX9R4RR+nnNsV082JqZPmqrjCm+QIannmvQFQQ7aUjPy9RaJnfBpKPMC5WqQTJUAWxAwA16xuzcS1V2ZZr4zuNuVsPBBf/qCQvAkLNBmEZW4JuXB+H5jkJREoLSBPDMPtIDX3H8BOZobz8w0qhrE8zyGjjYd6Js2JhkQP9tgUCTj5HG02S8D4E4NoQXIEZwRu2Y04r0v/QKIpcPrMwA4eTJO1wfTDHPGk/n3/VvKQwkRXoC15pLoHp5UhS6iyZ0rMKSnMXHOwwXfG/NuGVCZVJITaEzY2lml3d2Q++QOBqy2Pj9PQX0pgqP9ZTYlXYx5ZpA8UqmSfdU1yXamhLWcPETfugZ/ZaEwJty9kpFMdWJlhoNnXU0g13xVTOdgEsxg3bsGxOy6g1FeFrGaQMTJPBCruiuCgYRZ2ZCUhDvlC98FItjTy9j93pcFPWORWY3uqqvB+DhNM3gAeqeuJtmklNlxjoggXSUQJ86PSq+eSSAZ5JnGLasDZuZTA0ZPD62vh2L6W0UtQdjFRsjGWuB/L15NwRexXgS6lRBHZhqYpv/BOa1bpWAsWL8BUAvUcPIBObbEWVun4ZNP98VSKV0SultW7UHMuy44IxIJ5SYu5ErzREU2SZj7CNmgaxAy0xOmq6cXEjKDzakSHTnzxLcSO9QAiBHebzQtb2b1FardMlO+45/P59M1u18308bSEPkMnSerd9AywqUclvV/iscZGfRaLfjSpZrwEa7cViE7fVNhn6RJezvU5AyU+2oqT3aXth8BSDjouRCl893McGJaHFFbfUWEwK9P1a2SGJbhMvL1+AlwhoUyHk1K1qvW+GQGOX31xRRDZiaDJ45j+94yfbsIfnqHe8F7G+RzBNYjBH0yn/NgFxxWd+y68mkG87sUSjXkcZOYCgVebOYNixGyamD3B5x133phYv/vi9D1bqHXuX3hwu6+M4F4nscGbfjWAg5WsvMORvCcBzMiyQJEq2+iLq4qMMxW3Xh7NMyyEuM7RRNWJQRB31qEoY5gYXqbr9gBXqS6sIYVVKG5u3oWubpjqQP38wnyXZChNCZXb634qc+HcUiiEeStzyiajLcNnHyIkJMeJZZRzGlVJVDi7umIh4ij1ZUlG644eWqqum6VHcBaOUy24LnrL0K+BxH43L+768mDgRS2AuQ9F1Sp7/qjgt79cLtB71ZXPyILIyFUtJrTVWJvfTtk2wQJM/15FQ9KBswu9TzpP9jFk1a3hAeVGawuOZ0Ii4zYEW8gZJOIUdQlJiR6Vls1QGbkEU/n9oeOWDrLIkIx83QV44z2DkqUltl9BdBjPEZVv7NVZfW0cmum9yzOTM99z7dOmswbbt9Y1mkgKaX+ovbJePLoeoXkbh7juaKuvj0TuTu9uruKmTPzmapprTGJzDyiqcxA1PDIVTdywn4P9Dq97iaNomhsozqkqoDW9kfRlbr75M/zZHWd52xyCADoCUSVjBNyF0VANc9IHKGZ/Wg5SgoGeTJDw4c8za5WpcmM5xzDSkSgm9PnyxshwHN+qppdSc8WA3jybO0dJ3PInpZG0pO8dzjUHYR0wdyQZE3A9GsN/fP8OI4RDZzIY6d6EwojQkhI3SvscWYYGrSrHigRptTAirylnqCnwGnbY04GOfDpqg+g3jmfn5/I0AJ5YLTuOCKqK4KSxx11zQguMa4Gt2paJUH8/Dx/6sYJGNQ+EQlDkx1kzc1zIrUvxel4wlaKVlr3QFIGTGu1IRqcuqIfMUBMGf7FxNc2LbwJWPa54afzpSkOMuJ+OiMHOHE47qeSIWzTCyD76wrjrnz6Oefn+cmIDESwqnV4fp5H0q6emmBG9ozQzm8C4rbWrmY94qoZ7Wis/nSXa/iAVnCDkKtB0y61yk3SsUXEOT8qZXQTegnoAkGW4U1SiO7c+gD4aOOy89pU3Y/sIDE9XV0Az4lzFnN816kS1ahPKWTkv/79L52qrpdMOZmpemR2+byH/Jiq4vG2VShsycPa3lvs6p6OEEOcmImTHiO391MpToUMUtMMoHh/FlSBTZ6ICFQ/eRCKLCfWbMQWNIRcvVRMAGYiv6N7ADVipGpR1ddlG+u4/auS9jvY0oSxtp65TL03NWem5g81jcERfKtT2grxUryb04RtKsYwWcsoU+lS25KFeUSEqDgnj0fTDhwrDWtPBUkO/j8WhmZcN3jOObfu1ltukh9lPnFCvfLUIKRcZd3eSs85TsOk+c7n69xHMdb95Nu11A7JSI5ciwOo6czz6Ej0jMY/5HsehMUsq+gRV/Bdv515uPNSGTfT/RtjvYOXO6PZ0qHIkvH9nZlHFE7NQiMS05GJ6YCIgbqfZvSfc3Ypluvr1xOTepgYEz5U7XnhEtuz628ZHftLTzW1R2+gt3MyG+PkS0wjgs/zzNKWdS2fn8eTZG5rI48OdfzkuAbF0h12MkPOdCBahhH6ei9z9gAAIABJREFUl4akfOeWilMz37WB+hF01xGGJPhluIhK6yeMl2fhTQ4ERksyT4a2N3ftxMMna2YyngVVoYiBl6rWHRFeeKU/srySb4+xjrpLh0xRyLk+pCRr/XzxTrbFDReZRgrQEVZorqjvyDt6jRi26ZSr7naVsWOeV0PjCaXlGgvJim3hzlXeCC6jZlcjvMvZ4tUN/D+u3m49liS3FQXISLUf2B7Po2+rguS5AJilOX3hr8e9llSVGcEfEADnO07v1bi8P9wKlV0d9DzPOIZtYbVnYI0L/NsHg2Euq0UrEGd6x7dChWL2LjiubpDUb9dd03fb4OMvDt8+kVo9OXfha2sF/SD8/Ub7drjx/Jt933c3f4j874cZa2L+qAT8GPD+LoWmrr73xnpDddsoKJj3s3kkrKqemabzjhu/CHDW7sOTUSyugAWKQJ7ncWjVrtQ92zpL+LZPygWOYwAEFLoXHX9yfdHMXMfnXRdvvNRX0ffP/a9591ijgFitCaQKlbqFFKsusDIaPb31an/jiZ4kyZqKiGD4ikvVtzkFA0lS33cIAGWap2J127Uze96rtvjaAoIqS/aJxnsOSTJjFruXrnFfQSwN4HvqNFIB7P/zPM8se3rWGv47zyPhy+WCeHb4t75g6JG3tl81gFmTcc9EbTf3nZlFpCbpuq79qovgCK86REX/W5OohZmZhApEK03CMGx291sY69PMugnrq81WOyRfHR5JIjSQnuW38lvjYt5Fn1/JMzKzZDGnAdK8DEGdT6/JOWbKxMyqgfHeRZ8i/wjNQ1xgURW8qHDxqlgc4cWLPBEhZYZw4t1H4s/fVbWRE0DsNQDwfq/uThsZ+q79/Bzb0uyMUzcxXu5F93vX3sg/1sJKDePBowLAiTOezSnKggxkrsRS1SbPSSxQRWaam+l5uWrFc47m0wtGQFWK0I0t+cprLwcAzvFBAvHkUevz16inX7WiyS4FkVGWkZd5NKAUZSl8J6jKJ42a+Qe+cTt8tADA6+Xd1QBgldnB852Om6cpVqQiw1lP5334+5WhwUljEHm08Tt1ZExylz7AThcbThRizaXtW5I1Y7ssvURdw5Jr4qz31NBr6xRJvLzRhVDmkl3WRr9lJpa5GRPnTSKKWAchNc/MHbkA+1x135Cv8WL8unyiCygCKx6+tdAG89kMoJBu5qmdcISF/qF7b3J0m/fG3KqPepn0stx4q6ltlIzZzdZmm0ooAtDtq08ojGBj1OvpN4qbfPv47aa/rXm/sJ0IyO+WnGX3Z2q6vX2l/I6N1Lx6DpcKjM/nqrd/8ZfuXtV43N4N4vo4068+xkCGSWbfmsQV6f6KWSqfowRbZACSPdJRDMDnSMbuaURmRoqd+vXHp+kbylZfXUKhMwKQpxO4uZR/elVCTkf11iQOsycGkM8hvOpTtZPfnR/IYv0qrDevvV908Ce/6HjMavLGqyByugCZnoWtCrsXHNyJqaNoaFHKeywxw+D4OeBPHPYoNPP4Rra3Hu53/BZ734y5JSL3YemZ3/sZQecMsXqVtF6+jmLy/PlHoeNeCwG1mpUcDY10BebbTRsgfDuOfchCizz8iJW82BMCg7RD+nHD+NYgnjP5u9vKqF+/l/cZvt/UZSSlkfJbHuqTv7tbZsZ7CLoqMlq7AVo300SHXJOlt/Xwzyf1UcSeXudVMbI3UMSryYbm+hHnD+TiF2tjfBFJd9+D7mZ3h0tvD116eiDljcO6S/7XCQTee/GGi9H+ObH1q6Rxi+BVmvOOB8uF13PMBZLXeXkX/byJZOWRiIgJiodHkWnwJWDph2iTLlbm8J5Y7dHsNrA2wRMJoqv8eDhjVRlWOmRTAVXg70HC13N1/nYKBpd3+p6ZSsefuq4E9u7UbTJmenb11FuU4o8gVc8hMyeiMbkW8DPT1TJmF8gvQRgH80dL6pi5akvAO+26exc4QWxU5dktbEx+cv1Bh+uA9pXWyaxbgsXflOMQORodSS5kNO8dojvRCPcwxIwZqy2lpvU+cqwD5bQYKXo146GmDvZXqxrGBvDCuzNzu/RnwLcGnFqMcc3Jee+N9ff3z9xgx426n88vevLv5ku+gBUYfPddxSpTI0KRLfUp+ZYB1k88z7Nfs895FPm/xYjzVGamguF8gb7tQ4VrESfsD6GxSpmms2NVaEfxSxia53nEgo8/3b0ykQokIXITQ+6A1VZdVsXJaiV4SG/MCul94ZlFVUUGVpGp2lWx640Y6hRkebRpJX5+fqB/F0rm0xW/v//X8/3MygUyquWqXiIW/djCw5dlJnZ9nI7q8/NTVbnQQXrohtfgxDrm1cjqjWdmdf38/Ky6SBVsSVUJIP+8ZT2WmRZO/jxWLYiQ/bk3t8zvGo21IyLjZJ5y+qMsFd/Z2PM8EVHVQnP57bU1cBqZ091789//++/pBnGebKhRmk9Voxrr20sOeKvIeJ6fvi3R+p2pHi4ads7B6Dl2RN7pBTene243tYA8g9peHbgOiFbpc50odKQASfD63k870Itin902TgdKJto/P/9lBspG2G9xPOR4LfMbkUkxJWfBWWUXzMy7XlLg1efzaWDYBrwzRBAYud6b1SBiWs0UkkHkCTeBiO7JJ6vbls/ueaVnREROmfX86SJ479U+BkXfqs8EInKA8fhdByggj53ulgtk5EuSqhbiULN8Lhs+jtNeZAyaYSWZDBx0pU8+IvdlJiHema5ZkqF9G5oBnPOowQbe5scld2qh0wCyaAzXdiSBkB9Rd6MRmd42stWM2BszOM8/EXnnWtO9pdWTwdCk7hAdRIl+zgjm7p/xAVgw1HJ1RwdJ4HsC6FZ90MIuuxtJ2favhGKMpCnYwRK2iOR4AhFgIKtt0WpXk8U7FBt9t72ZlcHIc+69Jgav+y/WNXWLsMjM3pWDEkME7I7du5RSBqJiW6tiFvjeXW0AFIyMPOL1aGxubYf5IwJrBL7TFGkzdqHymmvIGBFHq5lIhk51pHWyk+d09b2fiMiTtvKcWLXTwSCYsz21EkOQhXrbZnECbOKJvctuCAf2ox9FGFkPL2k6nIH/cKU36AOQgTM2Mo6OvdCcJihzepu4IyJuf9xvOaSrrJwwc6r0m1R/kvEpodIIIP74Y3YjmAwRZNDVc6/AOxXMyo6Y0bfXjaOQPTJTd0HCR5ONuqvRGWeW4/bz8/PtPVTqBWtsDjCm8/uxRKSih17EdAGjQXlqeLIg09hQuGE6kjJ0lGd7uc3V+WMIoCubMwCdumagsk+tSIOgFh37pbjERKkmw//vn5gIBlP/rbv0g/BnINcWyR0yeuZ5fvSRIoWSZ+bZnW+5bjYQZjELyQEg4uf86PmoSRP7Ue9o4W9pvy4wts9Z9EZltNo6MloUMi7euQvxuLdAc9mQ5pcsL5upmU6e8biWw+/Z5oZNUhwlrVTwtF25wH+rSsBlLWh+rKHTm+q3alR4WGhYyL7sOOvTtTW8AhSmJxGDWeBDdGjZhxJAjCXbuilBF1IajsIYMSNyrHJ77+w0BhQI60faKDI+dTHxk0/4tNRA5LXQGDiSYLfb1KEo7fbrnBcF8HNIG0YPUTUkynbzgBseScQS7tWjZ+Kw8W2a1bT4wtKyCfr9eTcjT37qE8fu5C4B1Z+Lbmze02Y6MjDnZMQBILcR+NnKWKxJjGkFJdYhgVEUHf327XQbA/U2Y1KYGgC1uNO2fas557iNiWm5eGf2AFQEC5/S4TsNUqujFXbaUXT7I4c4Hfaeqi5GjIgCV6vVIkCZYk+3ulNV392tSOLuB/1HYid5nbgCrCoeDucw0RNI7cAJfy/ZVmXkIQIx6nwyM6mn0D/PI5KdsV0eIKovyRPPDqTD8vP6kOhGnKiqQlfdzNDtRdX02nyE847EKNoigKDiwKEmi6lzVfUJKjCSEVNlC3gYSmhUJKXTVTkiXhhI+VDLfmV3dNAZ2zK+3rsJQ2wa2tnaxKplgOjaufvsekAy0uyir/XESFVw4phIA/HI+OTTXpnuEbXHUcAAtz492jQT0nSKiKOgqio8DHjY5hJWP0y3Fmcxn0cm2b0DAK7zSTeQPGprZ8ESIJhVu4i+B9PiEwRywOp6zgGYR1zf0TiqGl/wTLs8p7r7VmXa0OwxW6hnhpgjMuuykYI4qfqqpyYy9bcOEyN3tZciLjwr65ZtUsxkHOEkDKq2VGGUkeYyf0EcJQFNlL9YW9VknidNV8MGdHTN7oyZiMin6zPTnDjptUbJbMt7JngiUhs1LfU4+UcbWuBUjR0AFIVPBr0LJSMGovioT6yMOPFoEhcRd7p2JxnHdvya4TU8zT1MJXgC5/l5gf4ran8myKkJMsg8JyLO0aKfBuVUHIuBUl/VteZCQjNzG9VzzlGdM5ge9CDjkaoiGNqNqbKc3hlGFw0RU+1QPlBzXiiErADtWVxllkYsstav54wTwnRLsUGZJMgWDzMnn1nHpyNUZdE6Y7I6g5nhsp3T34H+zDQ184GYgSNN6+vLatBA82oQrP4oowS1bOU88WSy0LdbtjxqOe69X35VnAGnS6zxjFSimRoVJlXrzCEvhBf9IQXNdzVhb/3ZwYO63bckvFso8EXbe1TFVC2NT+M3+YKqU10Vkc4bwTyqomcG8qP3omwqdvWA55wvDDrlb2KKln32l5UDyI0tHMOlsnR4IT07fKcmYyEjMkeKQOCNtD/n6aUitZf9XgbST2xoonQkk7v1J+ApLoRXo0l0F7cZ7xnOaKXLbLcVXiqeZJyTjbllmw4dnZmWNz3bLN1gYHAymcGIWwM5b28Ia/YJt+jKrdMDiEt63I1hrQEFd6hc2Zr5yCKnu/uuf+mPYCZZwwkKARwRPeebWg1arNe/XofR87KpwyyoKkmHUgcBaneR/op0OW1WOzRU1pPVuJpkgVwMPRaOVyVsITvCp8gEKTJy+kYwjyfH6vwVVl5Dts/9jcipphCKBmaCR+kU1v+I0fgW8A41jY6I9CDTY4kI7+nRCfmtq0uru/v5fBbEcA3PiZRH4hQwz88/ImtqwtZdguxS3HwPzvtk/Pz8M+viIILRUGsq2ukWLphqLqjVp6PhzYlnWo5fc/J0243MzvLPM2NW3twKMoQOZgzQt09qB1RgIMFi5jE80D3d3sUloSSVJNS4CXwRwCHnPcxAW8F05XXvPveTkec8GBHUZtCf+zEZj2CScqHvKTvJGOTR4KSmC94AAxhpqpZKj9N3ujIeIp4nSBDvpt91mBeSk2byaUSR4WZCtxvTM/YBF0FcuRiyx9BAbvQVVWPoNwRkfsCRhbW2eZznXNM65VJFkOckMNPo6XN+lHeEfdnaiyF9mIoefQYttwiRHYEJgrhV+ZyEJ9+UWk781zj6MhnPDKV7ThVa2zi1IcoTQc6EFCraUiAR4ktCIQfDoOj5Bl3GlbtSxRpv4Wgv6fB5zpRIDKlaouvT6+9UVWSc/GlMdQd5MgFWD+x8gO6W215mytKlu6e8HbOhcUXqs5Hy8mG3d9Z64F3VHO1CwzR6pjq4e8+WjHrOU9XpraUK/6USoVvzzY7ME084yJeaiZkpSRWfR/XTLMZbQpkjd5NWV48WUEWeweT//u//qiTCYqmqQT2lCdv3b/Xzukjjnf/w22Rm3Wv0bUbGoGovP/ZzbCmzuhs0l2QkeDHO5fTpPQQCdaaf56l1SKSxE7m88OSj9NL2tyHXujR3V7ji6Uvj2pJizjniF3BHDo4l+p+vhU5EowQ8+bcuNsEdh8IH1GyRVYi7NiPte6hfbez4j4O5okp3MePE6W7Z0qlo00T9Jf98Pp9zfn5+fmYNCs45mcJKuIxar2eJ9bLcjj1VhOU5XA5C+/nviHOPZFWdIxPk1CueP75+ubIGXTb0MLAcW2iWGbNE1pD7gR+CnYXXbeScY9GE3DPzqGucnc4pRL6o30vlyD+LknrLBZWNU33r7vpt/KcvpwIKy0bVnOnnPHoaKzKd6hadQBfSRi5mqeAvhBqLCGHY0xN433S8jDySm5D0hfxe9tvFbgI8J8kvOYWwr+iXUwazU1UobzHRBke0jLQuMPKJhpc2BwCdig2CdkCOxSZgRIv0+O2LgunnKBDDzcfh+plsN2vqZawlRc/ksVmHAXdmz+vbHmpcVah5jmq2zrcl0IjFE6ZR/6CyzJ9tZsjdbbj/vE+PO2B4v4gOye/nQgggVfR7Y2GNm6VN/wGgv/eXynfhgyg/el867JBSpWHqycp4ZAjgeX6622/cwoLQrC48e38J+/x6K9NNTvc158j7LdDdty+GEAM6IKuWeKXZgh629lV4X9RC3dqo53A3s4zg4KkSSDdAexLe39WOwDRdxb+PV9bD+q8KKFumY9Av09BDC6OzesuGrvavY2k5e0telUMAQE0BOz7xNfJbVlmv4cfYichV/Oo6M9M/E39UFFx4HTIpwyQ99lP2yQgNG/6evf36+p2h4Yzi50vdoikpRqJJviTq91STFJFnXl6ScRDh4wqkSb9Fjx79Bs1hkWBTaU6SDrOVSWJsxdhLUD15Xs9QL/vAemX8GV6omdcoSxubznn0G5+QllMk7q07xq5Z3LY708MD2VTYRskl/kRKPa0pJWOpYPNSArFvR99jwAgM695zsmUkYs9ifeYB3AUvz8EPDNDX8WBegbfkWu5zAoD5ZJyDbkZo5Jervhdypt/zBkYF++QBQCjrzIglpxGCunCFtVnTsD8MRGBbuD3MqQGMER8gw/OmMY78HaDu9vFYduoCXpDbzzlHyhh7WGvbBPD5fIS0a+8IdjPH5jsvDp1B78bX9LszI1UAX5gvhti5rT6DmRqEfRSfU92o0XFSXGp5qX/fhZUlL9zmvNyvLm/DlJrA1uLWim9dsXTjtQ004q93v0XdExmQb6S5scKvIw4tK2z9lvWQQewyAAgyzFNorMy3pACTFJLB3ebyqfEWgJmzi4hIlYZRZbmMoICZ6T+cuD25cokgt5rVkqFQAwBnk65SXbqlhVhBBCA5tjPLIKQp3KS2xoMBtLzC5f2quwOvoB6Sj2TFf6qaXXEkMdAXZlW8XMZlyt0VQKFPpDzLYCXKH9fpmWddUPRYA+GtVqPjhMGomLT3+FtNeV7IHty+J7JncpUuMItQ7FHnNVkhRERSNLJI0M3hskR1GOa7G0D18ybTjTl0JRZVJUB2fTmUA0dvSmEx4gTUbbqZnJmETGTVahVgP9RN3Noj8i3m1dJnBKaDERpukxHaaI3hOi9bpH4zZfztD1K3SURmVUP+HZCDhMuZWT0r/qOQMpsYxKe0tUjDaZ3bzHdojQAD2tqyWiK+Uc6gVaiXVGLSEX0i97tjYGC86m794E6hZ+TB/d53tY3L09e8EvijSteRqyqVt3yhlj+5g6SnC/6f2DZB7CJbNYN4dwGaMTqUeMg5CxqBDcXbFz1ODFaYyQmDPzxiGvkQfWsDg+FbEsyMFlz7yrtemswdAW7WFh1V3+L9uzpKFk90b9Lf3R5/9hjNt20R4uwhkFdSeZwwb532aJ+Ty7Evvx6tcRQUr4YQwRMDrmLY68vGL8gvcWub2XioQFj12e/YJi/TW0yC33+EkrfVad/E8Y7u35+8/38n8vcJKK0++USEttfoU3nHCdnAdAnDU8Ulsldm1jq8K5CrMonVFFr1qy+9zFk9TvHAIK8w7xtYseOfJV4R3u7m754h7MJ7Fs0ucV7Y4BmAHcwjQtxzRrQJv9/Rk78+LYazdaZRIBW0yCNrlIgw5KeHnH92hMT6KisCPid1Zwn3sM/5B0oVaeLjFtvf44cltL13c/6MwahNh0vJn93sIkR+q1/QlYxffuojCDrQ9bARd/ZaE+q5xassVIDqVnNRXT/PM+5d8D4cqxMWZXrvUWgY+ErV/9hnWdnDde3/Y+hnotL+fBpnCEyoWhM4QwbDy5+xCsJvU2Dfpx6OGr8Ax3SBQDCeRNBulLuHsVe1gCVoZma3sq1wALyv+N7S+TwRIvUL97Ot+qJMV9YjVbKEUkHqdBkaMKjT9y187452jjKotedbNsy0WQkDjDgl/FbRV+sNIlV9v7VxMPMkMWrQImIG5xwbhMLPkIrfnmiO77j2blYrhmB9BUauRO3dY/3ViaKX7YVlz+B73djdz3NmtwuM5EGraOe30raAjGT1HfVu3WR2W4u8oYF/40mICzjz+XzgR0yfc5hIBCAzyvNsrwwcfy2/O0W/zMC4MMuf53UgUF5whSYhck9G5DHb1XG+Z4gncgHSbb0XaSF38dGM9Bx+DmN6aAQL3cC9rUq5X2k5kKvviVVXI6MxY2aJs0avsFtRfasXbloxeqx/D6bksVV3u35svzAvpnfOo/mNlKbIqG4MtNNodi/CrepqLQLsrnstKsLExurW7cDufFLCFQarh/b5fFTDiM5FMk7SxNSesUsEyXxUVOhBRmbqqp7jb6elbkB8Pp8xPo9778w8zznncU//7cQB4PdzqzY+ZNzPh94HoY1Hc++dwefzyX//+1/dJZJOHIpQ4IfIXX3YReIVsXKBaQ7G419D0gRzncaC5ECclMOcbkpRyI7wejdN2okWqxfLljyRHpLAIs4A8nWEHz1HauQiGFqRi4zk6fJisTcvkp5hjy25a0LuZrtSQn+yhmD3Fflouh1itnKpaZS8Hf7ms7V1I0moYRy3XgxOBjFc7oaLmeFL/Np1nYxn4TmRvXUrT5wTR1fFM/Mhyd/P/5tpbbAYzhC379gKNtXkfO7H9dNGvXlxKHLKafacH2g7k0UkkXkAebyIraaS2g/053mSZyQgSmO0fiBUc2ijLgCSD1MFYMig//a0OKfTRWlBktOdJz05HG6OIcRQm0Y1tcZnReLd1VNq3kKWHRi146KNMM5gMoIxETLdg3CTs25RSqll5FcrxOdkNnieR3YxIF4ZsuZjsny1jLHlhzAtzTyZh8OR8aKaq6kJBs2qRg/up8TQnBYlAT2deczgkKChbeU2xKB6NOOsnqsxc4SF6sIoWvcDGHDqzrRI/cusL+VMRohvqATjQt5vLzRBNJRlvqQjfxtzD5hJilvF4Ps7I9jUkvtR/TqEV2UoYHQVpqbhxSo4mqWJ6T820bMg3ub+1iu8IWEdVMSi9Sx3ql70WlIVsQJ9g8FQ0s2ouULhwqMXIeCYGRH1Q/RWTvWAXJe3SVq2Zs85nweIcwF6x08osTbAmLLaV+M3zQVrNFlVWXlawV2UPf32QHcZ/9evMrhwXAuqw4FNMFy4qMlB/5kPtW8n4A2P+qVxZLuyjVBuL2AxgdT6cP1G815VG6032okMpDrWJqpcjgENLx9u0eEH8gGHIvauh3JxSCqEDfkNyB4woDXXe4s/qR9EBNOc3HH41aIJBVYZAxUB/ek7oisSo+VOIESoJA0Zu6KXMa6uhGO/hirKNe1Lsc9Jj7pnGhlnwKOlAm7lAhODEtaQYGACPvvzzk+0KTc4mEiY/z6voDLkp4nveX6nJjnaIx3aeESJBHuKgAmbslkIPzZvoT/HI4rpNJ15ZAHOPwRYF63TmvCJYp+MNxeo2NI4/AVEh2IezIkkMKKhidrjD0/554JaPmyhfWQQ3rignrCpXnlAmVELsG5gwGi0dR4RPdNoNU2eYsyCYhocgm/1UkNGQpQAcRv1PEekIc3aX5lyROQSDHUn3AdqKAp1jNS4BWo8p0cbHcTPyuCJnJ3vUuvmxp5fmc846TmnVLcA0wKGLrQeLRASeDeoKQxMflIxKPq09liMBgacAGSHHUr35099n1PygQ395aAmx1BHMFo5m4kJbdHhICgzzisCjgaoXJmwwTg1vRFV1V0TbipiYR3lzZMZPGlRh8YzfjBdlxBGPJlPxiGm7iXi5GPNjUdhQbALGFbfez9PPor2GC63t4mlNuvAj0eYMxhitX1uM64f+KMDffL0spwYEYjqrqmIlDRr9Wc6M51hY4pGRzJ42B3AibRTR+TnXrPONSET3C0vXek5vBfHYMEVQUlQw8KOIEgLdtQQvlB7RtStDDAOicIwNSQ+QN/pnqm5mBHLW0kwMgRv9SDyUfVGxGECokjyJUieTEijgxYeEHl0pRb9xNifS/sv+xwJH0d7Sk4mrReG9BBSKgfmxBG+BTSTJ7OqetjtQmtjp6oXMYy070qDf23FsiUCyZ7bXRgPwNImRZ74TouBMREp259HNXE3MRHymhDqdLEIDjDnJDIR7PsRogU/qT4SZq0gupYy5kG7pBtjBSgghoupN1Ot+EmAydY2UVJEVb6L5gHdVZ5QCzAzVTessXMwl/ARLfWjQBOck+uuHisKXwuLaWTWbcNOXgneW+o3UlgTGRPJRGqlyIt3dNd0YQVUWoBMYC2n1GQJ0P9oFMnBiczMXCuD8bY2D59U9FMCC9usbTngnj+EGejwKeOoVV5Yx8FlMDP9nOMCbsWvi8M4M9cAjEZpkKVpRxjuCfHd9z5+P4oo9XtNcKtEpUezu+LkTJ88IgO1rmRjUM+j3fXiIbLlfk5Jf3TKVR/GoBT8VPEz+TwPkbOi6p/zD3pGM0yviId6eUVp6qNOS7WfeWDtA9D6W50Zbv+WRxhxtLnh3k9m/JzHZ9i0oplx38wgOCdj6box6Ko74WIygjyJ6mOCkYfWbdpC7iZJ0nLtSxIZairVRNRUrI/cIrNLrtm5uMqS7makjmNGvtqkmQERGVM3g4R0qB3W6LN2T/vMUNjQSN0ExboRH+U5OgFhbkUbYRx4gP01jGFAywZ8i6leSGTV0TuK5tochatZE020JEYeAMyWdIAU/0NlhIAtbTjQhXjyELhe2sMh24xBRqRZe9AU8AzQ0z13ZjIzeRYosj0gMRzbcVhAIr6D6fQD4t4Ppl/iFch7P3ovEaG9MTuMkUvMgUBGvvSjGpunRwZOPvI8yZS6sV+5GHKTDsGIjAPIQHuHjBy9hb718/MjgDhezd9SLfVRt7w1GyAzeTgYWfNlyOPuKOa0WUkwy61V5li7HPKGdXseAAAgAElEQVSLnwo7DYidmWoPFfMl0iUpEa8Ywap/hAzqhKzYx5ZqIINRdeGmUiqrTUmY5kAW/xQuxIiji/w8a80i76a+cVYChUgGvMTYA9GaPvFkprTzin41YKT6Su6shcxbhdV6ys6BBOSZPyNgRyoWkpHxLQm8YZtiiLl079lobxXLNYyhOIwM1SzLBlOroyaSZBAWJVRmZp7ptsxwhrb75+fzGxGNAOPnUdWHk0LRWwiI5VByhph+nkeidJDh1T72vrtTec54x7tdyhvtsNN8nh/BxLqnn/rNDNF3HMpE6PEUuRlRXTgcpnhmIK+WV/Fgde2BtC86NXwJ55dHm+SOeDkcz1pBIXLT4O0bq7mnFGDEz/NoAKOT97kXQPfNyAC7ECZpShreADiRmYN6ZzCfvq9VcTJ6umq4ytrYgSjIgHaYaSWA+oq5dRFodHUzF1jQ3tsdcpwT6eBf934UhX4/lw6zvPe3YO2scIYZRuQExpZ0cO5n1tgjp1ovlE2eeID59GVEUqp3TZQfAH3vO7Gul5CN+ed5guy+M52RsAAV50nFwIi1xuqrAS0toJmAtTLdXXWritBimK96D+ZxRNDKsDyPQM57f99VzEerCnps6yq8sFG31D0td9EJVGoPuQcByHy6h5irTQcniPjnn//y/jNvdjfdQXduuvJf//of3XAh4+ePbCci3ml2LK9tO8N+XTgy81umOwiuJTE5XCk63R7o1++foas4gW1UwNMIn5Z0+UcJyWn/aca2PUPm5/OZTePm9C27//1ss67BaiFvF7+wO/Qn01Oj/I7QZae1dpmQu4sb6O9qKf/1zNG6LBMKnYlj/es1NsjlepD0T1t6vvKZrkpjCBmblt5FV6UWR09UlRCf5zw+bkG9lK6R27u7LnkUhQssAa/6LvdzhdWrWX032jNTB4Qva9h2STjPbtkamfCo6OWbiuCFiQAmXabgeY4O3zYePcFGx9FSxMrMWxUGgEQZyJc14LZAykal4XZEGrvrrKu7P4OZv2NekhpPVM+7saOXMsmd1u7x1rsYABp6ydJh4WyfMT0CPQf9/+MkgNLtytxyQe8dNOsWkZSwYEZuevUa4Y0n+QsfC4T18E9YVjzPj+6MRng7a6VT9bq26T+FxcKam0jS+5fOM94xIB4SgrZm8uuLCC6nCVg4Zp+S0kx/jSxUpruAew2cMzN4FjHqIZ7n6a2qzznPc7qutvFIqPG+FC3IUlTgX1/vxYAyc515hBIPCe6dUj6b5d28VxXc4jsjaMEmBAjqMFR7itC9ihNHwloBh4/k9gbfs7FHpbuFsXL/QI12Wsf44GHQYkg1mj06EpuIv67EtsWwS3t2j4oGIp5zFKvf+06KESBGova8ueRS8zZm0ACA2KMaBqyiRYP0wGueAGOXWCKP+gE45pPgrc/sb8nQqznve3nb4Hfnyp9ilPtLAwue+Rz6pomL/m3DiBg0tXj5nWtGYP5YG9mD8ss5mpcX/1W3uNn+/nAQXrs3mXnO6b4IsNcZXw3Nvmm6WRQCEvtDPLYSUTdBddrmMS2rmq5/8WdcCn0dORDiLbzWPGGflk/mRiTMtOqDo/k0DfG21235yTBgjiSp5mFK3x3QwGN/+iLUfxxRpzfBjUtDzFlo5g3aaXQvZgRCGxAbfv18SRJJav5KWL30denla4cgfhmQzHPyzn3vsmoSTZ118P+wsD2J06oELgcwMj3vMe9SWAlT2qBqgo82IYFVdbvCzESvDnIDE+/x2U5Z1AcJTr5xYPZJzptTZsaw65IwVJRpLUBVvdqUmS85brdYaSUqtH1KWrTBSAkrldv8GUu8D2oMNOg5ePlEZl7XtiffXGmbx80PggPDrNrU7ab5QW/vPTus6u5XSVBV6rVmUFX6ayRj8Jx/ND5/H6M+6q077lCgVjC+qQqLD45iS6wvjUqX/TC+RGJm6YdnJoMzpUfTf3wLsTEWQJftirDZU/XnAtObBTV3nwkpRIE8R36Smg1F5Hi2F0oo1X3OSZkdlws/XTxFrTBd8suu7dVZy7VPd/rO1TTBu+NIMZWWTGzY17OxTYKUL6GdWLTq6czMb330X0meOBEhOMAFjt7vuFHXN58Z2uHXP1wZueojirbH/+Ooq9j1PI+EBvd+sMOtWLLe2ylwI56+RbwjTAjkrfffXx2SwtH+ObFbCIYsbAH5NROrEsvM8TtNU0YivMYwRNc9L3kNYaOV9z5y9SszMi/q4FFBTpKvqIJYaIx6kPpsrYHEnsllixuhd9bdikI5+vljDt6l2xrv990zo0eilv7L/u6P7eONxG3K0UU/z4mIuvd5foRPLUXRVioCodSDnGMnbL04saQlRrfXkXi4MlvYcv3OEuTHWzspR2BaxKPZd6hSzW/tHatam5GhPJMxbWczOE90RAajqn4/vz8/P1zfYfUxPhs8SgZv6tHH2LoFJqKN2KV/6oc/uVYD1Ns3Ik5q4uTPSdOYVEiI2xt/32B+JYwmjT35RDCObM1ENC6STz56nfqo8vgSH1ZO04AmC6nd1/feb1UMjHITeRgZcW91DXp5uHu09LHX9cNjwun28tgGKU7C8uUFuJjlg3Oebt3u+j6fjWO/n18APClihO5jz810tRmRsmUYQvH506pjVZESRoRx+1aVYuMfZF+xjdMXtklwTNCtm3Ee3JMwbxMQCyLPav5mdb1voRghbjcAIzWqu8SG7F3GM9MelpOxB2aLApuzaXY7zo9qON7JI17XhIiQ94BRiC0rtwXebk7YRaDhBQFLVRT0yCGMPWtwqJwlRoiL5HAMoSedGqJUj8zXgpRrgjXKkT3aDmUCpZRt5zEDMr7WmiufzKAXtzKCXvgnfVhEWDZkDorihAaNHvOMdsjNlh5B9BcoZmBGuvzqyXiEfnjtuUcg0ahD5nnMQjQZOZCxyG8+oY3TX6L3glqzbHTjVzKd3wHV6Jsuc1xMdhCxjgV+LDPz8/MPtmaekiNldhczZdWgCSRsp9N/KkqzP1etstEOPsYmwfzxX8I+vog1eAxqDSFgAauz2LfW6r0aJOW0NCbMk6lJfx5X4PaZYvfkntsX7aGcuFYfMCNxLLcUN7xU0tt5wmF3jfN8V6fAjERXDrb795d1/wiBOf7woS8iyWxv/e+2ygP+ep6HLxMrWPdW+eXKwOD8PAo7/e5Fmz4v1DnN1R9vBOP9/Wg4jsWaFKVfG6vMrJk4AbJLYcSOHcr7AHL3slR9YusNkhRPa6h9ijMjL8eCqL4CcUGgr1GL53neuEEyaNtbhOzTTKiCq0r5iqfAaOUUX6EZ0Q2399y8VtDEX2FqVx+Ni7S1+ZWCfWaq2iLa1Hxu9KGE1p3ls26xbcVkZoZKKSs9lsRACq19ziGZj/Y85TnnnCDsfxgGXEeQlJ65vuYqLpTyKXUIV3kQ4Tnvk+feixn1iffz0X3MlGUTZiYYo+Fy9543hxA5Z4ZVAvfJg/B7V1gJe+euEcvuIpLt6sxUf+j+It7bqjF8CYdSDx4axWmsG2LIAZjG7aJp005Sz8lAROa9tzC4U1V58vP5cLW8elbYvcgEv/8VUwv1o/Hz/NgU9L/+oRg5o8wyn8+vfo5z9OpE83/+518v/sMZW/8HgyfjdLU+fwgpx9z7ac7ZnYQAAnls+1WC/9RBO83bmA5VV17DtzrP060pulWGEQYmxP6YpviCoT5AWRDgwlvdg5H+V4v7wnARTD7x2JnWRDcQgZ6KJVOEIxRU3LuvXZsdB/tg1SWHUPer2sNR8ETOLo04mY83yFHwLD0SwcyYBU1ikMxhR/Anj8xgSGI8lAOALkecvQATuFXhInhmRsP5yHieR9juiaOCO5d3XF3VrZUMCk+YIUfKWf1CW+ho9Do1e2faFBZZFT/YxsQVjdMdZ/pTH2B6OkmNwHrpdUOKHNCBIUfLVE/UDOL7kDU8zJSHg7AYb5p11bWZigQjbuuNuCUAM5hkYiXH0GCArJ7IFBxTdasn8xnTcHypZDI4RqxAoonqqun2W2k5yGvol8IapolR2yPuhhRPYw7dAOa3cKLLBpdE92iarW3nYvR3ZuZR9BcHEHmOWJ9q5iPN/E1mxjf4kjz50z2gnamws1NrGrTa2midjvQoWr7gjVbwRJy1aeGghZJiTa+nLmaY0VMi+IzM42B4jnyX8KiUGY/+MiX+6p1tKBwoq2RmrUYy1kBWrGNo5i8PhBGjS4xkLGAoulzMcEnSfVSsq9Edgb76mQCGqXnKFKxD1fRGPb0KqZ/nv0DO4DnPVIkZQeBOydJxZiJkNq35tJgUbinff3S2M+RyFhH5mixp46ye6xYxXjumMoacqquyX2vuuBO1/7ufiDMzNZWp7XYbrNREwf5xMB7SdSfjCLEVYO2RbRgxH38FodH+UYAH3XpZQWJKi80iYkTo7+6Si594hAwifbX1VWTbnBHZt1qVsRaaqaoWB1JJwxCA7lrOtEAEkXiXrcOIKPnaIQGfN/Sod4KiNqPuJxje9bWFe0TsrovANDNkRskILd1QRhgONxMp7lHnz3n8O6gIlwiu/elK+Y6M6M3Fgu+1zEkzLDdywfq+LYCjAzuN6nl9QmuEIzNsHstBvE5CuTQfdRoAZOCQkTPiKylpTPWFucm1xNxafMQvYPA+dhaayUbXFCm5A7u70DX1k4d71NUGTLC6Dw9WFhpIMNYmYgp9IsgY4NZHnOmqCp7xpHMIhuXtNW/jFeqUJiLYreZ+cRKyOyN2/NJYwhTdpvpDdrXMJaGlkjPT9ZwzM7+/v8KzXnwZcmLl6Woz09cqBK/r4Bog8B2cMOZbHhpPzJTP+kRGvXRF0cwAZhx64BSWh4sjDvnYUvIkbYMEAsznqM8CNM7CWTnX/j982mfmnJjupI2D1AoGBFQCgLy8BSusoYqwA0iCAPKJhIAIkZl1wroZIw1qZk7POUez/Xur23ZM3ZNpPvhY0TJKbSQ/9/96CsC9Hw8kuhTr1W916/eGaX47VIuI3LWcRvqELMwwcM7RKqYa2QXf7k8kuW2cs3mczEPPjFXOz6yqFd0n04PYbmY2qqZADRMTM7pKyzrolCejY5mk0LYw6rqaV9nrpqdvJePE6apBy7JAcXQGdwrB9Mi/VFY8eTJPpqkAVuoQ55zpO69d0XhjDCnjewEZt93qnCov0z5Mmrvt1aPytlZ840RkYt2BOJo7D4ddfetjCKe9Gk76kLoOL06Kg4ysJX6L3soFiCOOtLyUR/86Mr+TEtXOSgTC0btfUiqeE7c+Ur85x70pfxTiehtg3KoTJ0OrOl4zhJtpIb+Nh6ntJuavKM7PzO3bU+piuvp5frC2bPKfgF0OQOT+hO1Ad+Ad5O0afUMtVLAGMe70iJS97SVV/zOCCdk5KjPrX0hn3bX+m2pZqN/fz8/PTzwHzcxnXbMEqmYe8+MEGC0QcJF0C0IMXcJy1fGgO3S9Vp1CUeNjEEzukie49UEy6nOH6o2NeUU+msPBIzldavmOnrcpEwVvxpaM/DMYkLWLapjqftUJM6NtbT/nmemI1OqWk0fNc/Jwd6to8EMD1tQ9ogqMKu2z6eowVbyDVk21N5dIbWRHftUR2okioAOqvaC+oDMjGU8eT+tkK+eF8JOMhWyYW1DIwQO078rMhLrpZLfafjS7bcJh0ATy1fFtkiEy36faPaIozej9oLq4416rma2CJdf32EhKfO13gDnn1LBNJJij7Rcz5AkX/DWY3bGBBUPtSKafKVo5fb/sVU3yVp988o9BTctd3Vb7lQwEpyeGYlgoLmECsZ5mKq3ESxUVbsYf4KQElHxx1q01NATWR5qghi69Vf7MlL6Fd5d2Bp2zIDlSNOb2R7xp3c+2ws8PTwr4nmHC6jc1Z3nCS90XnZCkW+X2MPMYWFybDtL6wvzDelbOBUPrkc2LAYOymgl3eQsLCpsOEA3duOFINXnOI148iTwpx7K6V/JMqCJgdJenIFtEbYVreB2k3O8D8aMCZibPATl1uSQDxUxMEWho/23IrInBtVmLqouJmb5TOjBT8iocddBh+kWAMlNFRObuS8/MwtRcWVBFnGUie40cSUWAjFXdi1mPsOrdZh4IS1RtzlP1mVCSs0Ilwotwb9m92b0hk++abqXKlbeohpFWcoA8qcWOsSaE2hZ8TpDv0AgRMX3fbiCWUHir8tjSomemFJEMX3e3XVkGMw5DKd8F7TyIR1X6kwdgfa7J0qOC7AoJIRj5APy9rb7nc+8+EzNVesrfq0pl0skkdisOWfUl+/I/2J9/KvmQqglbJ6B7Tp5NTe6AzjkmUW2f1V2DiIzfqtHKWAU1U3PsZ9trCnq7u0usFwABBPnsGmQZ+LxxcrT/tUry2ZpaKqd+PQYtZJ9DMrsuKd0n5B7Z1fk8n8//NfCcZ3oG3oZ4zhlanBeRY2xTJDDdZ904V4M67SdOgF0tO0dYV6S/gupCz3POQEaLOd0ZxEwyOOhbGUk7w8f9lECTcwIY26cDFMkiYnZIw+3TBzQ6P90z55y+tfVVEO7FWmb7ESTPOWOz3wHUSFNwieD7braZXhODDErlM5xbn+CfSD4coOpD9DlHP/k5R92NbocQDrnooj1EpwD3nq46efIc1X4zo8WqZDz5GH9GZYb+MIFz6LY1KM/YhSTdRHR3BMZ7gDDU7LzFnIUBNXMUIkL6qEcrYbS9NXirU1CgKH18eaIDABkndlSjjS/aVvCc/nzOyWpknmRKNZuHXDnR8zxhlKMHIzb5yEuqB6QGCcmDBpH3FhEqVJ5He/gQxL0XE92T//3f/53eeyljxAltah1OmcF36wIYFdZERDx5XqfXru6WJJKPNJhLkNdB7y0TVRXRMNDODEk5M75ZPiLkcVQ9MtXSr3adYcHa+Q5g1VHTvGYsMF32S3Gbo8/2jqZJErswIMJ2/APN6Cjyjj2jR4U8IzVGo6YM2vD0ftVvQTO5wosA+xom1qvS51MBznW/zTjgFyjETEt6z2CmPWqt1JqIxAh+FWqN+7ltI+NR5ar7nyu/hZzvVPcPzhFIF2YdgozhIHI9gEw837UNANaPr/qDIXfBrxBWRf/Pla+0yh8l3eR6kur03648GdA+cGn6Ud1QXbKOkJmph6m4oMmTp/TTkUcbdtcJ1KiQJtweIL2H0Fs0xMA9YXuu+cvP1dUy52R9mfzSl/OSmehpLaoRraNaCYri3EWUIadoS6WCwDlHXEiGsF0f3Od5Ykman9/vMveI2FMlEsY3aGKmygRBEqKEzHjVsBuMxfsi4qzSCjCx7IR3A+iwvQ6tH3mCowcvSOHie2a6BIC+N8y/4lGBaLVHgOuxpAdbM4QomL7vCpEqHSKCRwkJwl8H3Xd/u3+RAtZ7cxnvrhHtGba7tGACaMu1KF72dV0DzV29+2n9SWlu0FpcLFg6Ti+ZS5/knNM93R3055gZnW29xHCr9mVCObvNHG3Gxj4ywWExSq7dXcve+j5nE6+WObuxVIfxTi39k3mo9X29yiB8Vb3wiAiEEhbQtrGimgGNQnUm33fNCI62w79UPrOGffgIWxWJpvdHDbPNmy1QdQveFznveEurXPdvvZPLGYdbGrbVE9Nf0drwfoGepZIIjNPf/p7VHUCxMbtxpDJTq26ZUVXBOHG8bMWFKfU2GyDxnHO0poyY7qVacuEdvr/uMGY6I7QhVh977GP0emj4CWuACmgy5VtpkbThp9TwTH6g+r5qSjQohb2/Em6NYguyLxGPy8kKo/kCkBv2wPRJe//Me24B7Lhd4PV+qggG7qpcdSZnJzpcLt5SBBS5dGvizR13KiKm+nl+SA//SHpVx7aX+XizyDDsLLCnRTc6QDIttFbdyYggDEYwRfEz4RrvPy4uDgPsqbfeGJ+gfjIxso9Uyfc6Dv8xNvQGbb6vVb9FPkvT3jGuC9n29A9rNz1k8s9ao6c1o+e37Y+IWG67yrO+FRr5Lk9NrB/PjsTBxzD4I44hDVFx793VboOMKpkuzO1LphXTCEDbWb2LSx+yZxDELvuV+zlgd10sGQ3Asrz1qBEhXSyFhcgeDd7j8q5YaO9lEbUtM3eLo3B0jcb2kX6fjAdgr+IqYma8v3EJLl2j1cojDOKNRpvQSbrey6h7BepECuPW1RB6CNgE73UM84I+Ys0TzJ72YipzMFaFrgCiXxcRXAMZs4nXGSoiMFKr4N4reo2RsjA/7oXCoQG8rQZa2USXKn3r5SzhTN1z9UIzHsUejc3+xuFk9tRyJGkPjG10aTKt/o8L0hSBI0NEV1fha/oMz+MDYN3Kk3EI4PP5EJN5ZO+gIbHiG83vCdK8LWBe3dv+TJks4WgPltNvLOimuHciLJlXyecRAjAz16Y0Iudq50fqonPrmdjMu+gHVYqZky5lmO6DdRgqMDTm1//cX6FLGlQt6kKi+5yjaWRXYSeOsQ9B91rjKFGIVdjHy+l+KThAvNvGNgsWnDpqA/VM//z86BV238xQOuqu53kgORcTQJ6ouuL6qXtsytzRV0YZxHFeAiw7VIyOQXn4bXLvOSeZStzKRLEM3HeaJWBU/7yc8Zn/yFPt/RAQC6+2VtkNH40QS1QzyIwIKUUUyrSJfIDMPOrINPzWod1lSwDWAU9K7nVxIUeoNADg7h6d2kWX3GyoH5KZ+E9tOnZy0IPMw5nP53c3fuEV7+53VwZRlxqqkXTf9RurSv74R4CgREZVESkK8CqM2ZzpeRE0/VeA91MrQHFdtCofBLPXI1GsTN3T2J00JFOrmKQkU6wb6jwoF5/z6DybSAR2fQbfak2DMV+0PN2tPl07AvPPKogFUjWYcR4kSTDt7J8nnogwJUm7DVYppZ85Zlzi/V7fNw5E4E4jYJZeApbGG8AN0+aIr76/qS3N7cZ3Wpr7mZmDr/PB310mpkdEGNoz2rvF4dZdb2QW/B18LQjJ9zpA7iQuo+lNPw9NGSG2mwBQ17skddJmJlaWij3hKsirOzP+ef5RLlYWc6RiB1M7TBwePRh2VSwwt+3brgvOe69ZgwrFf1SnsvWL5XS7imC7CnJchZ87w0xnRsm/i/B+Ir0qpN3PAVcdUjRCT+ZU1XVUcexVwZl/WLM6aQRl6D2NcPEVqqVnS/q3HtM8ReSX6dctpEnmzyMUdfZCRYTPs81du6pOpkqa3G1YDudBzHRVdz8/z4xFqyVm+hDAeZ5ejvObRv0eI9Qjq2bgCMvlOXJ5ysD74vniJzrbyTAMJVbNUMrUticWB/3YAaYH7O4UQVT9kPMdNvN2E0/+WM7tfyCwp7sVz+Pb83JjphvFL+poV4lvzBRD0eWuWOHgW8spTbtPZ0dSiuE9b/Peu4D2DFNs/8xU6eX+S0d0u179wtLIQWNLfZ4MmFLpS+zosQUy1jSKttEzmIBA5pHdk3ZVqkpULfSmkszMzbYvyGCekq2YrS0WlpiZiq5duz9GrEFgvKDUk4BYQOxV7iqHKms/zxNBsXJ15RTVZ6baeqxuj1K+VOR9YtNaMCDHwlG7qZpWbZe+gPoCbqC0a4vHThER7Amw6rN30S++93hkaqe3VJKSYfXb2L6ap5/nfO7vajvETx7dEaB7bkMLwNv9uCSkET093fTuQAIz6J+fZwTQWbr3mlTr82iYjKrqEoV3BvbkkAdlRCb4+dw9/NcvXYNAMvMI4odzqMLNMJmbr8PBNiLi3vt+8qnOiHtvGsQmMD2XEchsWDbgWyZV+snfz6e8SvlF06HYfuuzUrxeYhDqc8N0Z95789///peA+LptkF3G7MJSpiUDA6Ad3Fq/nMYZQrnV7dQgIyNSodUVnjnCESHhZPz881RVU3A2AXsxR9AM9h3FLDXMG5zUfIZwW4p0UzWaEpn1owsXtkp50XKdvoHWuLt90oq8eIc/JI+8tN4FTQINekaEO3X4zG7PPEie54nBc85McX3i5GQtfhktXuNoNih7ge4pTM/Pk9qB1tUlIR4hbYHBzZnIzcY9Ko7XY06WKb1eTO2e7daOMkAik/LU208yM8M0/C3cyeyDvuL+u1H3dTXOp7VOHEack8pnYuLw3huZGec9bSoCFJ6CKAsfqG1vh4cRhCbccq/mkDW3p8QN1KkTvX1a5iVap0j1q4NIZjDipOhHs2BcUhDSFLrrchdyyLNy9CZnZkY2EXZ78nREKiQS9j/Wpe3yQ25MIIOJQHh62YaPNdgggbU0UbunBBbJyE/dzB+m5Ofq0Bh5GAQpvL7qpl4QY2KqSwJqhrdukiNlyWAi48nHVKngaAkDdPsCoP1GW3cFJ7wyWlqBz/1te02AjrIejJMkcqAJs9oesxsiczDea+KG/JAhKwNwnR8ATGOb9FhIV3ehYTEdAHM9tplcfw/d0GawCxH0/GwAsrrbOUbWiqktgZE5gRPRXW4dUXAs60M5987IFhhxpwaIdR3lWZdtRZSyao9a9giUSAFSBjc5mvh3EMkUDkjXH7DQYXX6HAP1Yxgu1tev0AVFmHRuZRzJOUwnAUha/u+pp4oz9fdKZi5hXqkhxltVvA9yGq5rOZz63GAo5YQ5zgDAENHbEkgN4wSwYN+Rhje3a2s70l4I6CqBUwRF9JvlqX3lcG/ZqVA9DjtMrbGarUHFSR/aDdk6mGVwC/r0zpg4soXGaLrjekv5IjYgk7u4fmZuvYZY+P181Kh0e9F3VaMxjWBizDv7Q3XhlCwRz+zwZsiM5y2eXij/m4wGYlo5Yw8hmQ++W4ggOYWRXI0QTuxaP60WENGRcTLPbkIiwKFoXKNT1NUGM5PT7cMppglyz/a4Ph1tHuJMcSaIE4caZkAGjszzMyKP3IrMmeqtnG1ASO4ag+gZJqs7EYFYadooRlX1yRNyF8XAu066V8XvxQ+KoA2v8SFnAkMiFLMUGsT9DEjNxjeYWBbxPDIUxozkUBgw4t4LxDlPuuDWh5xzTncNB9Ju7JZLA/0geuxYsrGOmJEYRQZjKwHW0pR23WY9Xsi/vuckvTWeM+8VDPAAACAASURBVHu6IkIUtp1nKYYap54eynH4Fl2JmYGLZUUCKEz1BKN7mj0Y5hHjFOsFIqANFOlveqw5Xcbc2yJ9/2WnXKdrMo7FOiTJmmrVM90MNvH5yP9hZiZ5qLnpOw6kRghiXx6BBLEgnV+Izh8i8qhYYlB+O9rxEMufElJgL1EbUXY8Z7oZGXnaUwqSaLs5aSoeMyWipRrdzF3Y6An72uhNzXSEpZokAdfuvlLqhWUdkUcUlswEgnYIQabi3fYqEPEcEM9uutBdGlU20GSWxynx/37/r+QZN6JlSJazLvK710OPV4xVvEAYjypAEt2tEzjdOjC3aqzo83jYPvgjikwqkqcoI1gsI7g8QferED+OIPg8jzJFT/e02BgrJGy89M+wF78IR7e8SKD7BvEj+2DpArabSOOwA3BMAdIrCuF12EpD03j6DLfGTLMLgadrLcLUv6w50wBe3eSxRKTKRLeUPKpMQjuIrog6NOgZu+OKfwRPd8T3D+k9pczVELSmX2yLPfqfJ57I0NBH7MWwiC3yHDROPkp3kqjOdFVFPq3ltqI6ZUA8BihmNqYlYoAEETAoa0xBRmf2zwGZgO0+JGdneLeWOmmVlNRxfOfvAXdDIkw8MivvqlvoGd4qbTXAsHsQ2bvqruWpnZl0twK0wF3saFC3IbZHIzFVev5BAub6jvLMeFoDrR/EwArUDW/UZLFCjHWsipGjzrnRM337Zv7I+SoylKvNd0Ce1DCSf4c9/Tab8cXN1FBMeQgHMrSfW6sHJbtXN5FHTG1lAO590c/szeM6X4Me4Of8iKqFseGtBy4zM33Os7CaGLsN72aYmaHR0s70oi9BtNJAvMwKfQOh6HxBB6msSCHpGQ+tMJZ83oDXTp0NSSxj5mQe0aSmbwRPLk0DEwgs8ptHvGzMWCXJoYUDEdsDIpbxozkrjMmfkSJ9S1D9+yIAmOnnHI6qBIS/XejgdxemmVR/NDseaxOnsl3TzHMOGSGwuSfPI5ZOBP27BjANUWSmvioXFnXNzEYMhsC9Jba7HP9nzLzptspZulgJ54h4zo8bvWR1xURo/j1AMM8RB9+oDoldQCplmFjhmFYEaNdqowz1PEfbiihXEM7PkYHGigtDlzROPBkUKBZu2MfbAmCURm4KmiCcXT+p6KqJFxzIMVNk6Pp7NZdOrK6wZ6hS3mih8rLuYkgeBvC1cznxhPnFdiLKjO7C2h+OJcsMuSm4RW1CddeMDJ2EKohpPoI7ZG9KqStmqVfBE4y5VyzCrmpOrxvPS5ASLpmZzWlsUaj5pcKqWg9bI3ZVYYZE9QXG42eiVOc7US3sHnl4kpARfN3uwTmpzO4EDScCiesiYkbbyzzslJv6VsFaqwD6UuJ5jjiL4mbplNYUPACDvm/G6Z7P51cJpGcUDjk8mS9QrnqIsA++CPrWM57DiGftFg1ldYWhG+csgDXz+/mkJVw85yT5qFvc+Cx4X+FOzWy7JRxNF2bGnzy1IHyatjmKDJ2MfE7vxEJlZC6xRqJvbGKMteE92vqDBuYjIjIiaLA4NGFFVd2hsO/pbi8wr95Sjbc6j1hwvsV36lMfNLQLUKOF6XryYO0ilBffNjREJDI0wfP8yNervFkRGu6q4orniTzaW9B69+hz1olaxh5eXqrOc9ATVL16xpXiWADFOAKUIMAE8ivw/4r8fLTeIEk+scaY8qFJS8nUsMeLIGlMK9S72oArxiYw22EpuM3CVPIDOI80OZo7PnovTz5hnSU/XXpr0v6+k3iFEx2YDFuAjAc2u5KFzMjIHDKYaigUo+Y2JCPC6k1JAUwMf/0p/WSVFxsXRsgxlUI9+PGZqQg+z09mds3SSEflm9WrcAtIRvVlhDpiTAuvQfDxclxNerzD7/k5RlIDJ07mo5CVebTMLP/nf/5bj6a75cBFKW7MDP0aEy0MaGALoG6TEiR3B0N3A5HhX2wasf15+y0NGc55ykn5nBcQ2xzzPQcq48KdzHTPvVcLuE+el/WD/bsRlrC9E2PVRSo31Veorqsqw/T2tB2+7CEzv+SrpT8p1sAiYS6nuEO/9WtKr3DAhICXWIampTABAILjhY3qFy5Esd5Tmt7v9Cw9MjR3HsAOZowFvE9Gfzcjqz/7YBxEKO2q0SdyvhP+Jw+GO4CxD+DMRLCqX1igZRMvg8KT+q+PpDRtDPH550ewmiyYzFLSe2GEtvICTGgzu0ZHsMsFM7KrbLE1UpC5DHLnMpBRDCVxUKzqzkxN9Y2RLeMV3w0Z092Rec7xQhixq/IMeL0wm29LoAe3y5F0kcUrfLobHM1vt5Ewp6bcNWRa7gyd+e6+NWLHCOmQF1MgmFn/H1XvuiZJcuOIAqR59r7v0a5m33yV4STPD4AWqfo0mlZ3dWWEuxkvIABOiQUhus05R+WdrHUucQzQkPnL9gIuWCFfzbRrNsgJDDP4+XyAkV9hrej4LxKxNh6zKVN3NGbdVNw3U9fUsh4uoRGrkNi/7uvn1a11l4q/BeDz+cQaTY4L9DwZhGanPvk6Mmp+2qPvAKcwsvEFu6YzYlXqY/ubQK05hTTC+rRNP5aB98fCtks2FyKJlPFPkZRwWRBtriFAhiztOlY/tAWx1LUuZAWo34h0/2IJJgHz3fFWE6Zr70JLF1Er3KIhj/A7bqNOqgq1rsoMJtU6IImcxskj/DrzcOFLJXYJHpeLuimAxMxdICSmDvhlkcyGOwAKIm5UHG/VSGtQ4Uuk8DPTwsLvoVPk8Tlt4dqYweWtr4oCG2sJepCgdAhYG2g2Ih0M9Ttng7PP+RrRELvVM1lVwbyApq68m+GlA3yLFf9gJyn/W8pvoFRl2pMm9l+tHOf+ijj0YguPsQV0dymvWp+hlLoX0979y/CSr651gfqm3PkMGZnpEo3XIdFn0HMgQ1guBMmdgA6nRzO+GXMzM7M+dfIIHVrlSud6EOvQeRo84uAjDl+vWCfJ6jfTzbNTsWOs7C+8N35Gw2M05XMi/ZxBJgrXWfKjqKcAPA3aOL8ZLXZECg2/AVZVwVawnh7a784xPzOqG6JG6kj/2bB3f3EPAxdZ2bC3/1SgeWhfhew4VJYwll+/Bmjf53fl4b2/AFRV96unUVVzCy2jxtYc+PfvCEBQ4w3Jtj3VY5P8bbxVCOD7eYNHtR9IGAHP55ze0+gLXtW7w+m+xO5OaUMN1YlSQGjtAUQljkFrT4OywI2x/jitWkv5oj7vm5e+55m/WXVivBojU72EiczSFQpqc9pvvWLc86gSWxqswlU6SihebW7dZTsGc2MW8/2sVGLG43DHOhDCbv5sRFepOtNIIzsSaESeqvr0q4VqU6UT3vY6VxXRukYzitjgci1lPzp70hjx5OmlrN5nFX/Onmi4Kh+dodpO4DNzvLtIlAgX27kO+NiED0C9a3uXQN/KQ6Wm3uM9/LCAQA1F5DnT0xLTxICI4a38FSXOOZ/Pb/5RpYSVB19P/MFE8C6k6H7n2pTb35aLW9nT9nuJ9JB1lsyCn1yLA3z7Q8HsiGRmdpUpXQr1O4ZR+f5aHDO7dhOzFmQAuoacBce/BQB2Ypbea2JQwD+CmO6j2hsAIHazspt+p1oIrhrDL30XpOstKwvIglL/YHYZtUopSShqV08pRV/jXYUFk2naWVT1rTK+PN+DididFmIO3ebL1EOigQxZmrQaSfLGQ1g7PrOeGHpHtYofLZUF8L7VXYyopeYx7CD8PA+Iqqr35Z7tQHw+n7G3PL8jT4ogQaxEgGTE2Rc0svkFqK7wxh9VPxkxaAaecyKQxxcnPL76qwikxlOZqQviLabgwqbOLN2tqko+MPci31wpTg9X7sY/CgmQ6neCmeRgTqYq0pp3nTQ8MKt6b4u64YX3C7oQlB+3XEGoSkm3W+negw0nLX9aM81p8EVypfWnDslpK/ZXrp3p3JjcLszrfW3RBRnJtlPb2qZTo7fLHOec83MXhmc+qjF61+wxY78Xb0+xMx7fsJnWBaVL7gLGZlAmTuXWMCH2jqZraVREVZyob/DR3MQmlSetoQkSf2S9uIF0ZrjNJvcXxERyjXdv+rfYczUEihOg3+QqvbvFy4HIwl7FrOtggL97gZ2BrQHnKuRcZNUQKI2pXL9phC/ejJi+yEwRLvUoYhnEGizpo6sr8JToOvgzdDKf5xETf2ZGjkZJhj03PEoTWK5Cb72YMuOJbDEQXf8PQyMQDqq7Ya0AAAEOPr0yK1cPsv0L5JxOojlx5ILoAdLNRNwNWA4p8V/tA+CaMI6ADUZEIuwLdBPltjTfC78/q+4K4jLNgqTURcqYssTpqtgtjNxlnzp1mC/MdeHIw+yek98wteXZdxHp7Rr0c7FD1Mw45yxwqQStkdtcZac47AGtnpqQYZRuyqpLSZJZr6jZcaMZkwDWp3yAzvzRkyEp7RFWQRXXiWsGSzo0uuWKTpnaeJdO740DOk5hE2beFNytsOOvr7etR9rXaUAOwCfJL4GJpOrkMTElsGDQtoxxI9hYmDm3r+Sw3p3P+XRKc4mWFGg6yMb8c34ak7fQ19Ncpe/2jG21tKyW9rk5qgwiQlugb7r/8x1pndk6oe8UO845QUq0x+UBeSLgj22RQa+ajRHnnIDUCb05iBpyq2aWcOGcZ7/p3I2zbkBmevdmR8S8BaBfI5+q3mlpL0WG8Deq73PQDdPneVZyrSemD3wyFaXjq/zmRHyqMI0dV29dStcIGcHQRjQAwfX1SfNrJQfWq6/3JSB7Q2t/1Qlinkj0RBzuaGSHg7qnagMlZ8/pIWVkGtTATbTMiEHpxL3lFC/NkIrL9321u2IHCurLlIrk0a1nYgGcTiB3x1h5rQ0AaDC8A2nMlHIih/XWEHlyej6fT/7ff/9fzfD1Vc85reA+qPeVdxXjSG4lzVRXqRluue76gL7nCDzqOHmdNzxlQwZjrM4KqtWwqozfLao0FuzvMRHMWfmCnsvn89F4+cQRc5dAvz5J7w0E5jU6UmTmW+99bX5k/Uq0ofZpBqXNY5my+hJVAfLxPE/1EkncDKumdNOV+ZAx4cSgiHJbO/3orgZavl1iozsURmh/SJBjn24VoJbnRIgk3bok8gXEXvVw5na8jhBp1/sS2rs+KTpJ5BEWfjJJrHru6+WXmScORlbWw2AeNy1OdUmTyrsyE3ltOrKnSy5CXCKid/JoO2pzsGPSEvMovVrTBlMkU6uf6j2ijmgUmln1BlmvC9u32wMLx0JdzSEQ51EMrKpp76PnzqsFZ8oTlkrAg8/7LhA5DPRUT1GjArgcVKH8LQtsa4BzfnoAW9n2TCcz48QIw2sxgGxdKMQkckAF04uAw7Q58UUCMcNJf3thRl6vpBHiuWwUcDFciTcbrk+dVbqb++9Od09l2nESX7fW2MaPETFVC+DoFqgA1GzVUmX/vS7CcmnxL9jDgZYkaFjV6AieeFTS3VsJ8449tJfKYnqhlqqW3ebxRt+CTEXcbGQmt5eROaqpSS5XOjIGA2b1JDKZn2oajURGGu0DTpyZ+dQHaLYmaoGI6dftl9iVXpzVYkq2ugAFMYZ4ZwagQ6BYwKQ2ApSztiyjVYGpcoyVIt6yRrIdveh2m5EzCEgqEUF2vxSnE4PkQEC9tocMsC7GeUAZqAd2eKxXYJY0YgaGX2NSq8kWZeIfTqJGGQJcGpSsLRx42kvAYJCCzOFEhs7/pvpbnhottUiIVk9puceJh4xAvNVkaDSlCRm8OM4/S8W3zl53A0VEnoeQ1sITl+oXnMA8JyUxnipFSS3gi6TYSRfCq+6Mk+5DJLGyHRt63WzWQX8AUedk0EJCnqQcZqQOhdTCSnvn+YeR7/u7Tzk1UqIvc0mg4DQTFmSQkIsqd2EGQ7JcI5vt9iCwuHc+Ryrn+nws51XWnbtcjmp1adzeVqxxTFZazocvv5bNhKWEUYPuCd4GrBb69x+Y5wQ5hbHkidQVKFuZNVH9yjMvrJ0EOJo763XEnkSs+F0FhMZT4esW7t0DIN6SgCl65px4p2JCAizI4BsAkPk4MKIjVdJ1XeFmhLUp0hSB25ArGMLllJ4Pc4SSrS9zxAkExi/IzxaWKdnrXEuPuFgv8CktlpmImAhEWO7WNImYWz5pmon2eq2ICxAIEAySJwcwAyiiWukv5XgmU/yabtR0RUZPV38Mf7uOP9LTcCHEzHwlM0q1DRKtDQRcSt0WyRSdYLDcsRaVKyLyASEAK88TGeLayJKFMdqmKIoQgCE/75snvtNJ5jnPdhAtSBSZBlMHoqMHvR5TD8zvnXePAme5twOE02JTqkrM5/MRi0fLDM85mU/3BLWJhpkxXfLShIJ9xAyS6XMiH24PGzJORFiTw4yp99uxaDmE1L06LxwExZ8VCsQd1A2mRlvaxOC2d5eGpjqO7S+l1YK5hLVJhhSHavwGUUs4czVlf20xpr3pjuRiPRqayKsRQ9yBEIAJlgmw0f0OGpzz5Hip6vGBiEwmtRloQwxmMjLjEPN5P1XFODOoelXL5V3UnCFJxCBUTCocmbflSaMKl57prhcYAQ12hgQJdM05zwDP8ygbqsOMRRnGRGaOj/Jg+VMnMvNxIxBSVKVRN50xSAA3DHMj8xzZemiUysitEESdEQ2wtf4iLM3qOzBWpDXfdCT2V1c5BDMORsv6KJ8mrUXVWffXWLqI3qNEIepDp8Wi5gTHhHhvfc/I1la3nq5O5tuGDADMTgIAVM37anEl5Rr7tygSxJl5MnMtiaa75NevWiB3PjQY8QmEeQn87OnXnlRBhHaMvWPDB9z5gBSLDpR4+42MXQzblCSCEJyUjOq3+50ZydXK6PwR5RF6WZgnT3DEg/54FGrIoLq6aqa1oEu89aoeejlHMruagFi6m1xsFMORHwXgNosla6a0ySG2DeFCmQIsCDsu2hCwu7tOPKHNCsEZfD6vyDrqyA32n9OQJD3eKUYo5E6gZ5KZR5t+I5NLLxDHNjTefmWwsAKKkz+28tBuCXaVN+vAtCEjOxMmWvlVE106tHNS9ClVONvGBP72XHTnqxp4SFYjMznoefHnnEvVbeJU0KqbXDT2nSXAGKZpk9/UCtqZ5Q+wTUAcO0P5FzJWzJxx4To+hqHpO+D8SBcVHuABI62O3POnNDCuQsdQjq8ZtnsdD03fmXmna4bManmmDcQaIY+7PNWLYcMi+WqqBfe6vAkGaEUXbmyf0cqBc44+swxGqrtnPMi3VUBi5CLbMBICe9GKKDTT2n1qQnfGmu1IAaNI63XHGSDf+ozvLxiHxDuCzJtjse9MNEDGCWINV00Q8EZrdVgd853Cqjo6EScPg5nxKRXAoSVPXeORBvtTpYVCziazVSs0Z8wh774QyVtUqyuqj7jwkiaIUCDGNXerrfafNDlNTBwbGASDHEswrbdwG9aDHqT9jQOO7fjnn3/UGF2wWH+4Qk14UVQRyDz9vusZEN2GXBusHlWbjMEqRRoGE7hDEHmQcBuxIAer/mnP1ETSrS4DlKRUBS5aZk9CBAIlTidBRvcEbbudGScegtpSMF6LpWEYCHR1VyGmu+I8A2BazdRMY3oBsxFhaoR+lfGZcelkzuXo9HAAvp/OPCrtnnxoA5XQa5C5epDyLJ3ujNOD8TYlnHPeeavelVOpsGkSMes1CuzWY3KYz6NeMpfQoN5WBbY2koerSyFjdl59p6WeVGwotPj5Gr3I3upEvvVm5pM/XW+NTLApthUGUqVGnpHq4Ohzd2YWbF0eS7GVJ4FqpLG430LAVZcKA6a3RikM7sCJK0BXQ1dV+RxobIwxaOnmMarX3MKqYhEHp9FBt/96uARVBcmiVo9V2NTOUKnMlcwpUbxHJjqvQAAgdn+k/sjMOFp/uovBuku7T973gy60+UmkenzP8yLO7LYMwivQAGRwplUHUh8AE4GYWOMeEqmpwLSNHCfYNd1zIsc4HlRPyTp2XJoWIARVXcUJRnVH5M/5cbHZWih1ZQPijquykjuc2vkZ7+ns0sssVHW9HXmOd4kNMPGc6k7yeR75vk4J95mql8Dvf/5f/uv/+9dtei3nkd/T7nPnjt1nrkkft1zwX+uIq/9XY4MlyBj7dmvk72msYnfHjRn3/sO3w4FWGYPKcPM9fEqbA4mnoAygH+vjxfvblEp785CgBP2FQm0vE+r6EnJ9S1XCVL1rSaQ4q3hlIuHCLoYY5PWv7xvuT1xgR2gRoncqqP6L5StVV4ilwtgn5MCKnUJRUJpmRlV5ElDtOWAy2NUR+NTLgEA3febqVhNYctGxlQauVrGqMp4qLS6LYLaVMqrM7DIsRrMGnmI8rXpKR8XcLj3h51rLgaOBEASaSacDYJhxwpTk7rc+pTJORUlE1GsiJ2YkCRTQPLsl4pbdWAgMwSrJv3vsV2hppDb26F/yK95hMEhtk+ffQ0LPYyNMOd82GJTC8WgRK1ubvFXcvDIbfc9Jckory8ng2bOp+hX7FDT8sPmgjlFm2oNPQrz4Hul7vLmsgJn+vJ93WjCE7iYkdZwXXhw3uAxixjnpG7q0+u4WSjhuqv1BVUH+ufgpdh5gsLitGsEWlZZdm46JAJERQ5zQjNdtRlwPk9Kz/fZOgmV8SQmMocOBlks55Vq2Dy3EC6lWI+JohaAEN/no89B9kApvGZ2ZlamHqEaC8hLqGVPUxwaFIHflw/ikfF/ZLbP0dwTN3PN5f/HijJz4mksgiCtFBLh1uWx8UP3ODmn6VfQIYzsbn1VY+TUtHZ6kuHuCR5MHQKHfqusooTijL/WcE+7j8I38cKBT0/6lX20HM9PbtDTh/lB0k3FL2bg/biNbXmOlew05C1bs599xQvDv50SsRZIkR2Yii32sWSplhqjYy9amLJnUkVXuYC9xMvZ9cT/SCA5fd4sySYGtQs7dY3AdkPzZ/vjLL19MhTtUWKvAxcX0kz2ms9Tyeas+96Yr3MyyknU7u+4mPcL0ChlnbXy5vFqCZnxXmMzoJVKZdqVQRuYe5mpP9K1kGv8J97YGkmCv0C3P1x6KGgFcEczs5wEkA/pjNWPU6e03dgcSFQr98Ifkcd5paOWmEjREEHKlsIxUdaZGwX031ePJUSd4ZLooEd3mfdqk9V0BiXnlF8qhc7TO/Z40338flci487jy0GsjtAGFkGY/MmMlQgpQy15MyZT1ZCJiaJm/L7J6IaAXUzjHfldbm/3XgEEfR4OEG8C3kg1g8qReO8Me/XE7qKBqHhG9ZepNQfyalYaT0c1Ht8qKCB0PdWVdxft7lu2uP1NVO+AhtI7Z8ku8aF2sUvozzQTbkzAPUZYjQnmG3vLs5BEeg3CCgAdyVrwFiZa5pTeEKQY2wcF5nmuniT1Oeo+JiEsOGKN7FB7m8GYalHZvrOxGnCBy6PlW90zRd0SVJCNiLhVgli9mv+yzOjnbjitzhIhj1QsgDkANRWqxJDAxQ2h2orC0ug0ivDnQEUBvZF/TfyU47TrS2FtWMJqeAN8zprWE2mlfGEYcm8Ln9UFWoMOM4sZ/HR7KCnNUJ8vRGRrSD7S88brezygVjrhlN5OctVi8Offs3pqbcf5itdjvfgnmsyFUucMEQ6WYwefzAXDiMWLRLaQvJEdRAgt2e1Dx3dRFfrQXbSgr3u1QpByKqvrowBNvaT07nudRLF17E8P1t5rlV3wgVwRbtDuOyUAmVKDG/aejWYx3rYWGiDNS3G4ZwWNW5p/6U5FEsZdkQ15MuWc4P/WB1TNXXTm3faNsiHZz040kGOafA0+/Toq/+OlX1h9aU0zGSXtDa3HUzMSTvYOo26D17sKJ52j4m5nhIl+vy8Wr6u25wiBJ0k/ATHDOtMzZuns2T208F3tqtrIlSUQMKtYrGWrs01D1LCaVmcGEBjaCLBc78GP/I1y4lTPgma6AJ9FQnr0v/ud7Nu7rU0k5M29/SJ44QL86M/Ik0FbMOFbDp13yreBXEAuSfDJPZPfbPSK8Ld4BsGPL0gg+z09Vbf/kLs+Ragw4ZrKq3vcTEY1WUAI9OfcmE1hVdr/R+8oRgSQEgytW68NPLEixyMP+XOQuvdPOsOU7f/fWeK9Mzz5zj5Yxy00Ajq3GHDWBS1DxrdS2GG7FLpPe+yPGPNNR/tLtVO7zAMY+rNP75NWtwHMRp/J7g8yfGO/na9tMaePLoz/8Nibd/dZ7T0v8Kf1lw6KMrNQvJQSXVKeZrWCBWxxyb2wYTGT1e84R0KA/R138jmdwO1zYuWVIBg/dk9YrTYko7iovNaTcy1G7UOdeChcl45uyf19P7NspVDtESvhO68Ou9aGypFjVc98XwHOOB5CLL5l2uK9dhcEG4ImI9/2knSqw78vrPMfQgd0dMaPSxT/icrftw+laom1wp6GF9ej63uJop1dmrutTiGRxq1SjQ70bOlt7wGkFdlUxkClZTwMdkSefiBDcU1UDNSwJEMPzZHdlPHEukdxbH3I3VYy9uHu8Sh0aNvub0jNRgAOT9/VIF2MULkHdLGHQn7cihSL7XVNEZDUFE6T5o9xzLkuxXE9/1xJo3L3Eq6yVInxfwVWViV4pZGWtfAAhXUxZEpURqmBEPIuhhdUSk5nP2pPOYkuWzbXqVQDI8FK65/zEijPkQD4rep6Zgo7Ze1UU3d2v8NuZmWB2V+TS0iI0iVQyhZl1y38if6tIJkN0QRUpKmufYzu7rnmex1m8beQ1OyCxpGmMrpFU9e5zoHpmxUz4wyyPiMz8/f3VXyjWPc/jVN2yX/KVo0PZF5q4yxABi+N9fiYWexhhj0R2jZwzbmLtbgGeXJOie2tE4Dx5ror0vq/nsfegioE1Ide54sy0VCNXcQ4O5y7tC8tY9e++Qlq7+4RIpVKE2++h5aG6yqoIr4JwCRohrMJ7LHYjGi9Wr4or77Yzt5Z5TtX7iEkPKOyRXK+dzsyxiHg+n49wlffzIfmpV5E8In5+HhF0MJP/+t//isyTqhpTlr+YW4XnDCLB5cxG5vu+iHPykFOfPwfAmQAAIABJREFUj6I0TfNJjTBSkk2M1m0j8NY7zXp70xgVv4MHsIJ19p5RolF4dZ44DlozF0ucDKaA3ZkhqJ3mQSZjXAW0Uhq2rrknuPudaSSr64hNw/7U5+uzZoMtJbww4wo5jcsA+lPt5RaCE+CJlP60LyGcGoG0XBT/Qgy1ON3M9MjSmi1xp0jg02QCkhVHd1nKv/ZN2y2UBl9VJcptiNHcRcaTJ+IRG077ytDTM8nznJ8Bfn7+6ekB+m1XJ0px/XKi3pLHHyB2ghiFCcZ5sqo0G1zTFfEzcM4J5PSEmol6L8tJVYwqIQ6qDfg9y6D5OcdwfNjttLrEh5dgEzEh9e8l9TDsGyOkF3updJcBLSN6jj2jk5EhBge1JcD+mMweiHPU9Z6ImmGw3zdWcNd2RVSFp74RwMglXWtpEcFEQwvihGMSorTtv3mXUCmnAoFG15yIY3NlFKreT1VN2QTjt14CM/QWS3ot56g+sJILcr1Ym4u3C2vWpVnodE9VJ/POPMx06zl5xiCabGHxTcOcRUxA21PSDQc8QcqwBVVQ/Z6yDGyzUHUyFTewLkDQ7osdZkRMZnQpY2g8s6jKQM5IkWSLVWGiDbevqqpAft4iIv+wMvs2tPug0mbOeKu0yUuLZAB6m4KJK1B2UxU/PWCefES+CeY0jotgD6j1RsQq6pmRrEMPS4S7tigkQC67U+yn3rQcXreQJKY6GckI2kxcNvSDHaQDmKlpWeiQjMRUmXIGDWdAubSDEYjnAen1Hwaqxvovmzy4iFH92hqe7zJMQSvjISuDhM2LzTq7CEdPo1sVwbiLsfMwvo10EHGes0VIMRCIrl5oKIEBRZmnoRMmGEzbsg+gTWgRlATWrOA2g9Ow2vSJzEhZK8xIryV4XavmvRwyVmJMG/dbh6fS8kKcZFyJxbhqbA0DsHJmHcNMveUazjs9RCK843wdM7kTZT16tQdH9kfgDo/FayfCAhqpDPt9VXWoUH6n9IkyIuMs3ByaWLTIaAuHczEIuDL9bsQCMENcWB5QRQ6Z++0aJHsyeuMkB1RpJYm3PLIpr3mY4JZgMp98dvkeCKQUYUvQVtX97KIEl5Vvp0Lc4JxT9YpVDhE6Qnz5PicBmT8TmAxvLAxHhpld2Dgz70yeNTQ1Mj766joEgymfATbFGpIRNGzkBEAMNbHMdpIvPTbsXwSgxyxvRCSRY/6JHZe9UGzDl4DrSD5agJmhDQSF4nw3jqg2sRVPcwYbK8LVHdYxgNNTXaVK9InMfNL2WaQSaxAZWmPd6J9zqHVONo96ZkTlmYC6NU1pyrEJqLcUByLioj2ZOaW1AtOewbOmtLSLpES4A/SuRlBIrWlytEQQoGbMbXIDxaAxBNaIiI9YI9BaEdKbp2kto94N5613elR11RpatUGICdFCZWEHJrXPPCMSXmWp+nMWv7OcIi+obffw7q7MUAFf9ZFke9ZNzrBjF3pihWKAlxjtNjvaPZLEzGM7bNe4jLReTk6s7e9yedAqQxghI7U/AydEsEzb9Jn3mGHawrHVICSvUbKivnVJgRgMgo3a0UVkPmFtAd1azmSy6vU9iGBkdYnl39PbmM3zPBF3pvJoej3dGQmKGglVs8HAFHFlu+/lhdVURBzRtxwfvhr5k1l9K6vfRjcg3rEUPpHnLg+czYNOiMI1txYiIiR6lmRNk/KxXbXMZ9Q6zsyJyCDNqt4eJaCH1rvcchCjbOr5Z9l1BNjVhXnOozU8EREJyodabFPNR2/SjLRviNKc9idRUhUB3wOMKldkACcjNPsEeLT/JEZRtKa+QxpSGhNR0YE8+YDNACducEpV9ZAwVR3JFlqD6VLRIRhkut9SLgsAYkC7fA5yV30kjwi8mZRKW6I/cCJNERhA7uyqmuz24+4S9RZUyEXKj34JNArbu4V+xwaiR/zz85P2bJTWHIAlYSJVhrRHM2LEZIDBwfUiaCCe54cUA11lCX/OT6FgTZgLXBlJ0ddFyL2KfA1055wUT4ET3VP1ERPCb+z2iURj8jtUgWhtnpwJgJPftMKFABHJ3LWJK73fLuK/ohbM/PBhxT4+ext25dFSg1kkllUV4Hl+Mh8Sv7//UZWq5KfMqKBRbsOhTjvjYHiX/QL4eZ5rn3XrVQAn4qzd4jtvxgY7kxTETJy7RUyoF7s1yaOysfs8Dz5FTT3yThgo/B5PcFUiTLOnK/MkY3ZZxWX7bqku9ErJ0W7mJDMP5xLSOWhVIeFZb5PM40W6EXHOYz/VTa8D71PxmofqkJNwT/UH6rppHoHif6Y11pdICqCGkO9+pLRsojqBS9AM1FQ++V2YIbOB7q53prVXSViNjLljXZhiXUeExEdoSRVmrNmt+jTxhJZNGemOiDIAci3ykHnOeXyPPHRhrUl9y0XK/lb5ebXVeTDlOplsSiUGgCfvvnpIdnvikFlaT8oEEJwRo9k8GUx1MKZHVfHYuJWBISbPzza56w8hVuZoPipieMndaFtUBpnhpdzvVHXFbmdRzvpuzbFzMjPP7Gwfbs7VKseAJ59zMnzO9eGb0vrzYCfXFk5NZx69d0WQ6q6u9/NpeSBbElrBOI8ptmOCTvGkGiE3vaPThsyQTVNGBjPjdDUDXiMfHvx3t1wWpGhWHMuMI+vITIbtjE56TjPVTqU9EdrbxCZB/JzzaMFCqIfDtBxyAoH3oxHjRAh1oyKYMomWDFeNJeaMQLjz8q8dODKA0dhDVovnPFQHw7jkajILhaUX62ely1HMLkNalChmJs4BRwYhMgpWuj/naLFTpjuIYzMrSRyZ5/iO62WEAuy5qKbgvp2GFRhv9RhnF9rAHV9yXBD9qB2JTEZIPZznCQYgxdvptdx/p37f32TMzO/nExE/5wEAmzVVRFCvY8S6+xr4QHtt89zm9PP5BXYvoDVb3ng0Bh9cpIGuOkIEVrdQG6MZJw60CIcZNO3bb0if7f0oR8/0O30yRRgSgv/bxQxMVb1S7I3sPmrPAlkzc5FGBdxMAL+vzVfuuLe7A0x1rGNzRdLV6tgYE4Vm5Fs16EwD9Z+u9gYwQeK4bH/VxmpzzjnUtjn6kmCzlUcv7lBzevlqwHOOlEaaIj55CEiHkcyAPasJnL1fJsDV/L///Ob//M//aNKiR1Lr/678tz/epv+ZqdQyHrrN9GiZ3vv5yKMNy6ChVmTEbqyml8ULMqgpKXNmPRwv9WDbGx0XvywZWWzZAopA7nWUC1xL4rAjvllqDBZX4oJZsZwmEXuqCoGIOBHdI9fjtFeXw+Odw88fKZOtWxXIlHoVb7bt1LSNsj8KpT1PJmemqmqYevF7lBTLu14yxFYmAz3M0GTJa2eMUKdKRg4i4uzUmvRg/5yf7tb8v+H4G6Tmq3a3nJkd4j13p815sPpNNVERBq1I/Pz8XMfknzwSbcAjdHWS3a/Fj2uZ8nWsUlNmmTBJeZVKGaQ0AZw4O14yhn2e8+n6eQ6txrD3cWZq3xAAWcQUvhwfrs5VUKd4vjOmJTCgTriqw+6EiZ5IHvUo6nZCjlJOPJjvd5k1EF9RaiqyaKGoI7PYx8IRdieNikU9DXgBh3G+y4xQYlCYUOGlf433o+zexXe8zULH43qgC4hkxMLfkll52+TPz0+9EoUwgmIJ+eNtTLiNzR+cC/vdxVif2MJZTGqpc+5X2DwkGxPTZzyL+cMK+YtlZxzVAaEhNm+DDWB3QQtnFJ9VnU/3+76vVy3hRFppvWehqsAOlyYmdqloJicz7shqVve93ZAbMJXXX7gHYMT0iI+pv68O4jYSmxyxidMY6/YDzv5jOmfHSadI8n3fCK93M9sXApvqNoRL+FdkxK1KlZf3tOjExDiijZdNrYN8WOtn+Rp2WfSNn+NvpwAihgKu0Sf+eEouCpPfrx+gmRyOD+G5emFJfxqjklrGoPpGp90kxG1ljQ7QHv1eN3RZEmaZOW67Jcu7OPfvih3BT1XT8nEaACHY3iwAzPoMLttSlsd24obYT6Anyn/KIxfbgPVPmJk5J8nQlFdVrrJJ2vcG5wmz49bM9n5fPQczZQSvT2kgJs+iy3f2qRjIRLDmFVtHGXPNx1r82fuOLqJyT/v1WN/7LpLFgeVfNhWmbUD93n3xuyNC9AIxAX/ODzYRvJ/fod2BH3kc66fMV/UTdL8Ti48oNJhLU5hd46z77/Z7ndBj9R/6gutR5pKgTc4wY+5yb3niHti4OxL0TMScNzPLi0ygXUrrmh5//OvFhBs5PrU67cuFibABFnVTlFOUtQeNgRas9UwMuipOZib1r+k/PXGy9L/6BhmDKbq00nzY6Z0GajUHvFdRxB8ncTetWmAo05KtaUzatTJSy98URd9+SetirMmbji+5L5mhAlRMLXNLe/JkbD+gJ3POObtALCKqbHDBy41FCzETEUFIOZYWJTQ+QzYRqySb6c1KANDGaILaoTpq1WbZQK++2nijCAeCs9uok21qzf5bMWvEmm/femBGMJn+fCwfKiLAeN+Ph8KmGemsWn2iWHflHUsk4Lp0+s6ezU69laFygTVkYM2XBdkzVbPFakuKF86k3vzMXSm8J1m3Sa9DA1f1A1MFMehiYu0F4AID1X4ZTj6tYYkjcJxjVYT2Rekb/DnAiN2ORvLzuStXjRw7MTG3HgdBVdOxrGmFDI94Zw5D2qPrtHuz/492dQp+BSL488//IlDvK8MI5SB110oQathCPh6kt4kCJ9Nbn5T+PNY9WCBYWbIxP3ms6kg1PoxgE7pWz/M4Is1uIVKaX6HDvSDdzmaZuafFWzdGOpLVp+5l1PZO5DI5Lo/bvsMOdxKPTlV5MfhMVan7rcsTJxmx1ELMTMLc5+qpKmlwoaEmVM/IYdkbwuNL/hAhifqLmQkjUnGF75p+Ddww3+JEhgBevbt11BpH6H/rsG01AqWa7pnP55MZGFFRA0C9pYjRMqkngO/D6SXV0p7F9ycmAGZesC/ACb7vL8LD93U9w73vdyo8M2V1dYhNfM+AsDMiMu0k7gMwxocjg7Jp1m6DNQhwoRKOTjeL5XOk71G34VpCGzvCGyMiILKaHaLWQ1+lzdYDkJGmriHNBZ6rUvIQeiVQaxZBkZMp271uifJntAJ9xrvPfPBrvCNNqo62xI0z89ZHv4ekevZZFbh/YtpgwP9RgWiYQP/rzo0AuRp0D2on+4o5YvyUMFVpRnh1V9oPZ2Z0dLcVV66yvgRYRzw1kVtUb6+0XPc/v/PYd/7OIW5aab1HzNwu5hYqzkRiwp3vdjGHyimQyBh4Re3NNbcu+vRLr3U8b5VGsN0tCEifn2RTNer87enu5++vlYd3pcRX+TSANyTDwCjJSdN6NExPAFKCaiR5H9fM2GoYruq7W+Sh2d0ePudb+aR3Ztw6UO1JqHGWrk7X5rEhm/5PIbyX0GnzJaxdT8htifQ7JUWbUxI8i4ruwPJrYWR2S+bMnPNcIoImVtcw/8Zt9bNiRgqovWFMM2Tsd8dq2kiePO67oG0TcsjkdHPi877iDGlDw4kccWe6tJNStVxVedS3eeHz+WSQGTan10JfF+oB7CKWyOqXGyjgPig1SRZ1+H3fbvOqFCJFFtHx6D9rIWipdAAjzGrwpVmov0MzvmA6Mw9IKbFWnGFcTjdXWvO3q7uf89Pd0N4dhpZGiZs7MwK1r2qpu4NCJ8bzVLK6pOwE5oS2ah7GRuZXDhxSwcpSDBh/l7T95kTE7osSkqYfod5KMMzcv9PLJcfXq0Cm3woarZXXJIF531duDZ/3jYj2rlb5EAIqZ8PTXcVUAAlvjFAU37Xq+b7v/nTXJPopgza5h6EIVVUq8OLkIvsU9erz+9GHv5/N3jmXPaZNJDPv7zvbDgCTYMBbpjQgiUgpqv8MJ3T7oqwW/Rrr8U+C8OFc9Li9OPaI3nTjAxlMiUfduYFUR4ZG5ulqlehVFZnPOcxYB0huQyyjLXnPPDPu8oipaQIZMVLq+w1OXjJHHhGjIGQsLGNSrV6NATF/XEa8o9Sna5QLItQ3vSVVWcvDgGTufkfMeGm2S5Q1BwOkjLyoOy9u8O1n8b6lNXW/v78ZUdX573//W0/9rZeQP9cwePLBbovWqGC29pwZgjpk5zkCxY4ZjgDwnCd2Ldhbn+kWxZu+jQD6STm+Ulb4s0TFqzaFgpYKfIFHRgQWnG0PPLgQfxCzjAauayGAT1VkYiq+f5R+Qz8p3eucdOyWWkKYZOw0lcxAtL7fhKhdmTkFlbZKOfDsgbd2Jy2bZeA8x2DZaACTDTK9ATj2daaO0thQ1dQljOBjz7fTgo8mUG9YqgyMp9nnpCauf/3v5D0SjEet+8iiGu/7qfc9GSeDRNUb5+ixjgvCycznedpT32Pyw8wJrQuvS6OeQVXRNgXPzHj3hrJiat6g4gMTE/YQDwLdSDn3wyufP/XRZwAxUxmcrvSWGGgI6dcy1/cWnD4Z6M7IzMx8Tj76XQIPNGUcES4ipidO2OWtZT/8X8Bri96egR6gdJQjpZWpMJOFYEZEA3uKV2eFa6NxK05dCnc7KgmJ4Z/5g5xPVSPoY+hsRAwjz3l65LGMT9cOgFJO/b4ps+OAdvzaYc+omBYssp9KBUtq9ALTEgeYescGzSi075CK9pFFo2fQNcJlMFXVqLdeBsXInZH4wdj9yZ9pvN3y0xNMNLCNQ1XJzDEzZwfDA+SX2RERxFTQm8kz7JWf5znncTzRHKaHQAbl3J6RRGO6tGnDeSfZcCZABnPP1eDaFrvRogNQYDWRRFvInBTrb6aLkBpgNomBXRpa1Fstr2eVyz5wdEWO1hPNJBpaOid7Zw0PuA2z5iVyFMRamqh5HPkghVwVvdfinNOo0UxoVRpOt4aYXUVH5DQxlOEpGLW7oUTsoCHWCiJ4xHldlTcDCXMruFbv3PZgagoscQo1Wdg+Vcagj06LqtJbCnCmLaGFfDb3mQHT4iN0vUG0/PflZTn1qV/ORZYnYBo4t3Nb6UFwoUBlvKAHz2qg5AocGbKtWxt8Tk+9pe5TPJ2IaHZDCQKRUl+VSjLXRZG27++hWZNcaw4bfIlJtAV63NXcYt9wDSIXF4iIs1eJukcBJAW66oT8zPSt94PnKreoyUdMIAXVQ3TCPMhUGQQ926se7VaPQSL8H/bMIRg4EbXAn4rFqiKHzBNaLMwTZ70jkflIkKT5Cc00D61Bk60ZR0eCuu9agCmPrtI+eZmYLdAvK7IvBwGzOT1gv1zxav31SD6RAsHdrqOJCWZEDF3bYX+NaQaUpTp2FCX4UcFbRiZveyO8UvXtyqbr6p/MMCKlbc9zYH2eVf3S3jZBhGzmIyx61S0OEzGG0zLufNUAaPELsQu3EJGoCUQuvUPNbU+P2K5qOVYnGuP66nmeT78GawBiTqbc3uVxJO9aDMU++byv9IixAy3D1iQZIhYaPYaXq796KFRUIoI1jR2P1kwcF5wZ0V/C3yJrylBEa+9ZU+MqNWo9ckSdnqouDRRdwQrNLDznRyPQkz+8Vm9rnxBrqaH2Xg28FqEL9LGLliCzGWaMRB1SeCjz6CwAEqiRhJS6YfAuGHmOzj+/G++ze8wSemUilN0d+gt3GzTHny7hypsvBgEEaooDMzNmGkZMAgykClrrTW4bZrWSaHcesIIMSVXSwH21bdmHeJ5/pFOs7rdK9bMlSCGzA9KbhEgSPRnaBG5wyg3pegvYCg+uJfV0z10bu325xETc0bvmPusLD6yTN0K88hQLaKYDzOfpeTHajnswIQaxIGldeOhEGlG1PQWwvTENRoy7lxmd5NFTDb0pDM95euS30hPLtGD2ugRmPABOqOzs7eS3r8uIDEK42wX900MLSmR3AEoYIZ+VSMGhahIzmV0voRqDSIKU5Q7jQFQVUggXuqU6bGcBSlI51f2W6odzfiJS9+7wBGLYiqUJOWL3VNu5dE1ZM1RJao3hNevgGLCDJrUNnIielooqz8/IrUURFivlWqCtuyOfbxmOiEjsWgiFnQLO2fwuyUkS4ASrzYrYxyUge6c4xPsOGNqO4jcb3hr1nKckK9cFB6a0PlGYMkRM6PEMOvOJ8PoJjDYdtZbEssdd4XcChBTvs3t6pEzdAg7nnELHScW0RlAVtsymFg1HVwYN3nni3TMdkNJixBXeypQrtW+SPFnTEWfWWsfX2q2BKrI6eU48Y+RT/NeoarrqhIUbxoUjMqkCBo1grweXsnW3V4Pqj1NsnJnM5AlKGzqr557ZKmVTtYEQtQQBUIPmawFKsuUpP/M8/+jCvtVaKKIqcaQHnZGVhC7hgnpD6bMf46QZkRknTpDv55UqcRl04Emo9Fe182d6lIyM0+U1P/VaLzJTUnvQBJ3ZM0m1zX//kC70FEGgraClMBOdfj2XdQnayYSUT1hPiNuNqhY16SexYzatAZfahQKPMVP1UT7JOLPMztps6D9uKYpDb43WWzj5SOEqK05Ba4aNXvvq+LDP9LwKtN0tRFeY1cDqZ2NDQHk12IopIwQdpkgyiCcfMpL50ZLw6Yzs66xIrEdXX9FZGGuy2fX9CgpZjifWVGmKHCaYctANC6YldBE8ap2lhD+f9+1p9OQ5UO+xg4QblGZ9Yq8rhv5aljhdLYmAnEJ1B2f3Wsdu74h1bdtnElpdcPIIx5+9UKKldDd5nucgEJll0QRmxv51AMEamRxIBhpLb6Jc3fV9fp6jL+UVHbZ1gtzh1YeJIFUuIgLrwKkIaLq/x9XdPnkCubs9LJawUWzpApnn6QGJ53l6etD+puMRsiq87uaJnklyPblnj/T1O4LGXUm+VcCcVGL1DEB7oyEymUri3/+Qc56nS26EAhsMtXFlXiGrNEJWk2GIWwlI2kH1XFq3BmICmevGwQkJlCO0tiDD8+Y85yCJYJ6HEaJXnvyxtqYKrS0OAiM15bJ1fPf7t34TgUhXO1K5xvVPyKod401RYML1KiMEVqhkOs+jFMQ/pIcxOXuC1OTtMNELypkMJ3RtZuaVhDcuWXvHjZS2BNS+h1mUGNk9Gh1MVUZqUodBRkbm3MmE9hP7hTK8Ukt0QN+sc35oSUrwaPAv4y+vwppph9AxkA5TukjZ8uSjWJGZqohmOWFqiY9Gv6T0c6oI5Gst1kx63Chv/AD4eT+MOOfnfX2+FcPDccmZXdYUpvGiu6vQoeczk3SHqAOo/ItEC9jfAcE+qhIMNNP5r3/9S+8m7figFJWtmsOLxbxNQU2dmGvP8ywFGZkxX4apSQSf9+PDE0S3ZnSbW4QmnO5bXbhl0kcPWy1LK61F4c6ps5SxY/+yDebwwkAVqVyvK7g08EjLP69neRN63LzvUnWQup1+La2h2aPEVuZjkbXCuWLBFUm4BY019vVzIDVZ0o6pqs7HF/g5Dxy+wzN22I+4q9s0tKOyktaiRlO1yK0BgLFg7H1fMkTvncVJ5Y37iBqpKJP5BRdWmbHoyMzas/Zq1vY89B6DXZCwBZaeicoQaT4+n4+kUnupPBFlevA+NaIziJlCxqc+EdGf663pbFrVwASyNTHyv78febs7PQhH5zyvtji81f3qO4bLdjkUseqNyH5LZyaX9aziy+WaRh7TXdVTsjZX4PuL5HsNY8rAb67fGfkV6GABprymfsuayExMg5f105dB/0dFP10jFO82UYtKWzHa13HVkC4MoQZn+tprakoyM7uhR/DN3P059uhw1Wqgyexd49BjKcn2vZJQzExtYttPjs20l6fAWaahLiCX3Xn5j/5SZvOtiGR/1lRdzQe3EdFAIiJ0H2v5mPqn2uGRmYqIqrn1b6H8LeSFes//Uiz/ltr7Z5pwAowsXzAzudntftQvscd0DEx/Gb7LTFe2ED/lzx6X5Iz34hghHLpwQm1rtxXdnpNATM+reYC42GJ+LdsFG7x4KU4zFmyqsZfUV+9n2f06U4Dj2MZMtxkz22LpoJqLI5t13rgRjPf9yCfxD4Auai3gII/NHDN/WH5h2bqu+AK55EzBzoa6qSQsX262A9SaYim6kn8pMFfwRA1v2k4VcdZYR+9rFX0Tf56kwKY0AkDsD2ifmesfqpLUvFelCG0gmKEgWu7kISLUSn1f8e4BEtCmP3/mNksqeuLGCYUZP1MoBEmArSD8GuUGl/092IsjMG5ZwH5T46EULi3OoWwZpvoc7/sSOEdzSmiCdZ6nPuLOeNcCyHo/4jOZwwJPLnVuM6JRqr42u8h/U1AyNQPQSThLIsafjTKzTSC3GNXTuIwb1UppJMuaidhy9RtnZKDUxm1riiuJur9tE1BsbZOY3rDPEJcpMNpVuPnlG8bDZxYzlyYjt2LxHu6XHWHqEWS+9VHs2tGgPdiCmBErXyt49Y7Y3XlCasnMZM85RwCuco0e4Vvv2688VT070nMQRsV4l2ek7/KtD9f0oNfSlBGC7CM5y2KG3Z+NllZ3jDh0ip9qadDd9Wd5uEQ/G8hjRoQMoq/5O0joiUHkGH3OvFWlYIsgWC3vacwa5YVyqKOBdi+5GEx7ZiJ9xUTX0Jout1YA3vpEhM+G+xpE5hKo5ZVcyr8AGnPOOfkoQKle6uuMPAYmnCm6p5s8MDlG1Y5JTGJpqWKUGEh3VpVwr9cqua6JlxLkzRObnsSvBHd5o4uTjUvQu0utAsQsQwIMBWFzA0F2WaRo6Cp2jtWyVOsIDZM0Gx+AzznbwZaYVj8/PzPf/Hn2an+Dzz6fvlsQtgK/IKZ/T3+rsq6i8w4lwaxurdfj+h0MInbjjn/iH/XYnS7oDMxMCmbTmXF8UH5HrLpFvxyaZg9/BJK82PHqIDPPjDkMAIQw7vMWhpLdXe+NZk4q4BaKBAafKoZZohSPBD4qSZF7SKEYVbsoGIj9yYO0u52As+7pZa58X40ekd5XyzJ3IPKQOctW/RvOPjvgV0bX/RKn5OaXqlKnI6qTx7Hw0vTZMdd2B+8IXgSs1V0TgBujYB6xS82qgtVdscW1puZyTsubeoxoaOibMrULxuH2Jpen37v6E2eyAAAgAElEQVR7SXXecEAqX3tkvsdJSVp4w+/vrxSf7eWoobrt83lRFkyoXAlLgYOyujbLHs/PI5XMiUNydtFKYeSoDuuM/TWxOxcX3/AvyYU3e7qh2oKkt6sw0VrMx+3cFeV4Py2XTbwAZY8VBqEfe2uGzGzXK270tmqJiChR4F1ZaeShnBK3fKX/m1ytm46n+07Ou+MrjuSSwg1UU91aXawREdC2PFqtMQDiu4fyfV/xx0Vr0G/IzJOGrJUaQmxrpW9eTlvGTmEVt4Nf8ple3Nbz1cutnqn0zrZBT2Qs09w+WMoIN/6/PRkUddV/rKgzwlXcqqsaQfzJhg6nVXu65t4y2cWY+7Md31y+gu+b41umLGXI/+rLVmSmtmuRoozb3LGnrg5G+PDcfrZFboqZeZ6HYUFhRPx+fsPLD+Yylxco9FdwyVGl/yZZ76s/s7T2FgAhtZC6my8pkCR5XE/KQnmkEOqe9/PLGENvkA4bwpr0wtQibf5CRmrhyi0gfR8jIm8/DkDMxqB3IfhR33d60ZvbUfpGILQF+v6GWqrKfRrGdpS//gjdsHo1fTCdhJ+fH2wxkHIxgVdkxY6eqlz9GnA0StOpHTMw8VcUpVgowNO41M4VsSLmyeekjRbgfhC8jvBLuhIncJbX/8oWRMzu981IU5S1VoRWBpznRGRLJ72Udj8l2dmpY10nqV400qfgEv3XvlQsYYxsvnjLA7gjST0o2CZ6GegzedJ9ssuFXeKktqvbIXFasWXGs8bCnFxzqAUnuls7GzStfc4zM8vNzyvDn0ED2o/i7KAE2FuyAM9KcLAQ3GxnelaO8CyC6QGVEl+kz8/U8zwz37WKZ1fVyrv+T+jwL5Ul92/OggY+M7o+O7ZxlqVrp97VXC2fkl3LhE3tEhXtOBmkKFAOerhVwYi+9YUsrsfP9Hw+H7V1dT9Yj6t3ONDpCGL7BYy31PB2DTSHWt9C5X2QmWfoddaCnSjhoOi7u73mfd+Z20u5W1l7Puyp89PZSbBbZrF5IgJySlqIYEYsB7l/450+51zs4vbUF+LOZE+dk0nbCd94TsrZIv7zn//k//mf/z3oPGIrxTSwk9jXi9En4hhGYrzvpwkTw12bsKsRGk24cZINmc5id/MmsIWYk6fl/FW1HlsBfx9LL+OE5tyMMD0o5PObsMRV3oVbfAQiY5lYPdNm3DivymfT6TcyBIbCMwdsCovrvQj4J7pAdImztPd1SMT3ner/wa+8Xq8tOnEsdFK6AkyGsqdtl0w5CvonM5/6BSf9b3k6qj6SEWjzYSOiAYZX0l/uLc8Bc5yO1OVAVE8FzsiU+cS9gLLj0CqzYBLuaTOejPS+B8R0P+dgEFSYmgl4hcayh45Wxc7QbKkrbhiKI391gCOmMzxlBt8qzfx/zqNi3RUV9MAQPOc8YHRPvRURw+YufRVvvT4trYYUvjMzKNDMa3NVZ+XNPSpVg7N9YWs8EYzMaF8wt64nQ4BwqHgu2JLb7mMcRDC7OhhM2X4oSaKqbVIajDHAJHLg1586CDscYlDxB7SaO6Wguc/iCDxxlIkiAhjx4TMeVcnKjhIS5fkBY3ar3YqHrBaCUJhpYMQMI7wLgXRzUjNgXGNQH/0YFeszc875vC9IgD/PP9Mg5EOK7SUs5gB1ZTV+N7Fupl9VFZTH38XQ1eO9JALybSB3S6q6r7YL2FRVvy332dzFmJI9ooewKCHzUU+zNBdfYzHNNfMXHBngtF387TkoiwbVlBiNkJ/zZ/qCJWZrOo1duOG2JWUdI3cJXwd6ar2lBro0ZkiS6M4IEt19DiNk+3C6hvIo24mbnT13jsuraGELScwIAZlLSwMB0aXcKnO4ijN9F+EWyqE04ChlUvTUNp5feJ3rzDLqCEZPWoYnYaa2f4D+z2SVWMn2zEgDrDlE3wGwFuR418U6KQV7iicITjDi1ICJcc9sdN6RanvHPEc2MmsEFIrYjVFapIq84SLCIVvroVgPfQW8cuf00CUox2ciRh3vDqpFvYqQxL4z4u2aRnXXFGYos4hEhhdB+1hiuQlAl1IPIlKoXr1lGjW2wSCgctmj3Ot2MxFhoruRQ0xwPRkRkfWKXS1I0evfpSBMZqPjz0RT77wpP505kcF4qwH2Wwx6znpSpnYAl/M72zBcYdIAE/nABhAhA0B0PT9n3K4rp+uwd3fJ7qNqznmmi6BwOf+ZDlDqjX33wj1VADHyjQGnK3QDy7SgIK9CcW3BxlrGWcuFCYsrI9n+mypnlb/Oye6XZszeZv4bIjgdQCAX2738mpnuc35kSAV3oVrQkIqAMwPYKjC0ZWPpDiTr9S3m4A4XT6QpzdMzI49pC+qN6ncyJxh5mOfz+Vx8bYDqUqJZ93+jDaIk65V83g/IAe7a+p88iyk8u3RBaYzEoDE9ocyk04juniCfc1pxT5fAMEEmCHsvnJnpfvU2RVFlaIxWgwhEBsbVk7+5DoHUCdvZ+b+fPLFj5S30PdQyAxoUMUaxUSw5rpcrnd+juxW3S2CNKkPDqRGRcKkK7NZE78GyII8m7pCYCUbGc04e7YoUebmQ5xE8L0cIQTsZT7e5CTIBCKJ3GaZtHGa9NRU+Q85FE17h6ScCTvWrOYcKYMZ0tVRQMENzul7xF/IkgWCc52fsijwzzDyrGTcvmqRsTzTZmuGAkXzrY1hTHtYRsVMKAXIRMVMCZGe6VRWGcQ1QRzRB9vsCBRnFKiqKoXl2nBz8eX4Gw+kMBk+PNGcUJnvLgqHZnfQ9jtYWSkiDaF2FamZMZ7hfEC/T5h8wk1CY1ft+UhBAt8WxcOTT8ODOOlaI8q1SFH+EBuTaAfkRcV45TpxzzfxoVESUmE3rZGTMXluf9nbQmOmeOukkq4Kw+pNB0SoznwhWyYohLmCNHiLO86hae1LITgJUZ+eC6E/R0KUtGkMkIz1Ew841tc0My0wP67wEitDrsr0dfcR0nlZncatKSK6DqUYeLc3WZqMj5BySSzbG2T1EyX4leNbjWrrh5fwqZVMUkViahHE9IjiNBJNHklotMMASUyTMWBpBNOfJ0NrndiaKc55CDc2edjVINxQOa2Z+GDTEHh5GVL/U+pF0HHU8d0NETgi8aDYje4YTnjpDIe5lyPjMC5zwVZmA6iLlpYN5FQqot4TM6DHoxgynjwyZfwKdGSUHLJVHiK0J461yhlUhSHy6Gj4qVnNK8wGfbQ2JEYGpzNS746V7z3h58jKbpouK26aPDOyCMDw5QJftvO7de3uwDg0kM4JDxURyjpc2x/TsOe/ZjCMGd/KM5bje1nMhwi1xNQDoHZa04l53d1fuinKVwhmSlEVkdL8wKBphK9EBUNPfeYzmb2AsiKaaJOPJOBohqGl6ztFx4Rr7AEPOMLSUBdDCdoMjqotcvoNVdX7OXrri8DmPcArBFerAfU4ila1A1EeWkoOkzg+HJ49X+XhJD9pKuxARKj11k8nBDxk91WN604lHayBHVkjeeDFegdcqhi3OU7s5NupvALQ0fPrTXGXhbbIQAczAfPCukTwY0CYGEMjI9mJh3jzCuMfK5Ua/H8KgcPJkHOXo+ny63shjz5xxwBfi0aDR5/0zbTlAgBL3gzFIknGe02WPDQO1oK7kTAkxAKENJb1zgvn+VL6icXQfEbTfheV37W0+z9sftizEpAMOANWvwp05HBHDhm44EZGf952ZPNlT4ChKiGHtpetD1RW6TaN+N6huHbJ8kItD8DzPDOhRrKujyDOX/7EItVqYxqzzAcDJLRV+BItFLv4ROrog3vqYwINBG7JYmem0STxm/Z9M7VYbNRRWpXjWRdJkqVALH9R4sptpE4CqV2i1fozUYEJvBqXhwHlOMgUcRUS90sJyZj5d7UUfV7YVcX2oxPkTJqljR8UHCQDccGSe0BYcyJnf0+jQOK7NP2Dg01pcwicfb37ec3skF/hzrj5dCNbbCn4yWVn+9yx4zTyp3BXUNpEA+Do3bTBJVgspvY4UixVMaIbcdvJXCpGbCz/1Fr6CI8SAcZ6nB9XG46UBVcjAaqa3iiNW+W0WaEvgi7DNlwwnVUqZKJNCVc6pXsy9Xyl1JOupeQc9hWkbQmr0Gy6SbdR7InHDssR2hMsNdtXbnHxOCh9XSaNN0XKCUSMgdrFCIG5/B+iZ75aFmZmq6X7fT9WrQl1YOiN/P2+e83nf/Pf//J/vlEYK4zgAC50qRCPyZPcIjn9Hu9Gju+v9kBzU52M8MUOLB78kI6fDjaHa8JN5CPtiqCNU3NfwZyy0oU6A9CxGN5cpr7CyCS9U8d1pJ9ZXXZqXdnUDkiKUKTvuMgpb69wE72ivGGTo0XO8e9CVg/vPrkhN8iiGqWh/21/lOdq1rbim5WyGS/rVjax+LUmXn7s+7Qpe9PfnAuKR0+/8Cf1nvQWbiJMaWnS3FOcQb0useXi6UFWGhI54THnOWR9b0wO7W0ITqS68s0E/aCnbzBXTi5MuLRdUc0p6mZ4qZcbRHF6N+gA4eYbG+FSjjzfgmZHRVk6oQsu4otJuQZhKMwsPq0vTS9F5Vn2Gc44ivN0z990xLw3KKgps6bywnPxQUPWSE5my+BbLr/fM6FACWK89wcfecnGjucCKGIim58VepM6kAUqwygKgcLPnPwdA8EjFNsC1fdTYfzwv0omGDrnQFt/Zmd0b7PO8EIc4Wfr8c0+4Hqr9B+kroc/JiLnMSKLLV+PdPS43nVyGgmBcHRuHiPlaxOp2fxT3l6o2d5pd0uTpbnKf5x80n4wQXbR9d1Z84CpQpKTxhYYq+MVV7y99mJS71zL0xWLbea/aftHcgmTON27MxcGN48x//Vv7I0hdMU9V74ugW58gQ5JwQYpVpXuq3zNija0bG3ZOqIEl//zqt7+falf0zph6Q0/y3YvSSMbXzu/+ov986cYwKMkkMcNIWc3EMsjCc0GM3dg9S6NHuGtQqDhgdYGG2W7/uhti8W/T9f+T9bZbsiy7jRhARvbR63pZ0ozX+LmtUVeQ8A+QWX3tIy2tq3P37q7KjOAHCIAxzTG5zDg/b1sxSiqb1di/tcwyvuZ3GYDr9Uwnv6cOL1HIjkA5TA4AFrW4V5THhu/2nXfeEGGW1p4xxbEBot1jlwj3RxHl8/+CtgS62m26GQR0gwvLYmjvHQN5r9VARHrwXK9X8iLebz4CIOJ5nrlHGcw5HKK8GdXZFhy67+S4WTnYm7DGIqCv7yaE8SPxI2ji3usn/Pn9zRybDkaccz6fj+ESAOeluTlodOOLuaO7PLjGymz95zTN6LtrWm25Z/fzPJ+PQ6WJEehu/rHVWn/Pr7hQQ1GvNtN2rBEL7B32zQTi+04jsB6i702ZH8W0/4iPO1quL7VURHVzeHwa5GIqUP+ZTQ2jT9/SDviTj14XJjzP44LG0/EdnPlmeJjaJNf5bW80tmSMsVqVNI2BeO+1iZyrpmCc5zhSfrOk9xhLmflEvmxcoH0LNMzr+aiZuaIkJBirlit8w5E9rQl06yzbnWH5QlVZKexdUBFCDlzqhGbF5/FL3lQ1qJYLapImr5wx9DCoRJ/DCSSAlwDnqlLeuJe70WpRxbW+mWDbfylU3LCkJQNyh3BbQ34VooyUylHr/n78NN74j+URv3zjTRnRNd3LFMxxIsKNd3LjyTKLZxcawIj3U32/2iyNx/utZVfW8mq6/+/X0QyYv2DBv9SofrzEon5UiRFb3USuPF+zUFly6l1rYw0TZGq5hs55Ir5oF60iCh/lEUD7g5wze3f+5Cw3jaZpT95wRPKnLUMnEW6i3B3U2KFM0G7psX8bv1xprZqBU3XAkfk9BAByOOyBP2sD2242CxfO9wJX0q0Tp6GMFEMyDWNwhPhTycQyVftVVlFudAb147fU4NZaoxhYefG+d+63eAPj1Ns+5UMKIKs+5ji58PUbYMS9n9ztJjXedMuhwPpoAVrS4tSZfxRgdT9b/gEK8c9HB2ZRkpUKxBudfWwm7JAwAsXUQJeuahgjBKRidrBFhEfFbyUAwKYZW+l5KmBk9ZAvwfSNDvPEevUE/quxm8+mhx09tOHK9AqQxqSAGDI1txz+Vu62JcnMLk1tH+G9F7Ywx+rL+9UBA1h6ag9HcmsMDb/J53zVBkFGmReCUTaTNAAaETVcmpiUGTNX4F4EgOfY6GmLn/kJtviYbB4RXZ9b9uz1DsnYupp8pQO9CyEizHR+FX7YYQBdDu1gMhjDEHdjPDJ63q4GGDIWYW/uiW9EMOQNrLOdzvCaL4T7C4elgSMBm1hwuyRHLL3ZcJLjRENh7LfeFxGlIbHTUozlAfV3Qwn2JBitkstiH4pI40Qci7p3OORKkiER6zSw75dvHvTnMAPdz0Hx5cq8T8ZKCID3XkOKVR8uoWin+7YekTyk+WpHsCyw0cyNi5JZ7X9hk71IVYV9pH5KMfv/3HtaqRxGGLatHd4GMCvHuYOQcLsY4RzkajBnjWi/zzZGFUQYUJsf3DUDpHjP2/rp5+t5oD2c9OjU9K733Q12MZlulv2QoDdMTK3yGifhVQpuL7CX33qnqYpNjSVpgsvZLMw/KK0Th/+92YeE1RXoUsnGLGIkiHapWaoq/P861p6WxB8vI8LNId5WQmOASYCCvUl34nX+OtlKUt+2Ydr+Y+zIASwzwSm8ZxEqeM4ZAtAodOfYWNFlfMZ1OEnvyzzndHfT8zzzHuctxFLx3rtgDoe/hSvB7z6GLUfvveekqZ+QwcwpbhcP4fuTOSkjyfW6EDys4rtTlue9hX6SWwbkQm14s7PfBlefYVvaICLsmArquxKv320ru+9kh479TcHkvXfKTueHae3DRV1m3k9hT2CPcG0EFuTgwJ6mx1ANDhYjQqOq9DoRgVJ/xdZQYwa6kvyy3nryfu5UueQ5597rR20v5fczZB6FuYci6aEv8Y0nn1tczCHJDCL4Qt5D2/UOQv2xxjVDf1s//0FwLFLfeq/lhfADm8Qf1UVXnXPeAaGkWzX5Y+OtBi+VSY/aADB9QQZXETV3hJjDiTi7YIaznaI2ys2URdMA+o+Ts9xOXFmn34vFAIa90qBctTAkePsqDYhEuIrzE8hMq2PV1VPFftO9la9YxMCnxWPLVfGyqvJ//Of/zMi0je9wbbxV3JK3NTAKUPz9/c3gCQu4Ok9a/mIPDdllgQtgofP1AC13UxREIayyJwDaLV3dmpl7cC20gJWy+OZuVz+TqB5kW2oDbeDwpBaZiFWHRER09UyVewTCgKo+Ld+cOSVw+Y85Ztrwr51U28cK3yJpwK+eOwCML8FIEeHGLKPUlq9aKxfxpU0np9bqXSxGYrYsfld3xgtyjSmBud92S7QoTPPHWrCj1pbFOQkVao2ELDLOeUAvCw2Qt25GdvenPo7KTr1OAIQXWTcCrQpae9jMuDYybp14Nl31rRKYx57gK/Yxz2VbdKyxQHdP9wKXqkPvYygHIzgzcxvysZbhAeJrnmMuoQs6sBlM0jZTLlMEMWaZwckk0z/z0wVGSQSePHmiexYczXRJguQhVlnZP3VlBA/dGcLiBtsLzlyZpArSsrRAALdaU4RtfDIzWv0McW/WaXiCeO/nU5dgZJbfAjTUEcg+mGamJ8+2xxdCJEZF4g5HdVWxKHbY0sRCCqJaAncxCYLptOSG4W3ADG45lMR4lcytLGcxpoH5GslNxjmxNhR2hISXZ0YY6HL4dbN07K2wfpSxKiINtew1xFDrzqoDR9WzE76gdw+6qyQzyZPn8zslI8ZezHfIWEkiEup7b2OuudgLPLVjQEQ0yRcnFSx1gjUDLbWMWxFgHmyydOaYyGvmqLsduCjX5/NLxlXL7Hz/AY/c6hJoMfNgaODvIG0WW00/OTYWPo0u9CcDeuoXW0rCbBftJJUEVWhBucZZPcw8i8AmCfmw9UxN2uoVN5/T9jtea1p9D5W3QejgeOn6VYG0sVgMOOJdl5gjMWAGsZZBDugvsCrYCtBIRETkxihGDESI6sjUHe+UiEg7jUBd/eSPJRPLS3ZWRuBNNyNbNiXFyrCxM5qZPLuLOaWP9alAQK69mpBb+rn+c6RRnxs52Nxz8vVVdMKutozUJN8VdVI+GZ4633stnhWV28vBwoWxWBmm8zmPOY1lGbIoweoNkNafBmmGr4FDBwHtAKC76/5i7779K0ei80exmbvH0I/6tW2pgqVHJWuIkDbnwWxdEHTrNr3mRbN7AG7OooXbt6HSiMDOOXbLmD5sIcp8zu6J6QzSmxtXRk2yOW4hVh5hF6AYcDGD+KUUyXs4SBMRGOy+qwbAHpAdxZgx1CCHklV13w2QW87K10dAoxAUUZoJ8YCRGMlUhLC9RPf1PEequh//8jF73AVi61SJbtELy2mH0MaLLDgttUmRmF/GcVYiKZTZwT3EyaTN8YOSlvAseyi7d2/VrEACz3eYRI//3CIWZiWmm42IOIy+Kw2Ruvt5HtgKbyopqWvksqYvagz0XUaG1yMRkq4ut13nAt/OR5/+KrKp2SLrro900pywOV8q0F1N3b5pSi+M+/9VS/j7IjJ8pVxHmXkHWjXfNj+X2sxW5rvyRmidIJdo5nbo5MTtbrTaRg1iMIbTJ3V3Pfkz+QEasTbhlt5wJCZU8pwDyWXONPBI17aQ6t6Txzl9Hh7sxuB2AmTYqlLvUF5yQeQCBNDrpdDrZj7Kq5iaNn2crmUABuxyA1qWKjK7wQgIz3Pcykoq2Yda8WdVQ3WZ0ijAFsTOuY5LgZcj6MZ7vhjjCKz6uNgjGTwS1Bfdrj+qb1ON9l4dJu9V5NlzVe7CpHaoNntmISQCYLKruG8wz/lDhPIooqo/riVMvTL/EgLQQX66hCYy1wmEW024AgWswRk40lFrKnSx6oLImOXpCVKw/sxH9t4rIHm6ROTn98LLABnWXnhV9UyRKELJtZ1p3FuapcdB98ggEV+AHhQwmcLLCXi4EhNBedI09la9WYNpSr9hR+dh2GcgApoCntSCLythAXCrzmPTyw5S1ZmPSqXxdp8W3CRog8xdU2MkemoZlg8WXcNRlGGjpLng/gSj7Cd5d97omNlDyaq02TXiJWgClNgtP+o/idV78uKcx5v/2PK6lHsrAs/J9DYQhmuAiFTo9g2mO6OBacLsdTGPACaZQDeJWd/iBUDJAIcSMYBdS+1i7zA1S8KE7rd9rFbkSR6N7YyFnkwGwa6ecLA50bHX/uzqXVET04qL7Kravs+/Il09dsm7Pc0NVxAh1KBVLvptlekIwGHUgIr0qtW4ffFtEfEdznUDs2uHHJ6fF6cNUX36blhxFXHqjpXcvVeOhnmeDKhjAKB778eyD//3sFFOwPQjkx4cAQptaaR382ymxhd8IF9ItstL2mdW6ATKDMnjnxlUZPAtscgZFKnKcTnenxeckuOPvaGbIxvFBg/YgO6nz5Ob4IzMXvQI1td1p3a9kP3KUuopJi3nmPjkNE0L+1ZHX9XXdUUy1vqjJYqme8+mMcPRKvsWmgq2doUcjJXoYIqs7muBgg+h3BvgnGfBwyE2ha2NAGEKQpe9rRLkuhrApz/e6w0qLYwoL0Kfs76tJRvVqhPPibOb4WyxUpKb3c4zuzCHXiFV3zyRZNcl4jlH3qURR0J3nbGMtrJ25hnXNGS3wBECupp8LcrdeyjT84yG/bpmEkRvFuTQyCDU536EjmTPfiNF+KZ+bVGTu7YBadNWgl1qVRP5ZEZiVpcyrEidIcRDD8sBawrdYLURKlQEVag7WIrrapNIHRh3t5xD/XRorva7ajV/OHm8I8OXpSe+dgsWc7lOwdiHeI5esRAfRzkdgGL0UmkerH9QCSfPvVYr4jVoichzfnp5EyZ8wH74ka+9zDQseRhxbzlEaElvcfI8p2VBZI+8J8KLe+ibYoaTr2Foo8USUJizoG7mQ7StsonZJmtOHRLxZ1cHbPjzYh0cYq4pHU6zQ1SKpKpJe9nilqraMy0/Xk+fq8vKBAZ4HgnULCq46uq+lil0R0TdMWFz/Ry2qPXS9Z4hUFvCO8P+uH01TSc/93do59BzcoAFj8QQa6y9Jx1C0As5pircAd6nbw+hY1na26WjBJW6oGGodLeqgwauvS+kVesGRrw7rp7nMTbe6ltj7WuiABDP8zOK+B0uylQJSeUTbi6hOVXyppb64sPu4kLgvXWrYZtu6/LbwY+Zs13qfj6REUzn9u8ZWOZ61QfkmHIxVC6eWxrTrYw07cTwk8dskq6Q1qVtA+vmrrvvvfnv//7vrlFutz+fiQkcL2P/xCbDkn/gHZwO6LDODJ4RDRWRW26Oc4lZUUNlBcmYFfbGCj2UHMOQQUl8UNY45eW8xOgDPBFmTavgEfO2+y85ZVC4d4I9niU/Pz9VlfnSCecvT6PONpXcM4BXm6M/sOxXkxEzDJTkpojbjpDEi1Jx2P3bbJBk5nLc5oMbrTL6N0Hkdcx3zeJebtYR07CISA4z9OUSzlebh/lOgDHF34yeTIR7d1dwDVLMmxiu8SQe73VAPqe9fdTs3dVuz5KRl+cVKLWnkf5uXbATEteJDONc5i/bz/MARK8E2Grc4HsZ3Hb4KF/VkyeYQDNszXy0rNvMx4w5knXLDJ+CXANJnaP0cSRBjShqSQRLZFVbc909bgxho4vx6Ovq7pNP5jGTC4Mjm97ifmF8YLWc5R1OueHEKjuHxKOZrr/HeNAihNccDZuSc6QJMneF8l49GBt6S0nbc2WkiPZt0tRn76ci+RKvpq3Kx0uZ964Ba1/jSEouluFw8RhgDWxV6ygxGx0MRq+a4f2l+JeL8z0/O66bukq7IeDbyVMO9u8MjW/LBIgoD06I6k7Ez88/Y3ZkdmHOnvNIVrUHBJ5vScO1v/0xEiy53xFpB1KYURIRM/4V+KU0+ta0LBaR/rIkYtUDfhRd7eksGV4KkZnjvTAi1hPDGbdSeSuxEV8jzPXWCHwI3M/rTY/Wy5r8giDCn38ErCPzlOaD7Ur81vAAACAASURBVEa3kgejlF/PEP/PvlCt9yX3n8EYNjwCqPXmsT/V+35jCVH+QuVSfAJ5gj2AjsJOPbAYfM9MGCn2gHk3R8XYlEVEarBURYTG2ntIH8ulsirFRWR318tciEijjeZkLcPLdu3nbRp9mGf05ds3RKXhGbundnQFhk/6kj1IxthFj7RgKhgPCcq7helzsSqiLyfXq2tu1fM8xygzWLeGjCeDtPPpaFue0Y45+8w8o9UzclvMvJc1PFd4l275zy8zekMJIMkOrVV1MjPTn2r3CVC2DJK2oTNpDW8OnVbNkWO4n+sdvxpErBbVqocMz5MmynV3nkPLqBkm2VoPIUnrP06HXfLYUUG3u+r2m9LNR453RQqAZb4wwuKeKeS3NNzrYIT0y3eWZCKih4vvU42Ily8maTbWu5knmHGQUjGWrBURgXvvzov6n3/+WXzzmw6cgFzrt7o8dd74OXjAiHKGJboHG0ZKzPszc9AhDuTn80uzO14IWoqdTJ9zOF6iKY0e3LXcvRXBE4fB2v3P2zHGeIvPC49NjgJQt6yACTCP53kVY8FnLfRXy5KZra76mGklCYhumWGEZdcuat/muMlDblcmTkmY1JMD8U9ExY4x3lvsp/BSmQgTwkYZOUc7plrn7v06+YS3U2yaM2LuG4epN7q7I/Pe2zDhJ7Yo9p/qPfMkUKrMzHM+n0/da5g4lqw6z7nt1qVeZq4vWGaMWBYwalJl4bbe1+GmrrT2a6TxsLtyZ7/NV+k4+OmbozQjiH2zPs5sa3pk2Qzm31gHgGmTeELYhjgT0jmZaz/yJpf46jYmArsaeRcyR4S+w/gA5HrFcLwzO4TnPCb+YaNTTBEYHCbK5LSXuaZXv7lHK2aCvK3B8afl5/PZ9/ut7rjWl1P2DGTS+TwkQR0PDbSXxAXOPGc/l6HnO5KUF5a/xT0ZG4U4EWkQMWz/nHkisBjtl/XGYGa6oXQ34mdba53sWOoTYfdhCFvYguTZjUT+IJKqr7Pb2z/Oy9rWdIqLyFZZ58gR8s2cfFiBNIkBhmj2z8CjGnP0TpxJBxyi9BvPfWN7WBoDuxiw01Z659jBRoZqNETCt95Of1FXd94n8eameT8zsIMBTc+b7eMxRI1NfOvdbFGWTjz5pS7agXBuGaZRmp8ZY5Gx3hoYeCXytC5fRR1cCSxj3X2ZXdXU77QzIhejtOg8PBAFTN3Ic54ppbyucxXe3wy416ogNjKTQavkrTE1PtDdZcs7KSM6hEAy0bIq6MQxB+J5Hja4alGqM8PktVEVON9Jz3O2qlX9KT43C+PP836HJgBwV0P83mITRyYtmqq5ae7tXBai9cN3hz5pPWe93PwcryS2x0Rv+e0b+r7Q7rcxHFDl72+ZYns6IBN5cs+/vUri76kbBBuDAb3/3sZtex8ncmqp61gN8cYKR/oeYLeXlRx6d42EqZY2V4/QO+SWQuYqQNJzvCVY8CBwB65mLna1pOOIB+nbww49yBmBa1MYDNlkf2sqEj2W+8KQGP2WB8fwkZbEBSO98eKcwJq2+7r5L7o1Lc0s0CIGDfP63Hth/pwHwhPz+d53P7cGctfqRHzbc03sdWEAtPwBFkDXhm2aSJoZ125vm5GNYJr85C1WucXz+65jBLu4pjBnNGyJyqovuZCzoJsr1yipvSMN7kT8ecYe2XzHKXzdZ53n0b4Zc00mdtns8c34sS3VJnc/c/m3R0ryGfEvdV20PWO/fzd23wyXd2V/mA1KfM/P2AtDkdzkKRBsCN7voZyhiy8d772qdoiXFDwRHhKOVQYXRXy14yZPm8I/PLB1abtdW2NPQesKauTm++8HMduD5NPCN1asU2fOHjLaBwUzRRjieb5e9RhZCQ22QDsB958ngNIAtq+MQ6+WhXrywUR0Z7/YPldczlEkPUbNzPYeiJhIO8ufoTaZ0k+seZ5DzhqJfH1fSAjV/TyeQg1Pxf31sZEPDD+6wvT9lXdpWJHgx+KPW/Vdb/YWwbIfGhbBypgOKEMcWzZt7vY/Bqxn9DhdUlpNO7Gixr2m27tglXGqu6B8hozyZtXu9v0lvBvYoAHfZ/te2ymVIiKO91iY2/BmE5LARPt3XyM41Nfc6WBmgPlGSJBd9oZCtRzcavFMTNNq5cFX4VG7n/KcMwbpABhV91ZR+Oeff8ySlJdyTzbkn+8eAPI//se/M3g9kqMikxNFpBX7pUdpb4tWDUZVf/puBzafCY2M6Jrl9S9Qa7aFGzb3bRM7NpksE32ZMpuGW3plbn8+feud9ks+ICA/n49P+fOcBUow9WiMvxgwNbsPdOZRaO0qTRRVYPA8Aa9bMXZqTTLJ3YqubluXXN+EJkRlHA3nyM28KHewkGQeg1Ct8oXEAijh1eRl96HWMAJMEpzJG99iwkg3EuLrSj3PttrEItNgzR1UwU4a7xyd4jnHAjfHna6PxVwE7H/3qY+gSAsRhpgAwDlkOm765phmUNYfaUHh292oIJ/n0UhtWrttWANADlFrkAV7CKnP+XFxc++t7vNE3c/znOmdRmZoVlcIovScx+OrqmHYZoaGyG20y/RlCmxURD7nBGLitAKzZkpEfD7XRCQiSYwdkzaLRzCyq+/9OH9suTBdASFwnNECguwAKMSMK9Eag+NpzPKN/lwEs7vwYhDQec4U/nj9E49k1kY7gxLTOqRVtCbnwKszyiZTGbj3E5ZQid06Ec85jRp+494+W4FaMOLlTLagC+Q5j13RBWqgwAEZPBnbgcQ0gf5Sr4ESrQXr8kKn7uq5n3NTsA126w4bF4LgssnKg9g6e8o3uOgLchdbiZmJQLWn+tiajLUbOEolNeO8+d7CCVt+Sd2aKm2ImaLA0hUF22Vs4PLqylgYcX2IAqvCQnMUptI5P5nn3mrQ5oB7N7Uj3sFeRZOSvqNWbodMEkx7kU3QHtrvqBbes8SlTHK+RbeU8dAeOXZQBTzZNYXsGBbEK+3vQVhldT3CR09r7+XVtY7driS7usv+DIOrZ0hqNdK1pEx48yil1502B3sPhtrkDqJVDmNOIi1A1ro6qvxwe6cZpBHgGKv28F+cpzkVGMd5ZfQaGUDYJsjgy4mjbpM0puQ17GFwvDptbYRpEjDgESNztweBHNo49OUGtua/E8bmwlLiOP434w+7ZQpXWEAJSH7qHh6CZ7z+wnk2TV/EkP5mUy5l5c5bQrp53iY2IhLw4qIE8OmPm/+366tugQGccXOWEW80u9aozVFjWEsREQObRppURIAak9FbjWny23EYSKBzWGdjyAyw+rMNRkiIs4PZmRKRY+lJBbtxTlrsTwI5CzZHweDPNsv3AN+ciGDKXj2zGgc7HwmATHdH1mPDKdL+BBH5LQGnUXRh7x7tW0q6e+B2DiiHFGnKg1nOGVMdLdOwemS8HoyNbUlKoBRu0louXqWBUF0kiat58QfIYDoRKTAjDn/d6Tc8nxgbw7eJ5XQ+rryDU0hQMQYp09KMMgusewkGM05OKg2LIDz1EUdOCJd/kVlLLLTahTR56yygBkBXc2MFRtpB3lfjnPOommBrS39yIg9JA1nyt3jNMf6gML6PAxL4/4JumDdmDekEOud4bDDsE3D5dONqlcF7b9hDeRwVXeheQDbv844Bl4izetpaUozBpt/ZnITj9RpEC9J5nhq97KAk1nls22B+sXFHtvS5vwRPPM95CFOtLf6JCF6X7K83SLeYXuIgaWAjAxkDjjHPaek8s+vL707e0RiehjYskJdOPOhlfQrW58RZmqWWl7MslasG2IVzDlcd9XbRM7bpGYuabo23O3DJwCAjTzCovh7VVF9fjZW4iJQBdi9p6FLOzgS2CWRETgq2G4DMn7X2ZUIdus1oxkSUFVGj6tb4XsgVhXH47olHpthVt4L2PApFDg3fdkzznfzrSg3n32D39RjIWhSPY98DaT/fYxPztpo8MMgXIp206Sjdfc+oc6q77RRAII+Trxuc9s6S/eLIzMDsORv6S2QScjLYCUf7yPo8n7TpJ9waU+bPjjeB1Jr2w73YVQnMzDwub9T3Pnmm1Boz9h3scBjKrqVN3QC66nI3C1qJyMf6MGQ8h4nEpz7u5m3tlREtWQ4ysMtWsFgg2Fsa5kr6v0VmnPbOXrK6k7QEqlUnjqnBmTmNLtnALbU6pLr3pVT7CQP05jAvP+eAXHiWEM0vF8fj87BPZUjPOSp42n0iFfjUx51/YgxhCKg91HYbpWutG9w6jY1Y5ilx7MzoqfUgttwVTxNA2YJc/7Vk03FJjbAcu8cHcvZaNSY2+k4BHl1EuTAFTEoAgBkzuO+TB9td18PRJm/dfrFIHsJUwW9Hplsncw7j1NCKYLpUuB0gvE7Z5dqy2d7cbT7+YBbTUQ6ERw5jXVUzfAkCsrfwpE+ydAklMCZtPrSAOCrc953CDtru5jRJ2VtEuso1iZvEqo91Mxy+AiOOBYltU9CIPCNoTEab3a2ii8+el3fO6b6mXrliqU8FKSpPMlTozPit22oLZwKR6X0hJSB5zkkOCuEs9sIVg6ZmPhG5AEdbNlF1FWh1GjtOiuhb9/5yWZ5BO5/4Ow75zB4JHrRExDnP8/yYnOmEYbQq83BcHHYEC7S6ULOWxvstAGYI5V90GC1EpO0CbpcPPr9bkWUwTTMJ8zdiBHsNedyOakyzXXl7OWpwKP+8t7pnIXzdikAcnhNVDfWgB/sgd6atUiFCzmDweHSswm0Bqt23PNUqJHQMgDYO2LCyCF5EPyZmZDRhjCsg0XbvQYM/arAb/fncE6mSyuJIzrUVzvMAk6Hcldz7S6KJPKchBE3Rc7TAXrRegS8hG92ccz6f3x3NQECkNZpm9M8A8mrlCpiu07tVvKDAEbVv5xmBdU5JXBnLjo3Zp0JTNyJ+f/+bZsfPEmst6wymoNW9XReSSRIgb/WOxp2vLW6uVuU5VTUEPlNhXN9SWvTzc6+ffwG3OuPYWa6lz/0858SYpg67KHmGdihh2iGUWqVzHmDlSsMM4ZMp4GU8dLeEE9H22xwatDiGSLrWrAkR8ZzHHYE5Kvd+BrANL7ytmA2UeE7SUzqA3ZiYLY6y1p4rXhzwLe3IMePlKrGMxAprN1c1ZgjA5/PJMfngv/3bv80mLlN1fUw1rhJztGLmi2mVBoLg1W10xqMGhjbKczIiM6O71FVVycgdMOOF9B0VDXAZ4hqKMwTOzobZNhFD7SZvXS3hg8S99478tkko0DD0z1wrqqpCEoM4hSEKkIhdIh16fk6GC2B/y9gx0ifznOfpAR6dU2adXnvGv1LFoefa7CNSGrLwcg1ripyRR03JoQbBK2+LSgFPns/n452L+X/++/9xzvOpP4zyrs/n9+UKaae7e70bs+7MNW73jsLQ8kJRLLtz6rlel17ofUl///kzTBP/MAcXhBneNJfd7Dx6r/d0+1MNaqk/ULUPwzIvAbx1hd4pcU0/AjDUnTspxYZ+tf3yZlXUe1Mj3FHz5ZtY9N1otxGO7Ln7q+P1Nl2zDNf3g4l6kSlYdYUlw06fy/Zj6b5dJ3JzzNCZ3g0TMNV9+W7+yt4zv1l5HrJXOZ1zplyrNr0UQN3rCxmJjPO6N25DNF75fsJeQkCSiPYCd92IeHmagSDFHAYrYIgNkfHPP//Ym1tehQNulTb412Aldd+j+PNkQ0+O9yUAe4QB9EZVN/8uGHZ9MbdeBIDn/OQCCmt5sQdvZJj6eX4i7O8pr6oTZp+H9my/HuUGYzGTZzOHh5e0ZnnwXiYAC0yYmjSXyTJQTYpx7cgdkPZr9DndiGHkecGGO80REjntqFDxR/YREZ6jjmSHBPTMPNYBCZIGPd3dJ95W73BTXcwEKVpRZKNtMUbVJC+I89ggT1njXK80J+Jwb/RXybEhIsaJO79SyojZVTqsK+KdVz/P090Zxx/8nNzGeMwZrNbf0CJmsGX1nIBfVwMRsezL1/2w+uWamX41sz+M2sPjopF3zKRNsudvgM95voGLg77SAhwaVYsYPRABWgbo94PVIZE858kk0Fw34oioSZMqVURi9xEsmOtyKqoqjIO8CLKnXH9IfG8lV/23ZU1ZjUe+si/8icZu2iNyt4NPy7UFdGifOMlceS0zDChAevL4tXLMjNgrXJto9roe7YEPghgvH1IDiLzN3oyrIWk55vyTvFfrzhl+zOa2UTB8WUsYPunUm3Tsw3j3O6d6n40j5BR2cziw8XxODv6o8fbZeq20x4F/nqfRTPwNeuiRcMwjmq/JfD95zf4YAXBc9TnRUGAMnk6AMEqCfSaDT68IC4Bjco98o2OtLjgg4xvD+VKVrVHQnwebmWfS3CiTfA66+/d+fB7+gF+uAbZdcNCcb4xu2/LgT5sd3bLz+zDaGNbRw45Ve/LscnClc47/te8CjTWujsT5K+ErydWdDAvbP6xmIhI9Voo+6hCVOf7UDiCQMrK6B+bY8mZxHMJ7jL9W7GMnZkQw/HsNkiE8z/SZ9rMSXtekPuc858depWYFenjjH4VhY0gaP+v3bmIxaFOPTQT5+fmB4PXRdWfRwufz4bKYPX7LYEvPKBsc53XODxxbhjUTbxya5ko+ikVyIL83P4IeJ79pb8/tncu1A+o5Vx7aRUxlsnkBWI/v2dTlKmjavFhan09j+mOl/dO+jNH3P/u+R4QRVe/VMPpuIGAuIKzbAElhrD+6lyoTkTnjBPfbXjzYtyZK+fCpz3k2ieDej+96e//Ejg1cm9hPxso2DmrNiOASSE2wwoZkLNToWkISp1aHNFsNNMJxVFVGAmTgdQT2j7rVHld4jMHXzMQ/P6hZLqot29oYkGunePVAomE0fRm4tkUPN8mSanmU3Fo3xlv/Wwlga8L3GL+v2HDYnw8/KbXbyDIDsYApYkpTS7IM9VpmMZWJF/ZUlcN7LsX7rSf3MQ9n960f/DO1APfzPJNhXYkNc/CrDtEyB6uqh6tO0jY+sojZbSfWrhoY4vi80z81f8y+1imeLesx8+tlWO/nj6HiAq/aIyLq1ltlcUbp3neIHdxMQ+vv+PPzD0mtQ5eHgt2zF2dcDECaGoJxOq3ZG9ERgQZzciXoi24wg85NHv/MmvccDd9OStitjQND5JTG68Z9QXVl0qHPTuu+OK0+GentiHAornOOg9ScDMtnyNzY8ma3CSm7U2Sshzx06Z05aYg2m81ddTAiPr8XkHqkqz3qwhcF+1ZufmGiep2UaVPEuq8a4L343I84A9RV+dv62fnVj8KLvwlunF8LI4dEL0iWJ7++YqnZWvFOMtSDQYfLDO+MnGbWtwmzITp8zVfd4UdyMtNL+GJmez51rh+/dZ3r45w6att2w8q+dLi37Hhm4yCHVuwUcYeXvlnDiH8ey5VmEjYegPnujJ0Xjh0hf58wwH2MXottsG8rlpB6x2ffMvlPP4LXK3QYeHl6+I5ji/HmIyMbc0hMPP9T/6yKSPbdfntY/90GvW0RQ7DLyCOsg8Jg1WKGTZs1Pc61D/6ryBku1YgbmvGyMhx6HGCYmUa049VBdI/NEd3Jjn3r7+9/Gzuq7uqGpixxBn2ZsF7jxx0O+dH5Rmy81bdTI2ubze/F6f6mjI2TMiNjbh2AJlA1tWVVfe61+pO+JviXfQAkzxmwGZiZroPo8zw5r2Beuk9vZrpjNSagVbpHhLksbvMjj7PnrQoGvCk9QmorGIDpyonhzGl6BjqOha2LVqUniSfec9sj853c8z43H+/g8h5WlFkTTzBZGz5FB41zTt0PR9gJv30fll7KM7CDsa1k3ksQK3Y85zhkmghiHwgbXiDzHA8VkatRcN1yzrGW6JzEi+EAgpITI8ysjxijZXUtQqoTZ0bdOS2rOWzrn03HIpdpec4rHcyIySzVJH9+fiKirovJWQntj3rOo3mP8xcdDHI3FaERkd4h4Yzg85kRM3Bk9C6ncah5w7vquxfT/7g3NPwyvfP+4mWK4w8WGnNs/9gpT/jd2JF/dO0+/y9+67nmmomiyttuMJKF5J/P6b0IBmTm9Q29SxD4xAiY3ru5R5SaPRN+CcQAzrFY3fdI/zwHwHl+3tutrS4AjCpxd1mfzN/Pr7pB2Ia0uweZGY8NUzZFMjEpsKV/8sFeOpjuY4OsV8G8wWHeHr2oY8rEl/Tz9p6uw1/F82zOoPDHEcG5+44kegx4ZabvUMEIDqZaKkmz5MlDei9UnzWug+E7bLoj0DY+QdqZ03mwSSJJjlZ1S3HsYSV5q37ODxm7bzyrPgTOzyPJ9C73cf/Pf/1X/sf/9T9bCsiB87jfYIwo0gwTL7Oeqt2+dXqe05KbXoAaOHVN7rrHj63LRyLepUl/DFKuFyc4XjcB2sXVKX0HG9+BwUb2sTuICKHP8/RtgylOwFbZTIv+FtZrc0zGuOPNnHOwaUnBMZrqaggn0/X1BD7JlfFKIKDCychIYkhe5paq1V2u4/ZbEy89wXsCvN2Idusz8Y+w9NIskvX0GF68m7f2OoxZ9uW4HeRiI3y5daYG+DdmPOc81n162t8wWAB1g33r44+Xa+lu7jgIFYIZicywqV0b4IzhJC7XFCdH0nPiKWdfm0JUB4hG3Wq0W0wonp+f7gJNEz4eC1f1DLowrz6CJzz/8DlMMsxt96TRBH3P5Jwpy2NfWGmV6q7qjOPcy0MmX7WHo9W9vzLo6agmFbruHR+tk5knMvpe/17DAaQfQ7wDJFfb3eVquMa+fKa+1Q327DVqk5cxzQjWViVRt7+jOHZmeIRGxYmD2fgU5DB0phhW5ZloIjUwTpbpH+uCdWa6/SLUZCjI4HXJ1+/Snjnz5/nZD+NhiK9wxvCYTKv3zbKrg0tPSirdW7MN+LXEmOYnMvJUfz59pxD0ZP4qmZbF9XSM3jnh1ZQMRtWnZq3LXHFuJaB3ku/idQU9z0+S6HsVked8zQbef2TyQhM6Gcy4A496tbI3JQwIkhHe9yB3IAhoXplD1vts3X3MC2+5T75DoR1XokZFElR6r0p3Rp7zIzUyGrUlwpvGvBdSZJIxHtZ1t52ZnhxAnOlD3DpyA53Fem+C9AObQtJo575+f8kBiyRMtBxYiu/QsTvAh8lWMDeTKc4ZCsCg9u34+sIP2qG175L2PrqsMdPEbCdo8JWtAOXXfDJJnHPsHq6+boFiB5Z2EZ06YAbK2hshbWUBwO7ktog1LWHKpvXZ0FeEO21ULp4F2F3Xoz5rbXupKQPbm70aJ8HeqQ9qAnhgmJwOK7xS1xVgmBJWOcRxZ+W7RmBsYWZsxkbH1NyMSLUf/hKgMHDRuLfffiuQnbMgMz/XDZ5VzwftYZushIPtkdhV1/onexAz7LGr2LaKCPtbxStxHTa3uPx5+6S4M63dZLitORqt4XTsml/n8ZlYHLM2W8o8wCBeJ8/5LvVa2QpZ6EHw/SozpAKobjCrq9S+UxHZNtDstrDA1Kop7WaY1BFpm0tHGX+npHc9ZbcyCeDJ4zkOoLU8imQgjqh0WMZUgLTGKMKOgrYZXGMQd4iyaJ9ExgOGqeN+cj7LVKtLVSfDBm0JpndOjjWzWTVB2DMwtJPCiHw16VOU0Iz4VCvjebc6GznTrHo+hOWeY21sR9WJJBnwRoTuCLc65i/zeR6fWN/RDNtTDNQ0mx4XRjyRqi54EZTKbZVdcaGIrMWgxTSOlnnepeicJhver8BIZrSBwfFjPN2aJb3BuhU8DoVWcbmqvMvD+NTvRJpYfqsFK0J1AYb8fImfSNd+yeBdMuY5Z0UyQDODUlm7FsGqvuspUX1rFSRXHjWKCPdhVof43ph5FNOYqdGakdUfFKCVyx9SI4PtecMAo+NtmOdYCeTvG2kb53YBKDme7ijLkkE01EIYqY60IozkIOPe5/n5/DoQGcZ9PIzp9id8Iq3Zc+8wDgfqiCjN+miQNIldLv5xziPpxLvl682VXs+ZY0gIddcIU2DiiN2ZprK9qvQ2kV1yju1HznkcH/ByP7+MQpizuUNltDPKJot37IRFbzfPdvptRRCKEXB6xJKubrwD1e3rVkQOU7cHMKOXEwndKnvaOE/ee40U31secTn12zO6zTb3k0+CXhzNWa3Rqvs55gWT1eVhiaaRGUJCRIw3NHCrLMkZzrphC/HW7QUu9/mHhAIQ/NTt7njOYzfzEey7RnBvX4ACif28GSdztHpWB/qdDurR36mq1M9zXBsK/fXbRNwqdLnuUpfh0u5LyAdQ6kFVgFjQJyIyww8fxInsanEUPosFcxb8WvGMrrv21rPVgWnG9tgLmysN607EyEw1XGNkJlrVzRN398O9BUlmFoZjyLY94j6/8FCZgXjOjIhAraHzrDPp7oiDwL0fyar6UY0EIteaWGMVq8iIYWX+DrrjkoxhFXicmI41wjN4q1u8kWU8Ic1RiGN/tpjx5/yoiEjyhJvKtKSiuklsBI6C54sZO1g9Inr92T2231S3TQzXqoVuuQHMBgurnZ2KY+QS4RrV3G1I5KvImc0li+RGZPWc6nST6aZ+5WhQJwjmeMIMHq0nnoycHtABx+fB8ycG10TrtjjUB7aRg0GZGZGFrrZvMSLSxvf+vsFV7HliMTZZ5rSaZc9lgQBg1Xiyd8k1juvPcw6ZhyN891qPod+wd6qx+6vXDCQi6xZh6l4HCSmZ3u3kW06NJU4yVJ2j8HMkr5eA2AQi6mMjHb0WTJLddTyw7POcZZ8SwFT16QT3nQRkhi0oSKSnC6adea6sS4I9i5qSMXUrxXEVHv3r/rTjVx8cVoP/93l+qnoMl4KqS3ynaEnv8Oh/fn5KNaopulFxspuQFbHKXTKQPlEczyKtokIAVJYPNlqzl0iuM4MM9Kv17IlFi85pCBWsuuccIqo6me4AupuBPI/bCPte5hlQKnJ3ugTKq43yiH3rnngAlfr2h0vOa+ga7+bsfyVhErg5ZRz+8cxmMmM/5uxjmBIiQ+LJYwQpt2Pyn0y4CyHmZtiUIAAhOJMngBFXfUYtZ0xyD1b1ogAAIABJREFUftmn7jk/AJvtnThVtQ4WcUzYh9LyPoqBjJyk0J1xugTV679qdRa3yPcs8x1JEh6A+bbGYVrpZTf8QkeOHb+6WpVx9I4WvLFIVV01hPpGhBcO/9bndmU8EcY2KZRWTxdk36p5DYPHRoSX9wZRdbsm0mHaTE81wDjds/ZVhrYGw+FwyNahcWjNVv04kQ4oUDYYdyLwHfRjiQiKdW8LuZqPYDjKxxB67JkRMZCyU1Xux5xh7Tk/9FZLt6GM9i6QofPi3nJn4TRAuwBsQxTho77sv43tkvI8AGzrd+IYBCbpn3brI8xcWd4JH4O4xpJrJf7kY+ut1ojSeinLMxNXG1Xy+f98Po2+9xKB7shzzmNApfq6Xl0gfZFG0yb6OhGTw5X0gqCqat20iMTTL7a2sprG3QTEQCxjBkAuXx4vUF+d//Gf/+PWB/3dzDC0qGWsD5AH+Ko7MHfd7vEifxmU3vW6zP0cCeEXXh/wyB9o5cZTAnBxDo57Lf580D/O73OYPKVxdrlhxNCuFjuY/UNumoHt8rkIdGb2e4G3f8hMaKwJzXaRZhtMV8WOsm0J5aBwzuPRfWkYmiY/5vD4uh0F/vJEMKtHbeDjxGomT3WTISD2t/MPOSU4GG3QOJpR41gMZZzHt2EYmD5hvkoYAHqTsQGdHBKnsebhrZiq2WtKaBZDdfn5lIuDlddZH1vle+60VDBxrWfjQjrVwh0mMuPkqerqvrcwZzRdMsYwhjwwGE8xdXfp7xSxJRs4vjNVB2f3TgVkxnMCq64yJiXp3us2dYTPMmGz5ptI8Dp4sqGf54c2oc4IhBkE39NoMgLjv//7vxt9HvsheMNPkHN3POxhQIJQMtXUlrL6GtfEzNTG2PcFf00yJWdjBEnNTkWUGlA8J4fVYhZbv4etZ+I6r9Inyi+IKzPSMKOHbyLqLGBKDovWIu0Yt9B434L2lhkO9tC7yvYU2rUWMK8r48xajC2CJHlW75twIrv773TX4pUNvm65UXUHYp6KfU6FC35XXu/fmpmwrh3DXXhh6waHo7lfkVp7IgdH7xjs2xvBNHvmHD0J014Sr6op3ue/1zawDM2eBTbp7/6+kbcWBwa3/jNS1SzZXnY83FOpbTfkFtiznFiCuX/15AN8XVP1R67cPVvmtmYdisd76t7/++c/vAKy7ZUWc58ut/2CGIgatbv6toFAf8fayMwlimLKyhWufVu1OWb2D8LecW0W8CnKWb0wLZmfEo20fJVJ22t+25WtwolMG451r+nomiEEx8zUZ+P73f2ODHvFVx0CayX3DcagPP5M2h9tUGYZWKthGfp8MOzTzcgyYL1Wmy7lybijop0mOSJ7fVpHGjzXexYMvkjWvFxM0iGXkYoV6Fg+qaZMa0V3Ud+z98ZekgrcqjPuZOgem7i35No4w65rGfu9d0CEGSr43MbItzV7e9dfZA7f+8n7zhPoP7sHbIH6vpc9wPHWCdNz4e3w54Sb1mTaEUdsIOv+7fu/yJkBRBXU6BH5QEZhbAhgGTGI5NvVGFSKHuuSxrJgYr1ZHcljw6HG89SMsDk1yw0cF8EW6pbtCBYHjnkC5p1+7USH28UIG7uNO78bg2EJEfCib+qVDkiaXSNettbervH5fDaSzOuI1VkKdrWd0m7K/WDEkj3bi+8ptUexJ8wcH8auuWBWacDLJ138zIPRO7t17WQKkqPcyXVXl8CIM0t3XW5OMSkBqNkS7Kfjo/I9XRsbhzFK0gNmCV0fEGYvetg8/NOIlb0jd1W1wcC6t9XnPC196pPnWCugP4zaicMql8b+7plHLcbLmbLii8AQd6pn+C+9AOv40qpMsmisqsBlzNsDbC1JAHV/tdtrvmEzIrYQmtGDNPl0cqO4IjNzxN5i4BseJ8YsaycG7gVt26ElVeA8W1THzIt8hvLve+FrzTQknhpt6wxBPeBfOp5xENUtvond6njH277m6AGjSH5vNAjzfD+zSHD7RhNs/3isxxKJfGXebO6Kpur1+hrIzH8d3z82YqBMg3Ta5y3DWNZPECBTgMSF40GiKTOQ2v8d8UaVt+3NJaD8a05/X8q3IuDMrcO+AK0655w8VZ9XiEz73m9hY2XYF8HNWdXQ6rfKqppQ/zzPJHRDSN0MN2rjm18b7PzhJgmtnjhANdZYYOKVL7bBd0mil6+G32lmrvBX56RRMH9h62HU3buYLYY7RpczngHFALL0PMxh08dmeiIS6HttAOINIpMj/3RkX86gZqmyCRI+yaY/E2z0yOAktfQ8j93J/adjf+nv7y8kBr15xZ/2rZQiolQkn0itXvze66/pM+jP8/a23vobO+uKiKrr20DXDRzV4Mmndd9bwKXnDEWEzUDGUcsEK+cy72pyVW/gMBD+5r5fn7rCF9F861tMEmnO2Kv0ks6B87yaodH+eiuVIYX4E324Q5YpGCZ8xVZkihGEo/v6eJv6NK+NWqPY2tCYk2VeXqcLKQ4UCNH+7Ftr9KvyDAcTGEsiclS/VfUMCjbjqxcx4av/26HOPHOA5Dl5q7o7I7t99fTkITAKObeW8BLB9wpMTN6T7ErCUYhbts1nPu86EA+qNaypGN9L55p5cbbOjwB3E4+s15yKaGkHL8ldBSkzvDaMCw1xW4D3eK/2i+SJSJNQx2ZtQvwgwpZJ/a1/NGXGntglRkjdt2ItWqZKkZIxGXOVN7axU7VmARZeUP6vH8f7K/yO7r0CHP3e/3Y6WVe4+3ef5x8iv6I0ztu3OXNE+H1Exl+DjX43AO3nd2o2x/+9IGS8ZEfOc/hukdEyOPfp5V1D8qEjfD5cBtVZWzbj6W9y9Lfo1VWYpjhpMYnd6RIzEHnnAgbVe1q/XskybGvZ6mly3/5Cw+H7s2s3mI4zDkPfAJVVY6apbgLimLd5V+3JjLSFuyQFbUWe1uxyBccG1rX8MGm4GmMxnV/W9VXZygx2nhl3YryXDqO43W6uP/t2+l1E+u5bDXNwiZP5xHEcKDvvSVCL+MnjVWTOg74GriXSzs4cRqNkBCwk2ec48/HlcN3ur2b3IVfOeVakDufWZQea2J1D5p4IwnmCUzRWjWYdRn5ggtZ7W/9iue5n7+ea8jgr3PY8a9wC7BvheA6ujl/E/XwwK2nj3stXWQ5ghlgAZ+m9J2ovhqYJa+g2E2JMU/58APNyTnW92260PLO3uCL5+XxoCR2tUJpu3Xc6h22wh+Etwifi5ac+Ug+Pu6VZFD//lBroqg6iFpaP/ZQ+k5mZiM/ncpKzRzudY2IJY1D4U4K+E9b5x45MUCz/zj4Bfqd/Ei63lYCo4b61xo5Y/Hl+Wv37+xuguvM//v0/T2ZEWnPkS3KrMuPTV6PnU3s10zm+DGtaCpWHxjZYiflfHjC6LgRmvkodbVIfbFmViH9+ftD1asO3Gvb74BYE+yBmQG5R25E9OqexxxvvSJ786Z7WyE9n6FqqiKhpLxsBDB1QMhQKCR27L7G6OPVxzhmdbkH33ohE8HM/BflZpcmVyJ+ffxrC6PjoqsIvy4FyQicDWDmSCCHjeMcrgC5EJOYJLD44bdHM9Mtl6qYKEidj3PK6Y8bU/lr+g2XfuochwUuVM8+nBI51NWVnj8/Q3buG+KcZu4lTuFgulBwHW5eKmTGWXHEgY+uamOCFMMCtj1k2YGRGoU3e2AqDATPsGhPQ/9WwxTgvt/uVzCv2KCOGeYzw5NY+/Tn8NTAyzg6NDXluycWD2bHOEwftDDQ+FQAiDxh1P90V+QB0EjI4ZbjneQ6BW/ccL+C17Tg+9YlMNBlpR4fqe9KMdXoRiJcZgBF5BNvb2b5ILuwzQgxThn35LRB5jRwkZJ6aadWULe70fBXcJ5vt0rOEilCnjYotQH4eI19ekuybxYUVCKplxCRzpY4RXgpKUuMw2mnjJdpuEjMwwMweAKmGzOJVPO/PhzojRlDZHW9+p0n0+m7w8yGCeyEXlJLKg7vzhJ3Tf/75N2znkwygTC4NHmcXw6PnnCE1G/osSbtRarpT22EOnygU3H49M19mK6fxg9TBNMUKgMo2nbnVrw4zmbEsZgdxMgbRmd3RjvL5B2F/lu006HB4uMLdjUbGsl0GAWG07dcGvBtu/aC9y03b5C9XZVNsEaAMJUxSw3QksKvP5qnWvNyIUCOPA1cAiP3PnCSIiGB+xd3vj4nVtI3wFxhGHhAjfrTtychL2VDrPWYBNk1JlT+hPADr4af72WiYO2NBSNKfE6Mk1/sdZYfEqgzOPjbXCnkEgjJ7zj9m57UdXutqQpm34PhQkt2KOIBWt0TMgaiMB2CrELxd+YzaxvGnvpSUaFqcwe2jx4vfhO55ghNOQ68SkQGoq5Yjnpz2zEfGGzvLQAGd2mPsAhxG/f1Lep4fkOYLumRxgdjdCkWen/MjjUSku1yIBjm8wu1D/HcVrHK671f1aAfVw8TuKg8gJzb1ivXZsOcKZzw/w5upIP0B9EfISEdyqKbnmLWl9uu9VY1ZkOWsam+4fCfoGi9pYDh6/iV0o+VM5FNgAFTDxs7I4NEMDBom/PveWV3KbvXdRZEAupXP4e57b4mRz/Oz5VBrhnn+ciqopWS+VGtfgauu7uORZ9XzPOY/mkFg5NRC67eg/DuXMmUERN3r60Di9o1ME6Bd+3nqX4YnTprVlZne/WOYYI1SU0L19XJ1O9tKaN08ycVR2p8xiAzRlsTi+Lzba2XOvoTHH3EwrM7gCW8wcxy2usI9Ykyn4aSWiQngH6kJK1c6To6rMlycJJal2OjqRus5D6Z2bUBddwSwo/PzDYE9qYeWweMJ41vfLmtJgo19BTv3eIRJ2XSxqg6TCoTvGlrlZSM2lxB4TrZshmwIWtulm9KIz73d10UvAgzMAgZ5DQzfKqs55sLPObnBtrvYhFD395y0Ksjex4WeAAdDfm18wUITuzBJfTJOpv/4WS/zSZqg6yCvGXh7vUjmsaR1TNQ5gOPwAbvb+EnOEmwz6EXiNvI86xZIkvWHBGAe71WXmmFi4M4cJFdcESIiT0pUVWRU3aae87P75+2jp8+9HhFFhHGerzzaCNnSjCz0sG9w1Q1n8O1WPF+w24PAHRw2HX6DQM4C+4adr9o7d+RvncnjK+Ws9zw/BXsK3xNb6fXQQSLCe4zwxyigbK8bBGPhDw8UI89jxrehzLof11Jv7eGhl1OK228zpx34npm7i2Q1XLpATosJsqxfZOQ5Ak4cCB5+GJQ8+aM2lOlKxhrZQTHO2tbZy3tTvDKybtk6ybpzQiePF6EPM3iAS/NIRKJhyvzHpvwnUy3n1nNSNtOKFPjkz8KwZUB/qOUkyRmPCbfLY1HHLsFhcE6ypCA+n8+nPnRG6bLF00nLko6dbfwEW4LX62GoTRjHCei7bAwmimpJaa43TqZzsfeE1cw7hzDRu1LNO1SvLsMLCD2c6JkaWhsdgGbanjzzOq3/c4kJBtIDhJNeIRMeyL6IOUbXJi0o739zfo6fDMjMxzHTp/+EyYxub5H5aGx4DxT2KXjOcZVlFtHsUrJIIwaP5nkQETxuUDIz+d0j6roR87dmYjfVy1aPMXssprGZke2ZxIrmT35x/CC7WdU/+eQrcJxo74c16CcAdZHwasNZQA3cW08mhiGGtwgkOaQEIDLPCQB9b0ZaVYbuk++quZT2uzBaxB8o0J8B3HkzRHiaO2XxFnMR48XceSaVu5A3V/12eSP98nWi+0plOUBmSD0n/AyQd84xOu8KcD/t6W6aKi4YF8xVx/r72rLbO8ms9617PUaKCLkSFiDFmHDKyhh3SQrOp7Iafq3OtkylgDzHTYTqj/Sz+fm9QyCw7BNpWnFL996SONm5gRkwMA8jFjSv295vN+bzdmtYxm1bmFV9xw56FsIV3JVmzq9FAHzyMQpBBjUR32/U2yE2vk2Muq7UwYhsUfL+9YDCDSw0vWehRSQPGZbPwcXzvQSYduTrE+mHzFkwNiwZWfJIjOaA5+ziGddIfmuZJxBEPOdZPdPuSiNV41RpU6933J08BrxzOWcjs0fcWyfTJODMY44/mhmJiFyTcGs+MOxk7y4aQrCr9J/zo7qQiIDwuZ+IeDIzQuK9RZCaCRORGA/YV/1D28yOzOJf//GA1Bba81VNLdUoSqe1JJ/82YWXKcxkfTtEWKLjaopeMmcr6WtcxW1avQXJz+5M5czXG57LernJKLQvAHdXpTonabva8EeF/VpcCMjWnV0ETqRL36Tz+LinkPExxqg+J9e+0oU0q6qrzzkajVp4egGqlw3TkldkeXu8NutVD/XNPi6htC2VemhQduJ4GSYQz0wwOgAr4Dny9FftpHejm/ePGuYq3TgH3GmmCOA8kRkBZqS1/kCc8+RMuw8ZDLQfmhEVm/UFrfnjaPsFKbDxBxbxtMftmm21ighUHUP5mZLZsVHVeeLWxyZyyWCEtXvG8A23e2i+zV+zB5BJZldneMvvEVj1+fSd8mMtW5wdMsJ9U+v+7//9X1b55P/6X//3vfbPYnd9Ph8CzzkCalq+GXpPgU6+IBQXRHv3krtIWi/GYW1sCoaPbN3Kc6x891TNT3FAvRc/52zgxLJCpJFVbsKD07AbeK37niuqLmXm8n8dvQxHCvBqTVbd4dW8817HhfG8GwY0dzhcu7TH/29meprvdXBm3m2n5O/lfTux1P47o4otBbTuydzSlgvz+XPOCgeQnLF3DNlkGK/boHoCjJe/PGyOGNr8Qkj4466Iqjpxvn7NjHNS3QPYOtxFxNjOsKrsUy+bq4hCn6H2zDMczwoao4erdhdk01R4R6ZrmnElQw+pTV2d8WxTeu0+NYFvJ37+goj43LtGZ+N0ds5h+NhYiaxeYFFCzhq6IFB3GCursNbO5QgyXt2TF87FtIivPgazdf371qwS9b512qNJ3bsE0tQ8l/sZB7INC9RFeWPqOKWSCeDeu3eqzTkakqWQmcKMTA0x+LkJ+Bjd2dlVS+PrbSZj+x6N5PCqXsPo9/xH5Cv6kUu5RZcMgh47h/z5K3a1dqfBlWjWcPAVTGOqA0bPrvkJCe+9jgmLLqbn78KWGtLJaC9nnmjA9c8dnktEhOed8tKRoXACsEzsZbhIso8hA72myk542qLYbTD3sG0UVjLsJMaIqhY0tOf2js0xWJhPZULvXPOO4BqdecK2NPmIGKrOPJ97V5/hM7kjUi4IM99Xm9D2nprRts3eV9QzCo+XT/QnyPQ25Hq/PF7mlPmhS/AZbHdjxftH98+/FVIsC9v/aipkMCKqb8sskgDpZN9S8GDOCLgibiy/ki+dW2twxLFZBADjhq0vrc7JgcOKteroPV3L1UKcbLsbf3FsDLttPsk0jv7z5xyXWf5Yr7MzgKGXLpDkSQFJLtRFGC3tNV6aZVYA3w5WkskPGefey4CIkz9ODtK6shgol1fLzAOJVVE4bqxUdtpT7gBjaLTzDeYViv8vWW+7JMmS2woCpEfN3deVSRrdN19VBsn9AdCzju0xk6bnTHd1ZoQ7P0AARM281Sejyus74LW62tyu/cwNwHw6V1J3+9P0qxnkH57UQFCCLmx39+v71t5F1LcNpcene6T+oVkcsTB4/9EfMYNwdamaK+8/Ii+FUuQiLPAj2OOkljLjrdIi90/VlvQzM41SeyyIkX+iRO7diYhaqxludu9FCWfTU4tpaMcVOVRgGRf+RxWw/INndhaUqRioH3hv7szclQvKSvqf86RzWX99mfVRa1o8XwVbBSERSvIcZRDuLo0xz4NcXqFZYzM99g7WH+9uzV97owRGCvqBmzA/il05w40YCjuNjNilZGEa+OXFD8mTT3X1iMogT1i1QPoihsNmPxjju5FrWVcuXz+fTzCF5dws5r93q+pwvLL/8sZJUzUvf8iGS/Q6EPydVQBd4mTkzBwb1vlvrKqf518z8p3gVtd+nd3mYd3n/9ZLjMxwSZ78iYjL6Z637sEmqZ3bivJX0LYxUczNEXtOU9b4s79BEVTPfGZm7W7TTyIFCzCpKLbnU76x+gQREV0e/Kn03TTq06eQterGEXr690WQmsd8FXKLTZcwdzUA59hFR/FAAI1AZACxLNrX3gPLNFrIVRSzbvE60GbqHdVyuuO6zgDkbGDpCEa11sxIBetrGK5SZtWEWPnsfcv3N/duChGMy414Y8q2TbF2SY81BxEsF2yqEouMczPaOnUwEn1xzFgW/nqgxAWbqMGwWGRdfT+/fh3mVZgUvGqq0qkuu4Rvvt5c6Sswlm7//v7q7Q+k8wRTFnuw+jxyVv25t75n6eoqdJW5fJYcmuL1pHML0VWc9FtbLs5bpVrCaavxdlFkIN6uFidPlbGDrS39spT1FG//hF+NQiuCd1NdVaWuXlCr4259u7VQzky1oHNnJDUgM/M8P+oC3vc1UKjdtuD7vg7DNhRKOMW6NtoFj5wZrJZoxsM+rVtUY6MhskaVcAufEWGbBZpM8zyP2K8nH51n/R6gBXabwTaq42QxMV0zuMY4VFsKhtbZdHmXj/o+KbSkAMMaPJ5zZveXkvYoO5lgdN8906aMlCsIl3s6q0rtEUfqFpgh50L3xmGshBR+0lGNKy48370LKiK2MnT9hEtk9LSFliVddcg9mbdGP1TrJEK4qlqJjGTF7InajXt6HT7edlePiAiE8TmgtTtEZ0+zPdEl15Ja92VW5wfvommuNne+vF1vvfW7tk7L8VkSf5IYjmiag6tugaF+Ue2/yySAW2Yy87ldCTTA28U5fjv78G+cVNqtqvbxOHADYrPdWbac4//wfWu/qQdS33rJd2q7HknWtqxSosIWKpk5paos9IRv1QRPn1FLkk+vYhrGRIQUn0ID3EP35DnCXmda9mfGzoyJvYBh07RT/f/PbX87O30sfRk98MzUUXKV3jMz7+cNBdpe3bwTof/oRQ90DH5/K/O4QER0yTX9H/3+a3ULQ+6Ru6XMSJS6pDyqZ3CpM//w+ra9TDzH6++G6aVi/b4f8abf91WzWV6iFvAGYChoZ1Dzp3tQx2hVbKGKTAOF6qnJ2z6KJSwHjtPd3tQCYGdmG89PrDoqlwGpS70dnP0MMt36ucjZc/WcR1XzLR17CcqKdVi8Tr/4lO3ppjFd2P0is//oAtA9Jcux/Fvmgd+MfMuqNdi5Y1HO1Dc93YZluYalfea72oCY9y3tPFC47Clgkvzfz//62XZ/u93x2sAqD85t9PK24pv+DclQPaZ37f2CJUWCVbnjRTn3XUeGvF711f7Pz4+evLC+c854kaGtm7WzaeCCRC6gs5NOVT/dPY6lOgWC/EcPZ2YKXo/q3EpwmBk1b66qniQ4J71M3jdupj2zT9X23e2l5XKz6v7US41ZShReGDAAdewjgvIgiguHuIbLTBBPZLoqs/mKqqOfn0eGB8Y9BnmyfYOum7pBkqF3z7h1+qM/MxrpAtsDURL9WqGe56tu7ylVDu/75n/++9+N+bz1eT9xAhsmqptAHk3m4n3fPIxgMrrqU/V530YJUohFWeG8MoO+rA2VQLPl0EzkCWrVxmif6s3lcEsv+7lpLusZBsvEeZmvZwV42Rw3AIUA+oXwpvRe/QlIhJOTYR96muIlSH8Xy8QioXLjNNsso7ojveKPIyfNwKqckBx+xVYAtW4ODQV97rRWfm3ijw86khTdxoRccQ5mZtY+DyoiBy1NxVDPbJ6T3a2jXVVip1oXipnl8XFCm21iuRLdb6F/8oydKT1tPnGIUCc0oz4wsV7Gbux3+a0Sj/aNbEyJgbfYBFOAj1mSw4xHTrKKiAY+l/+rSvWmTBVXPeoBlAEHHPIMSKyAdKv2ZQV6EEKypj7vZ4uDvqQPF4IKr5BgRS1km6DBoJe5TXCrIAQYVZ/MCCYWegtCi5S7O6TUjot7ApyTwaYiNWYowI7RdnGOfosAON3FE4ORcmiIbmam+EQzLWRGWrY8B4hXQwtE7roFvTv82amg71s7eFv7YNVfy7NDv+/npIdPN6GGhwjOkTNV9Xb385OD0dZ7Fcfer0SH9rhcYIsGtEIzYbMigU1m2TjTCeY0aoG15zOQKvjiHftNIUTxw3aSm4wz+u2M3BunwBwLJpsfKkZJIMMDEmS6LydTTD14vKfib2PImBkCIBA2tQjeczhTPfXWC9cQkSe2BBf+1pLveRxFGSNWhnct6Phu4gaABG3K1G0W54BAhhY7qfdUNSHBF+MLr8e34LaOQWY1cvb/NiTjEd0+NGDFW0KrGZHb4pIRYwWSHz4049ddRDC1mydDuyYW7lE8D0JulyQxQUjDguniYuH24IZvICCKT4tgD/aIPOs3nERw2O97BNNQiwjif3//d9A0w8vyc05Q2yZghFR9ljlr4M4IgvwaQQhCujW6zr9o6eIQzdYCrrmEtpMDNFfOJswC3yegIqynkhHEdP3WO4BW6Ii6dU/PAEAMqOEN2T0VzAxtpuGJlEpsz62tX/WdejqCLXtm7Z+YNzIiLEsSh/qWty7BM3pDQGay51OKURMnb2lr3ydDUXCcxDw/z6D/9J5mAs4A1SeTYIrMO98Pes555xV9VwcUQC2V3rSju0523eFdBcx9L/zTtg1XoaU9K8NWqPmWnsMIDQym3yHjeX5ol0Tx5hxAqnv9E1g14vO872/3SC55nke8ctVF9dZzflTBGPHcUDg1wZTSRuQL2obuFfhrIkV9bdnCB2JU1AaMTGl06gnEYLdtm6OHnSC3/R5/ZgWLEWF3aY2HvZ8gHGVgMDEzkSGT1O6WXd8AMmXqLgLv8ujJIFKoVINpy5qRKfZQtHVUqxubmpZSx4SSrYlPPOInjCqoJYsAGqjvqjSPxln9+jUJADoPwF4ji+6eKRJvvYLngegxlVs7gHWtIwISFE7PdA8zT/UrIYLireDnqlJ3FBnAfPoFIaa5KiwD1tU9YsZlenuTebuRSOYfZCTUZs3MyuEZET/5YzRGwvyTe8IZkXLGpcO1B8y3Bc2JDaATAAAgAElEQVR4ZlDvxzoJUTLbRqMtp+xAZmAv0Ui+MNT+BkZW9ckjSVlEBjMQzzlXgCAVjkA0g9dDULusxpVAWuYVNGmXiqubQ40Oo0MfQMYmwj0zyLSWdyoyKSFIG0QDefIR0UJqDJIcdakhgN7GCLMZZ8S586jgtmGCcLzWiEIVgxEuU6R77tmxlOaIBFgY0Qhzmzcdj2v9Rwe/0Uu4DRXEZuWFShmUnTSwrhSLkU1YfnGHi61S+eSOD41gTrVK6YpzGKHBdmSeJ3YEDdhf3lALJjThEwd8ZJ0VpiiaDy7NjJ4XRN95uocMEVOF0cvHXEldzXlGvP0x052s6RW6YS4qBKROpjwn8c2eTHzej0XvaHAyjilrpITUQnXWwS7kwzkzhZLuvlv6QteENZUnu1p9RwRTLiaImk4b5mJ6PvXSoygSpjRpsn3LWErFxYGUKWtkp3sxC5Gr9g5CJP3nyJTpZB5HbAakv7nziQgCgZD3A3brmAKgPtTHS6Gl31JqC2AKU9MyJJKnZWiNFbVBA0NUvaAHaRLIfCmu+kuCe0cGC5Fr+ED3nn1Vn3qntevrSAYng1Z7MHsGzZ4VrqrtlTqOQM/zPGpOJSemS5lxyLUdkwY0HgPHHdaO5CVUI00VarZ9yAsspThxq8XSSm0xff4uVJiSi70rc5LyXbhWVCTP+aGeJwN/spXO1Vs9cxfhaMhKktUffXNtI+/WZvTQ/dIYtafPSVgZIoR9IpLLVFM9U/32+2ZGGtmU+mAAPD+2USKZ+cxSYi/Y0l/v2YqQa0qr5Tm2zigh+YCcGpS8ooC3S+/vrU+eE8iTedcOqUzJPNNoiVYj1FmMaRwVQTGmB7B0O2gQDV39ChbJfIZaP0tM/zxHOgZxVEs+CseFWXeH+7NxoyNRRXDkwz7mYk/3YlkKNGCEaCKjFzHlIVXGlosDcbCAyOhCsyPwnH8JKvSfEjg1tpWwZw4I4OTRz+guq4cRMz3VRnTp0WYwkyn1koWVU8RkJvaED3swyjg6V7FfISIGHUHtqepB9fycwDSsUs5cJogIpraaaZ3mkBG1hqkaWp1zwm2zvbxecedT6wiOI68nEweNC7/2tKrZc4TO2zTpRAISiImk8y47aDvSCEbYkVBdoeZPVs7MVNdbUtjMVQc6e2p0ARIZR7t2I+QzE25GFctCpv7Bge7m2kvMYJLE9Pv5TM/24N5ONzPvR90EyWjZom98KFH0u+4wE0A+KSukSNEZPfVsdkBoDoEZaJlaqcIULvHOO5xEJhPJnqm1TiXZXZnx9oDbXwM9b6wPvBD1PMnQBspfAD/nEVT+POcVhVzVgdwLB7Hb5gOpeBwLO/b0RIz13rMdNI7kI28ROCmainX4XfXz/ARDlq3DyHPyPLw7t+Lb8ijQqfhcitpeWLc2ileeo9ycpTSQmVPAEhPD8mLOoKCVj/r3QS1fiQA6M7pHtnqMkD3jEyeQzqHriwvsljhIfe6AEzF5Ipjios1UPsswHia+KIQaqNQOjCCgEpQzIT2TMARptrTtKzPe943t+MSfz3zaSvE/XNKpmX7fT9zsbK2JrVyVnlXS9WjF3WUDHwC5HCYrMIC3KlLyekaSwfz3f/97nPbk1h+8huziz9oubdbSit0tTyUGjtRDazGUedT9KkBg6UtkRLrvOvmoGzTkCAh/V2Lm8tr+xAI3z7FXJXbNw02EuIjVqFbjto7O/+EdOLxjvAx9Y0/GqC1S4PM882dxlvOhx6d9zpGt9j7olWPvIR6HtT7nNGpq7VbMvuHMrMEZAM8/uVXLlSnwMoXHKB+/RRE0ieKASeFYmajpE3nNtsz5WuGwGGSaqytsKvF0d+lpryBTgoi8NSD4eV+zUIV6Lup3GBF54ijBXF6PvtG96l3NHSyTDKZYUa63IhmRiEBIhv+aUqEguM0SLHJ0rbju7QGEVa5fJF//9X0/YqVV2ZDXmpju7s9lTIi2KzycZEb2jOyCNKajCB3y6BFfwMXNeZ4fPbdr7NnLVNXIIRmifM7Mpz5bXggexI7cvvD3luBisvbb9fPzowbvssI9Bhq4Zu7OfLq9KTeYNUWhNIhZh3rxAvzuemZX2/JalC6dREOjZK4COmbmCW0oMaY2U4KulBlJvm+FfkrG3/J0KTsE8H5MG7ylW/zx8zkZX/tIO0G7m/ZlcSUXscMMHTD9NHkiYJNK7NfW5bkshlgu4R5FeeWf5zzhfe1QzhZxDPg6/M58TV2wPNNLvZZcN7fEn5nP53exBgAKF+7SSY469v1umal3qn8ReTRGEifMaMLgWlzfW2ZmzRJ/7hUwA/GPQmtWjwVD5lwQx3/IYYeM5PM85iuJmzDyKNutiez9ANwSShWZiKITtK3wDikcoi/jntsPi6DU5qoz6HGsDsN4turbco8r/hi5+BEOd9K9k2amsnJk1Oe99NXumXVu14TmapJ6uc/cNxFbMSusCPkJq1O+C4QX6BtstL6vYwR2g8u8/hrI3s/g3AeDjxa6yGo8vHSOCy5z+a0RoYpP/Xh46AuT0x1hNUaNUeSbkk/9jTntmADS+7cwEEjCb/Psf9bTh/ffDqDhij3uBUe6ILv44Kg59HBiKYo7MjwCpC6u9/dS6/lUVV5txP6z1AR/jrBHFqn5WdzLBOMeBj1LsXRmoBAkSxM5oVyrTZsPyPvG8f/vSU7G7FRLodi5gL5Z3TU3fukMbJ515IzonkLHefIPvynz5JF2oZPSPVjJsUPQuXtTbqp1TNhxuIZAl9uov9S5qb9TIxE4QlTWP8YdV+rUf0WWimZ04dfLr5mZ4HkyFxgiQSHv4XuZCiYyWHC+HoTdk+ZWazGGf0bOrl891sxM8oSICw4lTHgjlJ5JRDQRx/YasWrXy8pJ/eLPYkOD72S6xFI52lWfiCgxu6VPUlv4vjLiqK4F7jW6C5VH97l5dH0SwIlTu7/BGl/RFTX5iHjfFzMnD0OUosASXwCrp0nKzTFVBktBxWHG8bxkydo7DoSr34oI74hKXtWpCMu0az8VymcmGW9X9zwRdtJdbXHEPSC4YVw0upvXRLvpakxvR/0dt3a/0+YAkpTaw1qTVbDdX8d65MUqkzAU26C76a1XxMzjsCY5v+2SV3bCCN6KBZhItqwbuvVMb0rVOXFgN8FIO1R9BjJTRVj1K+vUe2v0vVqyDKcI7ZgR1emPNZM3avTMPPmQaLJRYqUtZqIfYGhG/13jk5mR9eajDZP1FSO6hpRManw1uPWSanuHGgGa9eqMyYoHSxU0bdDuz99licrOUlfH1uR+qhEtMqZxW7Pk4iSRb3UGX/NI7DqOhiy3xzvtDA6pa8OKBqrtZGh3YzOAxV9yPDzncDgmWY/K74DECh3pBCp25OfzMckARl29mZ5WQZGUr4uu8jK7BWgrNja25aaNLOYmSgHTqhBsDb8sNwdMcO+Ffc/1p9oOHiMmtXqN9/1sGfmt/W6q8lA/vD9GGTYzDSiIXiNgPfwELkEk9EI9RtJrtVhfNS2AQJDihLe4YLmKkzzH24Zat2Dn94S8t2ekeRJ90B+bm5k9FGobqQn6FBlDGFZLc0DOSl5IRuTzPObuGL5ZyvwW/Ha1NQYj+hf39jmd4I8K8xYV9wRigWMF6ohbh2IzZlxNJ2AcTcoVDVYNLHZzN/o4vNiEHi05NUeclV7afawiZ2OYnEx0+yoiTmaPgWlpYqY5bYjWAAIEFcoS1rV6RMgd1LHgLcIOB1Ufcl0TtvzWXmLtGddP6G6WcrfuizKxisycQank27sQkZea/6dQEd+cKotjYWVgnudR8ZH+FgGgtkaFibSk+t8AYddHpfg2vOjTGJm1g4rLQL0OB1hgZGc/sfepY/XHwgdakk3JDIDnOV3tucpf6Ak9gypV2n3rIQdyC5fEXvpGThq80+GMLVSliZcZWT3n56SpcubXwuaWOjnqHwSSKmMqmVf9c1hyYf1ucQq7WzkqdlkuDIy8erVXoTVW+aip+dt/xW2apHkBYsmCnKoLc0n3IRLnDZVWJcI1wupWE9LKLJQcubt8z5Gh8SvneoYuRYipjpEqK7div3nkJl9FFf2FGnIrGM2f9auCWW/8DEa97w4s2d16PqLcS06hnALieR67Obk72VHrzS827Jqtb2yv73gi8nxo8pkAakoWygJkY5nsYZUq9/lITj/TZTgrMxZBnZkeo5oAZAMbpGzSN3RiGQxy4Tc1nN9dAqpG/HK5kepSIhSuvY9TXIGwL/FjkLAzzg2benG/v796jLEOaXFpqVtFaMsLgH5LOUhVHlznThq04WOL7ws1THfRBqc5M8Fo9VAw6xnTF3DgVoO3nlk4i3JygwcJ3n9AY3req3rjzC0jcTeuoJ/nqSoGNGOQwRQzaKX8elTwH97RXQ1q8RhPHnRjXQ38Uuzi80aEqDyQY9XuaVN95SolwcH7/irde4gl5ZZ3AfrRXX2MrxIoO1WVTLOAvEGj/C6MfN9Pd+d///d/iZcWpJr8T/2mfOJC3jWSPITKWQLP85D8eR4MqlrLime6iVbHqJLrSrpoFxE/aJnfSaEznHYlYJiMHijoK6U/OrmscC6arIdbM7HA640O/KM5cnCB2ZBidBILwFrOzIBYQ0Gy2V0vGVNdY36KSoelJ8AXAD3aUwvI7Ut/fw9kAw7K5BbByMhzcuQjjxFmbGNi/QQzj0hGQaHzkIGGtmPJVERjQ1Vwb9lK/q2PWHZ6Ge6jMrRUIqTvS1H/rITHTDCquxsRWfMqV0csQw1bN2Awdh/PCA45ZlKFRyMBhKZkJz2aU3kUaxfDCPkCMwKMAdZ2owjW5730urc/JLgrhXsVnW63xtMh9LyfX3XIY9vYWACdaTZiY3jOmXm1azQipyvjEPIHmMLEBCh2uSKRU7FO2kqb6zxHtfHn8+qk6bqqVoxHeJPkGuwaCJ6mV5qfOCdOgPW+XTVd45VrqrfEvgF84UkiGWiePDXvTGM6gl7Ro1KIkAuhCi9K19Ydxp3zRHa9f5g7slMUUxgaUND6cbtUi4ikN4sunV4bwQPScq37G/Qa65U/pushTGQcZb0BVOm+7ztgieaG3nte56TbElnW7FOVuu05D6WA8SQ5ufUaEBieyGAM1U9SdIZMNeTzeu6SM3gyp0cunJAQyYu4Qdvo96p/rqFBx/IldR26eydxwFUUVlX7kWLh++mOcyLPluwhYCKUDHrez+85Htis/EYN2UTy/f14otYQ34TdIs3dcI+tisYkhTYOwIg020VetWoVSYJ5pzWACXWGz6YVxIzGhph9aHEzJ8g4J2rqyqvDDQIguHAbMEDVb8T5zhJcT+SeJoJxxm0YAwywOejWECUYXR1/vqCwSfnOZz6uKuSJLCSIf0TQKkyNa9XJQ7IEPq6ZzznnMvIYMSO/F2HBcPwzFbFnGiGTyrRdKcSIkosadYAd33aapax8ZziEKC8dTFsTD3h3Mcx01znZhZOPYJok5S3y+fwiqVjsON7G3GRqpDQvX/sZ0wJ+fp4ZFPrzeWcmidQWIoC6CwbEh+EBBgJDm8IwzPMZ9NgIJ0B6rQNEJc7c7RZK4hLMYT2gaGwK3e90qe8vzNslkqeBA6soAGH3Yuw2aMPc0knpbmrHgMAf5ZHqfSjS4EHDV9MZh0Rw9IpzUDpLEUehQnVMqqDsCRnB2HDAxprbeCwhINg7UfbnZ8aC3ZbsyICW6reOeIhqxnAHyeqyVhkWIamYTuEMLIVU+91TvRHjIjW0BOTLu6nu8zwKUOc5VSVbBo8foNltPs+PF3CK7AkHurClnnzYe82+xMxFILRpdprf9sMlmG0VSWoPQObRzB7iyGiXj4InuWN7jxYCTMZUB+Kcx4pJzlsFLwn2kIlgxiHYr9w/cmz1O37kNPgiWYMdbMgW/7paDPaM+H3fGYSJ+anRFIBzHiV6AIPdX9rNPEs5XFXQOGAaJnPB6B6QlhUP4IgpEiWJ7up6l97Ymz6CkRhJgefK6V757SxtQ+N1qsIkpZVMZpchy/UBVxyLzGNFkDXpAaDRUvKROaqTywp9ibrma/6r5/lGhPZnaIwkoxIFeKuNu3VIMqL7XZzOcUanpbrI/goLB8y14wP082Wj5Kl1ez3ajhz0+wyS6vpgJiPFg0MIdkyCjZpZR6aq7Rjfel9w+n2T8Xk/KoIum0/cxmmPZ7ijRx2PlHF/5Nl8of/1WZxFN3SAGQpARZdIP6PbWi8ZFiF4mDuQT669LWMxkHIsgm8n9kSRiuHdfkxm/OvfB0WKytb6Nf0rLlI5b7+F0ZCm1bva4xUevpIGH7tL8wBtNj7nPPlIqaAkmxmIVC2wNn2p3hCYk6myKUPrB+utN+LM5YRC1WkQoH14QhFFZZWyY2Zq51+ep9wPhhE0Galpen0eldCWNL1iBKtnHiiiDhnRkHQmLlisYXmex3TToFifJx+ReYWYzPjxDWVmqK5coRxuN0n5Imo1hmJ4qzDCTjeP67ETRw/9nNOct195sE291RVxNk57pLE6EkUeMgJdXWV/57UVAnDimbKwxpBZDUbxxQDckRhF2Vun19tFFHLLBcp05vNaY6R2LEroGERBcZewME2oxpT6wdIJtbIKjkHgns7p9/35+ZfLUhqFnBXyPo+crLwYVqCVPq0sStpLTd0ZxRUTIU9KR1vciBHhZYWY0lfTtFqF7gy8GVGqoj+VtrZ/CRn4jjQADVp+/nXe90PaIa3qvQvPVf+e88RGQq2ZmJnneao/4tRdioDdOwVXjIh6POtIkxFdHzJkSKgeQUDLNMbCQZw89ZadA8Aergh4AHjZJEhS/iAS9DCm6tVALCJajO+02alm3ZHRAj52siI96ELkCYZketZm8Ttg8NLr5a8UBkTLrFgvB1Fb3EacgJHW2UZDTyYpppEKsyZx0luXMmMw50kbTgSAKUhcldXDyPP8uDxUaYtE4O1K5vu+T9puFM1lQoZ4ExpZi8VfaFWLsVmVgryJiKi3gN61Ugnw7X5tpxbSx0sb7XUTVm1ORFJVLBGRYXKZvsZMUxY6wTP3oFpjzTwRwHMe2TRBC+A4HiBl7AgnMSOu2AIXjR0yKITCFZ0y98QSp9K7FtTrNTANdtU0teEASthEd02/7onCzT53xK5lxcq5ct0AUGWbRZUWxmEY6sO6PjY1GiTDLhHrXOILW62BWWlbgzgdGoXOO9OBzDgIfN4P6EreZXnV1BuElhdgWhrbOxLQTqAgzlIPhUYmj2jaz/MTEHNC+g8P8C18wzTm+flxpaCeztaOeM6BJMiM3Zw8gdgFltqrpxUjAS9RYGZiNxEKyTxxwqbWYggGJS8x/WpBwi4GuG+Hcf9GSKmSGVw9dcbpy41mqCMYqZzFqx8LSHQfn5Pja+oZT89YMKY03x+37lgrb3DAPAlSi84sGMbX0lzFzYx8LL3lQj/YK1GBkz/1tmvz0adV8PHIJMi+FlvdIXmaLnjbGUbcaEEqFzXSAfPoWgtNyJOR+aBB5DS0aRfon3MErMUqnauawxn8fv5fEFXTPV09FLi0GOzaHKhdy8yZOucQ0Vtvh42SFkEBhpPnaL/jjk5DaSg8bNGAJ7xCeO2zerfZCeJ+p6r7rWKEsXLdHVVFPTPz+/u/wr4IlMgQa1VNMp6s7vyP//iP6TnP6e63msQ5zx84yAlATHClN1W6n89ntrs+50x4ksllN+jPCxWu960qWaYSUVWRAggwy7TVeGAHA7ipyEDJDqNm/4ltNXoZZG4glx15WZD3f+KWzrowwgSm5SYU0/37UZhQ8WeEJCKuTZOu6sx8Ph8AStsyf1iuvdqnmenhdHXQ6wf07UYKX3r7E4mzwtLd7sSZ6feVdnsuMxEuJfH9Z5SYrPqARiC9qIMEOHOeR9P+mqq3/eeNn0LjGX3bO68z0LwA28w8z09XORJ4odwsoJ/d7aZ335qLJP/abqeZuT7dmrV67R4wmut6VnzCwyQ3O3ppsy2HDmWotR4AGVV1QhTFzsygDpLGkwNAcwjIOol4nmdW8i93C5oZ8ccay91syInec8uwduGcEzywc9SAjeCTj0r0tuE+xeqNXW1P0k/Y7gfeseOS+M+hVbwm7BWO6X4r7LZ5dB6qPupKyXjlv7+vPsmIQ8GHmIh48gnGLtiREdP+dT0cbau3mqcFO83MQN3IrQ5np7Ja4reflgpns96X2Gvso+jeT9syymdvpdn0DKY1gb8xZ766tp0u6SKHm89vqNkPrImrR7hwlyRW0fR0z/ULgkDJiOqqeoX1CT6IPxHsMu6NJQWRsSArsZbBVRX7NHg7t/tRAe23gJvDnu1mrxJLz2EbXcNnZpndwSug3rGdN/G3AQO8Re22PSTft1wQiH0Z56ItswAPlcxXm0Fb28U0Z0Z+3ycPgJq6P5nQpH2XZ/yRoKpuaowGpfOHsX79IrHyz9VISEelwz5Y1Or7IvYQYL2tsULXuSPV+5rQ/qPGzy6KSf3Y+9gdWwXM7N6dQYUX/4qdYW2fIF59kJl5P5/nebCE5O+56u/n6beWxU7pDlVh7Us3+yAY1R5bxjKbPBvRst8arX0iCUa9L12x6Wu3Bv8RoSVsJ12xzUzTHuWZUdNSIYRrtO9R2Rd3qRPT99TF0lrJCaupxAEB8JNP1ef+kD+H4VKDV72BsYAd0H7vW9OLCeLIo5jy9/nT/C9xe7tH3LqZAWHvEW3HUeRxwWlPMJBCpf1QOeL2Knd2vSk4T5WjHvNWnxhDFfcI3l/ck29y9PhlVX90l895piukWYzU0FRfqneZhxwQJHTNZFVrXMqIqne6EVRFmJnBY8ZfcAUTG6/iK/pZVZOfz/31LLbyvrVvx3w6AOtrOgDOeTRxbO0cBLBMqPd9dzeMgn8/keuiowwxe1lFMgjlppNmyijS6tXsYi0SSNkAq0RYP5DRyFwZQVxXrws2WZuh8ZftPW+j6IdDD4ecGvc/71hIbeq//vX/BOPz+SWZ58t10p8VMUq54OQFkXk5aBHRRq40TMp9YMuDcz4anb7cdUeqNUS/eMx+LWH2r6niZndKRyu+jPNCxPu++jnVHTxwfm6SAUghcd8d3LpLISon9Fdqibmfck2Nt8O3jgSggMkqexJw2V6xjCedh92vSMY+f5Kkcr2VVehzzp4rkLz1s87hPbf7k3mPeneDgw7N1VTAzAzsP6aDEV1mSnZZM479CeLGZQa71cPn+a6s6BWhLtf7r4zmm2P+Jqbaoq60tcueZq1tB2pTco3dVZNIIAsbwyqbz08eWKUk5EYagtL/CuBVZuG3HjtxAFq4PHYmuS2xrVcUzZVAxtLJnvp5fkijBm5iJfIbnHOUYpZ25e8rn+LM7EHP29ZSuBpRBxERks2vXJXnnK7m+tVslSse2Ny7uadU2ecf1IQZoWMpjr8+0+/vr2JIlVyyPJYeTPAMLvsHM31Fgfq7ykLp6SplsZ4GwpaPvkWuGnTVey8sGTUdYf62bqV0HqFdU1cqytECVtLgb8NzRJK0c/eoMgS8ky8jpqx7qPfVUtn38+ESlrH9mi1WHNlyei+LC0LVz9pT6LqK/kIa2dzS0S4WOvyKA7dHGNsSvBIMjSxhj/aarkSeJ/6IBJSJKNZO93RraaaOU94aYOatOnl6pqcQ5Kq7VAlQUIuHdLNoIyAf3a0NDJfvPpLbivoXPaTvkZZ/zq5IA1C7z4YUG3cljKu0m7U0uKpQ7g11x70BU2//eR6AW5pW7AY4GJUDA2pzrsZFRJ9gZuZf/uz9kI5pXzWSlRauOnahXG9+hBUnQyAjVQrGOdMoTHVhoVsZn3Rrh4YeMsVwn27Q6oHMmK2XdHBePSv7DXDuRsmN0iST6920IRHATHW/0nPLQ7KXzMdVaOlEnnN6LTRuYTOeLfnf66nOjPZP0+3gZRxfya9rpE04RFCT0N/f34+nazGDkCsmoC7yfd/MY0vAfpNf5rVfsUYU7USpqK4ARnpuLrLLBks39HoCgO1Dle/UZ+n3W+mi4qgxjbeKTMkaq16C1R6dVlVXkdla7wRNykcI1aAGmlUzd/vC+1bITdyluMpEML493YpsKEZDriXOzK3tFU9yUf50LIfLzkgC0+tzcp+esskRqcVSMKsHlIDI5b1BSlkVt5WZ0qGqhMPM22W3Zb2dFmzaf0n3JL0sVwwVRmauIPofHdC945vlKWegmbHDgVX5NzyMP+HCc/Xaiurz/obxhIrbZwVJrkEC3vczM0J1lN1gxRLu5+E6tfDEk+fz+ThlhnLoyrJl5jTGsmCD5Z7xaOr6i8TmuFztF/DdIqn4L8qRVGL2c+p+fn4iciykSD07rjXfxiU3pRGnMe+nuluqgl4bdtkJPs9PZq6cSfFTf3lJUQdAAguvRt/dXX9ib3Zb7adXtttBVG/33KVx89394InvRWy2Leg9n366f2o/Z/C5WXUAvLuJCrODkuHn8/GScVPtZ9DqNxmRmSfP5/MB7y5GMUO8hcKD/5myjHUb5COWfxD4vL+haQoQEZmPbmVktskZBGaC9Yr+KreMCPL38+l+Y/el3/i5F+1099tvrKls7mSI0CZ5SmkKzDnneZ7uzvPTPSVFBYwt/H4++e//+z93lflbE9RMLp6QHfx2nzNvdXcnT/W89eluJOJodRimIe82XbDeTGM++4b75/nJlXeNh2rZJU7oX8MsRQpd3a+861YPpOmpOhnJIAi7aPWst8vtKFRbB6kpMYHl7MiKBGqGlNEzjyYK/KaQAJm73/z+zHMevZ1anMs1zSAW74arou52Y5YnmsNGRgRC/A0MwAbn/by0SYDc7lprc2AdoiryHJ1EAIDcPUOC3p7lOs0QCT55CsVgfz4EPNRdELC6gBZuODM0D6LznDtdYAZD6i3GOmaanncOnJSkmunMkNNJRJit7Ka6iYk8SzcAiNu6BE0BzoyZeN/qHkY2uteQo4UZcbtKJ1f7oE3VwhQ+tdWSLKC3IZ7SHmm2DBC35jCdUPGssKNjL9myeOgAACAASURBVPiduaueqbUR9GCfGlzHCWC6SsuRxG2JPD39iPdkypjdRfVhbupor2UmMJwRqYVAY7qkqttHFSci+62f52f61c3NSLmSgDqxkrezqqZnTPulQIS3fm9Hp1TUpXoCyRyzVHIasmzTfkcMIzKZ8JqSsJf0IgKZoXvaXY2hpGf1Ysa2vLvGMDMV/c7z46VP5EZ1LT6CDhuD06qY1Q8LKFS9Jk39ilrI1OafGop4uUii00mVmSBLXUdrHpCZ+Xl/M0/kMz0prwm49TrnDLyLWJz1WmalBkAMCgvP8wQzz+NLvr2NmwNV720CSHeLR58n1cY35iKGmLn8sHU8YyCs0Rmls7mHh5p5zOAEGG+3QMGy33VIlVAKaPWKCSM0NWzxIbrZvihaXE/P8iBbDxVzGSE6LxVvG8SFPOxeAvaI2qOuQNUMobVos6tfNfzr1bd1t2xntml0LSeMSudH3z6kowIkGxQ3XPKhwapf/QXlSWbfWzEh2ZyakpUHz8DK04G5FWDMlgzpNYzqExT3hHCZ5eqRyZiXfHFtcqZKwyGMW0intEU6VJ5d8dbto9wdj5mzCpaKh3oO1HfJkHv7SOFWEmDxsdYq1EtPdYBxhPhnRGQmqpEuClUt40/uVqnhf99z369OIEekfoZt01p77MmZ0rGprtfMVk/A/B2QGfHwjySXbg0jFzWO5WnGE86tOgpgo/K49a+q5ye111a7K9Q5mHc2OjhrVp7uVRjrVeiBaGO0bEOMVZ3MhbCF7Gt3SA94Y4595/8C9NUlFODkI8fu933hPxNbpcFBI9jNHmScYCI0AnS/upgFydBYKAxRhcI11xBOD2YWQ18X4FSZohpJYE2sBdnJQ0DAfTKDHLMBgqRoSWFCjSYiAKBFUz0DY+IDIOlWWfmsLZNXb9nTJdBKzPt+P9j1nqTY4qoEAg2kt3euJLZHbHT96EF3//wkCQ//iLdescxITLWA+6vSC1LOpGSYjzwTKcGfPVhn8053Vb9qk07+ECG2/omcbto1WI7zjd0qLKhZ4JzGiiH+lmR3VlzJ0Vs8FXZPEKviEm1/hTXi6Nmx51qpRDW6tekrYRfdkGFCxBmJ3MpX+DKJGp1Hu6+2s+1yig9K0SXLR8fGmaDWTnhJ1WijAMkdAy/wrSswWmQpXV04LReZ3UP7RSGfIHQpzqbCznNmbOkgy1PTBTTbSzlHVabjpJPpcEazQ4TXM6rn41Rjl79meoSvLxJ5BBWgJ4l/PY+WpCXzKpNS4Kz2hXKm+8QjCBdAILW75rbW7Q0EPV9ybiwQPTaACm4TRyQj89UxAE/mslk/kd5HErCTW8/eSkWnWygSDESSPf2WcIo/g/9Jv+g7UloCuFqR14gnxFweSk3VXdOFbTFIyspJGz+rrDk756BVM/en61OfqbaSewDEAJ/PB8Oq7npDSLI8sme4xjsRSJsDCMbiOY+ICLLU4fDk6SpM7S0mxuW6oq6mQcp9QnVKfMZlH8EzWqpyi4yBfr6oB4YvJTqTjmrAV7DKzNArmtwBkZk/eqhqdoSAWLfQC7dFMGzwKB95qEmTVl7O8EY3bxJp5eDZ8YrOUjIzsqu+Gf/iHSoYQHWesesx3/dl2PIrg9N18ies7IlhM9Z1gnunee1TJlMVvvSXUL4AWmykiDjPjwUE0OBOdQKHmOaxdGDnUeJLT3Hbf5UiFKAJttjHXSkFQkaX0Ntvv08XeVHlHXiiiNGDOvWhMoHviAjEbIz64o8AOG+9ATFtBS9Md7Uc6726wNQTFWX0BN08p4uYq35z+7rOpd6KR32MM4NCecpnWSagaSgX1m9Juefn+VdmvPV2j/dnjOSyk2GX0eQ5+RjYWsBUhAPSqKLNUrhOXwufuQzUUl8b3Hm+dU4WZEA6AUDAemR1ib0uTT9NerFb18xIMkRqFfAxAgtiHdJnJuGhce9uJGWWEwHtGnUZoKzKZGQcj79WgkjykjsBKBf3aCue+iIP/OaurZZ/OomQnH10IN5+4Zylli7OoQwPpZFwpzBtfV5YWXDO4WgRIGIbyP2a7uR1IHo0Q81z8tWUUSqB9bXt5R3GEhbdc5GzBNO5tmCiLGz5mrJHHwSZz+mpFfBgLwtlgQiy+h1MT4kJLg8xW6UPxwtEGVv0i4Y5kIjHde/umIwNYF/8TR3BzLK4Nt/org2spHVX25vCgHzsu+WL262BUGhbz8hx/gOYvFLzSmTDoNaJGxBnk0ALZzoYIFK7v3R+2sZ04UlxeglEX0NdQmMPXTRtavwijSpwm/bIpuO2CJqDqX6Fscg/SnmQnOq33k+edPOFIvG+H45JXTK9LCkgRMwl4uSTz8wUdMHR7ys4QPCJCDQAnnw4czJl2yjVnf6uslekPn89z0EcglXvOad3B8w+hB34MaR12m50+03NetmBOFIhoxjim4KhbK6zVx6mk0rZ4+mUzkNy1VGIqHllgygt78mUIkJc4RlIieVMl3mVT5EeQXVrSWZygmtXYIrC7JxDA+RMoUGavjQ06xWVWQ8CsUOFhYqJZR8aI2LYDWlJjfo9HEZSeFjC1rItTDIlPq60BKEyk5Fu5y4RGPGcnzwmQz/PSSmVIkYqfhvnXFD9bokYZfyMfH7+j6irumt6RFOKeVOfd0p1+PBkMFfCznc6MrV46phP08/z40ynyXT+nHzKxiyxeENgmkFqLbMqFoIE40RmAC2yBSP/5//+zyyDFDvHOOT71jnJYe5zkXuXV8+hzzlg9JTcfiPyCv+xs/eNU7UoZKq/sLzJh8len/71P/5RIPjSl+a6/Ti0Lu+pTWEiuaQ0rfT5chiNOhh68C2KP6YHN+e9Sw7FxYEhcvSrHfex07/9vv4J3BAmbwTJbU5o8o/7TW24AFOKsCToXS/5x0VxNs14HgCxOTyACAA4CpSyrhoXniC7wUjtExbvjIMIeqeHK4wHxDt1efThmc0a8tJm4iRtcXgFqv4UfNtjNC4TQVOa+2BDHHnal1D/d59bG54Qd14C78k4cbLWq26nGZzB9Jxz1htghvTS6X2bCvQz9+0o9w8Qwcg0T7u3OUSw3lcF2aM9tKPg5jm/hkzGudqJNjNl6y9ukJ2alj8lhg7XmcEmHqNWln94ys469/xwr4/NxyNCsqGF2MR8VJgLslEtrwoYvXKAEJ/ufQV9Ca0E+74XNSQGbdclScC8HC0CA5ggEGnYV+9M52RW0MOQea76fn2RyMygiMkGMmKXw8CcKdMTVLdkJvl1yaTzv1Xt3Is9tgcxxVjiPlrn1JmnqkMP0EQfweIY+TQhtatwhdJiEepvVPM3F4leruX3nzVG1rmdyMTgHHtJ71BBJTJmt1DsTfruYJAmP/Op0jIic3+COSsRGBd002vJB1GoLviu30Zk5tz/CkRmMLrtdNTdlw0BUUz+zO39k7Ysm7Wusjwc7H5pCo0+VW+iFc42QRm83UGR5kDoP2xBVVeM0CMVSwsz5zyOMRHdfXb2zD8NpP4UHLL0ru2O3bt3SIfIy0LxLcoXahkAy8PFwIxsCcI9y7n/cQuNrdwVk1u6t7hr7fF9s36YsUHec6yqF7MjT49RBfsaIL4t64KzCO31Jf1pXfLKzo+QLoGbO4AYOZZOgG8Vh901ssiIhMkgIm6AA7klApLKa3Pc3MWcuYvOuCdEXaL/sOq/xftmJvYATel2LxF3ZhdH+bpXjUSUbYMyvB/Pg/91Hg1PW03OfSbq7atstiuJ9MJMej55vrzasVpSt+BLlurpc05hsNS/GY/O+t5QBGN65nmescWNCoPv8ODt8uImv89b2mqYhL2ne+U9FEaEzTb1m0OGAJq7m//t+udPBvDpur8UqiH+x/h/Un1B7U68L0Ujh3pLP/qS/X0Rlzv8vr8qGu98SUyoe/eXw/VVcNpHOwgXSxOz6Xv8MF/79tozmgsQVDewuRPXq8QcKI0cZKRpD9nRW4o8qdSWflDCQgdLTaD7YW50ixnIA1Sf/NafCk1ry2BYud66Pto6V5tNpqfRu8QC07bVjssSiiDh9Yv6JGIik6FnOCtq0K3HnieP5y39NNfYbCa65vyWpoA+88j9z9XXBu7dEPNzfgB4twgwgJZbzlaP3Q1tkNIw7C0F6pk5Ul6S5/g54I/mYy6WB0SCxMkn/RC+Ekx8E7fTtVWbC2Pond7nGRon7CG/Kck3HUXtyVh0UiZSGp5HHs0IZUIm1gN2JHNZ3vu+Dm4lz6/SmrMEGpLrkkc1wzRxX/9r7cZX3XTSfA8YbjDfBQsYqXISQ001kuzCoHQsQmhx0EnGEYZhcEAnsMdDtlkouvl9hgE+zyPJqVYmnl1Hrvflu5PJ/BaZsREgM+OvbjIiIp7n8Zr6dpOlSJ6ekIR+t/ZSimsdmUMV7UPwPPJN1qDHNfD7vqClDEqV6oNmvmwYXPUwvn+vLvu2adrZsBl85pxTa2o3wKZmsZF8OeYr1fQvhYDuQl2keJFBKnuSCPmEYCssN0qZOR5gfXuWL369d7wsi1D8pEoCD8DJt967CQZeOz+4p9C/U+pwX4eqj/oOmXJwM+77vmaL24yIJJ/zL9HB7y34e/cH3f0KegNMBBCQl5lVsl+TTSv/fCmFGWXSuYVBxNVSeIx0Exx3HFjzahfOMqjCSPTsJrNB1xsRZcWq3to38Q1lFucn5kL3T4L0Ml/SIv6xy8T9/N8rE+uia8+QSu+o4K18bhCbvUo3pl3WxY0Yt9m8mWX/CD/90e8/kYYjp6X0FWD2jq11G8Ph+5aH/YuWzKycSx2oCXJiSRvlf57HGo+9QffXAEZmUNNk9FvLG4bAZBrgFrGmNQC4ypLYysH9r2rjHpFIAJAhAOecZWzpjpjb6zJY1wfBgNcZVpVinYoW404KzqOid6o1IOCu3PDEwnvIMpb1H2X/Fs5ov6hxCe7B3f/vwe3919IjmR1I962ATRplUdvz9ccPWTRLevwnxdxEef+/TIxFEIpllOto3qd00xyAuYrzLa3HwL2IySnhhV5O7eah3kM4s+2hvWMxgBx59Zp0T6cLwRb9adBVA1Z9xCljHCySdvLbKi7SzmtxORqEaAuj67fIjIgUHfHn58dX5gs7khjCXRJaIhJ30IdhUp3rE70ma7OAJWDQoyASIg9XvxC3soeRImlnnCDEB7pFr5vD7dDJb8lxb3G3h833su/V3qJhZOfI2DnW86z/yl6W7q73zczneSKzqt/+zHdKOpv1ZGUccoDgGEbbqzaAQTx5XdgUq0sEVIwBbm1LWuIX3fkC53kwZpyCMbsrQrvQbmS7mden0SPrleCokgGmtIlBY1zntZkd6OodOeeqNP4Cqo6ff7CRj4oBhiwjZPhDst76gu8eGf5RtGg77z8VpAAUVbZOHgBdrcJAzyc210eECCvmGEWOdyd8CX9GihxcdeP0RwBgd4WKVdLnHDFQCce3qhL0kBndxZgE9eXPUY8zf/p9jKVj8i6nhNfOniP7WUTyZIJ9hYmKh6Qz/rSFLxG2v9GH16Aij/AQyp8tn0NPgnWXhbjGLAHUQWmiu1b5Gt19zqOq5mRKmuPQPR3Bt2q63yoA5zzv+0qsJd5S/vu//xMzz88jvBLzirlmFInN8FEm2FVpi1Iv+cjIZB5RhICZkE/1TbdVn3NSxtbnpJc5W5floNycWpbE/AGFp+oGJv79Zzpo96WZqJJtF+3Bd37EBcj1qYThG73LUVs4M1cNQBLygeu3VhAECxjjoir2pGsGUd1b0mstklpZWVQ7qOmzT2kuR8Yt2cW8WUlRyqcPzIxI4RIl7/gwmhBx6woxuWzQEhF6ncM5J+VB354ozlo9oj4fgeaAM9yfApfahqe/5W2tDAzBItXlwaL/esXYAWRsNcBg2ssnxxCJ56JtjcguIYBGdzONtmC54JILqMwA52TI7xwtGFbc3ljivKmAavjeegcFu6qFGOg3dxhKiqP/StpnfIBMZd946+Ug4mSeYGQe9FZjO/+IyCH3k2DQ4q1KeBIR13ooIzOPvAnQWg8lGjK5IXhaJCBttpAgQ90pDRZsYnZ/rqGLe/ghRj2RStJZ6DY2xiQjeQotg7az+iSlnHPOoIQ5+qbIIssMa7tjdVcgM+M5R5Igr+KWkbnOJwz09BgS7a7gCcY0p1s2zGC8W6qiXeISFCWw6h0m42ixRndlPjuBaD1tMTXg79pxmf4wGtObNmD2emTG+3mJYGS3oTHM5Z9pPhPVrzZewiMig8jqd4TrpasKNofTz8m3yq0CzMbSYeop8atAOilSFniiY8in0rgVZu003dF13M4YQMw3+Z1URlIgoJGSZOaunAqCwy+/iWadkF/+u/J8ygSgB+2yQ/EDEWzFW9U8XmR0A687nNnopHcZ6UGOiiO5Scp9fhas7+5rTBQRbAoYHwJrrZaZSSnJwAWV2o1o6GOCwCK5mdlT0uE0IGXL/iU6w6H1mzpwuQtRGTZK4OLjQYhG50JwdVrakSA3Q7omE9D5hYBn6F3cgHjfBCJEdb+lcp7zKBvo/C1IrTg1wHC9PjQrsEU9rKmD1gYZpEMy18W90XMyCPYMpwH8/PzAoY81hR5RPFUWPHnss68RrOZcPix6+KF3JCJ2d0eIvcVFUVkYZljrxglPl1jVXCoJGY15awbikI78VVMHzvRLckyge/tlME+qaFN/utc0upF5ehpkvx1MZoAoVUuzSxGDPVOvgHI2BsSJlEgB4ulTgKTbhwGf85B9rQlmJuNRSAuDdYNgbWTehrmQFMCTGe/0JdtEwmUDQEYNlAKkjStFcdgaIgyeyXU3ABzq16S2tBaSPF4ZF76KWNRlpGmdE0dIVSgZ/+HdvNojpfRjeFrpVK2C2FnQtJcE46hD7m6V9dvMrL0m2T0p0QnTMUfqi2CqGiQBb4IFTB8ZN3IIe8FTHVXciSb5rLeGumtVaifz2MZQxVT8Wew5E8g4tOpopnumn+dft1ZpIE/KFRomKI2Am5mJNEpeVRnPAsuyvqS0BW/VCtpiKBQYEfH7+yt/xWVSj+dKhsu2edOOFg/yXFuKANhvS3WhQhWAlILO96NNF3JtmhP2oPe4VwgF4Nn4yGN6JEDxvBDQRoX3/WykbupCHhmV6OZjLTIaqxQf1Jq55Y5n5kradyXHaIwPy3bhGvv+kf7HuF1Z4K0Piec8MwO2OUbie2TCorWdesb5vF7cYjSHQftcKzv0oMsQ9lH9Vv2xOcnMyNx72upErUNQbaaUR3npuXIGQEZL7zIYVWtw9nEgniXWqDLsPhldZhw6y3gMSPQ8eWTG9U5Pt54PMCcOR1p++WRHD97VQRos/nmMZeyikVHAd+UTRpMbcMMCxe1Rmche5MtAyYX7xbxm2JaKALVFcKzoVTstCaDM3M55fp6fIN6q7skj/xAFjAprxBmp14Q2LimkIyNSELlyjrN8lba7ufWgaxfLOQVQIoL5VpPxWx+QnJg1dsgLraKWyYo/hLWV/QGz1hmQ4QKY4uMd+f7p3qJn+p01nGeEpj6IZGoZA6ivTTHyx8SLJnr3Eitc6prgb4ercJzG72c73FkyXJUEz16l5lPq7SkCFlU4aEisvqb3h8kcakCZ4QhV1aE+REjFQgkj0LQ5phTn0e8nCCK6GsQ5J+NEXDsRREh2H0RMOykGE6MNN+sVnCoclRgEstsY1gipA6a0VoFmMLQGbFPYtm0tX0emGKzDBo8Im9opwlFem1mDGn7DBYDnebSiVkegBpF5LUH4Z5YAQNddfH+tQVavfSIxAOecXLKLYtRZ6ArzPXNjfolysYDgzI95aSm84kfs8j9MVSxBMyJ2UZHg/cpIWm2JIRU/a97P+zuD53nq82uBQrgpnCpVeHZVXQcq3I5yTKVSRPt5fgC83siYM1AdPUScZBfnZrMOF7URS7DjNlux5eLJFArW7ysC/phsl/K88vQRLvKfPKS3VZMEtG0YmUGz66bVBqsICqoFKon1W2rvhpjyu3JOkdN77aXw8/C4I4M9AUHwfgXtvYlPmvxuerPi/8eeZvqZWnEhCeGMiOddjMzM6Xemq1+RO7sbXY623TItESVAnTfluBAYTH6PZT4a5BMgpjpjOd+BSAnKL7zj9SxcdKi92WvIUM7X2ciIPOyZQicY9vXCidMzE6huxdKqTwS17UNiaR0wzTzcqS/cRC67RuhTF4N3OuWAOVocHhmPYmx3Z3xX2ZzzAKh+6w9faGD+H8VWpLizS4hR8zWjCcVMNRoTwA6ned0ItHw42gVb3NlY96tyvJtg65x7XCdACYjAOdlAtSkkO3Z69O0/9faiYVI5Q6J+xrYGAsQhIVcAUmgRzMjMR9Xs8zzw9lmtYZkTKazS5VCecx55Zn7zJgnM+76xFqY60snI7eV+znPsXdXiP7VP7jRbK2u6K8/xQaI9/duEtHmeZ386q41ITldXqxRWXfT2i4Ww3ESjQS/VFAFoc7dgzENyqglOT1c1arYqi5X5eN/JhEuybsIcaFHBxOlSoh9zuPWyYjBySpjRkgZ3O+IuEZxhet/Mrmu25/JCeWijP5bp5ABdOOeYafJH1T0OvKbPPs+jeCFQZoaZJmO5tiQBnMVtMo8KYOPPrlmk/Y3qN0+Co33G7hwDb33epU3Dpc+SAM4j8TDJQxImaX36g0WgmpLoYrq8P0nDkszuzudHxUZVPc/TM7oRs5ZNAN6337fyv/7rPwHd0otKj5dbA+9bqlDnTpMwkaEduX3LlO80hqCRx9hi7hZVKotfqYvXjDtT5FDmH3vu8b/RzA2bC79T4nH7Dv+fUSOz8/78EIFylz4T+j1yVIu9/4C8+D/HS0cTi+j7ldighjPTJdmy0CNbKEqxe2tjfS+lJW7FQBJ7yPbDfydOXHRx54fmxOlA63qE+ZEIHh1ah09aZ6Bs4p7EvC2VWao2tKrxO2HO55EX2H1i+g8QJ+WeZM3R4oPeQxCLxQgI6PpqR9q1oKwUIjNn12Dquc1M+L9Ob0K/eyxJvt3iPWSmfMlnvqWtmg0lQlkK0i9Hz2Z8qLSTQB/9W07dfyYjPx9p2Vw9RASne713sV6xZSKUaTh+ZWIbTW8T2IxzJHPrFx4w2Yhz602CHebUtxIhF4vY8ab5m3oaenr3Qs3y3KkBw70US6/bZ8XqevJ4KKigINMMnb7WqznMmO7nXz/4U4tvzabQ25eTYrE+5rZDsm7kSUYsPB1Vdc4DeFXmjus0D9C53x6O6mepANdeeygDCjus3lZhWkWVP2Ls0NXDDSsEsed8N6P6k8+9y5uDdZx4b5zCscAVPWdqC4ifcGA6AlUvVp+RGVa0+BuZ2KKfHxtb9vrrdH7ve++B7G5NudenzwYoQ/D4JzBD1EJTAmQrge84wb4c+tvdUpLjtvPPlEHR2DxKzD982Ocaaw4E8ESEloC9H1sr+JkT0Hhj3NvdlxXaIfznDN+QruaZsNUW/jBYNZUxeWdRVFVLiuSx93l/u06gRA+GmDfpzGb5DsagF4pac9W7IBc0nnJr0z1vG5no8QZAe/gs0zzIkHoXXJkX/cGiS4Ox2AP7D+LM/RZV7/M83dN29lILhEZvzwB0a+hFYFdUIULmhFRTk8f9uCOgwbhMylLGMbBtaaXjMhmJ4PbGenQAIF9y4YP6BrqMtguAjVQAtCdt/Pu9zjn9hyh3g5JYbE1gGABHiyIG5jiRGhB6fEiSUxWUacMoAcfenXvcrJzbDlqDfCzLQd/UOrwMMDVyFq7B8cpDRvS8mCZOXVseTFXFyf2z1LxTn06v1QPyMNcVUiIiuicy1lERM7PCRc6MpYz6pWZpaVbRLKvF8ARIzW4jTCWsV8otnYOMIFKv6HmO3O1cGYsWRN0oRoTGbKpV8vi9CNnI9ABDA1QpdQSBcdGp+4pz1Ui3igHnuuwyvp36zHRrH2ZrXfA/vp16ADVXIUfpAZDPkWzuhn3HZNUeebDnc0wIsvg9/mgy4Mp+GF++YXfbJSYue25GS3Q2um5cBW37XowxxKYc3Zua/3hogDbpnlnanFjJfwMgqG8U676tBV3ymdVgcjN+q41WOtZD8A1qO7q2fclc3enq+r1EcJCZIq+UJUfxvcVSFrZ4XmLi9879PK4YNBnyM9UFH0hFqo8M/hHdi9EVq03xSHXnonqa6SUcnUl/X8B2fV4MXueciOyuVU1tKJjJeITlkbzlATwwcPL9/7h62yVJkt1GFCA9au7rrpmOpPvmUmWQ2B8gPets29rsqKdPV2aEOz9AAByK1iS0xeLpxAdo3M+4tcGwgyeAG5v7EwmDS+aC+q/r9JboMbtbPEFxB555MvPqYiU5bvtxtZTnTOUX9u6PGTxn3NjiiemT592MY1OgP73M5JzuRhuCfO+pux/T/zAf4tac/vBj5jNjp8n+Ph5mi/uq+iWZvuAl5VBXl0mR3e31AA4sCjZEuyM2NE5EUdXIfGzo9Jq/LDMBfeQ0Gikj9XhHID7X0SPA3roCge4+cW6Q8S+338Fc9iz3WU2C624k633d07XpHU3vUurdipGjk0vG1Vu7HfCBnYrUz7e+tjxmCYAkejr0+xauQOGeIs6kx0/+OC2ouwZEc4pxv4CqEZpzcG1lYHbDeOrt6yDpjxQY2y+0yt0xY1QsGLUQIsbCRSZE89s3+W91ODQGNwFkwDhExPs2Zmzw7iMn0K+3cdR7PTC5SSE2ahnpiGHJOGprWd6xsbR7BbLJM+mDtFbjJhPTniLDLtL4fgf+SRPykiRDpXtT1rsmIr7zS078cY1qHNxiuC1O9aeA54ycWeNtUBHhc4I/7xrbys2xnk3aOM/jNuLKYuaac5q7GYo7FxPe6uQg5Qe4m/mmJYxVtu0TN5jwdSbwMzlX9H9BRhtxEADSnWYX1uh4NnspwOkp3qo7WDrncNwfv9Odm03M79ZKdKvqeLKOJj3g/b79e3q5hZYWhXdz4d6kh7gmeuFza6sUT1JmSRgge2/MuxgvAWPuPOfAg/o5MPKw9gX4wQAAIABJREFUkORWwi5j+l5AkM85xsS/xT8XRtie8f771DZL89bCAvdknsXB/FdM4JuuwR3Z6H56sVSD8lNETssz7OzebBh/NxgBtuXZ3AGyq9sA+WUxk5ZzqUeXE8TcpuVQ2OFQ9yJfHEfzZvp2f4Al/gjukrPFGfZZsaogVPfQJqhevbJLCszXGRaUkXAXZoYL7nf8fH5/fn48z+suRpx8uj2pnf4uAucMCWad/efBP88ztI+SizWHsogwGciAwOhTpxH3HZkAFRFM3mrkT7huqc955j95aM3ZYZB5CL316y0s0lfjq7kIrh7I4Of9YFV9M6kdVEWkqnq7Z+9R01/FngP9XSk3oWazqumVW9OPosix6G6ZivhTgQxiv6009Se4Ic+JYc4N08jA/Z6HJXnd/Q2U1ldDIx0+3zg8n9BHLqZzOVfmO9hXd5/nSGN1GxFel+svZ6LzVUne8QMwE//5DoLUucnaAyv38vc82IoQY47yHWv5u2z9QN2du8GFBPtivBG28Kp7WfyzL0DgZTnalSQbA79qTs9UvBeNy9q/bUhmzm7w/cULrcQYlFlh2d32GHCP5p80Gdm43pQZdlq7U6t25wXQZNHvW/Di4X/9179As56u0srgKS+Q8fPzQ9Jpe5FKtIr5RJ6udyrBmNGo30EPqPf1dLbr6CxeTyAwjIZmMjdtfwOitrPtpaKs2zV5jfgDQg8UyKCmWWngrbITif4AT2J4LTkjPNvYVtB00eOOLvczzI3SDMFcOs1tYniS/Nanaha2ROTmfQ/Sh9WHKfz8eVDVBLtkWpx90IYjvzBqMrpeAqNIYA5JVoBm011yAC9IaJnp6R9BTZGxFwaqPt+ykjsCQbnfViTHlZWkVxPgtulzlBtbZY7TrkgE1on+rTb6GhGvjeYi6i1JjdGSkyyo1BROZvNLlRJiiLsGHSIQqPd1HYopN3dBa9z6Q9yRuc+9GQKNvsnRVyt5whWQTCL3AaOaQlO90TOBnqft0HeCGx1IZj53N4DZc2buUwMpWpSk8ZPZC6s+mWi5ZiNjtKDOqgSvz8YKpy9cYt9kM+KrXwYZdutizXa0tfkAnCMigrAExxqDJDEsJwYQjfpYNO1iBm7wLBE1a6ZHFREPwXuHHAdG5be1VcZx0Y+dNr9ex/fHZo2GsQzV2baTjHxQHYMvxfDCPPWB2x9PFI5M/RtqTBpH2D/cJdu5xu/v/0ZMQWayS5zj3YMUql/Sy5CHqeTP1ghhFtVxOGc9/UUEupxu3RQ5cZZeSF7p6dKrUJ9Z0WnuZHXXuMGZ9+PhTZDBEzkwzIX4pxGN7h5QjH6ea5KDQT7a+y0QZKjeWFjKIOhoZazQckQRZgAhEreHhM1X/EgvA8W/tKiQf3icBzfaTBswFSBJIrmrJntRJ5NiKDf81u+2OfVDiWdyp6iA7QIcc2LIgHBDOMOJ1RIME5CzRP2yaLNLe/yEwGLj18/UJfjcqXEdwtB8jEqoQcZIEWZ1reY3YT3c/EZpNjNUG7mLiLTNi2ew/X5uz7LaGpdI8qIOK7Fop84TVS9nfyxcVmmm+91QRCKjVI5L5s/eOr5bwTz5gGHuTPDE1k49pvigRztx63uqCs2TBw3qDqrL7yhIl9rTRHlf71yuBNjD+Bxpl6AeNm7FVCrhBtJ29W0AaI5DM9RoBUKKHJYZoHOe39eGZPaXE7d7fN8PQ295hWBk5JoLBcl6XyKY4QoWkeBU/FNJagubsQaWpOqu+pA8eYJHhPyc5ew8f94Zngixx6pOsZzKVRyTk4olSd57MWdmU5gxW0gJqqvQQr+fjshW9RALQoSIkh34NbFrkPHBxbs+mYGxARdNvBWEqi6K1f08PwTRqtdsoM4zZmgRge7gmsi5xNrJr+8LMDWM+s0gg93VlCiz21oNtnchvFJDpT7pfTn4/H5+fh7r2wZoaL0S4Ikgw/XOaq3Kfn1NNXIkj+bjjUdHjhUX/r0uH/Goa6db780/3Ta/v9uvaVU4jHSm1jk/ElovRmM5DdV0y5HnnH4rtu3n6jmcnR1fM0+7BnW1ADLSG4B8g1pIw44CvWRLvdsB3WsZXJsfgTG7M02+SaJx8mFOksfE7S1igZNJhH/K+77OBtjlIhrKbYLsbjNV5/mfbKhawVxF3UjUzVFYt0wPWmCTbzJ67GKH/1QqEF0VZghhfr9R4C5xoj1nHMn9XY1GoTRkM3NENJMk51NsJ6JRcmRCY9jiEZG1UGhlpBdTWGTjrN0Y6mV3GYVZq6U0UQbzNA3ssn0Legz9BXAs1YlxMggPnHYAWZ7IviovLJntJ0TXW43Mw1kU2ULf9wIyIo1ORkT1x9BiQ4dQVyAyglbkT0HvboCxq7xpOvr6n3D5d74ZGlv4KekXmhkPJEbax4wBga+31mNe3lQgRB4Go9TnnBHJXRATjZwuGo3I43EmYgUToKrVivOAdJaZzL/VPUmrPEfNQELWOcl+1jNI6z5pmfqdl/jJj4YUMP0IE4hlES1IHsMrdnDWFj/A26rWiQjvCVPpHs0vVLpDCCYpAeOoyVlNxy/oY7MTBcM7b976fVUeiqgaUr2/fwdaVltxULho+RUMBEOy2xKuthhw7CBCJgz5+w7+DpgCGhbBu5XaaFn9XnaLT9+s8uGozA1mSXKJ3TBKEkuiJKcYmx48kvV+nrEZqV5qWlCjkFrDH4dnRjDO7+fXLJxp8z2bt26sBjX7Oy9JXroJuRsyjKnfw7zI6bRVc5uqsKOCya1/1SRtgxADplNha/eH0aB2l4ZMNkNW/813ukzvCCTZplx4/jQMAu0Am62T2fU5EePSF+Hpb1VFHjBArXbW1dba8wru/mbxzESg4U3P+aRa5Z2oxi7KC5DAgtaqSEZoICs74em+E5kh9RMnmRznd79pTe9BerBUgka6B5jV937sSEka1gT+8A6864JMryfM9aLJc3qnODN+kDxN1zzIXhQfz/O8XliaDyMDSk6xN8/Hfoyxp5vRref5CSQZ3rsWY89LikEkQzHAn2YnNg7Ngn0zg4xzDrrMHAcGHPFl7/e9TdcWmdNxuEzjmB3l/35ek5ef56HvLRCJqrHBP8e7u4Jr7SBDHqCgKs1+KUPwkTtHQcxtmy2+aQAUhvWw8gKrzHTDZr0j+3M50d120C+NCV63t7b6C/cWWnsvp6x6sb9TGFXuICP1OWeXQn/rqGfTl42jNepGjT5+emIPCVRfZcnYEaNVkokUuftm4Y0Rss6snFm8AEO+uVaZSbUoyrBDzjFY0ztgbZdhrqs1VF1z8ysO8wSREVk9r6C7Gaz559SNyUPE5/04N+U3U0VEaJZXfXnM9X6AWRzyVhsU6O5dNgnA9qRgMM8Jo5duAPvtLjfbqyRYmYilpVZBuVFZDqukTw99CqOpdS/X8hCFcA/iHVE+G4Or9MxrAXgtU6sEPOeAbULAyA6aJ07prXp/8uQ5HnWvWave96OZjgAYFSyoyJx6coTGZISqJPXbQUKz6onYaZZXCtEvyPX2OJU9z8MlJWSEw8zEM6cQs5m6rGf08ZNK07VVqeLPMmRIO36nbXVPmjfci5jCSF3E8Vi0VNUqddfnec5S/Sb/A3ZtoV/WvV/gkLE2vEyDSW6VOz6aIPlWdb/jOeTplwgYKxuKiTh8CGNuRu2rO8A04sGZryAOOCl/ANOp5cYL65yMSImSCWr8vP+rEb/q9/d/87/++79I9mwf/bKnXYJXuZ77+jnCw1VjLZt0sZxxbKHJrbdWVXDxjc39YzjYVWX0Y3VQ2r9k0ZOd0N7JGDd1SONF1ZLHTSvFmBptJ06rGwC4DHQfvnH551BeMDKTb4/KP7yDrXbcJLe043H6CcyKgvsMXd9AQqzr7uUT7HeJHFqBfF7x3cpgOsP1TeuhkyvOYXfEjGQuR34qo33CY6iqtjWqpJN5eSu+y75SJ04M6Pytpz142dpd3+P+5doj7aVO3v+0f0AkIvPnGWKt3+9shLv65czb/fTbTuTkuNLN0s6R/Y6erqV0gY5rrDyAy6F5+gHg3dW4Y4x2T53ckg/upqvAaEmz/Lk9wNgdXwYj4o8aQrIc6b1Do1tqv1VVJbVdC28Nijuu95MA3CnNEoj9a+/Xme3ws8M5ZD3IlDVzEYajamSBPLk8hdWXvO9br5+5P15KXa9dLyg7QU+xxCkpxpZn7myM74HBU/uubBPYZvJKkl+Yfe3V0xRJNYtGh1VhCTAjxp/68/uRpcqRQH0nWbK1lBOnn4m/8gz1usty2renuXV9rOppnyC0GOyhUJUadxYy6YHAlJLi2rh+kSN7Vc+xGbJBMGBT2MyGEuqq9EruFtRgv54ZSt3isIq5bDIPZ0aMrG/I+k6nXbZWdcSgA4TW/m+e8Pt5b0wbAugem5kmxmWcNaph224As7bXNRY4rHBIqneSPa4f+j6K+3+udmGC58ZzzTt11NIofsLhSffABCDaC4xewGUuvFtE3YDvFnQBqSsyvTwFx5k74+TFJedNRajeuXF7py57KBdMHIkqCU3OpldQ7qIgLkN2W6rvz53oHYHd1tP9LQc59LqB4f/EGdx/n+HZH8HQDH+s8cL09swBSiIo29T8Gf+4LfSJdaBAsKurW7N8MswBdarhynj33UUEp+j3bH27BG4SuQ/Q/zHTu3M1zLi9Ktw2fr+R6/QRgdVbtmMZdIPKzDO901uOkCPUuFbd5rk7i80pMpmu3xqAu7+DImx9yZ3VTTe1I53pTga9GfyEf3RF+x70nJ8ef74GMIsrt/6hiLFwUbe7uJke8C+V2y58A4k2L0kQhlHemy5zhAGWIAyANfeuhpT9FfD5ygUnJk82md/eCkebiOOcR/ZM88i0uyETwP1KZnvWt4/VBZHvw3Qk5Gjnd2FsTFgIRPfL9YH1A7+n0XzVjHzfD7140DYsEbIREHDLjFs73dPd3V1vLgfccG2Mp0oORZTsd+UmDnmXY4tqFc13SN6BgU/piYxMxx97Pa9dhrbGM/bB7mkgnb9v9Wj2XGwMdxhxdrMa6cx9weS1KY3qzFunvJf1+wv77cfk1P8rZ4eqz9wvjTq21RkHYL2fFQFcr3D/u6sRkdbd34w2URWA99YMUQvwNa9uu6903f0HjXBvo4gk0mpUAB8Tq10eG67yEYLC1mHneL1wpPWses6Zn86RNThHSHLMxz2oHtZv3+BGy0fFN1eLUGA5Ta78V3Q/JMHWYNwjn5tnNM2ppJ41P8C3tbPIaux3vjlxH+EEyS3rpqJIb1rSWRNU3pGstQuZM2PZGMttBLS+iwFGpKmXmck/fvo3YJGMOJmzFsbv6G1Dh994eO+yI9xfWuUFPLq8ysiMNrMh9G+3EvJK8JOp7rc+3s9cwt1/RvKVNdyJLfHNEbbqoUuZZwwG3ajbte952qpNIJhjDyhYDTMfA7dmng0r2p1ef4KGa2PrMk2I/8Ylc57+bQeY2Et79DPpdV3vqnVC573s+9AmusrDgM2S+jPUbOiJdFHpgOPPXF2LA9zNIhnBt/p6ec3jGfbukIHsNmNdtRmmvOortGDiTfeGRAc68dZL2zUTzHyrcu1N7qacGz3u2fZ42NOFWwbcfTZtYxkAQNo/muGoi5UFxMgvW2rO1NqoR2QcqfPPPZJMvx1ewtD+Wq0+zyHt37KCwJxLqAUfNlvpboLkv6d2bjdxWav7CbV52S/a+xdntMzl/0zHOoXSF73WdkPdLWr2fluhji1CtjbAEiXjgjbd3klzzsmcQcv7fsx6wsIOefLe3Fsh3Dflw9PecrQ/9HqR+8X1WDx5X8701LyZyLSb/O7/4JaEunsOQHLgvxwWxd2l4W/XQWrseWRLyWRGGvrfq2QOdYzFfKz+HkDErvORRsd5JR2a0fRv/UZkcJzHOfUXLvl1RJQQdoWYvCHcy12hXPomZ/IkLd/0HvLMfPJsnox5j5NB8j4f13VdbyQjh5ymVQru7kzcmuGtBsIJiCOLd1rwn0FE1PozT3mzgUISxOd5fMXugSkVZwX06uP+Znmn4tlYubrtvRrqBtGjIm39gTXvcZrMCy80ze7+dAnodxZCPM/Mt97uc3KGWBHv+97q3VdIUmTePTQ3noPGP2NXaJNeXA94PpEMESc9YeTltvuJbXRit5lY8Zyj7Vsd5dyW3njzrTPJiPA+Ku8PM1MBwjknOF7Q7uzyHICRVMO7nbUqwL9RqK9Hvy68E4DSWoqZQHVmnjgEvea3q59nyEx73lD1cr3O7nsx1G7dwRR1fpszEy3S46HMtD/z1qX9R6o+9jDTStfwCQbYwT6d6Rl7bzoGJPafWDLE1/3SC7ntaLKTjFF1AF4QLf3B08y1v84oJKvsB/P6zJxzZmZjpUhVkCdPvW8k8kTXVNGu3iMJ5T0P9y2T6+XA7Ye5RZv/DKbYtu2zJKl8xaYcyRhrxJldHTJcofqXj9kVTHS/mfm+r0faf9ih5taT8+j+Itsx51njqdJEjQshx2NjanVlZm4I8u8PgxPAqjFIq6LDRNJbpWsNoq2xs9bQ5rRBql/f06Gl/kUPHEPEAR8ixhTFcU0TuN2bd3f+n//4V1dHIGnC0p16qaukAUf8mNxIBPnx5kCU2a2Z4a806myX5r72QAw9P/e5jxWM5Sp+z5F/SSLf6aiD5p0T7H81B6FvPFK/niZ4g6r1kgBsQP/pD1ZI9VZ19xnlznHDDvKCay5TiRnLv90tBdwrkjYr3bNg5t/MPId8+kcyj2+IOecBeGcGbmacdlwU9OSZL9APIk9i7J6ns/C5SRDQXGx1ujpgqPs5pybA9a0krC6ZLgdelwetVZEPXgSaw8kV0BCCYsccb//ocSUmie5qI5UAVPWaReiZX9uihzRTTFvWOApAYk5nTqTQzznWlb/vu6ZlIx8O4ZrDBFkqxteLwBfymb2pLHTdMEoCIdGmGd1qvTMuMl4MDNUipsdjTGnrvm2U9jBWMsfwtkZ5DjkoNoKRYTqNZgMHgLFJJLKrGAE0ZdnhbFiFOojuqrcJ3v6I696zXIm2HmEjlH3wXVDIm12fcyJdz7rRETz+ibSMDX6CRNfuSs0c+y9vn5XcDAgC+lXNodTXtzozrR7w4DcyIg5FG+bRHBybGECZ+Xntj4HMfKveets0Vw9aIqX2dq2ZkBpiNpvLtAK4kXqH1QI3PwwwQhGEaO/juSCAKzBHcMitqdPKQrIj00uSn/cT8eV3GuWIPB7S9uwk17tlB4SMb2oiMOajEW5NHZFjZrE3B/m9Tb9yMs0eSh7PNtT2X4mRkmytqBIG7EANYhhmKca3Uw1MgTWhOLAkHnvg7p31sH1OMwwTxdZGC15EAHjOuffL7XosFZH600HRr4l3TnC8ikFmtMuMS1P51OJkBKe6FcWS1lt43qvZlzO/wrSxuYBTHkRi4Ph9ru5ttoVbTHz/JD0hwFxSRsam81lt6pUSpFAavYiW292m498YyO3fJ6ax0wqXaWV9V/5aeYDDHLNOoueYb7MR8G8rbAtIcFITtfuL73yyShnHvCSfWoQU6KoBB+Zt0oc9XMTY0tdsdC8c01x6yIxHO0oPSfbfMvIMPgcaG0aUq5VWRroAC0a3E8FU2zGL7sx/EwPHYaYaDK8vCow2CMwCzHpkRHd/3soYT3aSoFMeGV9Ln1nS21Qj8gi6+1pOnp5oDTI8a/2Os7ZY/HR5L4B5uzN+WJc8bDO5D7+GfC1wTewHHptvjBxrA2Smyarqpp3xGTEOfgMSufomYGkRhUBmjArD7bG6kxFxyKiuPOlIxYGtBUAhb9tGDyu2JXDEqprYk6+awzucc9l2/lVFpoLMiJP12nFo0xiJWRy02z6dqVqrTpNJmd2dI2e1rGq1azEdOGbRAoAvHhQR5iCbuSxaQDaw3fDTGTmmi6OG/PRn0fuJh1giiDE/rM0gwaUSZ1gsr8ViIiI08v+WuT4DFjTUrwkYXlAJ4K3f8xwr0uxRa+6hwo7nMVXijBUFQzkqTxeMZ5WGIwamdwi/Vb6/0xfFckGGATfy9pt1utuDYan91YJsvYBeh3Xkhg3T2ihMHNXC6+YrDqnf4h7G2IBqma2D8M4PH+lEeq/dENtnKkoh0KJgS1gBTcaJBNnV66HkY8+GGV1AMONIY1dlnL1eZXAVrQ9AWQMRTpHMPLbNnX1l59jBKmf/AC7heq6bneNj2TzMzCOMkh1CnGc22nHYXmicPBZibAmICNoWfPzmXL1Pm72INqOrnMccPbWMFlU954zjvDu/MBAwr8cRjBhfI0I+GP6hajSU55Gd9uGZwisZd7bZCd2zEFahAeMN+45RahDE+Nc7n825stH2cBEAqECEhPZ2dSHiREbTvzPYn9VICNsq8lM1vC2GVQ4IlErdz88SrkcUsgIL2VkJ5uvaQzkiNYV4wOvrgO1sZygy+mOSjEKB2FU/9gYXgE+/YtNLv8TuGRt3v1Zan3PaeyBIAKXyCbkEIMdSTwi6FYbIfD0mb84+CajM5vPj1OyKA8ATQyVhCLtxLXhg0xlfbN49DcHR7U393C3vepF0xm1MEOOMtQXpFg67bZ7kTlCMzekF5CrHzMeMA1Gu9qf68taEth0AAFvwYXbI8zbjeY4AoEmMWoXuOQLAq3Kds9WNFbQI8GQEYXHqq0L4Kpk04VjkUOmuStjua4op6Tzn8/ngy4Ttq5DzZ5ur1C9xbRARGS2P18cEkktlW1h2gHh1q/E8zllRLYAZec7jdo222FLf/NXqw1m4MbnSwz/hRJ58Fg13YUxX9VNAbH1njCbT5aSH4ESra9ZqqJFxhjRg2FrV6LOG+GQGouvl+hpFnGB4Eym9vS0O03OR18KLvs8NBFCoUvVrJhDGhZ1Qs1WQMr3MaxgDLncjg2MOvqPctCvjVPIAYtwh/Vd6VhYEPbOcD8xprAxoQHj7pbd/MYJHcj//IqPN/I2IsHWtR/tEI3Nowi5WmjNdIFOA641ARp5plgpc/7PkmdSJYXu0ihEnTkZWt5nCJEEJPPE4dHf3qNUdSdAIupmCYCeCAXYz12gwIjKOHQIfbcXfXa9acBurzKi2KwBO8q23vT1ut2Rduuct3UeWHIdrreF+ejYEBKRmUurz/LjcdeeQu3/0J09GYEmlteyinC5zaDo7+3SdI/lvcGcXOqYVziTJ5gVw7lPZyKTpMQnQTfMgjasDAFreveEkhLErRLfQ3uEa8BIfgzVksFUMxqxq4KffhncTTWawCWd3d9lTJE4+7mUQ6nqr3uDYlwkjpgF2Y9NIvo7vrxw0S24V08vk692Ow/Hyme7McKJAjNclwluADHhS3XESjGNn7G30SIIJMM9Pq98q4i7HVo5iyWEUb72Y7HN9fY/gIRnvADKRz8kYfbmwRrXucTLi1SsoEQEeX/JIwYaxYcGGGKJB41Gxk4pID/VVykhv8ghy0JYaE4vvmRcwng1eeNbtPYIMSQEm0+3SFGzDkuRUlkG62nH6jLzeno4SRDQ0fnSAHTsMDc8q7JmEtWtcRu7H8gef7WK9BFYz/YXdZKhS6TnHdGqnvxk0en4zATkZ2ao7ypm8oLuxEiSbePvT3nGbDNrcorTEWy/TtPbv9/O6kLOmJxkGE2P32H1RdMhaUrQcFdn4eR4MSfqXwfFMxA5XjAlvR9b1XlGgicFd74yv1pn/PA8j8r/+//82xhzTcSLWrzZn2HjJQTOF3t4SOXLIYX6NcaTLXTUZyWsIe8fvgBEooN438phZHCtj5P6KtfriGsX6dzJTPa6d8ZUjiDZhADCuGujurpKq1DGUnIglyAcX25q3+8eLjXme+Zs1wfRL/HHQDDJyDuU+lsUjVs9xcyqAT1VkRvD6yBt41+IdrgVbSPe5BELJrOre9Y8R0fV1UzVGPGbvS8YYLoGXfZts4htPrEjN/yuSnN3fkYJerXXvjsVE4x1+H34Ro0qBmfVAEwhi5MmKyCC6VP1utaR7QvLrmmf0brIhME/Vc9S5DEYBHVhbfvvYL3iPCgz07JD/7ook0h0dJO6Ur+rNzGYvqmUf2IzIWmzOl9zN0j2PWqbMGPjO9KIzjxAZ+Xk/kiKyujU7Biszz/iBDliJKdYSkF0X48t6yFGE3FqXw8Xzqomha9h2S/IrMbtkJYRFW4os6Hy9p6vq/bxxguSrumpu/yFJDd+sdqVQXbCToCcPoO/T3V86I4Q5WiRpcxh32kYn53ySfukOQKqOLfczja24Rm/McA2kMn3M5o6bBgWgiSudM+wizbRMrfM8vnpaZPzegohghqBgkvIQjkB3xeycmZggTTVvLonnBYMVIt7Pr8kdGoByvPZcT3iCES7KJam0o83MExGr8EC7MyZ33ZcNzQdq1tJOXRyb5HPOsSJBM4n88qd4XemHP+gLYt2GIciy/bH2LmhH2nMKHNo8S+CMuQeeW8z6/tPIiOFrjWsQsCSOKYP6myn2Z02jCCOnRpF3Lw4as1GK1pQNdj9/29AMDVNrGH5GRr6UnZunx0p4Ts6QXF0lhqTxfGxfn3lPWEaGf8TFwr7gMvFWqc1nAYjnPNUt1GFcAc19GtLXumeeLY1QgUva8pxmiguoHVAjA+h3OOz+cbFHVJ7oXxM7379AqeMc6wCS8ZqcBXZ3vb9wWyV5je3gBl2b1ajG5sQdj0k3C49X6X4/f/ixrf/z58lx46XL621LvpnUJxB83/fzvtYhdzfoq+SaZ4a4I5rxgIIGoAM26Le1znz3qGovmxnuLUa20l3g2bcw5IDS26r1onFPdSDIMbl71ykF7dfR/aqf/Jkmg3OJuOCc5qXbsbD2v1pQskX8HyN+wmbrc78AmvwyyELcadn6KpAkzzkzXSWAcd/em9VSV78gfuIB8FavOH2GLc5xEaEtcjRKKp+xUrD6GxyS7jCtbUV38Zx3i7SJqLJoaa58ZqqMBX6NjP5m6vd9LZ2+dZGfiatE59aMQxdX71/3lb1U+y/BqP60DXC+iNJMoDdMbe5mC7NJGOAS/hh+AAAgAElEQVRYDgASkhBq1ubtp83dESWrgDNcarer2UzgQlT+WRRZ/YJToGQw7S9Pjr11X82lhBno+lrECkZBz8zMWrpCh2r7vWpSuVaneAkN1xv6rc9WurEUiq/ra5lSsKoXn4dzzhjdcDJmxDr4k97SFMucilVRtLr77X8XtvqJkeFBYGZOq6Yg4rXh58rX/GkdTbo7Z2uIyTGXyzxDpe0OMJ+zprrOjKrRSk5S81E8j3GUe1Yx3/Hu7RjbUgNFw3lXEmFLlpuAuntGlHugvZMD9OB/rVPJ+6gdute22CrJHfdfbp2+IdRhHFc0UF4VjWUIDQHNpMRWLTS5PlRqQRGMNJd8grQki4ewihxi+qxeENNJydVIRJzzc+/m/en7KgGtuVZ1qc2R9KDS8VIuC+4GOEgBrFMwYLOF2fnhV2mnbHrf+7I1g0PctLzujPhmkrtDrg9qRPxV3A4vp0re9sfZGr29ntNd3O/YXSfyeX7uG5xLHc7ZRoGn5MAm75S5CzNjvUESxPM8xhpGqbDd643ke1pcA8R+HqxT1ZdEjK21+F0SMNsUHBiXz8eNqK5bsLNj59s/XkD73p8/WwkBvMYsiEuUJndmE+mY5ovmFq93jUSMOclbVdZI9ZjoSl7vKXnXlwAyzUbxg1Gp1e+/aYV5zokJ25gSxYhXt7p8uNwHeerQq/rlMisHQfH8spsE0/lU+4FdM/sh+0/6JYStF3L7C878r20bCJgFweXGOrN8C+NFBiydtBZwJtk+LZlnEAPEdJF/kmB3v+/r+BARakXQt+z9mAI125j9HrWCJMoD7LtFj9Coxn0GtFl+P+fcd0mKYZFrdTwZ+S6gie3NJJ3MMeDlrBCAZrkRBzHUlEJWNO78z9nz0i619eqmTu8rVL26rgw3Ek4pkjmYyQzwvEjA/aMtheN5nvsiPp+PpJ+fnzAtgLO+SLuf0rfB7+Lk05IHGMl0/LQ96fu+GkzZzcso2AC89dvdA55ubSzp1hXz1ebdihnv72fqFNd2TiUqRiRMLPkKULpaqO7Oc4abC0yyrup6/fiuQjF2PONzMhtrelYsaFcwAqPDwDR96BWtAhuatp6fvNkDiVo33Jc7uwGkqqrqec5bje7ArHg8z7PyEmGWTop08P/DHYkkbx2F931nOxQEKcl6aw3cGM/xFfAq8rEbcdK04GUe+VedLFl/diU4cbntfuMmjvi5+Y1HBKj38/HbP3kMSUceqMd2ciP59td9zllPAp9obsAM21lrRbqOEoYm/tQGNsa2VjhIekeaX4dPyzz5mXh5LFpGUx3/Yweuk+W7pREzzTvlCHSGyZGZ4CQs6lOfzUKUZmcDvItl1KvjaeFpy3Z/k7LHWRe4NW232SG5vczQrz0kk2Si5575mtVcf3ZBVVW9lZl29djPIEnP81xF3ZSGQ2e6sMBCrBJIu9peZxENdsoFSGZZaXm2TDrbVr3GrvyHIsJA9/zWnJYgvSQpM/J93+qKZFd393l+Nh7KME6Y4L7m8Ft1zLOvxYgQQ55j5LEnitTyQpG717BygPFzc+iJ/Hw+xFe2Ipv9DkA9+IyBr4befbY3mvXIzWGge//TwE2XxHnPv9HdfA5Wk+pf+d///d+S6v1IstXvBXAjAuDPz48d7Sf4mjnIoFDvZwwDoAXpjAu3J6s9VKxxOPEwuet13Jvs9933Gys8uBNvuaDBV0qzuwcMLF4vQn958DmnpTyM4x3UzCCF5xnD+i0dSbLe9zln62ICVDMizXP3AaV9ctGAqt9hG0jWYFh/bzdYh4uk+QYrgvsjI5pGYonx/vDw+r5mMmfXApbcbdZU7LonfWmVI3QgAXaNSosZr7psA6FRdk+lJQSjVJGw8/vv+xvpeWCILTX3GLkDBDCHHwD5qls6cbq70JGZcWQTWQk2x4+oeqv1/7J9M3evkQeAeAdra39+kjak3MVrn1b73U3Lan//bXpvMaRXaQq86xqJRnkQQLRmhgAYBNlNNYTqbl3Hqu3U7xtDqh1vWQkWfHIa1O/GWmQYGqe+LOy8aCK+oUtatqRjoAcASQa7oEaXGBn5gM5Adyru+/xajtctwJ7lBKzAmir/U29mZmRVRz55nmpVL/q8vq5TZnk6zTwnk1GfAlkqqWDjbwkZFqkNSAF6aCf0yAAQi+SEnY6HhcHp7pz8MqOqv7qC1vM8J8MzmJYsnQshdjNbTPRskj4nMearQeJEotVd88Az7RPdFvR4po2SunZ3EI12LZ2nVaBTT9EcCGERBEDq6icfAYLOOWZWVr/b9uL2p5mJP3Z23d7GeUj7ziORPk5uftQqqwTbbptub+IboGdp/MvtBKSt6g2doIl4zowKnICthHAPH8RzEtC5MUfqes9+jFviDE6XsVRoTMkV6W6/el5cy7ylkmfpV0ZzHWe2Ppu6TROOpyvoTp7hsuztIBMM2/XO75i5eaeSENcZsHf9F0mwzRLrmZUi8/FgC/PQwhwN7Q3yJ8x8zK/JQYaHCQu6b0HVuw2DL6vZ6VO1VxXjRGSbRuqSxctmuy1XtCsosLF9NknMsZpPYnE52rTxP/NShFPH23ki4sTYwyPHC82DLok+/5P2JijagPiKVb3Vc9jSVtdMe7nB0gWMk0m5U5b0t/FDzOLQSI+Hj0Grwf8h24CaMRlJzkI8PufHge/kyUhQ3Sbzzjw9Qt0VzHPbnlGewUzooBmsKlWeCNtZmu6zkG6bgJnZCwGMmsrypshu7x9kgO9YFBrk4ok009mI+T8//0ybPBHPuyU0DEp/K+Z8fkuItioQ+KoH2VJdMNeflbCCJ5bzpBnfqpLMPIElprfq9co+vHrfKgFeBnTO8ZoIznYf/0R29/nn5+39k76/lqi7I83sXbWtKg4jHXvLWrB7Lz89/JdQ0FyhkfzPdWhS7J2+HwdwseME80yvU3P9kycYs+1C4fGxX69GYCIgAuE9PTlL0cPvFEBPg+SdUit7HTDCJ7YjTiCoIMIEbU4gsJhsillmBHOP7hhK0Fo58+YyIkONu4kXUnt1a9BMuvctSBHnnFw6fxiIz8xPv4A6bAol0t2DDBsKkMqfU/aW3fNwMo3RtOX++QTzrddh+1X9PD+AOyJGJrh33NmTIYCByOwCiZGTr3+01IWOEwhUF4WTGeMHwpK8Vv0tQSOpdKCwo9R0FLAXzvS3XpBoHOj8PFh0DH9alHMOW1ClSZLtCMWujmFReEdamo1rqkGrKdkorkfbz2T4xHS/SU97NtcEq+/QRtZOlWVM/iRLpNCNPMzqNnizTZr1Um4P8tP1XfWz3+jmaCcgW2B7rklmzy40hjECLNuaOM+x2Zf6JZAzyBzLaX7toRagH8AhzeMbbuDCW4PndvfbX+hWsrjTX6W73AJcv+CGncxNHch9/sNKE/T7+XX7NjV0F6fneiPi5EOy9LpujFz+YMtbU2eNhKkGGu94LTXBcEasz1vQEHYE89PvjbcGHT0/VQMjelQTuDZu9G42SGPjEIi4y2yFjOh6jUxFDNPRz+HtFzsKXuCgLgj1PD/ueuIO0hDDf49hHWLXonR3IBYd8g+H67qhZKfXlk5F9RfKX0RmKhPXXf4ryk5rcDclBrtfDHec47zPQc+dtsOEtbQ3bHI/jO/Dcx7PTPtWBXYUMKdkQP9BqyNyLOMx+o+9+80YRoU9mmfi4EXcbwFoKp+j9euvaktl4R1JjN5WvBsxtb1ZmhAbcYcxozMj+XovgoghMgPo1htxIuKtF7MkRosVhATZULTa3lxuTcfmYoEQ3859SK4N7fx+x4QpdxPmdDC7tYNPF5l+sVMqzV9KPs+hNWRUD3kOgBhp/qzWFmZqLaT9uk8mI6S69kG0YGgZ8cE453D0klO9Z4SafQED11dEexGZoQQsjnK/PDkCimlcIElv3yXPgrgqOkZAI7OYGDKs27HfvHpoP/MIvJ8PGSfP8BIjDgNYvqYsLdth++h49S1JJy4J9gA8XrEzimfvFjpJZ3/MEMMOb91vZ0TN8CMIxxa9XbF60IGrHO5PIHjGeSLJAUzW9IYRwczqJnDOafcvYwFkWNAT6CIHiOAaQnR3oRiA4ufnnw3LlMTZyyWHlMxEqcpo0qHaOnjHop/z+KoEePK89Rrp+g6QHPemg+MdRLkUqlVT6SqSZxOGT6M5PXien4hIWCtTgeTagGPFed2KwHOScZfYfJelV5UXgPtD9U74zskZZRF5DiKqoJ1QkjOW625x4nzDphnbRJKRQUZT3YMunCfr8/GcpGaVBfddEJ5sjWPHAqD+v4mFceIwrXCKzLZRwBILbJed+UQkEO0KqAoxiKe7WcvY0bOq02oIIr/y+xwi3SQLuNciMDh2ZjLk3FfovSCIzKqSKngi8vVIaeQuAAyyYbzikORicYCkjKcBNHL3M2m4TQpCLgUjPXV53/fVKyBdLFMDpNSfzLWREsOF+doFJ6mutIeH33W566EZ7icT/PKQuFD73VRc6LdfqFt1TnYXMS673Z0nXfpGnnn9i1JriU07jOf+/T1LCjfoufbW6PDWzEqeXr9hagIj8iCyVMyoLoSZbylmBrsrwEvS9yBqSpeuzHye06WIyJNdHfn4+FWVFWBMkPaQpzs/jdA8YdF/eqsBJPTbjIDwxCPhVdVYMESLz88/HJSIYNTn5TIJerj+kXF685o7Uw37KLuU55G8hcUOld5b6ZLAlZ6b31Hn/Dz/dBWEOA+9i5QxzhMQg6qGUP3ZnqDyX//5L0zRokh+RoE0dYnNPZ48OZQZSn0i3V0Cep7HYre2/b1mqu8mJCLErirPfKZMdAt0jtPvncEaDz0Z3fWagD8l9R0VfrlC7XVkO7LeRArNTtcUu1sJPc+TmRHjpat16e1uF+f0H50xl4J3jfbwj/q7W2LOdGs3nJCAPNeygeDMbIXneXx/5jQvoudrgJ2G7QXAGMpv0N1/fmUcM4EdqgS+/1t4RTvmsHabA9ndDpdVdeLkce2bjgDHVhKiiPf9+IOTM+v+80mmq3c+SDMiOUCkzHwHR5ETERGZQ9b2Efe8Nw+pQdnaTq+GlaYmzBlwLzuPgxD1OeeOYZflR9xKfSSx/ngmO8SeJTCoVpAnxn9Q42ptNqsBte90DtI5ZzeLoKVz8g6ksPtdY90nfHTVNbIGXp719gCraBlWkawpy8gIDjxrzWjOJndpbVWwDAtuY0lymsZhvLKXCLaWeJL0qaZBFKNgEmE10gPhPOf3fZ/zQ9Lv3Xyg2gKFOy13qWfXTiLOebgb9tTf5oTXvGtkNPpmkduCaYezMUJKSeecPMc1PIAewBew5aJ3lBkW37FejBGWBzAKnj2nacXMcx5J5lC7kvKY0yf2Gl539+5kQQ60dGPIfEzQDpVj3eD06fj/+/vroxjX5CR2xctlTcBgetzftxplandNcoqIgdF9PsEuIwt/eJEYgytVX1sY/DEB158fPRnXY6FgVdX71RLhG4DGW+l+7ftf5w9j4R3XbWM9lEF2zzCDg4v236cHTGm4JYClso5jbm8MvnxBn31oJoUaBAxuW8Thn850wV/kKg8Ny+2I8Q+Avm38nzs+Ufd+To0KZLiBS7iYp6HGOX9JyhCQjOcsFd1w7YZr9ZdJxOUI39wx733a0W9CuROXvAS6OBlhdb1r1ssmI7lTa0/0PTCPmXlf+qcv24w/u9W+xRuLNvK62OZMWr0ZoS97AtaNlvl0mVnVZpdfcAqABXfby8/lutMmrRHQDGOWpOFKHPPzZ/lYrEd2cDy7qsvukBgMzkBPwHtWvlk4NCusoOXiSap5ngFZ36OYhSjKzDMrTIeLCqCkt8rPnYtxQ4pM2IdNGt/p4UAJwNWgbgaG72YwM0/3lxteux0EwnBMbQOI6BrZhKH/t19vSjRDeILAHjW5fDaZccSmvNCYr/bfyDCJwFouP5lhfiDPkY0PMiWkx18exgzlyphRxUnYbCI8NnOMsg+v+8dRaXiBIVZR67ds87GwD9KSUSRE+glYHzZ2RhrTedk1UUvD2ScwzKl6TXRwrvMx9EbdeWLSUimXHMrRSdxhQ0jetyftBCIzbAAded7X7N5Z4ZN5IlLo97U9gkh+Zq3OqFKWJNHerdjtJSXvNJlQ5gN11dt6N4l3o08+71sg3ajXPI0pCWq0a9YNz85h7F4ZzHZoNwNtvMBnwHa8HF9Nznh+Grx03llXcbNo65wzozh8Z1I+h655gn80r1969dZX4DES8/VHHgk5g5DW8HeqqTymLlmMWIC6rLH1i42qEvp5nq7JjPPVTGpYitLfOnA+0p9ibMDXefXDJpb08/OYekISaZbAd2SS+WWPLrdr7h1g46a59hTBkcF19TVejzGLm0sMwCBRLAGLyxXqqTAHdD7nXOb1ll4aHJxLZe1maP2gWwt3Pnl8B5k851gdErZyn5EG/F2kL7kVsCRi/D0miy0zd4p7fsVqzk0mObiG446xY6kMfpJD9Wjt+sHx8yXNtr46uZlJAgNyAAjMLhDuHSe9yQaEfdVNcPEnFtZ12n53S4PBGPyGX/1U7PX55FIxdEv6KyXpcs0n4ETcKRRGY0mpLKW7+lEtSdCjr3CCWL7/fePabsI9y4zpgThn7VByORMzKCIdNXehoCSObGj4dn+C5DDk/jTI88uT2u7bv0yid7U/QrqvBrqHqXbw5dL+2csyPAWQtD+1c5x9bQnkOdUdRpjWYcCx3/GMka6knNglLk9M1b1bHlypanNZOjNytNH/tlnEt96n6/YjAOurQ9o/tvRb/dkDZL4/tlgKDxFjW7BBi15M5Tlyf7quaO9b6tqPuj9r4mdVTQ0w+0UmAJLwkg6vqel63eDnLPKgc5xm0fq3552OYqTXYSAydzG4vDRFHuj93Z/xHUJDgBVCDot7u/fzpzmfkpYCaLjwfrXdfLOgH8O2LimyqvW+krl93ynXxk+AgbBaYGyrtjifBuKcsxQ3NxpTOfgzVNWtVyVFHu2dgpdMNXAtzn2vY4FFCdQ5ZxyRMLEIAO/CJwMpVm9IVp9bQN8a73jP/rtrO5Thy1/VRSLUbaWC59jjWOI3C2tiZ0PA8zyGqf18klOK0NtQenQnGfE8T6u6+yudn0fLLZZwzjwQNxyWGvRM1q/dyAzJElO05NbZowZWXLs8awq7agiTq4F1WvGZec4PHOvVBl6FXUE6ohbxkvE1Wnz41c9OPnxT0jC4pwm17d45R7J8vAxzadvNzGPraN+X53lG9Ssc65s5VWusd0lmZhwQaSZs5vu+F3vMTAmuHvPJredZe0QDJm7+7VP+6Cn3PLgIf+/Cg5gCwhHj7W4Vxum+t1d90TrnIW1pZY1Z3EPuRuDJ01o7FGLjA9WKOJnH9eoiad/Q5CSYmVUfzxV2yOcx1VdfRcUl23F+SRoFYa+QzpPDCPgM+Eg447e87+cLoPnXLSSCjMCt8/13mnXKP1s3umbr4XkeflvU0GiXI5hV3wVdDBv4J8k8caP6ou3IBXvJQysO9Xa3x4rv+2bkOUOoIn2K8Pl8Fp+Z9QGzOJMIhteeO+JdbbGGpmwTficgrv/hSAFOPPX29bMylcF1q/aqOA7srimR48vios13WT0qWNJaKN/EKWgvIi1AMR00Y5H56SjTwSYzXSpw0Ax7QnyPt4b75feoiDhPXoeA/K///M/g6GdjjP9mJAKGvbaHLAOqZd76OQfBtz53Ti5ZUwHQoLzMUTC8OL5d4OfzARiReS5EP8nevGajpBz7l3ORu1tF3bDoFgmRNo3lgm7+04nwSCQZ1bM5il8AaAqC5wxG6WYPGJ3aFJdTzXzRt4hozK4PjLcjFxkZYE6wqXHcKEOy6kPZOJtVH+tuXDFKzROiGOaSACMj2JVHUyHv7lzXFOF9h37bBOPtKaoM8nF3eD7nuI0HkBHv56Puk9k1zoXdbinblqiRzwQi6sYj/0u5gZ+3Trd/3GE4QMXoUMaj1gvHveFDduwaH4bxWQYSmRG2vh2WBJh5QEScz+fXgV4SIluYuszvo5tE8px8li5twF2gWn1NZsz319RtZ1I11qXdr2lxeW9T8V9ICLL19BdC7SHLGwq/Nd+Q95nuZnVODiwIt2Y0lmQVahv7e6YlS7Lez1vvbZJJSOXVK+OEy3YXek6+plwaLRxlD43Oh9tVNSKF3cUtSHrrPZE2rSLnP0nTz9tCdAHrAMi7UDQoNAQqJJ3naN3BtZYggDuqaVPP81S1mJFZqobI8RA36OO61pMlEGv9xJYmm7Uy7gsX6agURA70SldO78kfNeI42QuY2trhaR5apFonD93tiIR39RjkaqhjJJyv6Uggqt+TEeNUK9Oigwge0ozU6EYvZb8HVhhmGckmbJzFZQZtUQhkCBIVccC50boluCs/w0wbLjAWkr2ErRAMhQPAz/nHA5bqft/P8zyYc+0WzoO33A9JoGMY32ezAKT2EIvB932d5yw/Z+5mC+5YmgHJbvTU9vkAkcHEzgJWLkDrLehhsCKXieMrYwDoq/3X+AVjWzX7Zo0v/zjvDXMwI7tqQX83/yMaAKSykRhhbyHBK2ROPHA3m+dWRS5tJ/xy7UqwpxUzGeiuVZasPd1svolpxnH/n5fuarMXeI29LeQyNX93b1ij025ZG+E1BhseYd8sl5jdTchsR0ZEFJZ8BETkk88qKkgOHl71npOYZmwYxP6C+HdIWpN8ks54ESVd44gZ4DUyDzMYoaZMkPMcOjMPp0UCq6uqnvNjhzqzXM3tdynf3R4cet2rv3JG5FUbcQg1Tme+pFL/1suIPFk9kud/fp6uKnRLARld635t1DBqNuv2ut/6mK05qr4/1g0tPXliD7zP91SIjFmqZtOJxSYyH2IOJ0Nlyu2d3EpzXKF6y4Qdte9IO30lI5nJTEa9I4zIw7deqQUZdOidRd+c+Jwca1SahTabrtRdVT//PN0FNaewllTpdNzdszs3JDwZs//IMwa1YVIXDJ5tH6ZVHAH2W1bwnjwYzC5JawumFTdpQyg/GI21S2C89RO7N8vqGQIRFEfbSkCosCgAkWdEIZlTPRtDyfguY3AgFQBO6ay9NQB6aNnoBY9GhEBymdGCImPENbYLICaYOQig7ojlzqUOYRJDZnZXjpIWhkU2xUrSW13owzjTOvbbHwTZSobVorehpPdyEUIp0NKJmWog8A6EtP0fR6MkiYbh5IZHVdWajfSzr6uLQGQ8z6E3YbbMjqQ9WwVJZ/RtY7LR3UDbSx1QSOnF7NMx7vl0yypI7xTMzwHtpWAp2xRXQajBPDHKXmlStWuvCe2jjJTUeo7Rz8HYmKfW9SGnvjWYYuMpX9y5m5lpI+Cfnx+eNKZ9y92tGabYE9rHnIx//vn/TJRpaZcQhuDVZTJOIW86hWnc1tU5SX7pVnRaHcLQN/aas1VwiXhALj3RbJ5odUuQTj7mPOq7ooBmHJvL3N311jnHkVNhmjNLhaCXYd2nlLNitxl437eJ2cJlICaf1vQpvf4o3QpzNnHnn61uR5V+a5ahOZuPuhmteswvGcrtRy5oM8JTBC8zoZvwMeXwZM6d7TnHlcwMF8FWrzmRpMZg5TV23sIJk/obJtoLcU5LlpmR7H6NQfbCNQADiMxE1I4h5f8f4vTnF8SnnMPBkS9hwgbJ1/1maxnHfmRRUGtPw/oPzGXP3BZ4RswR4V7gStun3BKqmox8Htc8DO4yRnAEW4iYsbfBKbNeJK9bGd+vXhRbq4MfQ1D0IHoRZJoFeM5J8mQms6vAcIPoHxSMUTE2rmOqS50uIE9Dg/3uKMU5yGO2mGzp5+0Zv8PzAF4kEVnrh0nY57qwU88TARsiXdrK1/ZAt7PwZY/hT4zrwAh8OJ/ZLBetpmREN4ytZ9FjcYN1RLjpvslQrZGDlYWeBcNL5tYWCaTHCZmE5+qzgLeq1qKzSTY6T+5QDUPTIpJ58uGMQxyZeb+1FT+xaLtVuc95zCrw7owZe+zzVCvQ25jPLfbff+ZsMXhOLoOMNGh2YeiICDCD3hIkNJJfuMOBmvR9B9H93jDYPf7y3T2lfPdibiawRuQ5eQC+7+/n83uOwdK5UbUYk0/F/avUa1FbqldScWuzPE9LnP2CgIsx68LPwbQT3kVn9sDHUTfClDgTm1Gq7vYZttKoukYIZUMyRMDLS6iFfd0756Gntj8/P13VNZLlmbnPMl73GGSk+WtmEHMnZ+SVxzIzX/9HBHgn0QEwmVPpYAT5vv7ulEeU5y7A4OheLhfEEfE2SqXqc0Y1QqvxzFD+Mx13/rmhrHs6bpCZZ/L7Fi2AdcwU8L6/Df08DxsUfs7zvu7LWC0iEq4Ug2KDcYKI6l0EGJGZb72lzjyw/lbIjLBtF8bgT9L7vvACxYU+DAOJFG1dL+24651eiz/PjxweT7z12pyE9nCTl7VUowE+490K+9Tv9GFYdQu0DnD/PAcA0J5Dd1epYvt9Y+uRaZKM8dtkMmSQV1y6VemcJ43du0/VmxkeSV6Gx+CHit6z5BeoVV+BHcn30xmZccIHKnhh2F6f1fd93/eNc7xZ5JyxhpZEfpdAuFJ6nsd2jsmDyR8n8+mWcdquF2r3mDGbPinNGnAGeXLUBJmRszTI9HcTHF2idHVsnTJrZEiLhqr7xFC9n/zxUc+Fjs9xjlw00s1FMhndSoaFgEP4a9kg17myTesJf7pDBTkDrsOTjFLL6BrweT9jDOD5I7BaVbqii/RO2e6qqs9kukyS3jE8tRbR6kjNJANjo33CvjW2gCM4XJCM061PfZ5/fkwHGhvhsX+0pC8Y8b7F4ep5k5x3VQ189/v5dRL5n//5n/yP//gPz2Bd1AKwTjyC55xVsjnrzwqE7rYx8WVhuBQ+51z4ZRP2kJ4wXNE/ak3PByIvoLO0JpmV4IHb31qfW4zet+sCYV57eMxFlTyrjAg7FlwlzqIzM65wBucUYlun7se/4/b70+n9IQ54MYK7nVfPqE074os/biRGOcj5Yzu6iMr/YB4AACAASURBVBtM+w+T9/7TdRVGueL4PgXlzI8FYNxOy5avpopfKNzaOnMQugX71Yjk+77P83DZfyQ/n9+IzHxOju6KOw6NPyPHqZj2PNCon3p89mW3pLGg1S6L6204fZjs8yAyIk8cHyEDZbguB7Od3E8m3Kx2d9rHzS9xCHZ2+dT3rbkGMIkdxOyg1vP81G622bcUETFcMFqZ6oecFl/f6dJ9p/evH2heFTFrasyQddfBsYpzGreJ85DF3teSdm2xTgC2nH5+Hp8TwxHLD+bmkmEBuCUAwGRXddmrMST9POdLyWmt10Qvw8QzzHMLa4MybUaMGTp7ks8q+64Dnb2nZkF00K21gnHSRBrvz1wfUin4+X1zLf/8Vk1ddoPtnyl3d3v1PGPt1RvtkMZv/1li3Hi4+c36mVS/+W90htxSLGblzp/zrLUl3Xs+nMFN9OiJRTNz7u633m7F8ULqMaDZ+zqHaePMdI3v+7YlmcFkKHjcxcfsy5oDyWjUZ/hfuDXchhF8qTmkAV4zL9xaRMzA/I6R/MEiwqYEXlg9EbvmcML/A9BeYpehKelmnft1/DfTDD5HKU25CQPmNBpxWUib5Lp3F8jwOrm/dKWC9y3Icg3DFO3od0fL90EDWCuGft/Xk3ZMje4wPi6xBm647Sv5jecnMyYmi9DPP//cGK5lmEbieR5TsW9M/N7E1ZD2cvBjfsoEeP9V5pTd7ADowklGP2Ndt3SpjJsIYvwDtR2IqyPeiGQLYbvy2WVg8uNNkZjDQ8aWkvvj5vnP+wK3oP/ztH3Za+Zeoe71ZPjm4oy8k6Guntk+R3H11iczgqe7BS8rNgbhjizf93W9sSFqjBBJGlm/0oXJfd9U4s8PALmaSCvqImL8x6XnrF822pH2fvJawxmDWSdSs9ti3kIPS3fy+C1IJAtAZuaEHbe7rvn5+QmGqaKjVY34g3F8NV4Yv0SdNDA0U5lYf8Va6v2kJ4nkc05EVlXa3LwNxHt0MaM4t3PnnCef9/Ph5Cbr1g/I3Wg9Y3Lsx9upDateTBzu2qv9vuZgfuEGDdcvLpfQH3fOg03hsP6XGFw+NmrkyUVrssoLJGek6ggwb2LkCK7cmBEfKy9bmrnftyyU96x4qvV9ehiLj8DJxyctM/EtgmyAS8OyHGsmEzvGkVz9TpzSzC0FN2KbUwxlnuQIbGYj0Xw2fIfxmeENZlglk130ADzPM58Hc5dxYa+REXRLEdlvWcvVl4my0MzF0/30AKjB9V7QzSj7L1w8tyEjoftUbHM3GFJV+QVPjf1HPbZEoitum4+09YaXyhwnfat87v2dIlMdEXlOd49C4iIvYxUSHlFDQ+Ny6ehpgxnrUhum8U2fEI1vbiKj+93nqRmIk1y1dH8tEx2RpvrymDaWcW8XnllqMejV290nTkQgY3CxvfKj/xhFiM2I7ac/Ko3MFIq7Z+vmAj9ME4buSZMUXiYsvvX+/PxgztWRZE9h75E6ecqWa2S/79u1LFpht5iMEKQbwPu+o5wLXjYVgAb/L1fvtuhIkuMIAqT56f7fnb7sn2+ljOQ+AHSpJh6ys7MiTkjuZryAAHirrFdbGFp339mKO4YdbVwbQAUrCNS9UkC8yPj7THS/BMSnfwMAE92BlzrqiojOMToYVVUC4qU09W/ekiAzD6O0hyw9Hw3txFt1Y5kaWZA5gM/E7l0j2+7Mvo97cd58K/KZ7qwPTy6th+BAXJnByGecvlv0HDf2oOKtuJZFy581hDqpsxv4+iXsvyM6gxE/RJYfNv24L2stGpngVD+aSbyivW20czcSLRjy1ZropL2rg0ZzwB3Y55pN6Q1OF83FVigakmvKqWLpW5VJ9RiDl7wV+9zez/b5fPTe772iwmjYJuDDNmU6Xbe4o2Bs2frTm8d7yRUbZn3/udFg97v4A74/WQ9c31H/1PQFX1vOb60LeMfeHrOfind/uOK/EAF1AQC8qFP18FSEQZ8g2/ZwUWtn90YbmNuHtzI5R/u3jj/7G/bdW2l96E0a7txKNQ7/jXGvpKxIYvwk4sWg1PLT3nE/6MH+AL1xkJuvJyO5v4dkz/1y/qpn+ctbdxFB3V99dNXw3X3vnUCcbA9TMTNVF4HV03gH5Du0O1KCZaqfCrO5/22HlqyHusxN0iGSt76eBqlBmK7M4k4GtU2Nysw2hsZZ3bC0G1ZUZ5LUbdFzkA/Pc/5kGh9yj+SC78b3JWg7v5HheR4pQcPrLvA+K/kBcD3Q9LKwHeh4q8fhzy/Fdk9flxq/kV9BQMt4xdjrKnleunYSUK7kpWv+WCm+6V6X773+UBf/7cJMohpbpujZVlWE+fgRAfIx/wljRUKg7QCB2apbB5IuVBRShJUTWFOWBqjymOTn89lvjSFv/aM1zFsXRUTEUK0HgdnqUW9YuczfjB0hqdA3ClVZ2KoMr+zzGzSEglZVnggvCvVCY3c0MyDHpqw50KDOw1e94DZ1/cx856wR8TyHhPYP/fylQKtzZ616PpeQoVdS3QOJDGL5OKhqlfhVpR5BFyqWJ/2igqShS7H7q0qQd08J01A3fZb8nauh1yDqeR7HbUIM+k9ddZQmackJRJpUsdEWwdMniZAdvR3vBhOR1aNdKEG1ygRwGGTU52IKjmz1g2O78u6e8zz6gv/88w8AGVuFNz8ryDPIbaMihv98PhFJo56Tj6WumcmMk0fBQcrL7XHAYGaG0NExkhwRcqowADo450Rm9WeDg1Ajvii9IrCG5bp9GSENmcj3AFOwUmg+jRf/3wqfmYtpbEK592pvhNJ0/tf//B+G3UQAvo5AHGeymWFyMHkekLc+1aWLzxP5RPU8f3/6s5EPGLZ8lrR5mDthVuN+jpcu1i0MbJYg97L62Cl7pRyzv3QlfMF+gEJuTXZbFFJf6TH9k7nrxTzLtTmXlL0XgAHKHZmc3Rsun1wsygOghgNwVxarH+6fX29i1gc7R26ymB5KVzguWMFWQsMOLARpkOTIF68zZHeJlEMWpozEcgHfJgNdIBotlmtyWRKgx2QEBhFHHrX6kCczzY2lNA16UEwvctTF6BqnKLWL6yMMDS4BTi9Hhnke2IrXYjpYVfktyocyhsaMGPx9ewYW2hweRi5xBZoOZGZr/TpVM0nRr3pQfJnWkAFvcjIIO5HGrbvnnCfAaY8izvnTw7/3H5NulXQVNgg7Aq8zrNskt8Ga5YIkGiePrqvCSs+NNNTb1Ufr4zWKxXxkg3ASwImElbyS0gdGJvgt4Em0HcXw7gbahYusKiKqrhlebdOlqVZhM46TsnteNND9rhnQXTU9kU83gnky7v3n5PGeBw32vwCwBINc87gBRDMTKkkM6t7eLNgUKGCSgPKhCOmyN9j6l0PO7pyMNXOYAZnhnWM8sqeQ27VQKjN0cM6RZkUZa3N1oXu9SHSZVIGM2EDnOcHTa9/Ug+oVo9DsywmeeGhlqyGe95Azoqc+twRwD6qnBByMvaBCHo4ZJ/P0AD8YJSO6JFoKzYFBgvZzlyto6yS8thgZ1dXT8pqPOLanbscrjbuq6+/vWbZpgyiNvhERKZ2E0JmyKZAtJiQGD6tbAi121ELqEWR0aT5kL114jRU0Flwtl0+MHQAXcnrD6RighBQYALQAWOVAb8dOMnlGxiA7nB54RRQX+c0fzEXsZY6GQDIEUJdlxYk0DBkpefV4BYWlyhqC7Cug7bYNqFUEg+4WANuCuUCc5ahT44ABgimWWehIknh7aRl9y5tIY4bZslSJjxkM9jSWuCsj5MaACsOcGVFEMUhmI4z8ZHpYY2G7bIKapERHbpWQ3aNG5cTZj/07mVBacg8gz9Gpq5tUtzwnyAPw87kNkhMCdzlaq0Vxq8UHfVfDaVfVOff+c07OUIbOz/No9qp5pcyCjnzhy/KFJuQdv5aMLawI4+WzOs/laHlOHKJffmWkCvEgba6unSjQi8ZIX/ieQJ9Ps5j1K0yjRycyYPGjirWMIFhToDR/EciTT3kPuI7gzMzf8x/6HJkqPds0z8FWrxww8uSJW1eMrbArBzKy6zOkrPTF4Zqu2CE0zdmp7ia+Ppf6kth5DHeeN2U9E16p7EkShTnPQ00XAhG0r0JPgCmFVz5fWEENhVMmbxcCGeyaCGp0NO0NFpjBcBp1K5ZCCWuJ4nn+6I7a9+PrL0Yvteuuc554TYF0c0OXoyeWWi1QS0CGRzUxAWhFU++1jLDb9XSKv2b/LnkQqVYJkmJmadorOkJGSHlwP0W4uOqZe29kzlDEI+68/ZzT0u8+zywyq0/LsK9Xdz3n0atRKoeC8wwa6Ml8AJ4803UygeLw1t1JEcnlR0M74uY88eTTu/ltpoh58vFZWEmNHqZsOATxVX8EbGiA2X2feJKp70Kr4iyI1LlK78R2LNmhYEQkpiI8sg1w2taWUgXJ4XDDEc95ekoeEdq5kieWAryfG3Pr0z2p90XcupF563LHGO9x1/21x/qQ4KOdOlT9r9pLzzCl+gJnGsFjvHNaUyJCXLjpBhg9FWlZRvr8cFxPWg9fI/64/UaW+DS9AVje2QKi7WwdkTwi5XRNJDNTu0Z6sSG0+xyG+E+fCA7aqzTFjaLmTAQQ620Sy5+dGW0AioyuQkNHjiTEOO55zgmGjkHI0I/a26RpqIwdtp0cnvMgPFC8n8/uopiZuXPjvNk2dHMRqmpzpmCcQJUJEQma4iNF4FraNgktxuwunmSrhEZ9rhlHIfM96wsZFFsFwSUJIuORLgojAUmNkNPg29+deISTAjrKp7e/JDfPwlQJ85+6v8wMO/5HIPynIMV1E9J5q8g2lC9ATnm4u8Uk/oFssUkqGSkoVE70Wzi8zAYVHYzMcx5le23aKFtUic7ZEUF5cizAJNDh73lCCz9RQpAE41aVFDM9eJ+S9HPVFxzBJW1+jKz/sCYH3lnNGEzHUItrxpuE2NWEYbWZ1hlgBFxbsrp77ox6BGs70ZwuMccNRHapxos3tiP2b1FH8TV4BDyU3RGUkrH9JfP9PSG7+a+1SyAEdZKU3t4l33dIY4RRfu+lXqu1f5GDVl23jvE0AmuTSTJeHxWjOtipW0D6YHNLZwGHhTJ56w4aTLXzkZrBtSxPfdWHaZOCOTgzk2fnuwLJIqZGEWzAdxFbdzM1aiCAOyXijAhGIFUOrUHfkMitv4Ap+dxr0gkS/Ozq0QwJ3bwFxUACBd00Z+7ncx77sJ94am1mMx9qAXaXhgcR55xn9BwQf88jvOyXO0Lz3uwWoDrZhRuWq9uW3xmUHsxLaKs7XaWppO5dRvc9J+X148gwKkWCmUpIwjul4NTz9/TJhFLrO4Xq9IyvMIAf646Rpef31wg/iUzxDXWGX6cEGHLdPs4jtyZh1MVIgBzNCFKqgF2fxrBbK6cq6NpJ+Gwwz3m0G1k7JFSTk3kiMzhd436n7hQEfBmMtRnnoPTXnL+nu9E4kdXXIdTjq03I3jbHWXOFk38iTgjwB6P6Dtf3O4z4LyG+tgi0f6D6n3NOhkS9xulmRuZXyTzn1P1npoMJ8bQyKe9xyui/Xoj8NQ7c8zYzLS7UOSc0MsjQdeBK6mW4EZHhZTkgekbbK1OvxOIk29KyazwIbBIhE5rbdyBie2oqwImSHNIwFxsT6dE42L+793Q2BNswLLupqk/Z1k8WE4yo7pRTvwhDdSWFFLygybh8iauq+0YyeOq2ZHTq4Jrevs6IW62xXKuGVgQj615NWG9XIgTvwBtpbHulHYNyFxi+sC56IGVSRJw8AdzpW1eznLk1U/IUjYghutEtQ1qDXmjdf4jdot7tZCLQU5zA8H7+0Uudgb7ONG6VXUPNU+sgg3j9XT51Bf6nJ0l2fInfhduMSIvHjqD/mZMGwXSY605EMqOndF9sQzoVwchTt6RlUU55IqfvDLu7Nd3M5UtymrxuMMVntzK+bkXE+dN005TNf/71r/zf//d/u1tT2d9CZPlcfe9l5MIMyIx7r9o5vYncNWUzChcSXpt7Ep63R3ffKm2WVzf7brXWqmRSFLcvAvWtijbu41UQ79RF9XQNx5Y1Hj8QXsD94v5da3jqfbn/7sftZVBU80xH0v1eprdTRZyKGGxtF6EVTEvn+X68b+AzLbflhpbP+WP4mVdVLbddzzA2bAoxwQY1XWoyWgX2TurUx9z6qB9TyfgrNzv53OsWSx+1V4UQ5vyOgmYwFADlOtciYCqTbNc+kNfzkP4MRophjX9EwEuAASw8KnMAvpx02/KGoApj/ReAWPB9+/XLE5969TR67CB58vRyaa/2fP5AQhmUY4MOQEQEs9vbRN8zBkwcedTmy3JzllV9rYpNDoDLN7R3R6Z+z2D+/v4TZln2a+31MpoF/uhBPs8jRrme26dLfdV72N5qtLunCavGzY5RvVilPlEhL7UkvKrohxv6j78zOU2GfZzQ9944iYnIqBZALIQohJ/Nsp71YDcjiuY56vO/QzKzKl2tgoyTn3sFwp4f4Azs1CTfL2uYtsHFzBPZa5nttvv9t/2n/Gh0Mj1UWEjUlCuzQd2vr0FHA5BPnAcwEKXrvmUW358Dk9PiK9z2wai65xy10FPFbSyd8zX5wpeGbC9gy9AU0OqtLl+T0O4eVEZi2xl/4ZXpzR5vFYLy/ms5IBMnT64f9/P3Jy45lytEBwMGeW+BZpxtgIXjVvg5LFPvxT4UtLe//beC41vfze4weH/ydmGOpeH+2v5jDi3mOmmkMdUViJZNh99RLWVAN38aog5vNMBLDo3PP//MTGp3yH6dn7O0cHErgvZ7bBSX3uIPwL3X8yn/d7gJ3POwbBTflG1LV3NjfMHPKpbTt59n8wepUyckdDbbvfKaiBDL4W2B9FGxWlTsSMB8NG0I2BHOzNS/eb5980JGzmJ2GUfMLGzCnbUlxLKVHBn2s2vPZayJmb52Goi5Gi4O0Cu8q2q72fpN+mnrJM/7iLUHiAGYP+ixEuz2nZlTQiVeZl+gtXIwiNcXjtXNerFpvttf/SAinFSskunu9lnNA84ivsJ7lftU8RNgko1+2bsky6rtYca9d9714PBwFy+TKLiD56n2YFKUiO89ku2SNiMMzpGyi8DAjZ+Ewlwg2AXroCOP5DXcyKZtuvrDzmKI5SvYD8oDs++m5HBLkKkwkplmaQ3q3rM8pdllu1qOB0LKrbdy0+Q+I61ykiFPuFt4SzssBAyf9p0aZgrC8MmBaMWp74PveOCHqwuR9PFSTAD29LRXUIxHd5hVEG/oAu1Yan7cm1MKU9OyMVHNOi7tFJZB8kTi3xbwfh2KZxApRpLzRUTMv89cv0WvH8uE1sxIB31Od6ff0QS0gWBFjZDB3XQN+PvFzREY85cFPsbSPEtvrWuec4SqEJI7SNztqqC7z5NydBVOn04pPHH4Fi1yUdCb2T00eriZaVJZnpk54h6AALqsksFWsL0rppSZlKm7v7Lpn2PDzLzemhaDfvJRSP9G1+lzjldxANoMufts9wOGNOalKPctey2UbDU+EXnro7zQ3WVngBq+MKW3mHR38mdLxDYIteO9qoqvJAKvwm/VhM7d0y0dpCYz//zrn243fnVvY5Chxg9LItnr4H8554/CBlSpB4F5yTf6hKRQbs/PXMrIRxTDoEwmDTWih0MEqMFhnOf1o7fZ4O7eE+OemNFCyzVKokjTsWR5GcLc+sQaERBzzh8XqPXCUsiZxPlaFN737lfVP/XJzIz8fD6LeEgVFyJXzmpHpCmft7rzuk6Uf4LO/MFbkTtBqtnpIAPadU3u3xL5ZkiY+OwSMUYI2ftjWqVRY61RwoXQV5Pt3PqWT5tr3oPtC05VRWPgQ1Ul3h0e/p36Ee+9WBbzaIfe7PkMYRIRY0nZ+ebTnzOvKhSrylIB8v4Q3YIIBbcSE+GnHoPaF921WX+PAH/GivP+fu4rVj/4+XzWxBInU8aPmInlVGpIqyEcPLvrzd1Qrh+5PcOl3E/nrv/01Ue6JtxO933X/UNw8e/soSIyCVOymsy12sBrWmitPkNmnr3gpUoAEYkwLufm5xfG81r5Ugr2PRYG+iuozw1qaLoDD78abzf0PlWyW3ZJ3EIeBDLO9E49vhnK/SPTi7KoHKqNaLtJa2YsS3R+j+d54DursXpHiEk2a9jLmXmexzVYtyZOBEY+rsCA5TLZNY9+/mwrpzqEZHNaFihrm/xmilGC1M/X7H8BnPemdPfrM4GdmiuudvVbxut5aqWqWI/d2q+zGqDQflp6e4GZldPdTx6CW3b4pynmSKDYM1UtKUvVR9O0XCOUN9z1j4ZGL+dulvypYWR0gzemrSbhB0nDW+p6hKNgoWe4/8XNjhQ2bwrubi8IJHXHLcQ8z3jjlzWgw8nnLwgiZlrL4QF8+o720isa7555sbIgQeoAPfcfr+RVffj+MuLmrIF//vX/icgikpP4haRwBt9fkCM3f2HWXuEJMuQ9IIWWPsPbmWmRhdCVAO+trmKgqrSXdH537IWGCkWy6yNmjt74ixnqw2zuMBCsGuDvP/4gUnxIhB2ZR8zMg5U6TQDC66QFc8zsdReI397KnW7vx5x7a3k+9kdyV9+NYMHWvdNz70fFlWLmnX7yAcRny61tbHz0RpU9Oj5b+iQOzVvn6EaL0aIn6UdCwoAY5BEiIjg2yn0slSAyIEM8zOxa42/EfvefnVRMhl03I1aBp2mHROXdcxjnxMlc33RzDrULNpbR2P1dCJ+ZG+5opXg++hJx8nn+PlW+I+71kDCm6okchcso4Fd3/1nHECpF3+4Av1wZ77rz0xYgds6pLiDSBFklNe+7xSIhq70eHXUA87NhKLdsCNsVeNfUI52i2TNUSyKcUMGzqrruvTf/93/+dxFFOyBNNWZgM/Z8P9lGXjNldE7AOQz9ESlnNkmz0bOraereTEkeO1JMTy3foBf1hOobiK1M7Zn52biAhfLfAktiN5/a92rtVHmm5e4NQLonIVrGOOXWlpEndx2uUr72/6gC+IpVuUMIoWFuBqbUdWTGOe7EZr40at0qGbAGZhbQj3Nm8Sbt1E65EnYl4+QRUqiqJTKXF1+irjUmxriV8G19eidDjFw+1cZMj07zvddg/Tax4vLoNYLse0Ge88j79sSRQIAzoosMqKmX33413Sc3YH4f5LVDaW0w0+ckxBUFe/FXvcaNejrifhgzfVKbnTTdP5Jq31vM5N4rL42Znumk/abxMs5GbBdwncp9T0yVA1eCKocrAZlV1ZgenOeRq1aP6CEq99XGa1MEAc6gDKtqnU6OtlLPK6TmToYiMyX0C+/BcymgMywIL0MBd96GR6UHhOgCDCnOhiReOSwpmrDCSmQMxERgT+lnyiQkVnUhmVt1TzAYTiEu3QJ2Yx8AIifqT925PSIgkCda1s/b0FpKGTGY8zxa2E1IoNb9qsuDSpPh/14Q5uRENCIC679kxoRvogbxt64J3C+texT46gX0naoRSUvdlSTQ7Xy7M9G6d2nnSJ43Yshcoj11M/s1nL5aLavYfL0ZlKQa/h046ZoouLHrIgCOuNiaVxOeOeVajrhyJqWN2PEWtbnIzdggDSNBq2wkAZKlaXUxghMnj+pk03d1HEc80RarjqS4SgpXSiE+CUhI1PNF4b9tPHdqKImcgl0wBNYtkm+Ntv8Wt5/cWFpNF7FJbcW4mvnI9VfznZPR3Sezus8TijOmbDG1XysiQqtwg+V5JEFEEs2M07C9D3dSEHsBSVIcWDtujT1hM+WUsxp6z0Nm0LfU606Q8PbaWZlvQ7vmZKJ99wcO4DmuVqjxhQYIAIV5y0GE7zqAGgtrROzdSS1n5GQqjJAZvF51ZTYQiUNmsNd5nMEn/2YtZ8a2act+/UvIdcFVquVE3Dab+C7Zu3VFhY6ITO7spOAHj6kmIuNAEPCqKN5WxlwbZ3YKtgMgd+kS/7cKpAuL6jABLWgk3VJ0VYmA+E6kYBEgIv7552YGZLJhsqQHIT0ziMHECdmedjcCkVF3yAB0nMVD9ApiaDrGQCsydEZiiks80V3V5xEfcGsXV/apoifkvGTZisObyh4HyQAxVWLewQBTvFFarfLtErySDOoUCX2I5HJFVx4fkWe8NXQC+bJcpzojtRmII0KzKRpi3FO+qPg2dXoQtvHxXnpQiV+rTZC9cnU3UchgnkwNQCS8jEjYGGFILfrbaGTrm6opBiNXwMQkY1C2sYbmeDlEZGB8y0hC1qiZU02ekCAg9TaJwTknM7QAQ2+IpKzVYf6BHxegZaQeL60RkGvejDjpuE+b6YNkdTMOUyRUISAdXq2ptwwDOjOYCiAQchonkV6rDdGpQOkQ5cK1kH0Eg7eu3AmEB8AjPcdhMhJsbRJiluxKIoDQZD04RGKYhwP3B3n+9CD1ZvVzI1OU7q1NVB9yWoLL2C2kBDFlnMVZfSDNjYeV07TTA7s+0606J1NKG5L8p65qwBkZc4/4iaofCpJL4cnjEQX6VikKBOPz+YQkt+kjERGKhxFHVwnJONnTurrd945dboOpLlxUe0Vb6UZntHhzB8yqxazz4xZlcc7JzK4BeKfs2MUQM1YyYGVMmrFqwGS08IgBaeoBjdst+pkGtYM0DXUH2saSp3eYzUFXEXopyAhmqNzVmYuIQKIx6HMyEK8FkxahC9bhpkCtOApxe7u6pQd4CE+VBSi/HVNV6YF1Xx/OHdhoPJp6HDER3mF+8sCbJKgI8JwHwDSqSvyvqo+eFl/4pi5msAzOwpztyNXQiQWcJ63SUwJFiIEX5u6N73Cr7VZXlZbKdk+1urd3K5ieLd2Bfoc6GE7vOJl2Tx6wUZGaZSIyUztk3oEBQm7WKrFmd4m56EIm7eWibLyQmjAmcZ5GAw2SO8E1MUVDjpnJgKDVXv/eE5nniJKke/qXj+/WzDsqA1D2M7eCNvMsYUh33sRhEidUlxYXmxas5vbP4xACq86EWlHI8V02ElqPkedRhX4/HyEVVFHS5UqYUOf45CEhthbMXAAAIABJREFUJ5nMPBnAEFG3bYix13XGjgIn/0ise6wLwm1EVA5N9/1BchhygwScI3oyvrNkQZN6YqJ/jReYQfer5/viygPEdg+o0ig46kk1cpAK6meLNb3T6AhGUCyuKnr4oQhTi+kpeqPsMJYR+fnX/3cyz/Onv359m/vIwsVgiWGcmbFqdMhlsvdW8npQKacUuvqRIcMMkqkBFRa60XnITD2HHvZA+iXtpXdOjwVb6Nk9keNCAuc8mUdPHJH4UnuEmlG3dGY4fPKohqnSnIzA5DkMERzffnxmOpmvkZegQN3Wez+5G6R1VhegFBY02j8sVc2e9q0fEDOons/nxlK2MjPaHYhiUV1voMGIMX0w0obqmU3mMzNxsrrQIx4MAGbqvZ7j9Xjc6UtEVCl09RuXp23uqDwJQEL0QptdGzHSVStV67dAaCBdfm+Q11+UO/o857RHTfjuWbXIRa+IDqGYwSCjpqpL8hMp/NRHzHRBTI7jinc8y9lO57wX9o0hJr6HyUPP8+xucjN1QyOThjacuUW1nl8vIEg1ktAKCQi81XcOzLulqVFdIUlUPhGZ8ZyT4DzPE9Cu+4rgiec5Wd4N4ya/dum6bqXwN/eMcZbVsf1X8Jx88qmu4VT3DzNCgpPt5QkGP6KUqZboGkxk5smpyUgRfSJi2uEFI3c7sasViqnTRT/i2Wy144GImroSUHbTW6M90I2ICfT0rVtdYya+UEH8/f31vV1lDneDjNYAwIqZtexWPIhYkugwE4ghq6+muT0Qyez1Os2/51WTgB7q+ZtC3IJ4AV7a0CWDuHVPxnMeDlYxtay+am2JC2B6pLfeqEYJOl8yTc/8/f1Jcauc1V78p9EgwUG1ctbO+WgbIbXG1Na0Dsick7rFnLJ8YmKp1IRg5HdGMNpbJs3TISnSxpNPV+kcymIaS/7IZAynGpJFyH3ni+d70Vwyngy7+yhPitgXujU9M8/zH4LEQeZ//dd/zXgu5DQp7yqzYNxh/l/AtHKhksHyCAZGVV7ToSZMvDIKM0sc2PWMGs6YPqO/YkNGbBRzsveb5FKbfzAaqFCBvLYN9r19hhn6AoS4M3bTrvni3CMXxfktp2CZ1n6evWhq0H6fxuzsl/w3ukEs4/jzz79InvO86yt8W5ZLSBLaVYCQH9lbPra3GwgVEWZr9/+9yeakOAZukRQRik7iHGmWIqkgM2T9oXksyQxmhC78/dwIj62EagHEVDK/LH5sVpkfy9rVrJihHLGrFNSufn0n6Hief+ePlr4GyGBIpq36u4Eyp0ztGd6ocM7R73QS62nKjVpzFu9T3eegl+xgjX3vr2FXkpBNphRGP27y7c0bnBn5Astvej0V8FIICdx7q+/7ZxnUrmm5b4h1lZmSFetdKPi+w+X3XLkcA5kx01dbGwV8zEQcfQ2QamWxDEddo+6rtRxLNOCMNeweMp+cGUYufeyuFYnT6vM8GTmmnPvuaLG0HY1VxHQnyHVZdT82HUdTInP3MlN2nvdevYS3o4aIS6F21k/OGOi+866rq8Qg2mvuSfoYrt/9+/TCK/7EWppM+wu/XB7NXeMNbj0krfFXR0ENXqhq9ltIgfRwghsGhSs5D2WmXNfHIGx2927/wbJsZIDz5WB8S6Wf8l3/UQzB6itdwpjVxXs/+rTAN1QCsKezffZebZZYZhsOZV5BR7zvq9ge8L3F3AQ/M+REmCunlTDvUVfk4WtUssGNmqTsCVRK0uZf02NXR6LGAADhESk04poZYGBlwK3iQM7RpmEsofUtMmAAnW8u84wc5ufqo+r+kjZfJIwUtIfBhOUSQ6YKFcDKG6x5/T5zNWPcaOdZ1EhM4JMzAO5i9zrkukFvegU4EL1d/bymFcsg6CKZWmYoN3ylPnZ3Me0PoGGnn9uMtA6GC4WsmYIdmk2KiSwEX+XmeyCrrUnSbp4NL2ZZNkcyYaWe55yNWc683fq7PHj7t6MO973r0zIqhpTp/vnXPxkhb9UnnxHV2nrhFjPXkUFyY4u0pmULO2LgDyPOic/n6gzgq6fRA8etkmHhSCXC0BI3hiunPPl+X/2Eru5qEBpyRwi6bRUzOj8ewPycEH3H+/mAP8JnhcrVMP0mR8+UzN0b0kbhdZuRr/MygMWbsssTsl7J/xKtBKxgxv5Rs4Nh7ld7776teOIoPkSEe9SdgckZ8i/PLJtPuWBu6bFTG5K/L9w19NZhIv/6qf7+psyYcQxp7ObTjS/60LPvTq0m4RVW8uN+zqG4Aj/P3HZb9fEl/xnA7M/m7z6AZf6GHvxM64LdrnOOliyFtCn74n7ur+qRIeWtHHtWl0YNLMqpkPUlHETkbfUPkLvtm3cyAjL8CctB7m1s2ALb/tow9Q9ARozoHx6xaxgZeVIdyb31pLenq84Rw3EWfjVrTMrEpdq9L8QOtuvCSTKQ78BE0Fi3PqTk/3xzjapKhSgrCBu7wWHevVDi7L+e16qd/JCVTEor1ni7qy9fk9K96ecYGPL7Ap48Edk9IwrstCwZt1/yjplYsfS911WnVCOMV2dQXeL6Oq0Bz/Pn97vpOMXv6dszymWa+Fq2u3Ki3tq+6Xj4ns+I7ZtJkvfed2j4zz//igiZf94qLxBdBOqdb8LWebrCEXF6OiWZ7TnPAxCzO9Id6N7bERGBWWFo972VKUs0mUhodltiZEc8gjh1QjLf9Ql8v0ecE6utmHUlfqOEW1EhMe4ERR/1KQWwbIMvEDNjA5Z8zs6uMANxohUxTj5tBbMR0czoagb128Zbo4ahTz7vylkNehlRVetl73pD0eYtPuFucch3gwUByAdft8Bs6B9Ign6MUv+4pHz7R2HlgGW7qvDx9pzwRNO3fkYqW4D33o2DplA4HL8HCkm43+xht6ghjvOcEbCiewSgRpob/U5sSvROEfGf1HRomk/LU8bNzfannloyRHsJytHr5lD5rIFbSgFTt6QDk7WLWOfhstRL1zbPulYfNzJddZVwly3705/SI7o3bo/1Q1+iKBnvuilt7vEUsF0FzSwFRyNML/ZcychW9ZDeJ963NgHOD5F5PNtrBcH2HzQTblk+7kw1aRTT3f1U2AsUNM3RRYUMEoPaMDc7eLjV3f08ukEWdkRkV0+33WJ7ub8Yvd9VM3hnQGgW4GfoqntaQkHHYR1/kvf+MzOSMpTtCOaYy0KMmO/6mutB+hW7/Bvdk9u/+/N1mzgMN2/DSTAQX2WGW3if7beSbPviis+gMAMQ4mt/A6gtG3bWHMvt3Tcur3lQ4kUrINv8b7oclccGRqq9KitgjnZ5KpFXVZU0Q1obOy3lXM6Mnpua1p5+HrvQxEbs94k5+6gc3VOtOEBZTsG52EA2wqPnn19cOAvb32HrnLd26m5RTF5V0FvvjpsyF1W9ClTV1fU6U92KiOd5MBMnTTW1ubRqSylFZqNlmii5F9/xZBVRzvXrCtrdZUXgV9G4/y/6VvXIc3r3h2r3wOzYwWYG7/GLCJRtKpxpVL0zdEC4RORbn3OOkKtbfa+XdW89g5fmu54oL5ecqj30rNQX1711b9lOJ/XtSYZ74S+26ZMpmw3z9AFty3Pi8wxMtZneXKwr/qxGSrXTEGf96pV/q7olviT4ZXfRpAfdr3AqVDsWmVMT8VVzZmbkiaCUH3jHhDNq48fOMROxHZwV8KqCmsHn/EUwgofBgcQ9wjb1e2K1sPGcNeNvcY9cbCivVXdXJCKC40gO4MeIJb4dxUK7XcOAtgaGqZH4vXHGq/Nrg6E/KGfa/MrClg2mA0Z7iRPzWodiWiCEcAmM/DM0VbWW4k0lVXvCjZlIWeUYy0VjIrPn3nu7J/zExmVBprhEY6uSQ4qTNHpfXdNTLztQWx9miS+KKvl//vv/AecRoZsz05FmuKTcQ03WU+QNLzqw31xjOmwalLrBuZYBVhVM0Gvrff40L2rUv/75lziA+YidMwDQ5FCmwiL6cX/F19tRcEnA/owRHGNYNAzNxXm+idkjXx2SIGNKu7vtlzcrBdVhes4T5NXFg3BnQUUCrI0FnPNXEPIrlWZ9iz8khk1pxAZrTORaPJAnD7cs8HVWusa9n5mZQtd86sI8entHOlnWROZM366Qq4m+vAFKbxbF9ir7mVPtRNDr8gS3mhvD6S4uCy+T5/ypW/CXUoVIPvmnK3DrOkDsRVRlGREqkl2Boa3jkB5zQque25dwIuKcPwynywCfiVGdJKZOel4F+wIjIvpWHO3tkPtYC8+crU62ldBlA6mx8wJ8zIGGakEphZ3jb3dLXipyfnMaHTyaXpW4cvowy4yQT9xMP8+zvWGSsWaObFDstHgOgowDxsgPlDNdeR4XuxvKSAy6qjJkGMUgp3p3hCwO0bKUVQgDl9XyUyVIgL8PMHP6YtquohiHPK6rGDXz87jCGKpKMeygCE5gOh55zow3+QDCl0dGPYnJ4NTILJ2E/Ek1+6VPYQlNJbN2eHYiickXnvJ0yRTgWEe5BVIl5cf0nMzfuV+3VxHoETXhqWamRgUyBvGp2CTxFruZCfTu2ZnuWtuizoyMI9dpITFSqyz5IGZto16utKLUaCii58A3r5OAZWQz4Z8CyYI0WJqB3E3yvLsCo+8N8uR5CwNqvQFTQmPGWOlCcj0Wp924JtUZjib/Gu1g55cjVmwYUjcYh+/c963e/I6IZaW9Bwzd2itw9Jx7zRZkpU3hBVL5IDAs4SETPdUelWmXlArK8Sli1NQ487olkLhRuiM4cNtLZxb+s6pArCu5qX6D2JtAIDBR1vY+9tqt0CajmWdhuz9xW9og27oMvXfaKWynHkvvQUQ8kS90pZulzTr7Mz3wOufEAl4K+L0rkSn0VhtP1WTq6yEJEemwRZua0yJx4pEm5tURCQytEYSgeYMazmono6C8U2vUAqnJ8TKSfYyeccy29svB71fiPSO+p559hkrrufdz8iEpLf4I+Eg+Vt9HafGM0km3LmOER8RVde8/WClrtSCMwNhcMIMIRFLN+d/5E5Q5OqKOk2ZwYNf8JqP6AjJnl30n0P6avp6kHHihfb9gVz/nrJs/dtkVAbG8d3q7ZFXSyidNJCVLUg29pZ6N7zyRF/A5E4y/59ExYyDSntRSKsgAW2vhlS4JvFrhzSGXVOTeZTbTAD59sVsQtcSMnrAeKYt1+EOK0pBb6FxTVVKXMCMo91TtRRop9wVcpgbA3RNpeMpU0JNhim5gZ3vbEoPkQD1kOQ7xNcPs59jgXiI3uKM7AuRuV00zjuxaRObCjhM9btyRTCRn+sRBjxxjbwmJvpknwK7lfM27Ew8ZR8NPVSvdczzUj5k55+EOIMPizPO5pf7foevnXC0ECbPM4mtfIJ9cJxESDVWGarD3UGFr5oLAsplGq77p0trbMy/g+TLEe855VElFnoEYZ3j9xwVAT/cKcwuj6hfyicOYkhoy29myfF4EypWFfKud242tTavJE0AGoO8HxJN/ygD33oiMTL1iu8La/yq1biYitFdg2+fWNrORk/L053PJCeLkM14c5Wb0nBN5ylyoI5j7n7ot7VjabtGNoftOBmIor3nRlQrw0IiBc5KRgj/dWL50OAsH8dEyZp2Fmb51Im9Vd5/zPM/jAb9HLMCMNCKEF6goBYwAGuoFUgQIrYVXwlKzoFiv5WE+SUtn6S4ph558nAhIWf36N/jQaJBzuMvSMXyB3ZrOc8D3PPJWjcffcoo/0l5jXrRriMw4w751pd/ZeuzotstuZatTyTjcH326GPx7/gCkGpvVWj0nmdkzPQUSzWloKxhsDjqbhAcZ+YQrNwBhsBgobmsr9dWhxDKtUooqUMQ/2hq1nRFrm3AYLrZQhrIa6JY7yg+IJm5/DwbBxCDIroZKAzPe5sgGUJ4tYjBsNzw2gkDG0Yyi+4YRQEHMRcyue8kjQ7y3j5y+fYOH0p7MvGY+81Y7RzoGtExyhgRl+6kAQHeIIMx7nR4Kk+YA+M/nT4WV0VA45qkTcQQgVEsru8Uqk8AUHxJDyWB6mmEFdcZjb4rdk6Ep+BKmJ8iMnOXnqx8R5ywQROhCukKLN237L4KDy9fuuIZg2MvBBB2/Jr8Ol6FZO8/ubsapmeOwjwivp3KUFMZqXnnbiSEZopbrUnua2OMSjktyZtVtv6bJjPvPB4NbJdPXzKhbqlIiXmMNcpXOZtK5StyMKURvT7K01Fo+3NNbkneze1pxQy1krpl4EycfWMYZkhiP9rCQZGocEW7lLjCRxrOcLZbCItxp5xQDIM9R0BGq0D2iH4gOt5MYpZqxAhhDm34EhupHAM8q4gRXxTIzw4nUuxMO05h5noPl0M0M2MM5YjpWk6wu9c2ecZrcNpEhn5xIcli33LMvDylMFPsSKDBfLxoh9ZrGAdAOnq7+ex7lhdeSly+DW4iEkImfqafJEOhzUt4k4v9ph9/PHzcUs23pMk8pDc9eYnIGf+cQuPYz6MxgI8Bz5DE43YX0INZN9zSaXYPgeR4wIp6TT3upJV7AFHSRPKZlKNOgpuxhALda779wpTfK4JILUuP/MQ5Qr+VR0Gfsiol1SMpzxPddqN0CJr2GddJ860eI+9ibZALRU8vf0Ig9zvnr7iqDYCrg770vtC1Sifx8IgIKaMblzz+3GkKipGVc+dEOs1UdDWbAyKyePM+bazbSpih4Qy2dIsIO4smMQDJPWpcsnxVNdETtv+UF0YcnIwUjdQ8w1y6jcpphajcJxZGvHTA8ALvmef6kRb4CK2UccrXhLE6eoRwOsXpwiLNr0nZS5JjGSASi8bnc08g4kQLqqj+0NIB1q9d6HWDEUe2Krtj4L0pVLalW6p9emv55HoGT0xOJz/0csecwxASi12NZe3N0eLs61TKqQVZJKbcOs5R2vGorgsiU90/vqOmQdjI4kdPr1r6WiTsmITnAaC9gIMm4ff/+4z+EAktxK5vcHnnI63hM5mktdHz9fklQnTWRcT//3HtPRlXlf//PfwtQELODO5nchau50LDAjRBosBmjuhu7Rf397+p+IZaWQnagVqc4Rqsb0/fW+g1wJ8l4U6mBpKVyvKFB/7SH+JfT7Skid6qs6YNx+WXTbeXMmVFqVDQ854zfus0De/FF1RLbCW/oxHw+HxkyfOojpwlR82b5ODJi6nW5/fv7+xkkjDx5wkM/h0K8CoAl33Lblj27mtA6BJu8vJAoAPSEKaj8htH9zN39eorpA7xltNiX41ZBZIRL44ArlR135iQ5r+/5VoB2thVaASMm4zHprGUKIHUPP/cjBu4sjNs9Kjz1eVosbMhgDSrHw1gSI8I20xZPqcHQvo3JiI+ZHQZDSTvMLrMmzjm3NFZ324mdWBrCmCC1N7R3hi+Of51zJqa6uFdex4Vvc4WtLXbA0zqrvSNW1d/kKm869yT8FA9Thsle9bqi8zkh5LF0wPqdtBpuamAkMNfBoM3AFuDe8yZFaUx3V0RWV0bWS3RF93TG6TFLSwZMbV/v2E4MUn5o6qtqQ0318/yRnG2kVYqRFsVzLYqk2kkjfyFk5SAUfD+fz35mulr5+QUy5K7ooqdnTI7Q0AXLWJmx9KGmn3P4f+2eIRX6xD4mLDgPy5gmTHwnyczT4t1nzm6o/pbdC9CQNENTReR0T0c+M9ie0GiA76mIURG99Niv5NDjSaiKvffu5EM3KhbLdqGgtRYR2V1dPWgvwVPl1y4N95xz7+lLsttpAb7cRpc4jFmJ1e/fqOc8G+RmprzBT0zq3O8b7yxHv2bm662xH0BgpVD0SD1SnnPEHA8v1pMoODQmqW5ybYgi7ueCr8/pmwL8bzsgU9tmbs0oHZL4yUR6zvoh5U7ScfL7c/e9k5yf399LL3oflxFCeHVn7b4v7ei7nz5pW4DGzHSsgW8vc1/qjVcIL6b5fgrzUN4yOjMlznSO0FdU1pN0qcQM7Xco6+/uw5/4+Y7vIhD8EIK4IevNU3unvnCwBw1d3ZqnvhSwZO6sdubej0QYYpHvRY+ZuXU5/joe1e884/0VmZ8qjFmEznQzX/3EDNARP8eibeDrw+zPVgpKsJ0y8cPkEkhXWqvY3VWy9n6ex5+jvWqvfxq/dh9I0tqjsKpm9seP7jig7/XlMr9v85xDihTcwj5UAnf3ai6VQcQCdg2DBYvxI8vTRnfM92Qqeo+9Lf3ZhELGywOKmO4EzzmrsdDIMt6Do4PU8H4OvwiGaj91v36/72pBL7q3NcH6FITYVTa2JPFlOuusy+FiwiPir+f79MRa3vnQhlnti1EGkHILjUixe7aGgp6DKsn9zfjN73vLqOAzM7LpgyySzRc2wCpQWDEWW5LZgs+erSCjqoMcNQP95bj1LhJ7IQbfVkSvXDLsvdMRIdgxMqoEy0QZfBc2YeVEd0eaonh+iMCK87HcOuywkzsVBqncl15ib5hpFzKBZJfloUKcddgdQVYwzbB1r6fAO3Q0OSmJBaHSclqvhAnaQ7XqatDynHP7tniLma4S9V66NJzo7jUiaC2ooKWQgxQ1ZzIDjd0b7OJt2zpN+gPA7bLR4qrl1He4R5CLbhczpmZmMqgFiK9Bv/YTGIIKkvx8PvpReJUfduNF8h1svzmUqnOCOQ01V5ovbgz5ZiXCu6mec7DLmeGo1mRW1VonQ63jm5r3uKp4ZE+r/l/0sWEkVsS6WDYXukHTojVW+bdUuecKsJFazszLvq+p5d4WOHqqmdo7fSPiygoS8sFvu1F1R/wsv9FkxBlQp8u60nOOu0V/wAOw6mYe3YiX3qh7fc7Z7RSM77llgusYrCm0Xv3Ay23WgGWjIpbz7lnIj/WNkvLLr8/MqqvadovDwY9lwVtxARh4ygyMyC4v4JiZgi9/36aAHjqSqqew0BBAZFB0EEJIkxyfyN1Vk6z66BUGWd3P8x9drTs+C3faC8GnvaZHl069z5I3NcIHgJpL4uSfXs0t6eFmup/nCUSVd8g57e7YVeP8yCcAfjltKllJ+xAsc1Zne9kzDvTbs8+O+tYewP3j/Xxm1ptzn7/+Rc3XO1Q4Z6cL+4qsmh2+izG5DP2Z4Sp0e93hx0MpwOSV4U6sI0I7PaGu5KfIIZAR1TXTuTcOe+QyDyBg3QtXvO/QmTl1LGXIHmFL0/ldmKF7a/rCy4TYQdpPdT22iTa+uW+ZK0MCydvtwXJA0wsCVQtAjeRcOrJWdczia965On7y+usyzyrUSe8Nfmtjv4lcXfsLifTST2cauq29DF/q66wVsKDq7jjnvbOqe2XHFBGwcmN6zK4YjDgvEnrgm1DggKaxt8o0zruX1GhPb3UE8ueT686uMfq8OVr/8nO0jJMIB1R6giu9VyDyGpB8Q4R+hQmaGn6M3/We53/Dl1whzBtn+sepaU+Gx2+i1YuDmJkchQJsWfXdGEFyQsVk7usgzUhw1edks//jqyxR7siT9ufY7WuxkIVvsZ4VtyPbDkuF7snTM5i2pGwnJ6tL1hj4KLfqlMqoSu/inIOfPX9i7cwMIqrudHP3nOl7AcRS8d7bF2sZorpisH5XslpaTlZ3B5E7V+5x7KW2Gi8vGNvx/hYJM3NV5JO2j10MEBgtGXee2f+TQfEAxEYPcgZl/2pT4+t+tkbt71FhNDpO/p2/WwPg9kRIfmfiJmDOQZof1jPzuS+y9JUJughCqR/BsOuCfNL1HsaV3ix/P4h7L0QhaUTE597P5zO70SeCXEeZPedceOKL5gGMyJejlpmiWasO0Wmve3WvI/OsQwBJuK6bjO8cq7uMoU3tvfx23utqo7/XI0bNpHfa6PsvlWBE1r0A7jUOpliqeoZmMGR1n8w0n2yU4gHUjETbAitiFTARS1YeMHA/r58Qqupzq6/wtOqqz+eT//Xf/0dxcEnWC4YSCAIjv5eICERmwLtoG3JoIvnaDQHrc7IudUAE88R0UzZ+4p5TDdW7oDXueBs7NQanO71vKP+JfVbcaqauybkCxPR6Wk4+yr5O9j95Ln8iHhhDpEZk+3c5vMp93tbPC0GSxHgLYihnAvZpqGaI+uff7H92n8wAgpG2TKhzDnrSBEAxdpfp+yMhr24QJ5gRBLoqnd707jVJzq1DNEpPYMTjAuQ1aQhTfAc1IJoVi1M4PRmRsWQ6hycgozHDkbhT7wym0Q2kL+OMxyOgSdmOZ5RiiPtgZzyLA9R4ZxxCreKc84fdBwiKA2jh2MkQ1/jeT3qloTgaqPkKu/Tu1HQRYX6zZh+eLrq60SmuHgDPyVgQGVZRPKSaDTNzoZ0BQCqi6I6Qt+82Uyj5/2pADZw8W5THzNSQwSffZ4wTZ2qGdr6iArGyGIN8+xCK+jpjP5qQKijiPXaqDjKT3lXl5ROU08UaOESyu+z2roHneV4bCymAhs3I6bbhY8QOnEv7MWJaeoKwKYqnBUp4GIiBDvFPMST/8uE4MK0dRMygCdrw0EBYuBlIE+IioGXIeJFKbzrCD0wjbl13bVNECvQIUmtIZM8Kwus6Z8R6JdV2yGl37ftb0yil+GRUIZj281N/FUFGXcNM5T3LgO/7zMKUyZyePM8MNKFhPmBMX1H7SUIerKqoeqvr9Jjzjcl1rwGyE2sqLQa+3fDVzhl1B8QBjIjn+ZNIXHcXnBZvGgbMAAxWoTnfGmIADhgykGVGvOoWi+iDYJtoixhQQUAMiN5+LDOVEbpaYOQssLgqH/p1ExTKsIkNADGRHGA9yY21YXVRJt6/biHTDDvp9VLrVRvqherhyO0UY+LzDJIxjTzHmgZEQJ7aQQRm9cOSCbzy/hdPJwYjbwpxe9uQQQwwbAbubUYgNM/eXndHgoj5fK4Ko0dr55HJxFQGtfNDKVnv59PFjJNcWVkgzRZvTDUYWVPO5BqWbYLrmmAiYmS+qdf91m3LAiNABAENyRrDk/rcs8sivDgGqja9avh2RYa8wsGA7+zYdXuzbRyNRjR4qIGR5b+//9D5Ud9+76e7kgfgOc8AHJ48t/s8j4mKW4GHsC2GqiiIjybD+qmKAAAgAElEQVRgGi30tpW1lic1bRe+mVatIkBU2HtqIYQBbhVH6svdiqjFf2snVaZaBBc7k1NPoIcfwdsiCXIdwDlM0fCwEO3z/HV3xIn49gPdGBua+/SIn4E4jRIv6WpNujRta1JhUFJO2u2Fe/qTZLbnePr8jODJqLoKxckjrtjzPGg9lznnBFF1y+R/yQWcw0BZJypIGoPfCqreGbPqqOHcKZ0Ngtr2i4y/PNMdyO33dzAPAGzO594R6e932KdrGj9NuBA1NU5AzCRDA2OMhfBi/u5gpgitFC6PlBEZZ9oDcmQc7yEksDtethYvDKV3803ROWJbnRDDGCVWdJgogLeu86varS2ARESiRiAjF14ueahBVkyA2Bj6jn6PjGBGpgYPdjaEFXNCsUi+Skd1R5kpXek5zxC3/tHMD24wZmaYiXU6jgzx12aGMXLW1heP1PW0koyuRV2faKpR9en1+2JEmyk7pTFhe/cgVNcB4LTSJBFxAiGWaTpVRSCmEQx0uTR9CS4IyvNESU3doBi1M7OgDCFcoQQiyDq4+vOOb4cgWkbVenMJciAjRJMTmMk8oUVxeoBjQoAXKX2HxNUdz3EmHUxDbAC9jox03PYuitFhU7uYJ7atJTjVV7L9FzTCROY5+XA9EECXa55uSp6bYdBgyHAwynw2TaHnjoVuLduiiBQsqCsu6AOqk3eALYnalIaWSYS4iM7bjYwDb5LDAD1XD/BOxZbQ55wk6n5UWymN0PKsBCjw9m3Cn+fRhMr9bMlj51Rpc55H1Kr2hR40Os8R7VybXdT85rFlll6ofnMogA66QCE7IEYNP4Ohc8gvKmqxCGQjEy8us5AEAqDXIO3cQ9UyF9FQYnhhSr7mbOhtkLn5dN5uTQ0PlxCgErN3KjnlXfcRqmC0H7hMd9yDF2T3597POQczuQSC6rbcTX2lqscS10d31CwBEzWBoy5uO/qZIVGCKAGDIH0xfbZhfg3W3pLS8Wqtq6SVQU8kq6+guIx4/vTZQjwyPUAhwtjZbVu5k25ogO4rAKSxQB6j+2acIKtvBHeQ9m8ABRf+bnb3Eg2FLe96sO5bdvikfoNqiSD7i+t5+2XXqO+emVp95KBIFDpG++SqlTLbJVOQ4w3uVLibMW1vbHwnf8ZhnvTke+79Z6bBZOS70dAZDBtLIl8i28QIQGcIP4kFf8X+1ynrCN4pmDzKnmHEebtUwCp87UtTW662ZrOYHnKGtgPSilXEakPT4xbwnEf9jLo5h4m6J72lUp9cZpsaGHtiqAJ2Y3V3MyghnswF5Z2LHWAgLYpSZaJQ9rLyx8zC6J48x6S6wZN/XJRC/hYybIC3x+WMFJb2XE4mdt9cfe7a2SmmfDln7yHUlZ8fQ61kilXQ01VVL3tMOy+7/55H/SMiB+6sM56TjywjVWIYd9I7izR5f39hdSQAfrVZ2mmhflBdaTwe3B5G5KnqHtaut4nIiCwNaTRfVOe9tD2B6VMFOYnHk3m6roAmcGpM7t6MT3VGL0VDyZdOfh16GTaSLIZY2xao2RSrlz1M6h1Vj/i1sZ66T56uHmqTQVW5j8uM7m525NG66UKpmjqRsaOUv+eZf5sYadwIOZh1O8xzpy/nnPfsbVb1t+7prps8MuQAWoZyjBwgT4KcupZAcaYqtc2Q9mhUmnrDMkjFUmrSpgGMMOaheu2ZkV6zunpuHlsX/p1Hm07SJdXAACETMRzpzPDWXUOBPNrRde9nBp97a+YvnyeP8nt3/f09fyenb/BH2DQvaXvqlqwpMpOJbhmSdS5VgmTG+Xyqp4fswZEvU/lO7aCRfHnt0wCW3KCgDu7+7bHDbVY1ZrrqP//zP4XR53k47B4p4QT2Wm0wErd9I7+O3O9IR6WiBoP6CctY1stRCWFj+ZnJjPpScuPlpiwxtPS/qMQImQRsbIuMu6Tb8e0JJcYIfrr076oKznOwNlaK2udxu5qZYOZ//89/v2n+/WfsvgHsBFvhWxkVQrp3GixqSq0bvkPAlgKxpJ6ZCYHdocGsw/0s89TSmJ8B4xs38TOVFXzM2N9jJynfCW3WiZDZO63kstHIfjVsZTADWlzKSM2pv89hlphPd7Q+lhASLZOcGAzkXeOp1zfs6vtFMPNUV3V/7t2HPYC7AnV8mluTrwE73sPxKpv0x/TxdYEjIjNu2w7+2KpIzEQY65+5n6tnAg8irF14/e63zpPi2M/2JfaTfPJ5M9k2q4L1BgLcjFSa408DN9996yG/lB3zcNGZ1Zb+2mGFbC8B44nuuLc9c5OzFLPlzltnU3WDj65nj+uzVaO3ZI8Sr6lXbM+LC3bEg66uJqjqtRSTulsd5ix6qO8l1iEASnGpd+edeU1qUgrScv6tRPvd+DTA4ZcjuZfPb1v0DYRY57tLoHW/1gzKo0XD/Xq/TtLrCS52+czIPESo4CwtAhBbIeLkvFWk7sDq9+OFaYy3EuDsjsR774LChjKZIcMKuxNEiEHKJRAr3wtN1s57MkTlk7pSkLSiId7PJHmfP4xaHX0RexH+Vl0kM54ZfMQa1n49MSU90FIZDe6VGM+GpOHQWwYpBSWuylMQQcXi9iYpRyRfhNAf+lotnXNAefjaikrVSUQkZND8qiWgrrclzb2X3NkpjMq3nTfQc7tLcjZwppHU/sD9Lhr3Cn6fxZRmXqrFN8a+IUxjLYlCfuKwo4/fgi6s6rbviE7xbU0MZHXgXkdt9p40/p52rpvqe+axSFl1I/h+Thhk16uj23n3IXOWT6R/IsOam+74ikA5g4W80TUnRRR6zZuXxsxvk+NNbtIcwFCmXsT4UY+5+Xp3fNM7xTDNOFgY9H0mSmliOpMhgxTpnPSkVxH1va2zIxV9k/cWDMR8FNcje64umv4k/02jxjF99Stp+oaCPRX0kWndIgD6p4ApTxNjV1nCd+S1kNa3lyVCd4uiNWpyiC2MREac7+/fmaXT0LcIyXhJWHAPOZo27/4G/UdlBKUbseZHLhwLlAaJVfwo/8a7O+Tn1fh0vuOQkNPufBfHLdfovZLz/gIg5iZmY4Ioom/lgFt10giOZI1w8tWfNWecNLCY+YfdXyVEtXepz0Ctd8f6e+oT1pZq7wXRhRmfnSUfydk8H5jagXsvSBO9iQxhGfOEaOmO8w5tOg9bkyhMBYK7ADPxs7vLOgnf73zOdxO6XLP04cm+AgICqg5tJeSz2tN5jpUiIgL5Szrqk9GvUmogcswx8tUKvavCVL1UM7POYIb3VYrUS2quznMYrI83oLx5RxXvp0sJHUE0XDN8FffQ9KRWaDjgegyuykRtxbykECs/Yh+m5zcz03ieR8Xw/K6H+TqzkdQysxmC4zV3wKvOsV7hrUneY0yyIaKTh2fxDd0mVOt2dLdOo75P05XB+3y+paPEsO8zd8yh5nCxYn/jFxizKzS1BQBWq3sXced4+XbXLyVZZyYzrQ/Y4Jk/7tiZqcZbn02L7/7OA0CboYWVK8KclK3fCEpTuVEzWgGsOJaiVGwpf+9N5RSZXL3VzGtA5H7H8S0yNdm7nyJ51qRUgUZRUZgQPBz1ffEb1I3oC6DVcsuXZnzKnuepjfwazCscMGLi30BSBUjEyNrLmhWApPBlBVGDI4pWclh2Ov9ZAUpiF/m+v99R8aX1DOLkTzbUoh0B5HFCWxmH9N8oyFuhrLzDxgWDBjF7H3UA8mXwALi3+CqQ8rwHfj2sd3cUKXmoS3VMZPbVVJqiEWBGhSYZzoNA11UMAgAr8uebTfTHVaKrQri1Sfbba76PaPMg3tS/T/v7X7DedG/dCExV5a6+m1Uraj/qm9cCjDzdQ2+NfptrDuZ5nrdcjEjfOHzteWMZYOHtzbvr2Lh/vl98DF9y3x3fsqe/ja2ZO5Ck2ZrO0g4Yh6YCXiappy26cOOMr3FVrSfPAEC1PjnrpyPQk+GOZxQ3UoWrEFJvVZmIUG1T95/9Q1wR0vfn8F0csqYoPS2B8k5SPMRFV5w89Egp88waqM4MVl9Oat8mUhIKU6mImBjEUVlFBUc7T5TqeZkrHmy8DZNPv+rJ0ZKb7ji59enb28Z7Bp07gOWPfEtE53Ep4cwyfUl+3K9jQEMbHwFoDbhhNFXXGTYbG5mJ5UylIK2B9ihQLhBbG2y8mTcbArDYZc+VPuxsL6zs+TY7s3sgsGxxALJlnndPSbinU3DxCGHEn03YArXvLdVgL5IHIaNkPkc6MQdgjZ0s0ejMJzPXytQGgG/KBrylQLp8TcY0oJIljqLTb7jgQgYkX+WK/jer04Twf5t9fy+DyhSe8LYZlAXjvVf+PGMMx+fn/Utd8fZk5nnU8Y1+w6tuNDccDUz9/1y963IkTY4jCpAe+s4+79x233xGGSTPD4Ce6qk1W+vprpIyI9x5AQFwOjNjXAloAhvf4sfuDt19IgVGAdtfCD5qCM3AuphYXaq5O92WAij0rNr7fmaN37jwsb+xWkiZm8HcaA3tYgFa/JkkKVxwoYkLWHO3fQj0W5V/h2a8mF5z1CNQKZMRhJdOmfaOSeb2g36/jrdaMe3yGGfxwypNcfxk6CZeCWIyE3m0C8rXst7IECfryQMRwiI4nmb4y2zzmH/VvaYGTkZEntllBusTVZIT6RhFoKpv56VzqB+tWsEYCNxQVVX3/EHbgDD5UQPL3sEwY+r93OezX30iIo/GjaIGRXVPT81oGn03DQhy7sXR1EMFUd30HEUn2VBE97s1tgNkd2v3u+Nh/UsM0W/X42qz7aPeup2jsEQE/5dmdNY/IxaHn4FkuLrW6XL0Rl/3qZmpGnpWszgz2pFQ/UZol1W7RspjISMVXrrWlOIbq4lzjiQaithuffUYp8XXVD1pN07yrZJL2wzy3//j37qblnuqIBCxHbftcSiZGszfJQ+IlDuPCZ0YWSohIIXOjN3FYt+0skNJ4Q+uKEnXNcKOOmiMm+c2HdfqBNsdDEarMiGe/E14CvPY0YDCN7YUM/EB/qY0DaHBBfYGQJlov1VfkPYTd1GuNkKvUndBBNkEGJCedO63x8aUFpkkz8mcwTvd8qZdkwI1GNrzLrvw0CfJXCPZHOCcp+qjsCNOuqo1EtOdGVUTkaB3kpCMTE0bZ2QMly7TAUwJJtDb3DNgf81btmp5vRwV1ZUhOKtHCITy+/UL9rhy/5xz2r6HFRHnPFXV/Ubw5E+9zcDIKi6sJMKgexeUtV6hZoCiNmvqYHWYJvOLbMbJn+5uaBeCdgYMKCZm3cTcS1w9EVwMfcYEfFKcdR+F3/og6F2XMxiXDwkAsyt8xQAd2aBtEYA8iR7HPMjChfJSz7VxEGTZaME+ok6ooh6ZZvZYMKurkkfxcWYalhwN12Pdc4Gj/poZEWHrQ/17BIHnHLGwgxOAJuHjwbvmnNJtnAy2STShHXezYDEaazDKDGZuU0RF1bvGk3KE91QcmXnoEj9q0eq3P2Icx/Ji9JFrTKsfNhGMNDNa7m86zZwLNMjxU5CKKLYmQmBOpqxLLKRdCBWAc5gIDN0Roa0GGohW/e4QS5bmMdOFSfDHwpcaRJ6zU4PqLrOeB+DySfYURwTHa5+xw4+pdzHh6a+qznuTAnw/HwIERdTurvNoe4h+hvVYsvbaxhV7Zl1G8o5yUzYp6mIWMfQg6o+AHfJBn++kwwU9MlMld0aIRRWyAlsv4uUpr+/KFiu8kiPSaM4Gw9iF8+SK5rqS65REmunAQIR2/+hmtZlSokbw5/mZqrBEGdv3Ch4VUnN5rGOPA7OMykFJndrUOGUw83n7xbjYk/SbzKkZTp7z+Xy+xYHMTJgYNngpLRxTR4d3MGYIL78QqbxKKPmfYHHBo3uDjd4ouGBZin8HCZlsrbMQiIoZ3P3bTgR5gTDFcQEc1AS0IaN7fai5m72+rEk2I7KnChP70EQYxsTbr44LI4fDDKBJVGmhXf2cJzRa0TY198HBr/NDnPO87+89e89zSMcW/jHvspymJyPqLTHdhCYp90FhojUArt4aWm3BuIIyCLvcq9ltpWpstNzVQI+iqUfpLhzkoy0+Wii1R7CrQ2u4SaGYGddPT238RERBWwQMMylheecQEjONHnQXuibjEKwu3W/FxNw9HESe1BqA1SpVZQTWN7JptHq/hY+xcquUQ9jNNiXwwgUCM4+iKLXXQdWEJ3f+dW9NIoLx6TdwR+ABtWtEZLzT3/oKbpKhngcJ8Ld+PeKLUBq1zl45epEs9JBpZLRbz9O4+pW0fP+mynZLmy5oN8TEjDYxnsRo34wZKipWGSFQ59XVzrzOHW8V4wCkbWcFo1AyHxmoC8S58JPSIskp7Q7YEms7gRlZZFx+tzIWRkK3IBndA3Yk33c9/bkotMK5tJPdcb8qjVkTtkOseXtqa3uCVJ3G1VPOcAIn8skMsqs0GNBNqX6VMemGX/G9VZH7zaKlE6p6/zA9F+zQkCmDo31pS0JcQHGE3oDuSEWtioj0LpB3mnO5JmPSEkVsyu4But93EN1j41Y0k+owUWhTMoKR5zxX0TKKmkyMtr6Ti5DK3lyc7mqc85SotponrUoAwIkH4Pt+JIxVZclQk+LlUeK4IKDVRF5oQVa9EfGcZ6TCzei3ZuqCtrPjiowj34bIrK7IUEit+gynp5Z54KnAmnBilpgiEwwtk8zIqZbvtucxEeKh9ExPhcgW+gCZ6hCrXiS7azAcnOONPkHIkm/IHikkBTaxRiuWmpqtZhJZujPsGgeHzLPEJ4XTA05ahKdRRFyDqLnbwiLka6S8H5n0fpGmiTh9MqHf1a9EjMkDF06TlCQ0X5kbnK24pk9mT88Ug3ekaownjE/MWIhj6QAiGCcOhhmcHgVqBwvNpIdEBM+YVGsVpu61wA6jvcZ+arqooRcJ4tIdoNJFSMV0av+HJOwLy/4ZPwh3iJ6p/gxaXc95fv5OQbrxqY7M5xwVSO1iyRqTQeUCJZFYKAnNri605YlQuAw+ebR0CL4cIWsF46Ah5JS3pD0n3/d1UQ+8XdNzzrE6F96XYNA88xZ2kAUEvWOJ04RWKZXgR61hZw+xLOyIkNkOoM/Q7yeDrhhnTgb2iFZrGyeACdkcaNmNGuyBdK4EtChT3/Wcw4sFSICs4VCo3qNX31lIOz3q9uTwy39kRWvgKb/ZimMCNoWVmDA3YOap+kwA3VWvDqbm2yGsoK8R6NKe/szMwnJV/zezg7Sdapgznpn2WJkOrgaRS1gROWiCzO5XKsy266ln6tVt2HnACKmbP+8vOCfTYyF/z25v6O0I/pyfrtarV2Q7x1VARPy+BdW9ETRsNyRr6p3GxHD2tDSYCyV1RMgLWt2I+GmhhssbOoGJQQ0nvfbDx1eVU6RogiPK43RrUD9dIpoEcc4RCYLJnuomAu/vR6zpuGakmolJtSPlsRUzzDza+zerOx94d4JKVRUhVdUQj659dbQsa2bQHvJNBEKePvX+LsOTn6q+A3IPFEE5CtD43tDwhRCW5NHAEsDJDCIzqvpTgpiELwcvX9ZKDp/tIIzW2JBcE/dVgevuaGYm6zyD49NdxhjZdwhBzjnPgCez37fel/ruVSefjMcrWiJS+5yS55xjiyR/XwDTrwZBwnszjvIGOVc9LEhKd+o53lT02sZ/tOlNo4yPtn/bNtyDN2B6KL9cIWlm2S5MTFWtEZnPTEXYfX7Tg4H48ABvmBJnCykaYlpz53U3AL677gDIZnPeT0Ab2UKzz+qPUoYWl8bqcWUcRU3rSyVz0lixYyOJvOnKlakhxdH3jWxUnBgIAZ8IHtUoRKNe1fa6WSJtG+YK3V5/UOuffDYyH1XvbjZFFZHWNkimkCMY75CXjPkQwtyqPrGFveJJZCzDBAjJ933MggwkxqrE3m6xp1M9DAkFkOk8j4EWBhjj5cF+JwP0FDWc9lbf/q0XEW932pwTlE43Y8C3JOvUgrllsiG2AQEwQseClK6iUT19VX2j0hZISgXdpX4A0t9DXVKGKAshOcXv7//kf/znv++0R/jPnb2IwB2rJlNJsXJ7eyC6sYDB/W+AW9Kci5GdrMraopG3lHEe1qG8AMHgxsS/hP6dH9r9czb5MeJrK3QLIJ1ifv3X5FrhhLjfSd875ztLdh6Ff6PAstsNetp2mfV7FS9oJRqXaF8Gs6qKJyGGIDwtX7AYWz1RUj89WxdJMmSXRFef1lUg9rdPQw6zJGk5p+NywMFhZu3744+F2VSpe1w33hQxXmztXnLr/Sf8Utjmi8WLYmA+JIidOUBkxkujI5EzPXrcoTWVOOcIDH3rfZ5HbEQvUlaoNlNbOVwjqNZv0fxJD71nllwD2VI37OYcEVMuSmMX6ubPE/h+Ix0zIGbQr0ElABL/uqiiStWV+wUTPLH+YH4+OVOmR/8BNHcTsxeDhwRrM6IbB3DkeqNv8Qe9VYfSLXPqDGb3DQoiARUzauel2EGFD7DoPutSJW1KZmqQe99mriEPPZw1nK2fuaqLUGDl2KR1Zt6q/+/nH6HkkWI+dgRFeXl+fpTE57bikNs/l59lfA6IzS6YaQQzvsbT8CxXeqmmtwx958CzhE3z0XbRbq72JUMRQKJ4iz0dNC5tRGdgyMDJozv4zz//jNnNvizdvS09Q8uaLCMLUhvDvisTzDxNU+Pny8QBgHPynmR9MP0uDaguS9pv9iICu1IinyO04pzURatad1F8I+QM1npuHJ+lylc/oaWjUHj3dF13DWpK28SKZSH94eXxew4z0ofZH7XvxxCEPTPX3kSCHyFA6V1kpc8ZscsESAjjkCe7JTP9NXfSMPLrHel72q1sx8/75hJ9DUB/d1rGnxShgIa5i8v2vwUwqEgqPs8MI6Hx6hDrL1ZdHrEIh92ZUC+moF+V6SpZ6GGGt2ozgyuVjYi8a8AFQ6IHNbPLVP2hJzMJNOY55/P5pK1FvjYImxPxvq8YQPvwv3hHb/k51116qYUZoZxIMpwRKpR7B426P0reWEyo7yIoSb7mEMHkqk8iTPacqsxEpna0hQySL09KcdvvQnQzM6+FA3a3XYoY18tV1ky5djk3Se0XHzVXNxI6xnpVu02zAUQedVYiJhmhYCRD/pxXORFrKeP6FdfUCyQjs+oj1kkwRaJwpOqWr6icx/yvZi9dxpNHQo3LbSRm2kDDyewpsZL9TvcnqJn/890VDFuhIyLypFV9YRnfq2GYFVei/UIfg+sMsFlMXAm7cOp5kewaBo84jB55y+vGTwkAk28VXY/lOy32bhNVJSaa4/PlQkYYuFdIUMG968KdHTfwutLCrdX5/dgrLTITZRlS+heKOXs5proak3n04oaQVtYF+sih+wB8xY31cItDq0AMorWX7GmYJF+R+16aQ/IJdlWP1VrCkeeLPAMrkVERPnex0F7kuxUMXl5tZ+173fboj+ulQT5mHGs6PtX+Yelhub5veWm2kqxEMKeqGnKnNFNSORVAi2eE6O400woyxu3dcaKdXre62M9Qe/bMtYkIGTC2qegz2q6RWWt3iwutyuFtBsA7NTPJOOdYoUtmPkrBfvLv+zwPGFoOfN+s66J4HFfIt949Ytx8/QNcBQn12b7wgTZSKBF3ydJnX6PfILyrSTfTA8uTe/6W5a0aptcm+5gk/vWwNZ8RluHeQm6nlc7ymk7oMQpOwrpL8zpnPseAzmaNvP4z6RAczOvpbOXBilz9XdSR2atXYIToJgos33rYoLHvyACQ4rA5MxNJ+Yk29r+auTuAfp4Uq/Rkjv+5f/2tMEnenuK2MA7RmbK11H2kSDz6hAsY6cj31fH0MNIcCKtVTEAQF1Rno0quNQops7GRG8REsnCFvF226jHdcWnUtDfCeBW/cqIh+dFp3HIFsHpMJ8daor9WwLkcIHKshwDJBk8eUaOcGjM0Ivr2htsLxKpRtyBaYrImYLC+CzPn5C0q4o9fs5p8iMmnVMevr7DNtbbFyAwx63VOwqqy4eohblWjf9Uc2IImBeXU+8p8cv6QMbu7jUtUMBdxHxKBgCRBuwp0piOym8E0Aci19Fcg7jrBpl687wWrCeb6qvtlqQLfsSg2JcX+mZnFpQCDFFf42wo23e2xBwCgoL0UFNan/LL82ZTYJhcr0BHBwoL408hrge3ibiYm32PGf/1zMYT90ndDAL4B2WWhm5ReVeg9HrMvxYkARi22HqMY0N1fEd5sTr/OPDpdmq7X2KpOf1lF0efzq2eOxaY2V+JWL7Mdt6K8Atps7bexARHRpbvTWtEriV6QWA2COo48pyRKhwzr5rsrDt+YoD7oj0mAD+kSv/JPVoqqknoyc5sjzn3m0CXUAFU3jc46Prfa9mFWIfOkZs+prEGQLFvrzBdQc53snnTfKrVYRLiN8pcAIPyB3bbTn9HmpAgR3QgGw0ylGYJ5tCeJYSdV+Y8MAPa4BrbuQtRX9XGCLI6ip34y4EXlAa3EUJIS3Ix/fn7e90PyHE+J7vnHdDCJLx2eW1ZZf6mW36cEninPdPenC6SWlsPJVwbpjZDPZzWtHBXEIThLCyUUSN+WiFlPsdVEWwm4llB+zZA100a/Lifune5fSfpo/mx3jdjiRxMpJ9N3unvOSSEtrkB7NPfiEjJuNEgBmuIAAaqc78/U8jnsfLFbUnWjMfrJOjNvf5yLq7DVyLQECvY/yAyZLMnAsNG5cbLt3iGLV48/Y0Q1o1yqyHjHF3Gc+h8NpG32plaLfJ6nqhoWINbWCUoOIy5JYGZkEjNVIR0zkW46ZI8Y9xkqk0amfPYYge0RdEycdTO11P39vHdvx0a2cPEZoby/pJauKh6RkjvId5fQMD1u1Ewu7YQpBrCUFkJvSOMSbrKsTRypkFV2qn0DyXWj+WJc7tJJH8tNgrMVV0Qw+Pv7kRFl/vt//JtDMMlB91vLMst8puY5p2cuK3mmIEYYbC7t0KUBOR1A3ei6uo0MdFdNDbot6e2ZZrDE7QUWrB8pEIzEZooMZH7pFPnlbWmAt90Wu0sZkzb0ngvCZnS4gYIAACAASURBVN6IPD8/5iV5Rkt+ka/9Z3q6dHOumG7Q0H9/SLCb6x57Id3RhHAHFTJiYyBO5PRgvoM+XScAY34WuvvIjOjPC4YsPjA93f1WvZnPV4E14iriRHIIWa/ssGEoxvd4SOVt48AfPyJ9XX8GOqNjE9X8WRn0xBOIqSG2DCIznh3maDg2+2MXz5rotjceOIU5eZZIy7LyWA9PGV1oe2duwuY5P6e7vQFu5q03glpiXP0h5sQJhq0SF6N/p8WCDMZznm2lxEeXr5dyHLtlOnygvtey98Sg+u0utX/aOjx74zRyJrcWHFWia1GigZy2L671wcxoohQR8sLzE7uDsRnsImWAAzuGk9H1mWn1BGZdrqV4Xi/OxW65J/IS1jiYief8BDiDqvfCWDRjxUd/RjJQ1Hdhde8XPmR4o8CoVm/lg4iQ5kiQQnh30ws37Tnh1K642CuXu21MJp/IXNXCzPd/shVVayEKENEw3hELxEtFVPbeRyBEDaspBpZ3HBu1xkNNAMEu3Q6cPPo5GFnV460PgAn+PP98V2nTHln+fHrF1s4Lq2lVoZgBSgtS9re50Rp4f/WTRwt/NF1lgLsHghlkevxh74VUHfb5vL5l51DWpsPdUCRCXw+jVc9tFe6PzN6rz+p30EtUUnm66MgW9FOvqEawhUnCgysX8ZEaVMtAkN/r72pcYg2vopoZxugF2S+VAaC08BzSprhFGS2IE9GeYinS8oJYkV5J4sL2ci2A2iNnNq7Dmh9pgh57uziDf2KscsLlPjTqTr2VmhGE98iVohtoBp/n8SWpDuZ5zsx83sbQ62RshWek78QRvEACLStWkRb/rguyNYo9UklGLvdthX1Av5UntXgE3SdTbX+CUj4Eg7ItGS4fEE61Hpz0YLrq4mH0tEYJl6R0w6rtm6TUVJbucwjc7XbTnXkyD0faQHJ6ujGl5EIy8rztP4G0JC1C7C7MXCFNF3akBLUor2woZgL8fH6BMbaJuF2NKYmkfFOVdwD0tyZR2RLqbUhCvEWZegcRbMw1kp6ZrqJ0u/uURAe0fZl9wgCIYe8lVfouJohBSxHEedNQ5FzGw1ebYhYnvAIDExGhWd0lswwizkgEmcIizSVRvujpPClWqc/5KAv1p0UL7u2mJ2D7o+ka/U+7BMsvcJwU4juBHhJddkILxrCn+/P5nHMyHzA8r683juHLHrlnNAeuYegf7W3wZNAjusaXY9vd0xUANUHaxIAZFdkul6W6o/rkbfaWxGSbI/djuo/WbWD3JwMIpMHuKXItMuQijRFq+lsf7N4jkqahTCNDskJKKSB114Zyfj3TMcscW7PP0cnUMHl6dmOHWg6Q2/los0iT8g/08owd0wbfrqSQEK2+nLBdnjcDAVEDJup97wyeEe9bCG94gIKDqkC/AoVOsQbnhony1NalBiXPxGXsLnMil8yxc5pWey/FA7teAYsYx0rIpJjLeZodYzt/OXpPV72qiwZBnvMjalrE2vOu4YmmKaSwYr5vD7rRvWOwae3pfMchS2oJdsu43DQdkm99FP7lmFH1ijFa/Va9Uzhh6/PP5xWUcHwLnMF3CEpFmMzzVgNk88TJyHrLQc+Li/uyKDaPyZKMjamWHjrudEE44NuVqWyAHVH0nXq3FHjot0qEpJsM9aI4IKLqE9pgf6UPeoqq8lzqW1si/pzMhWLJUjrfyKjpt8sYeCrcJTDVPewILT3yOHmm40SK5QamK/beSxFaWlvdkLg5UixLmHGeJAvFZDLf952R5FHYTRJUNrG7F+r5eS6EOjN5vON9Qcb4vC+Bk7mYrJ4C0N4vdd/sOLsviLnstxmN4eFDjBlgqRKUk/hof89JBnuqdu/U7RH083VBGZwS7iO+JyJzqnmp5Qt2q/nRR9rLDWjDGrDVmmUfHi5S3Gnc9bP6O+6pyTaPB/dqRJwLMkbEi0awpqc3VrQdIYBhnt/Pp2Q546GUoM++2p2eUooC2ShtX3E5OcKd8/f3v9+p5/lhUINMZCCIqYhsSYHUq4hJLZ5iV0YKk8oUlup1nRjr2y7HZb6DlgJmxXrs0pi13zJBZ7CoYGiocFAj9fLULPkaAJnZNRFLcBRHinzyiHN28mBIJCOUK3e2H93z5EPmjBjTXI3I0iiUQZqUt779/TkTDVZXzzxxbCVBbs+1DZfwbB0fzzskwMvYVZ/YLlP/So5k1MvRmSTIXEIRG5aR15QqiWREjLsEkhG9fas09L2LjsPVb4Bd9cqyo7tBg5XTmrwC1s3zvoh7/gGe8zzP03ffZL8LOhpdfc4RcDvVyXh/6znnOafRmam3XPMGiXEXp8j8eV81mNJ2aID916KHe/Vm5uQjVKHnvcNIWFsAq/N7lANnRC+GEoG+1ac/ucTEAdRlkJwWPFpiwXqQYLtKds9Ux7GGqUrrMXy4JdMR0ixfv7aJzOC+xd2wHWGyl46NelhpKYAA+Pw8DDo2zoBZrUyl/WQH4KWMvO/n5/xDQnuLg19yagS7C0SJ8gERu2FchTzP2cMQ3VNViDiRwjB+P782C3ARMKkysbf43gPfMCTNGFr4aGR2u3zMSHvtRb6cmaodDh2lT7kRIo006bPuvihsEtecldJ21NpZR5x6f4OYYM+IRvGKdmnsWrrnJGNK+Ix+MEnx+luMcm/DFdQuA1B9ZVpgpNXoM/NbH7VEAM5J2XxBo7hBxqkuQPv8JE7HeZ4ZfKokjprpqpLW3ALOxYUKM92ROej3fXnyrQ+IOAHi8340hZJewyw356NwCwKqQdhmTSV0R8TZPbvt4odIS4jOQsOzU80IqRvZ9cmMrrdxGzqVDNH6WevcoPOpwZsKyBkTjzAUs7lMvVIMnJk2iz3icvzllDC08xhJ0Z5Di3jl8tKvgt6MLBM0uZ/BBNjzPs8TBroV/ub5eSLiyWPlo30gDA5mHG0VdT2i8R5aRT9Gipjv3jWNRXtqmvfMA+N0db0he3bQILUjpl/Q1H+Nto6GxP/5X/+JfbrXhn48bEF1R3okBaP/yQW+3/qccyx353eSqRcmkp6qLjlKa3y3BZzb/9yWVXd5VlhHuw9zQR8B4vp4uH/22ZEcOZAGM67n1NKReKcQuy7iVgy20zNja72D+KWHdBfWQXjuKALbqCAgRoy+wy3+yD/z3X5fs9sUzTTwUBnt5vKyUTzrEY6wiA817ZhN5frWQrvc9nQ3kYomQSUC0aFn1wIOANO7IkzTFns05DnDHXjg+3s3PZO8G+FnulEaj3bNwkOXocwZP5OZkRxeC/16Kk4G4vP5LMHOxJ/vRHRcsZHchCQ7o3fGti0LiOhT4nkeTWJBs3Uy07x+fBkEat0hEZzF8N8ns7NWZkb1iC0FmB+qgRdmAFH7Vf0rJgZXOeFMH0tuGUU2FUnqSQRNjobeXwre1pge6orRvKf97+kyv8Cn1EE5jk3T0lKswIIaQS7tW8Kx2inS9u2Z2zl8bUn3hPPvXdCp1rRZz2T/LdzZyrtwAFjUb/xC5UJI7ipwcwjHE/2RTbVwxm1X4o58cRdgZrz9ZVrFLQIu2F2v3rW/8kak3RNDt0NTW1VRL1EHUhFGPn2ymumq6rrdnd9Oat7rx5XnhHVOOp4pF2Y/qKSG9jRXXfBcw79ujLlT9prqov1bFBN06bgOp7QZ/TJwU69bfab4PtB4+dagKux2xkY5tvNf91+lLaodT+GptbkwGbFz+Ns+3yDxJ/7/+SOMdP2XV9gxM5ANmo/1HTAo33OXVs0MPBvWLwkDXrP/swcvACBG5zYqw5633h270130XsqIlbSvhcJGNmvmwqdOt0P7taiC9GwuwPTzPJRnDlowMxllSw0oecnBa1bQgO/8rAPGocIF4jcWzZj5e01BZkZ6Ju2enYUMgjENr5KjJgoDLcnbOfe1pBx87zIZuGJhfEP3c+zhmyEDiqz6En/cj3WI5VddSgEQYQQqvEpJhfvrgLmCxEUirDk45/zZOaFKo29dV1UequlfmWHvI30iBSRtxe7JtccKppYQoCirJCfGWxEUq42NmkjOvxl85grCfEeCsSRff4yekXrSfR9voACgNRi3Drn3RS+d5oHq2UrTJhah/KxVLXRmSiKgUO/10SFHY6MltzbIXVas3/RVJOjO/0nu5wR8tnb8AgAoz+10VA0lXMDub+0kbmZ3U7sl+o2r4qKouStXl2IjkhFpxvFk5lRNdUSk7US/MUSSC4dTNdxhJ1wI6tJkncH8pvjxl8GC0X9gWezhBe7xqKoWSdYmtoB4Vbo0VQN0vedL0YpPv9+3aURGm/EsUaeHiKHj93OyuzWY9MQUuHKWzfvtL7rjZ03ow+zdXjw62+srM5Ly0lQR2M3n+eEKoeIvI5XIw+6u6oiY8M52xcYvF4Ek8PP8zFKVt4H/wk9wu0oFzPmKbPrW29Vv6rvMbONQf2oMk570LiLiKrRU2Cr/kmEVYwbAV/uTFjr7c5scvXUln+dR16BAKzJK9ZsZ60pvELNn3ioxT41KlWLEH27gwm03+n0vvvefnQiXKAJExmKFE8Hf3//RXRChCoC6gHNOREgxfhVCPvlBjRKvNuX+xv26mDHF8uLO+hNLNvwesyXLa9BF6y/NCJZjV3taxWmcZ5VMa0XrDvm2AFsn9LK5Lwx0r5iKKjt6by4FptYZQINVlXaZ2SVJkWtUfeDfzye38AjyeOi15ydJxOfzIeOcE5tAY9XzaD/kqhIL5ljD6vM5GIy4z4nlet/MuHITh33uKFrx8FtBASrXtYK4r2XoGv/eunT+eP07MbNdytz3CrjPd0PBi+BeAhz+GBnNzHU9XoWQlWr6b+41uR32fbz3/x8rv/9cqLgpWINA0Ciw+X+z8Vl6HahV2zEMlHDh+dDMeKUf8hY2KteUTTRC/Hmeqo962IyU70RpwE/IrVd3UB1JSk2164VqJo6rI1+RGFfaqldbQrGYbsY8dhfooGr2ifhfL8L3ccYhLHfLhSuZCJ38nR2mrmqEt03AGPlScMQj6O+2wl0beeuNb2V+4iso0UMTmtm4JNNWxHvLo3F9TnxNX7Ev3EAtLG+diHj7lejWtS7wPOe+WM3M7yxlv28a4TGd6HtB1Cj5slDdBrpLc0GpTy5did8pFMk1cRYX8JUTxgwx1TcAbuKzomhm4F1T6tbOzMhjk3bdYC3nQDn3vrhbTtz/6Uan2GEhdTIhB2C14LvsIbBljLSeB3vkHDfaEpmlvEw+Z9nNgreAxROmkRnVH2rtUNgwQI4gelxfa0eiXjnxJawjRsikwXoAJWWmWH0zEc4dhobI3/qITT9tCZkeTpzv1kwfGuEe4CCIDLCnruVDrIJwX5BrQvlSrPuQW3gADNT7Rj6zmAaXnFEltm35zVGMn5aS4W/MUWxvjBQDrwUHBp0EasFUhqyZzHzOGUCVAwbbfvYQT56NJb4o+jqp1BIyoAZtcOv3foflvqrpbWf6tnQS8fUfN+wh/JDY5offhbKyclWoUa99IUHS3q3KoTYZ2AZDYSki0ltbIo924kJOG0vQcuLWZprZTv/CxdiWfzDPOTPobilB6Ul8ZCTAlOVd5jS7+3keiGpStWesnudZRHpuENAM+6aqiBCT4KYkQM4i+gAmul2ae1XJ6B923vtz3aojcrxDi6p/Zl2KYhS4xIyBSKty7CTnvjXM3KxNUjWJu+wtkzKtpRNRB5hHAUejjpnIH5qeuMOKVFbVLkD1Erg5hbwvc8mmAMmyavZf9G0AIuSsi1iUSq0NESfPuID0aI1SegVVUQuLuMd7ZryzRP/lblyLiOnmHywCW/+cP/r4rXtzZu5CpYhgsDE6h/o6ySAn/+9//b+uYezjI1VTnueQ6K7fehGyglHHAmF3CmH2qMHYNPIPwiS9yc/PeT+/P+cfeVgDHTOEmCSWH1R3QU6ADoXnHDK9wUG391LqvrG3YIqNy33YOCL27yiYijBo399qB73Mc86j56iSNOQ1NmKHGlr6fCoig4fYHQxq0gWMY/J8Cz5NU/Ftv4MO/7sTVMcUJOIuNwaoWeUeQVltxOZjbgn3yXBogUz6Hi97OnmMx4wsDtqpMlQxpAzWpuc5D8jMp+pt149hIYfGO7bxyRn79OnjnGBQ1KqoftOZDQQzKDYkdRCURaVVwhCTR5mDM1OtjXkFzJM/03CSHpmfaPVC0+L7yvPomXS1FqXq1ekoiu0iEERFdvX7PA8nZFB38hGaIYKgRATpoQYRycSnPtrBobZ3gMg8kepAQP6cH0knEOweER80Woxg+CCLY5AzmEEy0ZiemuplCqedgt1yi8EPO9ahrbOOm5hVb3a9u8NwSksvk9UTcBlU/ZI5wkTAficYMkkT7aiqCIki4iQxJSrZ533jeMguc39gcqu/wUohoGVcGOJTb6NlzntOqCoCu0qPVr2QHJOyRcjMI9q0KrC57U0jI5PRbxGyeV/jPWyi0EA7uAia5a6vNCUTqgG+TZcXNcin5Yus+f52BSNO7CVF5BO7MEcsjwF63noLmH/+z//BXr6TOd3aF9Iz2inH4dvvTRharYOlQ8aO/RSfAHmJpM+MsgIcmbzCS5NF5wCF7Mk8YLz1BpFpCqdcucUXnmlMybaqpxh469X4pLtn7doiOP6AA/GzGZpFB5MwPsE7QRFZd8YJG3HnoOEUmHMvPrG5YOsht9b6jyPSkxswoCSBEY5kHGR2fQJnF5yQJGLgJxbjtRyQR2HkTGNGKOfcke2CdrcLQo9+rwrHQumQqM7oHQXfAggbxpS2R+CIApyrTCB5MrHNk652CM7bYW1m4G5tBcQqEuF3+eYANWsjTJiV77B1Vzp/sbfS3CLbK6H75agaa38jUIsNhbPneheoUZHoGH/W5MzlFoy/Plfq6O18DMXciOxXC0RnZjih8l0U+QjmOQJM9TH1kOq9mp/p3vK7h4geZByiZ1q2eEa+MA6tYeeZk09mIljd9am7t0Z2KFuQca+dCIi6lekAoFElAE88gmLS2VwiMEhlfcGpCIAc9siVNNb4bnae0cpiVhniego7jKgZXspXLPgy/X708MVxA8eKtG8zH5HPgNpR9HP+kZxx0Bh21bDnC2h+CXQzTY6YgxRvpc2hVLpUTFXpFeSUJlialm/RolMeDLMcSDHpeEfapU/bjTxyyS5Z/5/zqKwTf6S7nnMUXmQ+e04y8HY1rH4jmdoNgiEPZq1mOCkkSgEKfpW2Q11ZC2MAoqc0aJ9IG9JNVVd9EBNJRirOQJGKeqfuk3XUMczzTGxkjOXbg/Fnb7xqrIgIWVZ5efhVlkwgJbPTp9A+lQsxkN59xVWdvjM9k6a2yHpUe554sV0uitFtM1gkRg6Tu9dK1Z4VMHoOlBjga2Eq3nHPgroRya3dge5XeWd207XOgmDlkJLSdbUvlDqBk/kuoUcZJ47VtNMviWFMo7sIdEPk42/XbIqMh6MYdVKU7kee/ltRf7v9POypz+eNk3d6ob48SEy/n08+jwonkhiBSh6NjzwJoVWlOjbclYvA6CCzau5ZsAhHuaXtLw9Cms56P37cBJONWe+tyMzP57eqMpjapjLUs7Lhp2+aO1su7QMLr8zY/ihiMWWaUxyjvUAxU7F0gSZ0I3SiEPYLb0zXOzMtEZwb7c5Q9yPklzCRU42DoOJ3VgPtMsA7xQYYZjL8rLD269o3k6vEFQYujGUgeq5ikoAtzFIJnYiNjBSRGVn1qkaSMsmx/hwtP4gwHS0k6aM24TUwXXV2I7HwH4jgLPa91Eq2TJlbtrkb8wmVdEqHiJ+SiNaAvmHla18zmEWHnfYWb0plNLSsaqQzQ+BEzPSTj9jZSkFV1VIkW/TJIE4cM5gi0FSVRBA9Xb2925nW4vhL5pBYzR9GfR4wciiyjrxM59VHpnSN07oU+iIXvMbCkQNW1fS7CWhLCClcMECnfFmkhxKhlmiMLPJmXMRDZ8T13lS9FPOXtqh6PJmQo9OoJzwnR+4IwqOHJCUk1+F/8ggQ+XkOprnLHUkRXYfkxOx+Dpdb3fU8B7ud6+TRu3hlCu5rzdE11rwgj+MwIaO5XuOOMVO+JO6KDOO3K76srgEzD4dtuw5t01lwypshav7QvwD0VKPVNanMeLtFqu0tO3fUlHea1TMnV6WHGtcwFK9W38vXEANZkcYmOKEfY7VoxHdIRrJrYCdhqfHsMLz4jCtPTW5j2WylTiAiz1E9NoCEWTJDBNDq1bde1j2LPJRf0KidHwku1Xapn8pzwPy8RdhXo6uUDU9Qv4E26FauT8MhGTPzvjXMY5pX1XfD2cw7+/e3a7p7p/2zvKNCr+oy4eDgApdvwUHnsqaUePwuQKH5Jdqlb1fmItFouwhK5VCvooMBvZrRFkBZzchLXbZEcq3t6nPiZJQkZEY5K7wTC4RHFLc3zNQIXyUe5agB8Hmetz7gnPNTf3bM3sFBrFVUqOZLicP0WLIcnbEi6etPRolUHZ+Dlyhw7ZtOpAA5zAhCUTLten8/HzNt5J+BaFhcFxGDqNeOQL6QC/+MobjpNrQxE8vJm+f56W6fKNqHQx1vZtgRiZR7UdLrM6dL+p08xyjiLF+HUE1utXpG9fvECbARvdUIhxykvOOkRKRaUhcQQnFhjHHUGtgcvosBz9GU34Fj9oMNf+yc40kMzjnKgFI5DNTyz8mMfADW+ysEDpiI029n8M9eFlGMBGZ66157ExgDWW+t5RQy8zlPd5/zs/Uh8/kxAjYt8XJdiyQkJZEeDHieICH/3QT+eX4uAZerQg5/sHJARvV8n+FOiwR4bPBDHwbGsvTZodcO9vxXtRsPmKP1CbBWuD6FuXZ/QhFUMzwzqK6fn588R+AlyXdqCPEX5RUxPXIcVa9eVeoL6u1gSiQsnySNwH5+fkii0dVMd+gRwaMllcJkCg7OrK73fQNUSAzou0BYSlUxRoreCF5ztndephY/UpCZLg5stIypJjqI/K//+i+ZCYRrAtglnV3C0ojufvKoaFO/cikRvKxG2rI5lukW9swqe+GpmXzysunfz0dTuLAsxTN8j47oxqDq5QowvxWbooXQZcrvuLDemjOzeXoVi0DLWmHdqLlohGuwpVeoGXOO1JbwmWVT6rcvZzlzG6oZbUi/n8oezbkcTpB5zgNJTQUxY6c8Mxx8yzgbMe2HbyN/pJwcIRxHvY6/htzZGOGFQkJQQ3T+C5z78+szy93Hcz9yV8Ji/46u2v547Jo7J8X3fQUL7sRS6aS+7bfcA+XwS5wNOh5weU+6H35myrELEA3EbzkiQvsz1MZnkFY4AnieZwNf3wHD+jULdphvalx+vb5XuVh0IZX2AEdEnCP5pNfSb5Wl/zcnE2QI7FHisVbJJGZquQpJVeTwomCNcMVRUowDYOREoGL1zksz4vwvJU0eP4eI6Olzni0ciWkinvNMl7aDLr9V1hwc/cxdaCyIAVh3CyGJKrO6xSDAUqJ06uaPLkSrz7pfDbHf9x30+psjT7xvydlARBu3x1UNXLmCVNDpqaxNIfaC61DNvaE9nuhyEwAHJx5KiNq1H5VrpSDvS87Y9FCJU9ZV2OZwjaE2Rpmz+apWPecw8vP5YLy2IdafrpdH5nS+haPl/Sri1dvPmxkebm8jIoLQTEWeiDjP09pRbM5ynechsY/uyjhi7MY2M3zrzUz5jc7sP9eB33MuLOCiDKTIOjMzkQYXdCDhKa17RHcFG2x9xQUZ7+XM+BIbZ5lQunOq8ERtiLVrgD0Nqi8+MjNrLaKX+7ZdergfIqjZk0DinDVHVvKZGVKs1VYemZlkdJVV7ZoYlS3e40ahdSSPhaX1HHTCdpCcm1b81yJCgUhhXUYHyoKafyjYOqfY5g42ddJrc4zn/Zl6ZfPHqTYul4rMiO6BPaAjMpfFSVIyYUov5ECBhdN3CNQGRrdeWtwK339iWszaJc3NiSL3WfeDIKNLREX+K+ULEXnOowEw9yfrIWRcnBSkp/9P/sya0ujU5foqRKSikz9hY3p1TmItLCtfywOec/77v//7Yh8lNGef5/t+TeplnAJpWeLGZzgOK9fCQnUtZehC5gGmvAfoC68oFB1hHSSA5+fnPlUsWhLfFSMTkVV1cgkgEbUr0W7tobi3vG+RBhDM6rfbLEV6rjqkDcLet84Ji1PDYXZmzcQY+wFMMLlUtbEm1ZldBPwRuV78F51/jb03EqzsLAT9kHynOKnDXlX1vsHQjmId16nqDS8++aUVfGbQWEYJkB4TzgzaE977jrT0u94SQa+n/Kx88PVTRO99uHsR1OqYUbsxBPSmnzFK57KpSkbDNDPdRJ34qgdUuGFf2wUO5DDQgkCGnETcu9CmJ9fGQ5KhhbcAruHDzXrco3ZHaFssHWpUPzOlN05IiN04aWUbPE4wSJ0nhVlIEHbj1WCSEXmmZ6/z19ZmgRLvXRsIkz47PukvYXYkDhcGoWwkvA/P84AOM+fIt0oDj1k83W/+8iGwc4x7oZz99+aN8/A8P/9k5vvacW1mBvPKdfB5qt9nzROCOMfGku/n7W4wqrv6PZlPJMwDboJvl1iAj1enDkkPFdTB76gDVINn7fgNKeccTL/vqxScMskVYdB5uQCfsRk17efGgTAWIIdVu3JHROzSr5mR8uDEgaeGBkx5mz5uoAJu9xRqHae1tKO7Y92rqko+v7ev0SsnaI/7KgDP86O4RE28sDrgxrgwGHQT7Y3riqsm1yu5eACcvHijK3nVyRGR3r4muxIKhVbdcodJYZN3Ga9HREwV1grGc1lF2vo2j1tc8HJ4lQLf+uiKxW4E1Hh+zxXCBtkGobdXXbT4ThTAv4f2pgzNavWu5wvYZYCZKQgFGP0KBsXJSMbJlNeEOqa3yjdjZc9L+AsHW83px7vrsBv7yIl19Yw/LEVFV2d83Nm4b59yx+Vx330wCloRtobIfC4vyqwaont+zsMvMajuw3/ODxlUgSFK/snuznOq3qq+ZvTOF64WVNh0t0nuvaVCSHONpQAAIABJREFUZuoKzJ+4IWbPVHFTcjjSs1GxGxOH0rh4WGuE+o+5jaTkH224oeECVVyfz2fvSyP4vq/5NzQxNaR214mySZEHMMdsIbH19LU0CW6RZrBVSlVJTaLPdhgizfi2rzoBfwFu3oKC2u4pBbmOQWrX1CCSJ8//Oq7+1vRnlvHHDSYKXIJcLr8BC1boq+16Aj8ondfukiX8N+5pJd7mvvGeTQTP2GxDD3JI0x52/mHneoHUVW+PBUC95Z8vpNionrCJTjQAukqvowuMW6vgFfKtvhIk0TYVkAEwq+onf7DT36UKWqElTfOf6OErxa+OMww0CUyX8jhNj3YU9djSMVyjLJWgb5WKpX7fbvf7ytdyPjw29++IeEwwwsyIiAmhAepn66Pkjd1v4efFWWcn/cOZdic7c+n8anYMTHuQQMafvZvKKc1JRp4HOyIpmZnLEdR1HS76pyvvGfyUOsqIAJERPz//vO8bngdopa1PUXfneSLW0KVLEpDneYJbV1CwpZ0G6cJySzQloZb9EWRRi6+ATQWz63NBtxJv7fTnz85R0bDoRHQvFz2cGZLayUr5TNpGmJ/31e6GzBNxBgF4OxGb917b0EbFJlecvUajhgk2tzoHgcusN0741azsA5kxCXJVXODuUsowSsMIaAQuX4frNuGtyf75mzL6/Xxgd9yYmZNxMmPX3ikeZibMiCXpXX3Y/x5ArmK7WnS071Mmqd7Tu12FzY6Kfw0gQaa+oz7hqJXY6DqjslTxBFhzWoDGjbEBf0+1a1dAoftbE04zUkwgo9M6cgv6ZeY5T1VRdNcwc72qZAOl5yJlv85cvaUUcM7zF6XRKQ1ZO5nfUxFx8vl8Pp/3jd3AN/qxi/MQSdFixPqCZVK3wjT+cIROzzknDWsYCu2xax5daRfAJx/dC8WH39/f/M//+x8M9lsCIGKbW10nyXUVObreVbhf7Z7wpqsioLUsaBK/9Wk0tML386tLm8wZVMlgikAws+pNBidyHVTWh+7eVd/MFh9q8wYE/BIzFClHS/PE64jMkRRRhVNY6CncTfWlB1wK0HLjBTCtGd0lfcCuIwbFMt0mxZ+xR5gYHZk5dDM2I0EfRmujjJHCJilDsyNBm6fDnadx555zkv6HuLkz4qiKmqm3zPyJkN9udFc+Z9CazYzXSvGtF4KpMoM4aeJk7L4R9c4AI/yVW0svTG9H9QvaWc68pDUrYKD6jYwTiWn75AQjs19Hrl4AWFDveZ4tzwkXB3VO1mDA1po+KTYj85hpTka9YyCj30Gj5zln6P5EKQHA2x8Sv+8nnxNxqqV3kRaGw7uFgl1NkyjFrunG9KZ5xvSUagvZ3L/W8LWC7EyvOY0E5hAFMCJ6KnY1ahzReFDd6gw0Hnjroxpid6pwphsN4q2XwTxn71gDrO7QnmXM2x/ly7vRGqOVZlEzklxFJkNKvSlM5ImZk9lobXxaRfO8n097KDzBdNgEnvMjdk+KQVpFQZ+o5zlTOPk43Ov+TGVq/5vpV3Vdqmdmit1yxMDXrQSe+u+NJzmMHojJy2HXpWmL38zpd+N7TyAjRIu7QkOj/9JXjoZsFCUNjXo/I5cqytebLVYv4zw/toMm8qRmTBknMxlLr17amnw5Hw3DdopbVcHMOFCL+w4YskxJy1aGDkradJXv+6t2TsPImUlmV9f7asFBZJi53ENMMOt9qQQ5bJgz5TGy+LKRjTnPsxYwYlizxc3UPya4PSrg0dntMBVuxf7ZUWuKp25bczF899kuODpCD8QNHRWLcImpnuQIq84zAxk+qF4h5YmCgUT6Apt8VMiZEnkcklJaCq3bpbesal6wOFpoaXqZOcgUHyp2UMSdhfgcZlb3qJo/R6D22xXpHMEboDHkLnK8xdpoJzbJ6LfOOT6HQ/ktIkNe/K/2dtn6ECDeKq8MntadBXYMo9LgeMxgcAGGh5ixHCjG5jLa+tnVDzivFlVpxy9PhFQmYB7XDBgpjaiFme9kZM870xlxzpGIewHTBnB+fhTgu9/P++YxV4yLkpufNXhHhGjY5MyF1KOn7aGpsd7QYft5nrEPMlz11+tJLaqnVBINBcqkqhflMDXCMx3nMKTtEHpj9hwHOmeEBFEeHjvj25d3NMuEqivs0KhLubs9Lai2M/t0tyx6Pu//zDQlTxFdSPufdDtc2IALzhaaKZFI8yR9G/VxQkQ+UwIQEQL+VHF6MhRIIt5PiZhwzhn7eleEdy3I9VWzBIEIwRiUIM5aodMtvYylizkwxMxbpRJ9HTkwsxy+6TsQCka9mvYlhSgizsnP54MekSpuY6liQ52T+jUZaQtoHrpD5u2f9G6FyQ4zUpXn2D1fw4eeGTTA+XTFyfNdUkrJYwWUU2KMxlkp0ky/01MySZNeNk4+xk7E+wZ3Z4bppokAmK59nhkEUG8pZNzayXeWtvcRahlxkmtGQdRKObnha2YCEYzuSuJ9KxmidNgSzUWL+g33Ifr8LexNSsqBKpoQIVLSw0hGyiddcjSts55llZI85yEkVjNw3LBWwsVVtRyyREifGQS1wKCn3ioFmdT8lqLSatcRI+xOO07cqUo785RaCeTz/DDtJ7HAr0HSZsuxmvRSxrno5Ix64+quqsgnMstOUDrlkXFkYT9TXrWlNKhvysnI+A6hdSltDqC+9JzHI7B+c8XsvTV5RASPxoMLHe62w8g8T4R27mEvX3AgdbJgj92Sq4HuMU76vvyz0FgHAPu+TGuYdpOk3RKAyMVHxO2tv7hDNRnfiPfX/Z7n6w8TLl2y1VxQVtHomeoKDVunAogwUp0RshuejSfuv6ZOSPFp/qkEetJP9zRt6DceBIIZKY7/tOA5dV6qebQgZ0BEnl7TgIVb1ZhqQbRuX6tlkydQdzHOSFOZZ2KqpSxW4yZpcpM8mbGrkrnjQP1eHRhlZF0HbQ9G46KNJHZTIFTXzE44BfrwZGnfzNZrgGFX7atbuApyL9QHsAJKTSZGs9bx5BXd71qZ3WcRaE2CmRFdJZxxxvtOp/pknnxEU5Lz/sxkPnusNPz2PVVvTkszdZdLmR2kLU2U2xd5AbDl6+jEnnOwAMqJ1Bmet7SaV99ajfAdeMzCZLEvWoWABpxVxQEZVa3fPutJOyQR8naPjNQwjAD5yPJC13y5PupPEItP9a4MiVCvCk9xsK/e6BhXK6xdPIC7F81xt2SjUOo86VnL7FK0oCmC3aI5n0iZAnW/+rYNrQhmkCdTKknV1XJM1yUvO7Yz8zRMmPjJR5XD23dt+kaEwTmPzGD1xMSI3/JXnZR11QDkj8Trbn3pMi779ZM9nAYQcX5+nv/+/HejZd/x5HM9MZQiZTHUM4ip92NWCnUHvRHBtUrYPxY7piWghfAR0VXJADqtypWtDUGJ2L7mwI3KE42Jk5zOSCEMz3nEV1br2t1d0EV8juoijT3Ml6PJcDNaDYUREViaPCyBLCOY3hhRvmw6p7PPShNb7S3IIPv9dL26TCKV/n7+p9ABZETNvP1ZlWqZlq+5r6cJZPCtl1YMTnXHGHwD+Qr9VC2MmZlIZoQSXIpgsIfSZYx+KKM8MPsOXAkq5akB7xnOBJORo0k0iC1fSZZ2EW0vEEypV8f7z0bzmh4kD0biPJfR9j8HbAkwYz6uTNoZZ1FvZNRUhtIsbXMS+b6/mUFLeRfCU80MhvzZ3t9ZZ3Jhd8HD7SV3Tx7t8DbjIRTZ0xgRO1T4p+DEjKNPMaOymYxQmZnMqWkUieRR5I78uoW+05FnGYYb3gnv4PsubZZhjigsUmaEpLKg2Wo71NeHTzTIeZ5T70vCCkWwZvKoN5pzDmPJghnxpyIasrpSiQPDI6gTz/NDRmn/B9hkxnnfUrH1+/7Pumwh80x1xC7cVglODhl5NOcPdAYD+eSjfSoEVgCEPM/MgA4RO2iP1+RXUPoGl2o1d72xaNCpdnQ3KQ4o9Aes933WGJ9A5Gn/0ShOZqc8RxB/TxnAuFlMCuHaoTLUMpAFeWclgPf9haHTNgMKxEzkA2uLraug/w4z8/fzK8qvqFoGmCJk2Wq4x8M5/dLMcxQ/u2skh+YAjSrMJM8O4Fsdn0RvwLzTPUU70+jEEjPnPBHMf/v3f4vrghrR3SeP5Jkkf55/ZEI24yJXrcJmF+5RFjpyZTo2XAAQoKY9Yktd+sNzHtmzPM+jH3OevGNky6n2csbOgQRJVLVmO1vBd0RKvBMuSnKn1+Z18s8iPh0ywS76O/GngFAi1KGMHaXE/rnNzPwZRG/xjZtx7SC263Olq9DB6rfKonWqZh0goVZqrqMxl4mg5oTk7KIIADXTbfG4+UQIVTMzdXH8iEBG8GyV7e97g46ntej3fY36uaHl37fMnWH6pYsW7dm1BCu+M18FSbeNwCKE5ohpIrqxuHX/MueE5xVi4YoGQrrsBrzeTYFMh1OsQQ2XqSHwEv3ME+GXrLQGz3rfhKeXetf4iWdGGgSoWfrL89UDUSssT0lNPq/WLndUg4Z4n6Ndo1MgZrpLfPaG5EUzSgk+Xbf42hlU2FDPxPwR9t3dUzBhlvWWSjpFIjHK9dPe9wMruXyo7teR36JAJfS8Cm1jBpkXPKJPPi5spgm+VSI7PNozMUbHlBhoYr7YcA4DauEEjnS33FoT5rgqtM3iLLA9mkvDCAsmtLTTp47G1TIzmcZklS/JQovBBGC08hC86Xb+kEM1NHrWqbx35UDvcr8IlQV9hYHfmtX/x3JgIXRyq4UZAu+nqop3d/ct1gX/CTPsmW4SZW27P8qW3bFLABe2plkq7/vijwDgb1RU4/m+nyXdpxk9sqvyMoC5bKNgZubsxGD+TBdIajyGPwMGsTnWgG6n8vM1psSfeaxumb672A16QjeG+FQHKTtdLBoFYOZf47P9BLDEW3iVmZzov9uxzGjTFhNHFbXZPdX3o5GUvaX37vw5G/um9+PRPhD3GKjWxxb94w1R3DRIHTY9w14y2h1jRNjxvzFYvQE4YQ+i8Oa0RcFjwxfu/OMy1MLpw17z/MJJd8DAXJeXnp/nWcHWN5Fx1UKAdzMoDoSjh92cxfmKCFm0maAXuDyXMc3zOsWL6FQ9/ZyfzekERIOJv7/I8WQvOd1C+KiYaWVIF939L+8dnWkvu33Oi3yoKulaiZQch+KcXE76H62hFE5oAFOdEdur6OFNRiQPVtqnyesOqEjyFaO8Sy9A7dx0y0ERw+d5lr3Q3R27ePZmqBk0mxFaYpkM6c/i6lKE8QQ0LrBqUJ951L6JzFHKIFhvcVAuefzX44ve8m1mgJoZRra64o2QvsJi8O3M1onBjl7KR7oerUZHkvYy90dGKnR8XyXZTxjwurQJBtFWGAiPo7ebjN7CtwaDMy+3DjjnUTSjmuY9QNqsG0yuhZeM7C4TnFvvbT8J6SoYRGZ3Kb1uprbK5FZQvkYI8eBEVMlYTpwBL3PiAhRFgEhBrFwGblVp6oyd4u7x0Nu5UVM59z0ZwMDrF11mK+bcXVaXJTpSCNW0+m3Hq5PJiCMfx+4u8SjFS/L3IoBluJu/vAYYRozDks3I4JiLXcrFtQlUUUJO5Rp+SN8mBqHmhTpRm4B2qdjGYdOu8uwyNnNgez0rACSZz6E2PDPf9623el5VvLLT1LFPKX1VuTGpMnh2tLYM6IiYYK7mWB7BfgJifP+h/ep7yd/2rC2EYov6jsxkZFffdHNDECwoeW86m6ugDc7M5/NR/HxLlozuj973pVYtSCllJiyOtjp3z8zZ0BvreaiaGWQylQuVKZSpDxl/lhWf88y44crMqj38sCfvEN8dFefQOo9RtePdP6ROqer8E4fQEAfc21pV4ZQXEpNgU0OsmkoQxufzyYzIo3/b67ceCxnMH6HSrev0BBydY9F89bY1+Zw7pUg7H0rO7vv76ZKxWlUJdL7H76azTdOyccdGPPVG7Omh9hHO5QvrduvbkSz457QHy3pGdydHOJze4GI8/vsftVbE0PyMVBpXrOwiZqgBFbi2CYaHNCJo3s18u8dlgKka4Hl+ZmbVUfZy0Wnp6++z3uix473NyCaH3ees3KbB23PyrZqZGr1xR0JqfMMw7DKjRXqZz0zrVL+/H32L+yAABHijN7fCz0xq+HobaruTALATlqKfK8A/zzkzvR3MUd5v5Od5wpQnzi4PkJdYxELejLCJ4pIbMiJDgKP/yZZ53DY/XEIbLTV/buH7Hhe6EClzxzb00OtPXgMjonc0QnLA961cR/iPmjLv7Nk/ewIVl96SEev3zmLXvWDXgHtCPDN/tjDC/lpmf8FDaw1+XqwPqxP6XBUpAFA8PP3CrnNSKOdbpayIHg23ck0CZgU3MDhXDBzYWme2U+n+Rpj7JyKwZnHLhN853X22tIFSxlEZIMsURXKS3XcxUnPHyS4hLoi0tYS6m1m1qN1uXKfh5vT9V/jzfgEI4UdP330PXZ8TaaTOUVqIFmbts3QRatdoj2qq8SztPDGtfXjmEwsjVmzhlkq1W/1mvldMtsZ6gIL7Ln5Ks0vd3bb1jvpqfiP33aUrNNxMBDXljmD2QlVv0t0WWsXTbbal79qqDwFc9NLU+9lL7XyqgY1bg5umb7N747YMxkkiA1KkiaRoGtm3y3bR3ZjeBcXzvZvXRUBvs60hgKFof2vajGbMWPZso0r/IYW5tUZBdfs7gDCQpUqS2r2q52wtRAYx7/u2fL/jkfBXv1fjXmwFawewhchnxi/aoYIR0eNdlfpge68TdPl7d1vqSLzTz/NI36OtLQvBy6pLm1dksJGf31/IlmPcGAI4zw9WVbNdyNwYOy6xcnT17RhJZvbItFCsLDuj/tnUpQPpDRPwZi/hD0q5xN7ZGdm6qAKXBm6mGitNALB5eeLSaAYAqj86V5s6/fPhwxlVpUo9FU5F71OdowjDIJnegvCtYch4nufWyZnZNRfj6v1GEfSKDriFbI9E3uj/n6tv25Il2ZEykzxq87MsBoZhDp8+O0MSD2byrKYXHJru3VWZEe662gUAMh6dgbdqg2DsHSn0iEqVeUhUdWy58n4q//0//5cuVcr7V/YaGE3zqleAdVkY+tUr6ijEmfgBMN5PMZRzzpPgzDxer9HrBDuZqatnAzXlrelVmUNERL0fAgQzzrvll2LSWxWYiKyd1Ez1NaC7LhbJVOXgHdbu3t04GZYy7q4aw4kMELHyR7e2UCYLGq4ohNcGu4tCiAvAGwLIZY/KQnCkELJv8btaDMv7BECZtHT3p4rs6qquQRO03B6NULHc8QSGOqbWo9fJVwCBCjK1ag3vGOt3G5N5RJfW2kInKGGTmZjgDqB1EnYFxTgPfjlJ6G8GQh2v3cf+djHhPBUrnHz8mcXlCNHSz71pGbkSwbhsWRW1JHnYMz/ngS7pUi/1snTVk9lm82BGlYGSNsiZLl0pMtJSWnpZ36rIqJzBybNLvY7g7zXMT/4EQpDrkymUNPxdNUgy2ba6Z2paJBLKqv4ryoycLRnVF3268rlyBC+6M844cbR3N8bopRQ/NVaOiEhTkTIPurtKLgKYebv6bQkpPkcmDKrFtRtGxrPtAX8Jdok35pR3h4/c6mBMT1D48Qajyu+F4HQns6uAeZ7HVCzFKY3S8ox8Kww+NcFt54BaXGhEqpqpJd80M6FBXuuqajSZCu6NcVtALjgSgvSSeeJoGaBv1JhYwI6QTbdOPecIUqc+6sSD0XqbkSFV2ZbyQFj66V52wLgDXaLf45vuOXnMUG8+Pz960tIBe6uCcc6aCJHYIY6naxE7XlSRCDEyXhtKgxM01XTiVzRjuCjZoKLvvu0KefsEjwXfvjYD0o6f7QFiy9BZWDroWTMyECxhQun/U93C0ZeqrlBgi2AKyUIHEo26Ulh4ftfYvTVNzNI/Zerov/95ZkbEnKD8nUaxZQsjxxMs1unbQ6xYXLOlEGHJgu1/XFQJpDuA0MeImRK2XCUpbq8Iu6+TRKQwjKEqffQr0E0wGs0MPRC5v2gS3aN0HJFnGxLzXilq8IyQU2N8EgBoUvS+H9FFM0WEzLTz0JBiiSFCNCYKPDWjNJjy+RACDoOTmRH1vlujG2iufD0iwGUACcZwRMjjvhS7GoCMeN9X7ysz3xWd0KxeMJbr1euGhFnVGlzm+RG0NMJqtLPN/5NH+TyQ0hsFoCtv8VxGlwET72tVt9kRz1j7V+9XGtNNfY0QD9GK7V6KGDk1YtfOjHDQWMVh0byqOnjOedQKK5qpTb0Y2FGRawwy6v0bJ+7SOuQL4u2VimaZlvUWiyooM/NgqS1a9pMxLQvBJOM8Gq1ylAi6nZ15y1qv2USi7LcgOo6byqleZbDVElWnnJKQN+SC6uS1FZkN4wJCNzoinkjBCABEnHOeRQmJmxIRWSVW5ZCMLVFIZmgaiJoO5HN+VIu6zGTI5jEygxmZYtRRaxs1sX7xrcaHUJPSkrECExiFUDEtpvsYTZ8zXfNGPqr39oiBkQDR1XbJk6y2qsrkDvJmhlfwHiz94R5Tp9vS2zLNU5EcCuJERArHnRnyMxpOv8UYIhDMI+1L6EMyrluFTo/UJESS+9Fm6o7ljj7kYNaxpscqkREhOItHQN2Mkch+ve/srkVDXqicGfs/Y8AdGevn0PFTyqgeVt5iWw5bgpOArHnL9gNhfeqqt6p6YCTGHY6j3lcDMlEqR37pmpkjdMifc3Qaq9H9Vc+oFXiR0n273RPKxz/BmVIagN311skT3uMOMO80IwQLFBL8PD9qkl0nq6WJWYoVB9PvG3pmMy0TGmIoYrYWbCPvAexseXZg9Oc8Glh82hMWz5xGPFS9MrUzE5GcnSaDWE1UKPiNFbGDGbShnygBIobLJUv4m56JfMra1jo3VM8FTHW1ZHOmhRGeQuThCO2p68dkwn4Q6oOCEcOWGhWA4OmeR7gr+fXAbYgarrcbU6J0TLPGq7PRCvXOZTZyjqfP804j4JfPmMHzPGIKdPf0KFgFIbaZ6MeaIW138F0UbffnD6Y30nuzvosN7vw9pgSEWUEfjT/yScrUeqCWtLrzOSF1r5pzzkB2l4yM8Wo2dgAk1a+GW/TeUY5v5Qx+fv7k0nZG6mrAwm+LmIKUczPytBCKgyCVfzXMsh8enDp/zSzCnd6MMM4EplqL8AszwJ23ml2tbVANhkwCb3fDt/59P9rE6rUOkPmc58dq2hECOH26jkT/p2kXIZL81Ov+l83rJSB5lohCqS1cCJqXY3SF6Y8agXPyfSvyaOg5MyWDx4gqqDbTIt99esbd/HAhIz3voM118e9gW6ZvH81OUTOCQrgjNcLITNjJM2uK2hIDNOgU77w9TWZQFn3uyAal+BJYYBzCavH0kc7Ms9WawBkmAJZBUJg7ulXRYp66VPhFxiLpe8cL9qrdfKi+UsHczPNogqma3LhtXAKj3kL1myflCOpjRnrE6KFzabkptpBI+QrPyn4lPKK4BJY/VbdYKqv10PVFNGROphY2sTFft2kNgQRuG4CRck0ZUuZGr0L0OYd6/TGRUV2COIBWBMFw2gPzfO54kQhpvsfmrBgOI7SZ3qbAS7LuPhJZyJNij1q5KMzrhQ58A5M8SQGEnFq0BXmex9R8sq5/r78eRqbQggK8NTNdrxRRpvtEZIQ0P97P+hLNNSEg3JZ6E6kMS8Q5j0bq1NjKZeoJSQGrOnUJuTp16rSXr0Zy0NLhjLsVs46I0mRlRtoH2NijzJxZ95c4maequ9+Z9vuaicyelykWJnvUHWF39hYmigjZyejPQOXZeITY9hQarUDyPMnMyDhHySP3HUHB3ko+A0yD53mgWVO1ZA+6xVIykcIiL9oEW3hQtkmYbhAXXDWCqfPIzbF7kJII5mZFYEJDdYWkd9pgTYnLOYM0AgIP2RGKB9h+GRwgZAurUVHXdAlGDI74ZDdZbK31iCKss6e5SGZOaOrEPKe7zvNo8myskAROlFLjtDwSZk9+hjd4xh5nF0ItpECBwLB3W+ces96/J+S9QTmQYZBxRBOc6ogIJFciwqvWCJDys83kTP+3nz87F9I9oLoQYN5FkIgFqKJX3dzEvPW+/R7r2+4aAD0Yt2/qzeW9AVCLd4HOgLck2IVhnBRKhHsqQpz7V9HJasF9TjKlC6I2Fk0cFZCEgP9P/phUJebH+6lpfK0BembOyYgrWoWRZ4xk4v79P/+d8KQ8DDdQezzfxlsKAJrAK/2oh9xtqjvSCAJ5stkA0lhkbn9S0wqUlr7pnrelOLlIK4DAOT/ic+8P9vtUUZCLz3o/f0lBhsIqlvj9LW6yD+zmGYAlDlYr7fP56KyfNIkbgPwAercHd24V+yFnkQX/GBDcNUNaNrR7+tW9A4zRNvoSXoOvNx1WaomrOxEB9ol0bsjDqyKt8oi73fUqW7gkfSrt7rSDA70aCaxB52aguEiEPYtAjJIxgLkUv/nqjaolHEjQ9joXCUAn9eSvbiw5ZXNaTygio6cl87KdL0lLN3yNgMJuzxHai05VPY+E9oaH7/sCNg4XsXqH38ACdqgMZyXWneVVS7tcbyQjPLce9NTzPMNokezGW4T9eyqRzAzCFwxllFLXuzrdmNXOnmnNVZ7zM7Ob8MU4gME2eMMfFmCgMG9XTWsSt+YcM0BQrGdp1AqvYWRTWxixd0Az54gWg7JWoDafjT0AJ1Iom14YoNu+9cbY+v5VNm3UzPQgz5GORL0TCI1mLkUk5Ee/unhtVwnbB/WowvWbV5KemcLcNMkVLtiQoLJAT6H7OmR0XTcYHdO0h7Zq4GBojRdyoZClz20bejrjgJQHgyIGKEjOe6lnenTlhZ1wDVDEaA/oM4/tAUgG88+fP2o2AMRJ6VzNb7TyAt8gCvCucE6eDIh5cGXTCSOCF9MH0m9QO5dGMyIjI+PdLPu7mKsFO4jmBptTydpnT+tGtu52QFkAl+dHO7o+59T1LI2IG2xduN9++Ysfuc/8/ljVNFsUCrOhYnR+/2GS0prXWZIG668D4/txAAAgAElEQVRiy12i+j1qdrZzxrl+NvhqEM/MHVzfuBeZQ5zn6HidRwrOPOdknttMOtZtmFdbp4poZk7+QhfC3w8z4IUGarruISm27ezuGXkteG7+PSqLDLp3PFdjPSI93OmvZvSvZ+xHOZz0ESrjJowiWX1/a53Bz8zLOeGbembezwe+UWZjiBHV11VVY1MAqdVXdFfmQUBX7zuV2/tsXZ2YkX+MXx9m/JHmCyFxQ6jnFlfWb/EaPkcAybfK6XVAGTbsitT4YhW7Fvr1u7hLa6HkwvwDnyK7s4BhKEx2d/iM+ZnnupicTDnH2vrIYyeS8b4vNPoF9kDy7+fvjb21otLA7ZEA4Bj54vcF7BJIbfl2VrO6al9MDYBB1WdmnufRbO1i5TRBighsfPYj0qw6goN+KyKe55m7h/NUnJFR77tNrDG/v5BEFk50mJrRcJzkTHXVk8fbh8wBdijw5ZhitdrjXLQ7SBrl/bZelcqRiKh+9z//Bef1TXAdTMbn89EvqvfLydBD4ar0Kjae83DmRD6rT60Y0v02nNf0a7pHyKDZ2I4bghbFof/4vl/X1XqqayuimhPLsYvd1tzvcWf0wuzp0zKS0Pj2ro+bHpfpH9CIKxC6QQpJVuP94mcVP11Djme+OsMyOeDWuu/njdCax+GCwYvaU3Doa9pERthL931fbWpPPkYwhjXcfWYySLYXOdpXOzpVFYb3gCkvc/fQ3V3vx4VHfZ2HsOz13cI7Fr3vK7DPCU/ERGYFDJCL76oMjq5bWsziqDLzWwp6CIJzzhrY9vddd1FRWhwkxD2u47F+UB5FbRNPLzzkGjmDQT63XNcBQVeBzJOkxBUQWh57FUp62blY+9kULLFg3yuYApKpv/nN3RQgptpSJN1d/eoDvG9Ru1iQqk4NX23hXTIz4myuIcE8urTSkYhbGiy6c4KU+sfvmLYfpGvfeFdlnLf653mEHdcGZSRDBMNUoYHmLkdvIiuvZjNdse+wd6YXstA7pn+rvxXMACZkG0eca6jjy7ZLRMd5nlsU3T4Xev0MFY/0JiyGnJWnqypZ38hny4XKHpv9eJ4W9/xTsn87F79rfp0k+It18Y7reS6vxXHGGujbAUUI3QxD3zQmvsQ17WO4tPIvPtrHVLgQfl0fbs6CZ/cx8OaIQDA9vAk8gr5iUjfN10+LRmghJliTeoErlA4vMwySExra7OH7rjFNu3kRxtNtfvtOLcfzWd8jBYJ75R/NDdrlM3bOQC4WgdTwmovCpmtpX3Cx27lhJOLa8jm96OdB7a42prQaqpsgRHfLyFc99cnjieh2AcIeQRa/KTjjEHExT+jLmp5M99eZD2Dp0dWE+d1vfhkAIzc+RTPnAp8f/T3tzZMYDlD9jmdHLf/I9GEJ0lyQjXWg4NzSeMGQS8CdHToJlcjr8bOKwczqTvI5x0d4fypgcBjj+11WGEO5eLVuMTOjsmi2Kd6E0ACm32mjr9RIcrkjjYmgnqzKx4h4q+5J0Ze+QNWIGDWu8LmdX6ItWi38ik5TVerLTP2pl2QyTp4eUc30gvSfTGZmuh4m0RIHi6/JEzO6WyqNYXdGnB2nYIZ0InU937WpFr//+lX4cWdujnXda/Wyq9xYNhhAQJSIgVxVlqM2Gtzvkdbt0/9a9mMLmEVCz63t5x8IaQMQk0fAbZ0xxSt9bX1mRQZBpBptVbcvgEuKfHyex7pV3boX94MpogKQ1D71UWdGXp6WW5BskcEHrmcsqedIO9h+v/19zTlY+8wpw7LCqEFQunVCuwa5jJCS5xcxM+fYVExZUpEz1jFdChwr1PNGpJZzmUKiq3u1XjfAEncW0RIkXcVO3X2pl8cy4z+fD1d7ButRR+OrNGHDOY/DNyHzP5LnOe/72rQcTc3Fga6/KlOf59Fjwcw5R36ilpX2/eoGql+S5zc7GdEz2ip93r+qomNHqhkRcbDadwJx6SR86j3n2ZiJY4gS1XPNtBSke/rHlplzs4z/n1935MSjNVqvr2QIwDfjPVfogQjmr22lthG6AfF5XwgC0rqpduWclcjLzM/n7x5wzSgkOF9wyhQVG4AMWX3y5QN0p3kkn+ecyHOi1y9AbyHTAi/5f/71HxEh13htKaewBQWmtcPRhYwgmw2pyzVsUWh20jvtJuetlySH7uX9LAV1hHFtkRHx9/Mq1QmuO201zzAApKs7I6SlMSqsEVY+BYZI8Jy0LI+jNgG+ql+tsUhydj/m13BTyNYTfTsZJbnZrnJ2xCNVUPMYMBebebN4RNT+V0kKe6iRkP6VUSoWGSpi9FhHPUEA5Od9G5XAyazPm3FkBku4ine2+cKdvhg0TU0+/Q7snJzP6ffV88Fc1amVQymNnwbDk9qsrhB2hHTfQFASHP4MvDDw8GP0PEV98ZQ0HZz/FKVhJmYUGl8MhFLRIWOqxv3BEH1ygTCLA/qWvyuMQ4bhzgzXBEtwk2aTOCIXcelyQdiNYF8nJVDAz/CGkMTV/Y+wqPKGYI7apiCPSfEHwEwH1r+EkXmC3mxrVjAzb73ipqqIyZQstc8RI7u7vLdPEVmen0zTEjPzkNrKjBG1YsRbziE+9WEQq92s5byev2CEDHLiOQ+Ejon5+/mvaecwneWIVGsRyAG7ywiwjERkZDUiEoF+axp5TsiMLs4AaTRf93hqj0zp5q0tRwCdeaorMvTAxhyRHks5y8n89Ntr/3HnU5qwlKmEd5YXMaM1oUwV4sRj2I0vryGlOxkSH6UGbcIBjxgnmUQTwzwHwJ1hAGhQOfuSo7FSoV2FwWOTIiKkpurs1DNcKvTMgPH8/HhbMkVCDQa3/QCKw3prRTkU9nWWsJlYSafUpwuzoKFwgs85gQzEsM9JNy22FVMxo/9+SApPGvDvdQ3HO+1FZmpJo7AZzgbhLTqhlKtBSU0z1vwzgd1S9wxzW7g4blzjWuLM3cViQqqykkDGmvFgOrbV8QKPvOH39x0nJ1fAx19HZf2AIbF9NFpq5JJMnWldXbo9iOkJSOFjM6C2uR7MDBHSw9wRd1x2hWCAQ/NmxwtfAnin1Db1Fo6Ef0ZEHuZlZqT1KuKGy3dKQlEzDckgBkbyPgEyBwCjepjQZJPj+kz9g3wvvCJKKXlqWt2kFGngggzm/kkFJUh5aSiYj39CzsxwaAj8kOkZsVJ9Bjh5Eqv9Oju4XPpwydBUEjlYmKlzq9AoEfVtgNsBeRtOlHGaW72NDPrkKZrmdlxHHBLxnCdlWSQHP147B88kZMTzfpqMVHInqIneiGSiOBxEfv6+DPEkChzgqwX8/v3oe+jrZB7BF+I81TNVUk5QmxER028Qh2esz4Tc3D3deuGzWHiuKqj0f5VrZGyeEZnZq7glcJ+iA7wRgdb2HAGHMzMkCKIpIWw07YH9OedvvUaHRIi2hClPn64LxYj4lR7v6O5qaKvxnZemLcCDqoLufrsiU5D5XoaBIpsIrRLZM9vIjbnC8sx0nnyeZ2bq82oXqOpZ7yV5ggHYUIoYOTpIak/fiEOvV25knOFAO30pvRj05wCjksljgsFMvRmsRQzp0xmqQUqOzNIiMuK+vR4mk0hykAtEVD+gt4kRPeIrPubON7KrgTn5UPsrBtJfqns4XAizv9dzDmYysrqqxE9pdGu8ro5KRzcjM57pnaohxHONYJd2802ZP5uDGjJBRa6q8d2xCYRod8oTkdPvdFV1MPJJrazypPqikwczGLveAVAp1vboI8knOSsZOjPP8wig93N+bkbIfCJyUJlSS/cY2pW/MDoBhes4NnAQ8lHTuN7mUxNv1+pbT3KNr8o0lWOQ+8mpTtWTSoUXQclocrji1Yyfnz+EwQ2l/kA14UwKq9gDlPnE7kc01+5MagTvyeJOMAcjfwVV32k/LZDseWE4NZknPIKBgjYHXa2tAIFM/VfAxHMegW71NlOiWD0ETjz1dtfnXJeKoOYg98rr83X1XfWTgRAf32nfw1nVFNNKITPd6JrS4CAjn3wUPWQ3Bgwy0GbO0kSdfWeYmT4n7cw+PU4pYR4BSI+HNMuLc84qibOqPe4079Nr05PZgBKTAEkkh6Gn5V/cdpBabz/hlgrE8/whUBYYLAh16t3MgOgZOWmoihMLuUEwLRmxi8CZIbpEgvHSyAseWn9VC4Y3ghPCGKngag6ek8Qsn1hFAQ0B9Zf26lSd9YmklAy6wTznNDAYZZybXEiWBomjKR4BFgr0KD/uDOVOk+8WtIfAc/L9+5l+n/zJSIxpNIq4qn8ZeVEqAhllZo/KUe/Ybh7shSspnlCPe/FVIdLWkrLvuCR+iZ0qD+upTredGyNOhDaIwF0uey6Pud5EnJFYXOzWgAixPHeYuCOFW8xE5nkeFc3Cti6wXLNLKSRHRNbndbPO1L+t+mh8OuOlyMknkz1m/DPw9/MhCX0XGPwxZq3xxIMZaVnvU7p7HC2uuKWaor24C7nLydlifAcGFvegRxfJv5/PE/nkz+96RhYaYh54Wku87q6zd1M41TNSY1cnBRqI2TrJspbc2eVsUWBGAjxSIVf0gidrmtpXObNrcTT3jwr2DuHkdHpnHpmgdtdXM23Uur1KASAjr+RFr8Qlw80YSSK7DG0Ub1gLmMhQ/wUYXBhrSJB5Nh9pu5DP85ORM8AUHfKZorOggHlfPRzN9xpLD9cZy7UvkvOV/r7R11FShzpTwk1pd0xloPQ4NiBw4YwzjjNLGCg26rk4g2mAf/78EVrflVhKs90SfG/VXfnPbk343T/p9eXb3TPHyEQtHxErje43smsAhRnY8sfFNNUGYgwJIFIc6V9dH4UjUU83FXmeyEBeGfP79u89zjyqBkVHU4RkhHC6A7vvugO0jBhnRrITcR6RSUZ8Wd5RjhoKajsWK7KU59mBiRe3JIF+Px9tYWHpaW+at5gZjb26O3MtmGFzeE1AfA51fwNq87nvQuSV0cpZsmYWfM7MVGv/TpfgLzD8wkoC3UEtgIfk8zyiIE15qdlTWoMB/XN+Vg5dg+gOCgD9hkVs9uQFZwycBYcnPENXiIn4iYMZs6V7aD7TdCHjiDXueSkzwE+9kcQiXEk5uX69siWvKhSJnrDqur/1DvCcg61Oql5NkNbEjhxJVror9npDh228HHVz2xqT7wJHs4gJuXhi+sTRSlgzxpAHW3fEeZ6fiOye0EZtVPlzYUIkITiRxtUR6dp7RnIsAJKCJmu6Sxk+q9nv7qoPiTxPdeX/+t//k2S9dS9GUJIZqgMzrBemkT6OGteZPKlCWcg3YCLT9BnBQ6C150Lq/H8vEk0a60qrjAjb5ErN1rpRHnac43pXN0cJptbeJyK6KiIVvXdXISQIMo1+vTcKQP9ibODXcGpHx5ZF89naSmiLYI+Xbgkyu9bmRewqBWrjHY6DtwzVvPc8x9fSJZZ654rkMXxv5C6rMlLWmtjA2tZxAtT+gmVhGajE7+7nebqL2iY5W3n+ZQgq7pDUzrF3Qau0vGDbud0RSQ25OHhfq71vWbl4QA/0LhNNy/MnImpEs73Ah/n5+bNADONBjMGfvn2T/qQ1nX+Jm0NdI9Hdr11CVE0NwnJvsUpN5ARiZk6mvMCdD6d7tH402iLu5llSKm4MML/wTUqZI7yDO03aM1nnfhRc6HkXFU1dk0KrTt9jK7lvImMwJTAl0TudrpES4oWEj1k7/gazciUuZAtuEiJ97WUzKGZWUVYNy/bQnKaqzioOEwvGXJyp7tpbuhod221tPZqg2T/ACAwC4PMW5ANpni2YspSMqVaBLunWOKGKR6mxqp7zZ+bOSUlAyoOuMERj1e0QeKRGw0RGHOuqxzkPHXrcF2VokJuYS7WhtBq2GqeKG8njzDKWhHuNRcRrJaA18W2rcN0yrFnsnzDAidStVPkxW22o+YkI+WowVEXxeR44TEV1ay8djmDf5Wj90hId/av9hO/7t5ZaMW3Gj5A+OjMeqajowVS/7gjUOljeTXch1OELvyCms6ZPl2yh1RR/LWWnavXN4JlbGwtGFWlXlnSLRSj92OLFzxPbtGNwGRW5whqqO+/hFxPi1p+z5iIEhuZn+Co6sPz/2sE6ulUlxPRFY/bizTfmf7GBFznorzNYEquscVxshdFkBL7YYY/jFaaA4Izri7i4YKekbTCQxhJeKoYzwUYneUenALDd3X3OiUyMlfq++WsJZ70OTl19Pydp2tPG5Pl8Pts9+gH2VjohNEDQ3C7rPO5nC84UUwbjBIct1UNwSfQkDUFwk8Ybk33T8YVhIoPkowgWbIx1PIcRaQZVVbcrxfetz1tB6g522y86gqCVCdTzzEon6aLOLEzRXzycdTFdbv51kCQ9SEuIOtWe82A9FZXFjJvbAXlmmi9Is/ciwhDmnYQwnemwXL3vfXEhu+2ZgMDd8cVJmGIYKwCYmbFuWDJC7J6uNyMZVnl2dXRl4ogART4YFzItTBZJtalm+PpUq1Iy5OeWF0RHxOfzuRPF8/PlXuijCv+ySzmFS4cP7lAg9v423ASMAHGr4CdEBcjeRkWv4zqduJGbFxxLN0z1aMvRsRswkmPOnARJ9I4IWCXcwwu31C6TZjFpCv+6Uzt+FdMiXHWcIyRtRlbVWy+vMCkvqkNfaIRDVCwMa6Hef+2HZZ9qOFMACwxeEDpINZnMmOknT2ZW9ZPnJhd96/d9NSLUIHtmjHueaSHyylHIOe543HMX0lX1+YgbLpEEVfvW1eWiBe+RnpmLkpv9J+OOwCchJMtwhO34FhsRERpvifFdk5lvfYS6Em5OZ0BdNNPuYpHMjOnurncPFD3QOWYOcaGUS+fV2/9bLxYl3V2FqaonD0AM39Ig2iwQ3dCgvaw0YMXIAwCLt+jLetHHyOP9hL6sWi6tW4ye7nk/V6tKIypj5eIyM/SlIlV0gvefG5D43SmOX+gvvVDNBpUTSwi1upq8UOvk+rOqdt8xFzR3sydlJjmD9Ry6792Q4lSv/nR/Gxa93wTF2ItgvZopQky++ny5m0GVuFgIEZrdXepXVXxG+5NwuwwpxxqrpJGuUrMkjH9XNYp4TnqA0GBVHk4D0DQB7lYMe0pJWs/J7MHM1NXhmnEG9BdVmWZXjCptIFpKBRnfTnYrve9sWk9A4BgBVnbBoG6amDGzuV49/1k8MjUHA7Bi+sD2FABBRXt9ntlxmr6jPnj3tz/y5sa33v8YnGMd8/oHLKDaAXRGU1dDcemBn2I13ePEQAOE1ev751/cnTeNg96ynt4PeSChqULc4HnpHb+x0l+d5G2PF3HoQTZvvg7jf6hess2uc4V2pwonf0ysB8Z0jLm/sbffVpxRrR4R1cL5xjlH6YgGbfp88lZRAwMgOBE6h5Np8TQxIYQCFs79SD9TJ8HhYgA7sX1e0/5uDVYOg3kj/4XZ5XLNN26oqPHX15kflNY2r3lRDv73f8efKt4uGIXjdC/50VCLuJFHrz9PlvEJs6mh43tt431fGqONG3YWjauYiV4wddqDCvwlCKwz8CUtaZK7JkDXdh7LxXSaXq2w6kbIdUkydOHqoodSutqpiNQmFzgrTMaXFfp+Xk3hbjq7/QUA8ZVh6R6oboBf3ei3qK9xIhOU4TZZt8EMdfeVeU54tvg8z8QMkJaZJYAuhNbrKjAczbSG+vJKdW5VfKYrISPiYR8F9R1ikzy6rb0OH3q4ccud7X83BWl6qerClfzM3IpX9ds3VgzrspS6Bnin5IkCQJ0Fx+vSMedjnwwwmAkFEBWHdWP4BtJvLOqqxlxdBJIqReBfZSrDhiGs7qt0IEYTEsVzRT99AUWYFrhzprp+fn7Oear69mRl7D8MoxTcYTrP0VORp47oBePB2gtAkBrno0GcWzbH+76zZ0lv/H7rG+s80Rz4voj1RWBCQH7pRkirZk+IVgKDBXjZTYHz/DwA6y0hAPLk5/M6ZmqsqhG05lGLTrt8Jj9eJTMTTwFY3UnoQo90YI/eVdxAd/+RqvAY3Ts9jOVRSbFNvk3omQ4+PWrIimHIQm0o0FhCXoY7KXJo9RDUCg3WKYRnHZyekLBVRJUUhslhkOK+iyEqoq4ZD/qx1SA0A/yd1zxYmBE9JSLmkoe2BXhbCAEfITV0EdE13f3381f7LVJwZ62X7riLVZX/9u//ViXcjEdym+VHMtCL0ydndgMJqp/c4J4nQTTBTJDn5LcB68k82pmAC42ADUMMWpLg3RKyNPYNyz4Yk/72K/aAp4fnSP/rOQ+Jk9ldozIXX903EwzXof4+Piy6CoBwt5YzhqfpmcmxPZlSvrgUSicK4trv3Jehh7brlq1J0Gjl7BHcVyvLPCfA6an6C9l/j4xcdARb/XT3jDBxXDoxe6bhwxHTCKbaGApZsNsNmoehFCjZH41CDuDljWob7kQDwNitPMow2+AK7Oo4VlUgMtIFijk4yV0Iybe92yy8kOFJMDSQ9exD1TaX5tkeUjOl11mG3Eqhz4IZkTwnkokZWfQhZjDq4PSWw5MMziAzkJFIdE81h4HkDnpGcAutASy144zwvu8Mnucn3QK5ZMSuJQM5fa22rxp+3g5EN6ZaE1JwFepPPkJxkFPVESlTPi7CwiDQYfeLmZYzo5ihA2ESt+Rl1UjMOZhjEUAzZ7kcnec57/tWlbAJiOjp8/y89fbbJ59Y5EBhMk73LFtY3Z4GTEmMNlgaeUjwGzYJn4j41Od24NOQifzMwFhms6oZMWj5/wjW3WjofDn68OuHZh09KCl62jsmwyoJCSbl3tJTaMXIASDs4QSqO5bfrD9DbwkTYFXX+8nMc2J+BWh1PrLWgA0tVPIJMAIAkcZdbv3h0jMCsqvjVj+CY8NlxCJotFDp2WmsvjA5ITlure4wTfFeNR1WhzOzJVTsKJz6X0YM3ScDfU7qtpAUty6MUqkQJm7Z/frJsdCG8VSrIS4RO4/U8fTVvjzcc+xb7jZ7oIIG+09GY/N0WeZiigQbHMUH3WjcXeyvjKiiMM9ja76VD7rF2S3pdLIyDr23EBJ/Wur8y9UTWn+aUG0TyZPfZ6tPEAmG5hqu/kv1Jc45n34lMa/2V+9WZwakxuOjkXMAQQNkVFaCHKEqIahbo7UINjGUFOgFBoDFLadq6N4DhmJb+AlulfSsiBhxPqShFeZZK09hJmJIqSND1kj+jmIeYEiWamnG531FApXWvhhvM/M8jx7INjz5vp+efp7Uvkt3WftZHzwrrlI1M8Bhg/OPMmWoCpBceI0iqZ6WHhFid8yBbn4xF8klPJ18eK86I5gIzZhGgYjC4DtCo7stp6SrmGIuDFUO7rHX1QBDp5cefKTqNp2BJfYJeIFXqvmMi5Svqp+fH80ZVLySGZGNnXAJQDI9PlqYCF6dSbh9NUAEPJldhVXawVJliai3I1LY8LmLHKpIFYtxJyntlZvxFoCwUVJMyjiZp+tT76s23kN21fH9LVKV4OD2jN+6ayhVd0EVRVyZ7kE/z5GnFJORISFxkZnWJss+TLN6jyRBZj7n/NT70UZ2LWEs+aW6is7+lBcLAEQMWvGguwf9fnp6GMj0u0//900in2SgG7yyBWtwepvDdEus0kv68sCuGgTDZ0S3pAs5DIGSAC3eAknRSLePvnMH1cNjfUwIUQjIFtwPuH+PisCLVvbSawBG1HTmQ5lYRIozcWWVegVAPA895+SBVjl2t844Z6nxFRnTFXmp/cI0OxONgzDy+alVMx7Mz8/PeMwq9/UftaQzo+nwhItqeVGoU83M6gJRApholYilGeo5urtVJTBrMFbANOfIm07I5QEQ3cUZ9Chx3f1QpJxL6PrEA0ToX+nx9LQWydrffPrtGYxlcLEbPl5gM1AFxRnEvP1imtC0CAiEfIvwa9wP4LocPweQgXCtKmnMaFXJiMh8BAAC4kJ0u18rVdqAhzVg5Mms+hCd4SWc3v451oYGGcz3rUaJmB67JxD4Q2Sy1dAIMv7+/S9vsKqES7WhMdP4kojP5808wtDc/K7nrKEFGVUatOJEnnhOHBllqgKXRrKGR/pgPzYf7l/R5lsevNUKOBqokZx6tcg5T6Khof+dIu32MgaiFPgecbFxWhvE+mZ/qiKTsxt+IE8OZquFAMhkdY3pfa70lAIzQmP0RcKORqoINlrQ4LSLkkjeoBQgqczrx6f1gwLfiKhUHhT2+0KkCnKm36lYqAQAV4b9kuy3Sp7rQWrUZf1eSuFW26m48A72yScjpjmEKqjMDOK7XZhgIOwrzu5OaY6rR1gHGk0JIjSsme4WuVwVeyTzRE99IyO0vQvrK0xt+dDqUvvXbk1Fd3hmx3LN5hojtnSf4F0Lc7vpCfSVJ+Jsc0HY7N0YI/cGgKtly64SgJQPsIwd7so98/RITdPHNRyuZ4zw4o7Td+61cBP4sjAiMgTKwcyc3L41cM7PODZYX1c/x8Pl7p/nEbJE/7bXIHQGKo36/RBD2ZwYLIBfs1QXKcCouBsxQV26x/anYBo2n+GB48/zh+DEjHXGN9NVixlPNCeOij7gec5Mq7Gs6hMafYsBnD1208E+3ttS5spgyjhMYUvIFh3Ft2QSrj8Zw2iU4PNxUl4IPWCku0uCYU35ARf3vmD5pqhU7ibCWGZy9n2lS9hhBDMzmcOW3lhIgHoWjDXznAf4hVKX1K3OzCgNISIDjFXXCPFL2DMtdQTla53bZdWEWheSJx6AZ/dY77T8MwwX3en8zLz9zmgQwc/nvzTkub6n9rzUWfo1rFTrIV83tNC3AtidzByyFNNnquUDHJz5vPI7zNh7CnXKqqPGJ7ZmFsUGkkfrLs2XtpCesY/RhEZ8/sANnPMA1pzR8FhZcsBSYta6eZxOEBlBkerUC7/TactD3OU6SasvZsz0p4urmB+XtgV0fbQm1MiB5Gtql2iqFi3EFOIowGeGEEuKA1LX0IfuQfcr91Cd+QkOOBNSPZrVRG4IovGtMNEVYf0GfYWTGYxP2XhPMVMTWmrICgxZWzKuJ4f+khetnt/wJPCeThMAACAASURBVMYA35kSprXFLp3VFp6ZeXXuoWrIuzGmMaDT3dWdGTL3VbwUN/vOH24dKwFSQtnqjYsp2r+ELgih6DBP/nAoe/fuBjoRJCUCYW9RdUQL6Ay3h7BJsmnZk88Re55BMZywI+j1NYshkufk6RqCoNnPGefONlyNSJFSLlQYecGGdVkz81wwRP7yPFZTo6zSPcn4eX7+fj7LtJjhgLaDHciUBZnJfGaxBbjQbZW2sVMsYgbJI+iZKv+q145ZCAzy//zrP7jb2hLBWU+BGCW/HZzt3nBGTJrd1gb49+/fCXw+H0XYmY442ufGokrH0wf/garu7uf5cf3XPWtxrmA0d12J1AGJ8H4Mbdahdu+AYcTLm/deyE8/XHn9TjxYjdddIHmDvTQ06OQpBbgrI9Xy4S7Elq+wmV5/xKiie2m1ilCja+q6tOGMnHVzXvWqg6Lgijpc+5N7ic8AYRlovxoN6DMf7zNg9oa+nbNmZFWFbZx9AekoYfAFd23YM3ESa6hIBy5QE42VftORNQHDBsvW6Gx7SPihAshzsMjl+zXv56+qI7M8Vx5mvmut+r4vGeLiA9DJmV2txip75ipK+25FjEBerXSqslukPzTmbdBaxcGlnMfuh/38jcLr7n73U8Xdx2xRGLtmv6+Di3p4349+pk7UoBwge2Ymn4dk9cutFDVbPZEGGHKn/YShWyqjPQUNKZ9qGDdo4AuTwRoF+1HDjRPMhJNvpH/4qDdvnHO4tBGQ3RVUfup+S7g45eOqOimTbWod8UUkmVHh3XtrOUdst3P7yY0pezEFKMNM9XvOSdnPesEwGSG9xYyU4tmsuiLJeU1rra6MCMSyakC7JROrpThLpAXuUqRE5WvriCC2BNmrDWlqv+/nQibvPPEOZbbC1uS9p2umOZNMi9W8ln3Qcb2xcQycyT1LsUTwLZqDs/T2k7YNz0zTYNPf6/75jQCT4kWr2UuqhYDpC9jY5vB4N6/c7cJ9yL3+E0Kg70qY97SHlbIdT3dgAGyq1G11jR/f4cssenHZErmB2hFYnzCZezBd1i5yx2/q/n3EmZV9mG1WlR1mRsbLM3Mea/prqdzbkYSMx28hON/XpJ9g/dzFxZw1NnRAcHi13JzYIY1RORBh1dXLEeh+ZcoCIKZPxIAoj/zWEdYRT29c11ZDBwDrXTHfxwOpu4AZiTjy09vWdIuXvlmgSgAHd/UqdgFc8y8sdKv6qyl/U4wYl4AXk24yQV29Gxn0jrsm145+rI6+asj+j0DZBvZbVZjOPCGUqMivqUgrJUCBHu6xpSUBOVpl+Th2pxhyGKBfCTAy9Pz13+XCo+4RFZAzVIeOpNukPUKQny6vLQFJ/UQc5Zo8SSnn7DOBF5x4nvTLzABZctzx7w8ACU41c/nY+/Umdn5FVdZil7puWZzdvWhKKjFjjNW9Jl4GACjXq3ewxV8Yf/359303GQkdpusyt7rTXagxXeb3Rfhm0vHma2aCUdItxuV0Br9/eoB5yyiqmaGBJUbu64OAaDEa/dPj7c9UC3t9QWF5DMW4Asr7fmurkb4MLT3ZzFSFlhbqcc12M6ne9i2MnYi7p+uOX0ejPkPf9apVzHz0HL1S2kPf+xlm5m1ruXbL4w133UuS477inEdsmP3kyj63evWEhQumURR9nqeqtEKbQb8vZvZJrlFnxh0X8dcsrLt/xA/2Ou3X3EQ7GERXicQCG0U6gQ1QpVWmXjh6JjJf22a6Ppo1CIlfBP97bm90nQX6iOOlWyHlqO5/SJvGrprMraQxd9+suuUficxHAIZ7buHzXPeTz3awvVNXF+c1DYwsAdubtl4BrrspiIjwks9RMRn1yka1Qa3yLKmvv7nfhcwZo8XFoMg8n89LglTZELUcdC0ya1BTNtnevFD3u+vYOPZ6vnOHzpCcbsiAsSTH9H1uoL5xZgoc8HYNCoNzTqzS9zlGNNcvrKL+fH8tiN0q4lf1oqP3ZAZDkggpWtgl1O6JxfSJnMGXmbRvdqar6l0RppvNudnUF1mmhZh7Wnzw7I3ct1S9pTV+DXnn1w/8XS7q6dL1s8BAqjlH3euO9YtM6Nslt4BxTxERT9zsadgNbie7IUifX/BzwZJAqFaxzn677Ky3QESm1KIjotvFmBX2Aa1Fh8LJ+Msr3e8K5ysyXF0ZCpWETf9MZeglNJDRF4OpHxi8/f7tWG9UaSzVOELz6N90z19bA0OpphvxbZzxzR3BVWi4p4uakM24Y1UNCUbkeJ++De++Xw0Tk6x6hxAsrGdxrL/iDH6Xo78I9JoaXJOImQFaVdCMJ7gO8Dsq0f+A/AWrz32eJqnrjQA7A253IjTgj93VW2wvbs8Rct9+/46u9wHef95TkeHty8bne9Sx6gVaSwCYZZv1pWgz733f1+M+fWYsIwzfLLpQKE8gJeAmcnxVQGIDkZS3HCOiq2fq837uA8R+ZZLLY9Az99KIZF/LK5vRmVI0d9wDpKCLmxHusw0DR+r+ujGzR/MroRh5MvMcDlLKsRdCDq6cFEiTZ4VSOMzLIuLO+PTisDAOCzZCwODgbvvsZ6Daz/JExa3w/bL47RP9fAyMoDZlGugIeaBJXYyQi/reIWUJLJG3qu62qa6LFbLb8EfNgqYqM2vP6EbZAVhVKxA6zCgBaxvdfXsKXLWf2UfDfX5ehPMmkXp/vRerhUsUSCdfy8Kod4AJUs3RKChs7WSeypgkqDrbByBCbyszCL7vywgoX+ja++ApZA19VnVN57Ii/G89VaMP53fpMhsrzONxC7GKEX397eyaqW5XB97BsmFkOoZDOSRN0sak2vIKD9ct9XteRtEtcVWZIaOX16sdxMkzM12f4eRSi24ci0XtNvzfClhR9VFUryq7V/LKP8hgPU4+4jphAaa8hGhyLCmpw28oSRNTnZlaPvkhu53XwSsAr5h8CtcEB4M+J72Sz8PV4JmpGJw4aTa/6nNsb6KPY6CmWAv6XoClYU7m+76zNiEOp2/pHikJTt8suRr+uO4U95qa3m1t7iCp6Wh2D3emJmeOzFQwo2P7TqWqLdWgOObRkipq/RHeqsYbafW/fjOlXPf371/Px8I/R/uYMHDHqVkVTv7b//jv/+3nTzACiUjI/zp279RjiIVDzwSPMJY661wYqUCWkgY88aBHS+cL2CSJLlV/1aNxaSrxsCkUDKR6Apf11TDtaP9BDRndJef6DCazqxGoS1dkSzx6hG5UNjNT+FsKKvD1jIZW924vY8MP1bflEhdICa340oEka7vnbVn/kXqna6HVMnmAroSQbtUTIcRSIONTL3p8Z24tK4ynTq2avXJFnpnaw8tCXVfx+KSIM5FPPsKP9PjYKGzdrDP1XuQQ0PI5weACWmMghUG5mrblij3sU2HRtjlCfTqS1Z3HhWO4aSNJG42Oo7WuTMZCGWnunlnklK+AJbOk1dCkrNMwLQjP3aywR4VXmLAHAk8mjBBEBFWFV5UyxokkU7IPhCzmqutVZ5wuoyVOnFzlu8H0lNZpWudFIvNMdUgtCaz+7MZCCo+KJI0ZWtFM0YFwee0q8Wg9HVHTgmkou6b1dsaiSa6Rv0lXr18z+rc+ISVspAww33rhMTRmRFcchm7wZD4nTvIE5c/Db1ZLS9hwdyBhqY2wXiWm2qrZmLXRDmDs1H0sMKN9s+MpJyQ+GkoBDAHGNDzSLXJBIxJuHEZ2vaNZSVAqizWFGY3kpgs6o9BwWcDUckzWdD5D8OwuCWXBhKF7Brk7NeNq8SsODAkN98WGaUl+TYAxBgOTZPW7EQNaD0WQCIkDzPB5fi7RifuXy3c5ty88gWF6ZsteYreVEG+UaE5NDaAd2PM8TyQHUx12DGNmnHPeMUWsu04EKN+cWMHP/jZIlHrGF4Vh+mpShQVoS/Du3zJTjpFc8bcZjcpV4kzK4my/ddxS2FptaEEbalSUK+ol0/BdzHJRE4i7ZVztXioEAXz7M3Lb2Fra6BV1xZGg0xp35ErNkbe+/Pt+NOUKUIqoKh9jvxSAXev3czIQXQ13RS7MZnoH5tAPB1SENiVtLLhIHPWMUnO4nyoUlYzZ2SQ1o12Vf/i0Ncf28AqPEBDJkN3N9il/a9FPcZGP9y0LF2POGYBjfMRX//nPz0+LO5aZW6JVl8WFYmaQiCAzLGrcl8FQnZE76hkNlaen0dKc6ZVZ8F4qVNtfc29XEiLVYnEkEZyqjJDKuej75i3ZcRTcRa8PwLzICFm2VOljhMhMA1ljhy/ueP8cIWyQdK5dgtOZR56KXXUeB2/534jDJ2F9En8/f28C6u5MmnAUKT5fgpjROZGkKW/ZoNwPEmYgeURhazU8z2OKIn+31tMzb30GFk3ypscIw9x5+mqIl3qGwgzsKiH6sJBJBKSkT3MLtaBiV71cZXaS7/QQwsTpU6oYByqYzBAALiKec9735d5rxcxBTddzMiPloTWLih3vTYUUVqt/AL5l7gI5J6+jIwF+aTPJO/xSgcPRLhNdHfmQFml98sGw+uM8hJkFIpBKzgLUHw3OFFUct6mjqE5TH6AIWNUWw91bV1X+pFbQEZHxYAqYtL5fG4ZOQMhE98ujW4Dpkw+GmZxphI31MvOqbGwyA+6yY0cq7lahf5lk7F2eFrNhUYfza0wmtkT1O9NHTBoVHiE1hgHmxBNMeWpFiJ09yMgn33oFFvL4xlItDRBdMl1UQz4axk2T6K4UFWJqMCHl32Yg0KV72lPS/nbnxplpj4fni+E6PyciGuUqbZyUKVXjUZ/2d9sfMHBOTsnVI0fcLh3LoMciIgweNmTqMiROBKSgKMxgz3MOkQNiqt5PxsH0yfx8/ks5fUbd1wxHhm3dSCYhzwxXpISU9hlpknfaMZLl7mYQMahXWJxGD/I8ajS/IgZod6cWKcZgtpI/M7hAqDFA+xwFcF2jX5jlkgc4OiPzOVyhvOd5umcn4XGn8z0toKN+7cXv01NxbF+QjV/yXMoU+oTkST0ZJ1gnF3Xo+yFltPJd87RqwE5wZp48jLNp341qrKCHIr1vB8a/AhZPS9VI9GK/u5NRb21WinPO5/NR0Sy84WhyMSp+R+xdDTUirs+BBm8UwCszE3nXwWLejDT9XEn696sTcJcV4bWpTXsIjuWn9erzJJ10yO9k/MmHO4UfIHlyFzaajvB2wYLDu4NTdQ1Bm58VM2nNBB0JdUkSI27hnWG9M1o0o+YF562XYf7xiSdPandyIomUplTwWBtAjgAR4WI1EHnlZXDrb0AwAxm9tJZ5gJFnHuuIZym6OUEOu6YgjvUyAknirna8OfVwUP8nJXYTvJWPbT6MWFJ8bi3FM/NoSKnspjijfmvIyO4XX4UAo5IlKaPImZlln9jowcCcNp0WkvbA7rIHHgB0esH8faHcvQJaPFBGxDtvZMyFEf6GXXfHPjAakHGBpN4AnXM+/QFipog5z6FY1xhlT2iQodXJQlFDYh028gmBG2oKIGfpg4jeRW9VaezKiKuNQchNWh2NQ9g5J1Ou6fE8jxD6GrU5ubsLGaq0GZ449Nhg3irKGHbszGSPw9agIEi4p9pLJGLJAFXvdKtDD3K6jItUR1JFYIYnTxIipBE5M5n5qZfW8JwnD8bS4hhvRn3CdepmgkeUketYJeNLTMcu4O2TgQbw8/yk+3q2FsZxUvl2cBgqiCNDAJ2eed83jdrkkn397KRB75BrYmwxcCIi3LZEHlE+GDz5qKeQgus5xwx7pDY02t/yi63x2NXtOEMYTMuNQXhrAhyOlRI2vnFGWqZ0R++TH4F3OvSJhLfEAMO2FYGeoj6Gj52cILcFhZlYreFiZpw40y3ugqAVUjdRPgiOtELgakwufS0qD0RCBU1g3iCfmYIJ6hPcr9XTUEIkieiSITaHlr6R4SF64jk1b9u1TvVzNrR/ABmZhyG6v2YHksR/DW30O45exgPH6hRTlUGd5F6NxIKYxqGVwLmz1pOpanmXf9+F9Ij8AwYlImLqpCRt5dzZdrPrMRsBjG7QwmV5ztNvM1LnYmcO08Q0b+RZOJSMYUToKWFqMWYRjxUpQm9LrtFkqNTn9GWkaFyWWsu9tcNDg2xUdqUjrT2fTA3EUEBBKUngVlw5HIq+5pDEcw6myXjfQlMepd1267Sere7F2AQ7IjndXSrybRhhtKQ761kwT+bxqZ5B8+c5Hg7YBAURJzAnNX4Rt1sp4FXlqroxMqsr//V//wXwfft5Hsl8j40KFSyS2puRHiJhrZm0O9xWNvdT69CPJ59fkILeL5bnpQopBbiwPE4IgHaOwKfjuCUUDKq7ZcT8HC8AdRw1dc31i9fYq1SQ1VzpT40qPIShUWBqxrikgdkMrLTd2/H+IwF/nUU3vNAx63b19HRiuHty/9xfe4uuV4GVxlDFa23TQ/mQOvjk/e2CJimIB6yNrsJILL4MITW3hdi9PRHdnsL7S1w+5l5yRQESzNjDNySjFeZECk71IUpRujj6Lby9KFM3BPbC3TWGfFEgy80v0qTe9yYnuwI8x/tefQqSwQwXl0Jtq1DubulHP88T3pTzrnlsqKjgJZwgAbLseaCoYJxLV5FfO3sZa3cJjQgAXRj06qhKk4cj0vE2sePqR+MGTzNjA03XB9sAH2c+aF5/Mi/CQlI537HGHsj7TnGFL+itowxwdK7f96NbYKaitrsLhWv/pTnppSGbQLrz2un2S+ldYFypOMHc3A7p1GtDK+YyKAnFWN7G7dwANH+jzDgzjX7OUcmgc2j09HyVr60aVi5Z2mYSqi1IOrqrMdWwD3eJZcPGIGfFTEKVT3eDsXZVh7QPx/209dY5RxhYEwsGz/PEjloyU8lPOYSLfpruq56xYYfjgSOnhxEQZHgXGDcsxDq+3OKBEUQ0BgmsziC0Ceulo/4iGUREfSQ6ceZ7VPB9mw5jpmF2z/+n5e1J7i4b/IQZao0caXZfrd97L2us1nkvKg3kuhEoWuZOOMmNnPdTCQ+u8fR4DhI7Xr+gD02NNQioEE58RkqU3sp4pRkk+m0GJAGx4Uh+tl/E4gXU63FVFS/jEiDifb+4rZkxXTcACUPvadl/i6oXPRFja3O4t8eW9aK+au3dv7wKkleXhvfJ/MJs+vbNhZrOcIdq+4h0ToybizEy2ld8oMGLkuv8EyOsv9cwSBtcEQwyQ9Z2CMrmGD1wFyocAHv6MCVht1fTCwY9FGW6naRsDto1lc7PzZKxnhbd3f2SsmjOHbuHTlvZOfa7bco8etcRwvKokb7/FRlY7HyY/qlrUn2B6huwRFz1T/422KN0HK6O9gK2v0hExJCNErnbpygMfIuQYAu6B6sDk0ihkgP/+PP7QL69/aJOvpXJ7KR4LKmp5WHTot0mWZuacHLDRVT1OUccEVVTcu7q9ftRKTyDc0JBbGsk6/TMTGS877ukZu7jQUCDEgmP7GeHakJOFWK5buPXnJmRuFr5tb5TvhHASnAI1vfed6q7rGB+4caKeJEn79AwKC8r1aXWvRxKiONG0en58+fPrP5bxFWiVwrO+QX0vgXwrR7h6ylOt4WkgqnMuALWwXN/45H4O/HlWFwr1wGCUVVU3FSc9DgGl2GpHRL1MAeZsq0L06887NNSdTKzXnFIPNsnGdqv6LNqmqZvtx5OJIVF1dO+gHeSIFexJ7unvtCKM9O4QZUMmk2l8PZ6CziER0tcpKHXlojYSxSRJ86VJwJ851tQR/EaZ3Q2bpXoYZ9UQWBhd1gKT3INYjSqDyz5MQCI45WkDjrNduoZSWZbGDq0JumKiMfK3fw5j8zufD6l0l4djJ7WqGuvtitlH+/Fx2DmLOtlxrMSncPq93kOxo9rCWc2UEXsqBpO1hvUp9Fd8zyPuJM79O8rGrbjp2hceU9eSCZsvPmbJjvdmokggnmMr6rqTW3vLT9iJRokr8rdl+sU9noVKL5pCNIrKDRTSkNcqQGlqlr/JJ0FHWD3zar2S6Je7NFJdLGbl9v+6+IrBN1FrLRGdkvtX8KdRKpAMvl7zQDCZsIOAjdEkxwKCQsAjZ5pM3RpdCzI3bMaxRyDfhvbIzvaCBP6q7fSvxHp7q3X0+7NRAo7yqRnbyu3Qr5fH1YDp/omawxWK1T+7oXvd7/rB/VKQZoxpop35y56YvfXSWbZr22lcVXFqSbZx8yMBPH2J4IY/XMoS+9KbvWHt5CL7+xE6HjX0Td3uz6cr+62oGYczlrc9S9vjPuf67fr/++HdiPM98ksR3bT+n1WC1OYXo807Au9z991iPzkuut9Vff2um3pR/J+R8ZWQh6+YEeh/gfELvtVBekhjHjq+tVC197kRSHQVRBKPOdk9XeQcs9AZuzD4P6TvPwGn39BJRHh8YLjpyngkiRyHYX7k0ceEu6qtHMeAFfRV5tpLGJaz9YM75Vh1NPYj3YXnNqUYWaEe+CvM4wNdDMCyN6jJQKYUGriEAulwPneiwBnWm5Dd+jWn89HL+l+O/0uvczI6H4z7JgySyTVKF9//xtZjBG6LnveWPYMyWWMRUT0NdCy8zMJU/SwleQ94RtCEdZLFEo9GF7t6EKpMH4/chiz3Oh9qli+i6YTXGFAYLw/uwfT+XoEja23YBaFPa506uat5+fPLOh7g69xftePoavPEXvcbA+4FBd7+Nepdt1uyQBFeEXjgV18+A3bM92BNNpsFf9UeFimzO+uMRKvXgvZ5eUb3UzLQOlHZ6ZB1e2p4K8Yzi2nj2pUBSgLj6uyHcojTTMc/kpe+q89cAjI4aYEKPzlGvKpvwBOXIZ6kKy2VIHP0lb+e3Wwji9QEbUJyMghLhIljmXWRAlyKhQaivOTR+bAWnwIUK+x9efvewPIvSOCigPXPWQAPM+jDuuco0pJAmN600IQ2dmXwaDdPUmKfAatAHvMmmKsUt+dHv/jwAhVMDPYVuXmAp+o8abI0IeS6FKeIy51LM5y5xWehep2ZFr5cyuYMexwj9n12mng7VegvHsRrL5jJgHg/YfZSBsEEHAbIG0855G+MytxKLnkqnsHPCHxR41TIohr9dYjiUt5aej6CqIXeVQWvu+b//mvfwE66T2ckzE9yWwP+DZNCg663BnhZeAJYJFsdhBkPvmEUomemhFG3vZriaCSkb6NnfK8HnGkFf0rVrH6Fp0aIpxzROg+8egs58lk9gAThV7eeWNgORThwmhn7XuARtrcm4fyGoJ192JkrjrH/UuBeYTw98yoLCftufMvrh907LY0EK5kzEWKiPP86C53z4k4l2ao4X1tzfqlT64m9XqV6vfOL9vec366R5uoQjW6S8i4x365HGmTgah6M05Eltu5CfsooVq6fjpw2uoqS7T6MbjUpp5ev59ZUmR107cp0FinkXQbNdI8LQ2kSda8Uv7JPHSZ+06AcaRANgsmVNrrm2G6ksQaylcVrUVjI5rRt0i+0zTTel/lTLhus4oKgLPC0wMZZ+001IAYVvUIlDrQPlQNq6a9LeWNk92j3kbDSoInH02fp6erPZ/pGrmDdmUuskBDvXPQE5znpAjm7hVVKIQYx9VaxgZrNPpbxUmAubNXKUtOT8hs3IdJqZ9ubLqn33pB5Dm7OBmdRn33d1oCCwJu625mZPUHQGGm30jre8qaRTjr/0fWmy5JzuRIgqqAMb593J2Rnu598WmRCjcA+0MV9KiZlD6ysuKgk0acevj/7ijTnERVACHe3G7mZ7qug4OKBn1ehCo47Hho0CeD8i6x3l9uTdmaUG9JExEUOUYz+V37KU3OOTEld+ItSmaEXpQ2370fQFqis5GqayqOJKEpYKK3C8JE++crhCLzeWOLiY7dPfddtWwX4XDPiHtvD64OBLEYpekV9wSzezJ4IpNH/JbbPZgae8Z0X2CQUd1JBOJEajO0/VIDyBNV5W05FjUiqQwLiWtkqYW5jf7UnLyFjsJWRGJlKNRHdWuY4JOWaWkXleCc6B7uuEvbAb7wWqGxtvbV01TRbMk3A1zO7Y8EOXUGTh5/tIhXc8nnqlTUWqJtRijLliYUvaYyxF5AePENpasacTATmclEo3vuLQ/xAcuI5SHAdYkfNjkyHd3x3HqIwHXbvKllPDxz7mMwoq+tX5tIMf1EcU0/Ze4FyDFin8h3FBh2r9FKrGcmKQ8oPb6KtQPtrghW92Csg0fezy+TVW2fjybIc7JnOCLCR0TY9FWFUQQIub/QgPrLQPfE0cUszMRoWQ3Ipmc0WNEkR2CuYGhzkJmt8dmAXMeULkE24B6yrWg2Tj1v0axV5FR/EQ87OAiSEJpHD6O1Eqq6Wr6UXXB2sgwxTpD5VXRB96DHUFW0JZqpisKKUAMy7laBviyAnthmnKNEo4ysFq3Qg4lBMlqwquDtgoSmYOq35q3BQL9BzncpDkncqVu3uk5mRAp4jZkXLyMLTd8ter2NHrBnEJm6npR/Fph5pPV51N8agNYABxMZghG4tvkKHO7TrDUJUVIawizPM9MDRBgg6s6whb6ewUAi7DMZie1jIWVLgvmoolerNj1SKIaVSamn1jPdNzO8UIFEC5xzI86OSPZoeavbL2CF5NTFyJZceaQyMo8egBkkABgIRJ5s68bojWsI7TU7z93MRQaty+1NsAMRhEoWkAhTECsZ4K3C4r5LGl9mHCpVdaS5dgoOadkZq7T9nH8yWFVHLjZ8dw0Dk1tzkxHEyOEOZQDudiHHQligl/d66C3u262aQbqBscCLzOjOeULgvQKGgbhTIJMBBBpo/CiAyBfq/MxGPw/aQj66GijgeX6A7i6OR5UzU58FNs2AEtP0JyrB4aT5S2gp7vJdualHePaQ+9SOJjUyi4nP53eFxSJWCE7cwffIVNVvXTCe8+N2oceOdJ53fMdk2AAumDzdS2xFYQCnvvCq7IxQ2VNJDCCNcm3FG91YxFEreHifR/JKsg+Q7Rb8+rRHfqqqGJkhLP8Mzjll3oWXuwAyOWjIvRxodJ4TmcbZ6GiTn88n84w+P8Q7WUZHOAAAIABJREFU2eUHemb+dX+rOzJlZ9Q94NTOdGBUqOB7E8E1KSNmnnPeG/7EIQw8Ipj5/OVTismqNluo8yO+r8C2HibUyfR4zrTYdtOHAXfwrwWG353905MGXkyYrJYE7udXhWKQWlzNNHuEpYVJvV9OPHZZXjuwcIkhdq63SSMubxC3Pmobc43ZgiktlHmLNLyNHUq1jSA1EiwqkVY1HE81nyT57hu6KdkAD1AKmJOnqzRHFxMFklvUJ3N7FdZJJwx7EKDONDAtKjpCwmIujzzIj8NdXcsnIMTB0iSIbxL35c5Mi4G3i6uZudOGbX7NldU7OZHERDBqimQVsLK0+nfnmxYGSy3pCKt3diO43O2equ2g494C2+wu7wawOj2+/jxHuXU3Xh4KU4aXUAGl1p6ABq8SSS5x2pBhWK3A9d6BcWbuLZ/Kd+H94oFoctORr87MyXgXWu8f9eOxy7yqtbPfDiIiApapCOmMDII8eWRMKuT1DCjeGKERpFzofu/vC/jQ/Vy1CbeTzuAz3ZAzfLdpCwwsXscxhJYftIyi5chST9Af7bc+3NG5RzBUs+U8+OYXeivCMAKqddMEWXmen4iQp4KEXTyMlpdW5IzRoqOA04hgY96k3BILkqKJ9Ww8iD/P4Uwwhui5ec6s/uH2ONsoceymo2myCNGaHClfyMUzdCXQsHaC9/PbXYJySlGDWwo/zz/e/KitFda+VKsLtjs9zbUzjd0U3fpVdD3nZB6ZiYG2ZRYL4nb/6/c3EUtZg/ipsMbykO5eV1J1ZjQmnPk7G+UYlQi8K8DuBqxC0StJ0nMjCCZG3lYgY0SvgVhQBiuEoyq+TCCxi6CFzQ1CNA+1G8vdrXMOVaqBbbJs4m3xIoZZ7SH38/y4i2Dq3JY0vvNIR2O8FYhham6syjzImuoxBzSCd0pzLG433QRq/nn+caW05HUudkouE970CO6vAo9GGQKDhh5xvJEtUgUzMhi4dYPxPI/KZrd9JQmscpWyOgEy/MjzMM6LC1B929OZUXVflI+iV+a5v/8aTMQhg8FbVagIhth+gpivgmVViVQXQVmo6YUSkOjFbalh7xoznY2VWsaDOospjMduCkFefTFEHgJRXeogb2nEmvgj5O5l5JDBqoswpgiyRQyMdjM0NNx5xOKKBr4L5AAQzMjULNdmjHpX5ao9PSiFX/lCv8bdJBnJiPv7L2w0IwIzXZ8gdROCcetXoAfhekX2FVhZs+F0INb/+KZVdcpn8T//6z/VRFpsfcpBgeqJXD28muN8wTAzguIK082kBRfUlMZS/H12sSs7Cxn1H4nG96BjN9Lkt3BpZ1wR3WWhLD0y3ywVi6M4mBp5W1REwk2KNaLWwhvyITlV0vniny2iq4o/sNz3P9LfW3pd3+9SJpt9Z/7uGOJFODrPG0GA18XbyUy963eJNEMJbTzPd5U9a19mXf4ZAtWTqQ4C4ivN1ivhrf6ENft6Mc48QujPLGfiXb28GiBkpPiSb7kwHn9o/GorzHprdMzPz4+f7w5qNWGs1eLELjwVZCIcalXwrXY2ZubT2xhH4I9MZJUae1UP/vPz87M+HElSNiNjiSqh40AyqVBYL+aXojdassPduwvuRSrVAjfeuZLTmdBVVkhUO5d/vxJ4ew8XojNjxztDo3ze6oV7LwHWiNoqUdnhykNY1IodhY9ZMu2KaOugWBH5FzCSebolozapLLvQgL/XnGYq+TgIPaFHP8EXqOUP6AVkpUhFBAIn/k9cjzNWnvfexh/mU1WhXY53txq25xwN1iKiuiSoVvdG8Pn5mTGMwltTANYCzpnOEA9a67JAGKccT167GZvVaTzaaty/eO37+eSaKxD4Kv823qLcCwELkuDIJKYKa46KjTwYOaPmX+tUAKDFhfTvEaklBF8IrmApKwwC4DnSlCj2l7Ols8eVKmZwSeJuPrtbPwpWljdeppe6ocFf7w7xzzMyvuzFCSqgDb7v4BtO9a5lJoJVpUWvOBO637obh6Fm/Szfwrt37T57psfYRu1mjALA/jpVQqfHjkEbumMweQ43gI/3GR5D9Ird6Yv1oV9EzHIM/SLkOvT47WgKdgHAiYYgcJ7z+XzKzLM859QfRPxL03i1qlU8MYLvtZGM2PUhZ4wG1fEW6l9rNtFi7L3i6+yIQE8ZERN7Sl+OXWg4JeRm+F32JuKcg21aZoZ7kt90/z5fapa0xKMT+lneVIOMP94hQltLPFYvi3ONbybELZW2o/ot/Xu3RlHRU4HQME4tXGa2Z7GjEXBXiVfz/JxZFYDnecKALC01Td9xq5+REd0lZNB0y6JmPIx4u7iATOhUBb0hupzC8tj3wvFNB9ICocqDgITISY2qnvMDYBXz2RINx7fn7+665XwNaBpixWRr11aE5SNFDgl8iUH6yX8xMlWV8qdeR7vvfd6wD+DE6atK7PuCD2pmxKdU/tJnD/LeTz7Pec5H0qLPudf+bxqN0c1/CBMdOzF6q4hjV0bE6qrde0/mOUd1gu6G7oBqOYMyVluf1FENcFanJPJYOz9X33ZmIsNwFi3L3cwcPdnS1igiXX8q7vFVUiYhKTZyp/0rp5Grha2+bE8+4K44SApGJMQ39p2NBLXwAz51zzkxkRbHmq7+eZ6l8QzJe4UilJ9BgXMsU/DFSOqpbX0bpNSYaByl/ttMAF3Xn/H2u93Ra+Lp6e1gDvD5/EZEZmSc6vrDYeX70zJTFbopGhFddjxuClFoZoOeu47lydS0/fzJa7pDswiyraUlNSOfp8iME8++jLUbDwgLyReIbQZqdnfGt7N4g1mm6Gh5HNRCKEQ9U/EwZtG+9T6KrSKMrPcQEIXvfNbz1upFFcc5SbFPwiQGXTNJQB7TajuDZN9L4JXRyHy2G4pzMiLu/YTdzsT1kZWIak4+zwlCe83+gzXWbk5Z9TyPCrdIZqZ9qr50kxc/gczksb1NnqOXS2eM2kvJh/lF+PIFcPQGpY9uu7b7OwXSkFo1YUXEvRrfpDjEz/MscFWwtJ5dD7haGDCiYVsvtcsqx2ZKxywWpBWB7iHYkomIfHsoC4Hiz3h3bG+LRY/O5g7lCHwDJ7m+LLPbF13keyfbBrCujjZ2oemckTzvODtDpndj/VPbremlROQBce/tzVnnnDJoQCf/6x63B14st5wpRdrYojLcszukLWgDqj1mRsyt98URuSrCtYQ/O5wRvlmjXQWpmVL8UQ2zSRH7i5Rl+m/W1veS/P3862VlEetLz6i6CvKq+XszAjiKBk4N39rVw4oZ0xDVrFnwdbfmb7jGCob81cv2mYflgsOzct10bo6ggREeQO9caocAmTlTrUieQTLh9ZpGTV9rTbC7a93+/mSZmBnJPOrvr39AWCrN9QsA7genBYR1mTMQ6NAzxH0XjJKMpQS5o9yhe+zq9ItfWTS0P/8463E9Kd9n4SwsckxmrEhj4/295kbrDPsUigI1LVc5kp8WN+65XV2F9bkMlUSheP9ezzB4VWYDkaG4ZHV1XfmfzgjA98UJunHWui5TLZPei/jW//6jAxx5dKRDIAaM2O2DLjv/+fxLXBe71z/nMZvZ48IZWH7z9tVwKJiLCv3zx3OVed/6vwFcLVqY92C6v6L6pqmt7cdPPCLFDzaWf0e5ihszU0JBwbLYb4ukSMKtRWdG0I17CwvWjFBF5+gBYHpl2Ubp+H7ZYOQbKvRZDKWFJ86jRTjnjX7vSdN3ZeaLeODWAz7kdpgvHRdA3qXMiOoGvLTmwDpu6rzeVldTNHgOQ6EVpnu9SFcPw9lKnYjYSD1KN3jywTL1IyPizH5eY1mRdzXQNovFxgfl0AY2pG1VRs4X5QA2582YyY0PK+WvHzhBZvRdL6jluOjdOPmjEdhG+HzlahXSn3OEY8vzVNVvfSI0oM3YJVnstFZ9WazM6Z9aS+0o+XYxgFTG1SnoJjzPM4PVV5dpXQ/4PI+F+AJPpMgf+ep5CnG1PDPldyHqsGwb3VBXIKvzoV9afTNTvu67wZo31vEPd2TAiEXNfuelTKpe9YJBqVU1J76srPOeTx308GFSrNBSQVK0Djggzx8Pp5MxK+AWgfOkQCBAP88zjao6cqhd9gaDok33yAbje4U6scoOMyW92e5XvEurDqt3VFVXYdDTkp7zOoBUzMn/+P/+o9HTc46UNEJCIkrK1q0WADs4xlPQQB/tLDOqxBKtqm49ecVQg2uWaEZtvNNSdd01rB7tzRQo71ymqzBdkj6MRLXCOSxmLwWqkPRecYKcaoyXKgIzkHHOI7CM9u1jqsG32NKJiT9sL/LNrP8Wv0bA/T3BdCP0MkNnphVetUhk5NsNRkoRPfI8oNh/MTMcj7n1KgKWYM59B0yACCd4GSK1qgvp89aFrKgyAjgpn5iwO7lOPASI0W2Qa4W2FOqbhuQEGgW/Y6ON5WtGujdKGCPvHt4/J8/uDiiqcsaTcaq/IkhwM3zauEHb4KxaqJkrn76HwR39nyAwd2rAn3MI1lRmPvnQvMvdKi9fDgQnMCjtqNX9h7uI7VXGRD8s+3vDR3gal9UTWuyhEWg0me6JQa792olXSSzr8ztdAj5H6m2fSFe306gym+zkjzdcmQbw0MxTlQsnUxiOPD/dI402hN7NFLgNo95Egj+6Niz0I6UqMMBM9XfPZ4gWecDoQaPjJJrPo9dBGnOvJ1tSuFLqrHK6Qlr8sECzXsNkhjxFhgN+umsmzjHdBylpXSHiBZXR+u+cZ6p+nh81nDtG48yURZ8slZtHlwKVGLPmSfCG025Cqqg0FAaFv/8im4KxthxBbattOKa0nSr+HBO0/R9GQkLAgxVCQdET9+3TtnpTwxA0ZV4kHJNVMxgxjZNPngcQ4+zkOW24EH7vZ2bO+UFL+iAwjLGitxCohqyqOxUeqiYjYygMcAr6S/u3n8gZRUghrVyYCkAxVc95tDyRnIITs/cwqRe+54qFMNPnWFzLGwgpq3ixZ67JLP2wpwTzPowRLlLSamip9wb58/wTC6XRS51hixYFjzd5n0gJhm9skZxBrCGeeEWMSJGEEOn1A1k9eRKW6+xIQo4OlKKiE3l3n/ND6inzjzTHiDl3fz9CXfzz86Onr2d9niOIaR6zKNTXv7gVpbDul5LJiPjUnDyGu6sG4pkBY+7UljIqKNVUuP8/kSlSsKv27TMhYs8EcdKxVG+H4GSejVpkbGbm87k8+XMeQE2KoJYC5RHtjWNVrUxECVPoCnx3dtPznB9t1xtsOwEAIM8pwevsCBIlZFdGVzGir5bN8IzGXB/PQ+VZqqIzgjO49TtjCRTJ3z1PgkMqnluzS65ivv1IBF7vRADMABkZPbVDh9lxvReQESFBoXzX01pPRNy6vfo2ag2kHvv5/cRKEgubrrpDPDYiCY6QoUvqh0up62Squ51xzplqAsKHqmFoaLd9YMQzIREhEMQ5OSrlhpS+opRWkQJbhQWCUqhe97HJnkl5EgDM7KtKxvP3d3xQNa9mIB1kpfyG6fJsMNhWc2uwq4uRDCo766rznFt3ULcuIyOjas55vG0JvugNpEOH2ihkjCv17Fa/N16UcmY6jk6C3LY7MuXshRHgaM6ui5qUOlmqBsZowivuAkJi+ho5jZFrCxsQ9KjRPS1Fwro1A290NzGcc1SnaKypyTAHwOo7Z2Acx+p6PpsZ4ERGz5g7Qi0XyaGsiQB+7m+eiGRbTCb1NSAHqLpareXJker97si7u+6FR64QuyvoW9krKzzl+iZ2X/jpT43WtzKSaK1CyeRwYqob1T/nwcyJx8PcvpGxmbq2kxH674w3iCjBCoBXEjAix027NiJqumC8KxbIiNfnMLrqnKPGnF4L+YGQGeZh6IypbpGWYm8xn7dLwIKXOkpOfvfU8lOZWmDEmA3j5WGEAciAeD9OECSRuXpElEyrxkwq/wTd8tIoGHmCCbDsWq+Q2FuNA9JdBKeMR8M0B+jS+fx5DpgZWfce4feZJ7Kr4hzrGDKGU69iZAm1/Rn5bXS12UuaIwjgRVjqeoc1NvLR0LmDMQjVDWoZkt6UWo8LEZGwz5NOP3v6PHmnXhyJc2TKmKlJiqN5q1TlzniuvTnatnz3e7YppGevK4u2GGH2VhstqzGZGdE94829XCU1e4OFj79StB5zbNuoYiYiwI5gy8pxbB1DRu2p+/5AIehJe+rkESAMiHNSZa1iMt/VzjtxgEss1dhVlvqsvnCjuoYXEZRyBc0G27a3tYWS5EjV1RBtvwZ/BER0Vr8rg/29uoYKwhwFF/Bk4Ng+jRHxWx93ZxqqkHo3ZQAjdHbkich1NvUkXfZLmTkcGQGKh4UVwRhnaiCDyUYrmkne4/k5sVQq2Qmqtm9jO3bQDAiK73hl9EILwHQiyhJPNZzb1aJl7ARjupV2M0IchWvmEPVppTAnR3q5bRA4z/NWbmCfI5aX5/zS2tN0NricEKHi8lUwn+4OcEHZIxBrVRFWVZdbj06nymxxVcdwSXM4NJKGeDQ+nzIG8+In3lITOxfagZ3mtqRlnQKD6QyFYHzu51ZFxDlRdcXXlw+HmRBBcMr9xZTIQwSZO0QyGloC81OWhcmI6popPc2WVqRUlM8jKRCDjd6xYA2UQOHhncJE1YeePPb+O7cOGXtqBiLZ07HDBNPb0ADO84BceJYPVURknO4hU3rC1VcSmh7qe6R2xMvOjICsKFSDBhlT8scSFENSRTk9YyB0at8GoG8RFs0mUy0IJNnDBXzILE4TvyYwDdnkYjBs4UWoLuzEebvOGskTPW9Pza8XKXacpqYnPveXWn0PLJdajrMETnjUEKEcbCyvLkJA1R6dZK+iNQiVhdl2O5RP3jkZu2ZXEF6GJzJipkVFwkz3nRl1ND4YDOl7a6SZy6iuqWpdcXtiDlZfxqvhMXo6v/fTM5m890NGZhZQorPrhUNUfWC6hw7/nkkD3axGlZm3e9gJkeGAkVcAunsCGLYJqdQNVSP8qRm8NHiFasF6UqxdQjV5dxke1kqOmOo652hCG0gRONVLlgXB1N+J2ISdFY+fpevGmJ6p6anuGk/8RyMzoSnOOb91GXEyM58GIlNGkph5ngcSORC5Sn4qwoZKBV3DtIxzsm4FmUwYvbdk2VDBDK77YU1dm75oN6loqpXR3M8lEZGiPt+qMLe+eEILGidrCO/Od6opjk6A1jMEMoWKGwClbkSYD3mWJLSJ1FZdm8XBGKrI0DR2oMEygGizQ4cwNLC7NUgqOZMhu0rd+udTVVWDk6frczI0ye+5Um4P6WLJOEAtFU1wstUG0XVtFQQMJvPpWaWcvtXlDMWMFdjUv4Slz+q///t/5//4j/853Ue6/9M07mlRBrLcCGg0o6ypGs5zaqAK45c/3qKEZN96twv+YJ5Sa+QncaSMzDArZ6CMNNYZ/+uaYJSmcHl/QND7DmlHCpLSGuYfn8N3N7C7PnLLeqGoPBdYohn+/Au/a2F/67yQjTeyAVjo9247/080lr7l3wWX1CeUzqeaJX5LRkNR1M+XHLb3g4c3pcvbmlmsnICTQfJzb/cLSFctVcDEuwfd2Uo7n529//2mu+nWODjPF8X83k9nkFUfrmt3o1hZGyXmCUs3vHdv+v2ktb8UAKZLE2GNSPI5YvLSZqE5s8M1rcfB6msKz4qN6HOdSCe+bXVASp/6PRh4y+YpPe33o2GxFM/zMyM65ywziN5UA4DXqlo+D1ifm+lp6DlH9R9PaGeto8DFenhzqKmOdowzszra7vO1wMjzlgXKMdwT0u05gnv1sOBhHGOCunow/7q/mZl5FpNiKOioUA9GxJMCuM27aQv/SYCckZpvVwF4ngfGIPM9se6xC2RUe+iW8hGNwOAFHbQ5TCXUmLL+n1d1yJTkl67NsZ5sLRJkJbqIb8C8VGWwe+8SOHgejTAaK5qcmcIfzTIER6zimefnAQQmGTLyRN+aRh7JcOM1HjCKIaQ6fYNfk4xMi0H3UqZI3qvhp7Og33/JMKh7iZA2JWaE8ZFSqoatjDhCqewST9icd0TyV5GQiynjAlWgsTV8xsgloqF72O0TFYsC0yFxubDw3TeLPM+TX7VEfvm5UpEfkPOidRpzP1JcGaH6NT9R8T093H6M3lxP1+zCgIoh1VJp5IbZGbNhvmyD2XdWz4DkmDvFWBjMLGSpu5WYM87v70en4uQz06IYZ76yRfAaQyfUTXh0t/++Oku1vHunSOtu3xmZ9rK6pEUrNOI5ZyJ6WggpkRbjDz5Ii8R/UwideVJdisebL3XgbZW1NI0/6GZd3gCRqGquwYcUhzYDCkAUt8rDsp7P53Oeo1/RrWoklxGYOr16f1cqVHqa2LW92Vf33u56nqfeXhReR4j5i+WaUMrLWBTVIuy0/RURJ48AgNS9FbpwpwNCyIZ2b2FqKvcJ2k+SjOpi7O/KeMMm8YLR3qQf+kRvxLh1lfsjzKQUlcvfOMOVLsnMfB1uAsvV9WyaDPUnSUPDX1ZKhqDMrSYWm7NjMUGiKiOM1nzrEyPm2mrOt8xvBYixen4wIx+FxC73WpkpuiSMftJ4Bd2dIQM0H2/9roKZkd+5HsBll24GteL/VlNOa1o3ZKam9gogGiifENFNto+icH1x08tYUAknSX3JZo5MX2cRZEbiQNlK5ZzSow/V597U1rChVBKZwpSHjXxNwwdGkg66scumTa6UKDEkBpUZdV95enVhnomLZxPHbgTGBGUGzKx9rG9LS2QstvotODczGrXzPA+1PIvovi/x4j0J/Fo9CfYb55xMXbYD7FvcKm2pgd/psdfGDKlyp0PozFRHuo/P5Gtnt7eO/ujyBrPwmuvbIFSHbIxl95xz7qfP0ayEJ3+C2QbbosfggFk1j8wcjAyQmHYJABW3Rafgs/ybWCpV7x+NsWdh2vdebScsaBC54Ue2Zklmvv58IzPtrdgjBn/s021HF+dkqGmvBnCn46SuM3Za/VZBabykSuuJiDX2qt1XAjvOSxOhicF5jusQIX64obIrIyMGmr7n0W95nbS4iJAwiIe7cPoyj1XgqlXeaLz6NcB7P0lj27lMIEU8YOpqhTgvNyKNLw3AqiZVF+CJ6JGAMcNbZ+sXqwN8R+FCuVbbhFxRR9eca5/+nJ9ZxPFWawHYa8Qrc1WDOw+L9aubBavBBfaW7QtSzZVIev/w/8JuO//CT7NepZf9+Yo22N5QljzKxTMCUMPTT33XS6HagPCGxPcafDXDyM13/ndXfd2t5eX8aV33G2cDOdvSgu9t+frNkLvrxffn+xr+5KZcmvbMBPN5jpGbmsa61Yk8fA+S+tzP56PUaSynB6MO32BnHPddm6EWmsnzPE7QJ/WKZeYJaf0TNGHCd8+bUVSVPGb2uYvBtpaT25VEZp6T4OfzSWMxv6j/tDU6bTukg1olAZA2rajk9KPsxUhlKD13U/d8Pv0C6mfe+5m1XtMlTbd2bKrpNjzozu8p0JZncM6jY5PnKEx7iBvx51OYQ8B3deoqwtTnaelF9yvXo2TxVpjvKwZgsVYuuHU/+48vHYBlY3gvGBGvVB0JSeQVBnh/vihcv+9JUz6VfIuPYgzJcx7B7FRlAWjXMPH2DljL7lfiFYQYV6JDBJHnbO+WKyHoxbb6qDs93fkCkL1AApc7aKSguxKQVB/0B1fk11rhxCQMDfsDERRbcX+0WgdzjrGMzK4380bXeNwxdfLV2ccM3sbbH8oHhuC+3WqJFeR06kvncNVlpZRA3nur+7g/mu9p0VlaoQ4uil+rr5/n5z0UapZ1ZvROqoeVwv77u2Zm0HrJdLs0FdcsfvrtPtyrvtcJ8H4u/pyrNzzmgtX09qVQXwp0ShaM3ZhwpNXTFRGFYsafmtaCSrBRpiZmMhfRW2VmxozkMzjGsP7hnfAQ4dmdRZXxrSVS1yM2gOqfgTpyKAKLWGO6+EbdyPQOxsmlK+L0nffJ1nZGXFJRRHRr7pQEqnwxmBZjO89R6SwSvfG3oT0o7r0aTyms0ugBlX1StNbVBwHlF3vsMRVy772biL4Zc7o/n48gUOolpdQVixXr7vfvs3/OOWaNoHw2nTOmu+OooFmh8UihFu0YbYeV75yzHGm1l8H7Xr/58f3Kt3AK8lMf4Wz8++1vhPSEvGrVUXN1+LUXiZ3P8C2qgc+9JM/zHTH5BVsVH7iGVL82kBMhCtMSilBIjqAyjiLSzMQj9yNkxOd+GPGKFYWBIKwuRpzzzIwlCYkXjpZ5zvFQ0fPtmc/ng+l7b/6v//wvWndol5oEM58T3WM59ZGYsuabPeh72/ExIPRhSDb4UIo9QrB6b0dpo7MHmUcOu7G5nAAiBcpSOHjOI6x9j9qVWPDEUns2+wKrQJuqzP5o+ved6amJ5YYijpBNA6BZ9xPSpuhRU2eplkzDzwXUup+6V3IQHjD9W7/XFPwowgMdweuUzDQ1W2fdtw6wBiz5e3/zLB4bGInpM6ZbA7J77znnznWP1NZVnxJeTKNIzIy2fxofSzsbNn+OYGTkdN++G1vnb9WInX8MWVNctLCS0MnIYzSc0Xzsd8sgQHo3qm8wpGCE78Rh8gitNl2CVwgfB+6F0EpLUTMqgTYrs8VREStFoRasz2fL0nmrRhmD66KF7FNiQ6wSKdG3NCbGnp+qOqvp5f3KDJgRbBQ4EVml7lMgEDVFysoxHAdi79hBoRQXUADXHaDr3Z/pUfsktoqKpOp7XlYXhwHJLvb0vZcxEiaebiERPGylkWQCJijZFN7hvulsJD9aq4Bv78fwXm3QswWW0O7dXXXf8H1OkB5mjR1TIXSPThYQv7//mqCaAQXftYIUwwbJqE2QkdkzmthAbK9zQiumwK0rOctRXNvRZ0TcvqqMySCnOalt5Eq6RQRHQNMyNtdg1hEhLRgnT0piz80egX1YDGMZFJos0wEb0Omtp9Il85xgDkq73Kqe6Z+ff/SSjhmsXH/FbEDI3KWA5YhJuwxETYIECamW7GDIq7eYAAAgAElEQVQsugckH4+KSta6IH7rRubtO9PAiPWZJ9CluCckssJ6ngcj3xo2+jwPtwZpq2SrL71aVYmGpo2Ibw1GFW6EjS4+/7pdk3EwzGO0tcqynVzUrUaPEI8MpgeyYY8fKVOrsW1mJKc/n890C+3yr3/9K0MNQ3e34k/dT9fVeuD5+X9G5zwNeMxzaGcgrADdMOJETt/N0FQyjoif54k43fPz86g3uF15zATS1Cnz6ZacHU+eGXyELxZ3BD2YHtoqMyOQAGNFgUVFUqQ9jw3KaBSLmFujSEvI3k3LiZUQCTMDlERWxKNlwPjWkecc4Xa4Eg2kimDFaZDsGibO8+iTud0YTnetyBtmkieY+QSI+lyV4MdCGfq+rassrNRVpVmCpOYGPXhlfzABm2paRybk9Kh54x83kEmG3GUw23hn5EkwjeBgZh4d7A2bOPmcH2vL6FxV1fM8VXXvRwIjWxDzU1ch9JzTo3dwtTLY4qVX9wpaCh7oUrLwDQTwkDH+iEKIFFKzJtuIicwdIHq0dLsYI+ST9joRocpB3jx7VJ5YcrSaecp4HITMEPQD+GfGJFaQKxTJY66dqRmf9DxuzG7xQLN7UII0tkVvSMomjiecQAlD5hVaOQxSmtT1uVpOEhagk8iS9Pp9q7YT26BuoQyVqiqrGxMnZcQgZI3cQQg7kqkS3GUiAgzwOdktagvDt1RuRsK1tgiG0607/7lCTzMYd/qcI/Rfz9S6Bew0uuWUo/qHZLd6Oa0AA1/XNdWiKaJAbGmhnj+NNlDTMow4zCnf/MWvdc9AQGciMlXkFrrne1vyOZ+6JRX9WX88SryOAPs2JY7f7ZWb2lSuBMP0lW4PAyNKug6XIIoxliTXZERP0JxT0VczCO3Ga0gRFrX4xzVsePbzCw/aNa2FiggfYdkcK78GeOtGhBT8kIEuIHZNCAAraybtcu997Vu7Psl6VU8wc4knBiSorpIFCIkcWPFQ7QbcKhcYO4dk0ICuxrTX+Zhxfa4vma2o/SDAI1AYYIWr7eyZDyN/7+/PP//ow68+u6pq3ac+y3sLxnk0NZwQ/dS4Y7/uemAYVFX31UPHrEfxlzLloV5XrUSYj1iYVR22bCWQMWhVNY8llcSaQeYTiJLX2ogLLt+Ck3lmSi4XXTXwvkM3sbvFYEghCqefk4PqLiXNtwYD9DBEyZD5oUvpWdU432fVzzUZ0GcQylt6dDoukgKgFMBmgpNmqqCMSEuAksz60wr9Ufx7nQ+nhAaeMfLmvRK+cW3fXABCRnVXs98Q/f0w2MrKCuY97cpfwblEeDDEuzB4XlhDtYZkY9qKuIZph5i1MZ+Zn/NkhOnv8lj6Eg+gTuEdQXqQH/FnWmhMWCCnocG6hmM67RyheaxGXX3zJENH214F9iEX8VE7e23OlL0AuHVNaJiIyDy3PrqIMVCDrtMT9350dTMdKZ7JFWljJKJSgxbudbcXfamNLCU0ZKEkIJ7nR7XooWlVOjmw3/J9Sx1y47+deGSgygC1zJgS7y2e56j3NPJGvQB2tivxgGU8R5x7a7qec/LRI7Zd/HuWZoYR4g/lEfeamcei3a6p5ASJ1su2Y1ndPb+nszUb3lGs4gR35hCqWvGu3Fq/XDKy7zXvFu2VfJAgvIb+W5NkZvWN3JX1Njuw7S1JWcnYe7y7ZcAgaIXzmcbQ4K2S5MRwrC2pehUIf31AezsInLzDUyFQ72dAc5mZGWwMuOWW+Z/0qDcyDLrFJjHr/o9dMSYYaCtednfdOudIVkULhuY0CrDWEHawzsDQ1jUwMvFNQHPrvgt+eY/11Ezr7vUMY4y10ABX4xPl6rDm8PP80GvvUAehJ1IjcsKEyTY103dqOI2GsZ19eMKLqyByWt8uprtaFf6cH4wBPekG0c9e07DP57OnheccXYTONqxu9WKDuH2EV6dOvYSgjRp61iDyHB714D1DZN2O5CL8yMwedDPyxFcKD16GZgA5lu+mumZRajQLeIOjsoAmXSTlgJh5ahmCGjjPLM5H9MRb+rtGMfmcmA4gEF2v89j7Yk71BaahelXDsSHx6TucGEw5xTgZZegEzkgGoDJEiuo453MvyOMSPGeGPWIsd7dmMu0Qp7mwjlm8azbNDwVgFzAiM07mGjKQetWmmQec+7nBfM4BefI554cx935OnBQa+InnPCS1POuGtPCqKpg9kNaRqkq14RmJnfKNQL2KE5DdkeIBhczW39WJZqYmfcRoQOfJfmYSXfdTF2QXnvNzqyMsXiqlBCJVpM/YrI30akj3TSjcmYbHSow9t15XeKZUJJInGTIzHrHZBJOBI7ny7ItKGe0uxFISkTGkYJwSCka8qOimUR17thVQJNHxRaYCnCdTcMkBIl3WVvULS2VSmzAMM4/dqsHum3a1KR08Re7u6rlb8ryRHHqnjCRjR/J5nsjM//Vf/4kdJT/Po34EJEa7WSfU6u6S4btWTAnYdD6sy4kIlRQxw6rb1ZJbkUm9Qpe6bI2oVraJuzlkCMJActkGqjT1GN42aam14CoqLsmxZ7yJEr30OdoAM4wJAr2Ffpdv83YS1ORyW25aa0WgbHjRsml1v3FmZsticDE1Toptp8RegU56TEONFzOOHHpFYFyZAmtvRSiLmFf7bq1mN6K9xEZ1sIabMaRqtzjBeZO6vkw/Y5VbfRtViPSMGDR4P4jGhSvlvythXU8qeQuhcE5y9dbfgDjLaiRte+tEsqU5VlSkNfSv+37XOU9G3L4a2b0bGmngaiArhHvm0RozRP7FfkhLf8RLIQxwNofo9n5fFADCfQyAOU8a6zZznqe7AzznXEkNWLMM5xjatj/Kzcm7xTfFD4OJWpaTam6qmyeFHRjja7q7M09hpNMt01H+GQT7rErV7o/21CzSX+dZvXr8uc8z2iB0txonK+wrLCpg6VTze2gtYksXrCQlapn3uv9HaoSpl6JHCPRgd59cYV8A4wLiPNHX0pBqfqbxPI8324ZSnvedMpPJay9ExG+Z+D+e54MyGRNUdLy4npnFyOgHGnOXq6GcXoFu5U/OyEekIwjoI/xgZzS5Fiaje2XnOss4yD1svsdeE5oZ7uvzPXsWs+P+4oVW8bvJ164sefvCjB8xEgghgLYli/hiSQBN5exGpf9IchAAu4q5EOfSc+UEn3zUmOgpzwzMYMgXJrirF0EJZtQSk2Q8zyMZtGC8QFqRcVUMSa+tWrMd9Iz1FpU+Ri+XSOLNmG1I7KHiSYm0Xka7PUctlR3aVYvacjKr+4RW46rmtLm4bwnrG2WtwOPQ0fLynTyZ2/AEl+6zwmUCA4ULJp1r1a7Z3dK+FCMB0+ec6u5Vlt+nLEX1fht+rgKMppabYsQ5Fp5x1G1nZFp6wiWwavpXOHgDhR1lFAdO5gy76/P5cGPeayqwGcfoG72/uv/3XtGVDLUa85beqClUl0sfD5LwQscIxkkALUMVV9JB2zXnX7sWeReT1niBXBNj1nq3pBkqoz8Fs0htmIX5nW9/MuEqdgf0YA9aki9CZH+/OL192QJBVUoMNHLWjHv0lVw/obD9Havu+4IIlz2BJx14d06LmRZt5fYetl4ViQgAj8SXvpoVGIx6MZVDXA333tmEMhr+JDGV2/nHnUXVzptV35THf6dmTl+xfOjJAjXnDX59X9QqRCQkXaDbBTeZPm8eXC4AAYg8780hdzKlBz5OiC51aC5UZnZfUvSM8KfAG1zd7sYftIR/rAGkCDJFVmOqbMfM8AvArDZ6qJf51H4uTTFI8ontGvaezPR3tjKvatPODIVMDFsNCaAbz/OjydLmfnUZ0ztK7q2vsPMaVcLw7xWMbdM2EEf0uFCQplSLMkqgH+riMwNVdc5ZpkxwlQyHOPHaV8XOZnUnnKrgGsOHZWbuVN968pDUSVZY+/n50VhnGn6zAGBOnPeu0vKDI2RdRn4+H5UjJ72uDvU6Ki+HNVc3OjJtLGa0cpBRo7z21pkuvsJoXFV5cz/Swf/TmynLAwycc7RAyHNiHYxEMdGTEt4wI8uN3GucNgzW3jJnRtU2shKVsfYfJ7aqQsa9H7z647NTyzg0g1k5Fw4vQEnXmHHvnR1q6+xpzbz/VyADV2lbLxn+RhjiJ7D2n3OL6YLh/33vVRN7rbmf24D4SFS3ForhsyHsW5OsTwW57DEjYe+9rt/s9PYyvHdZTpQWat2uuxg9V5HQAWaAZar9fUemOwaagmnNvKdFKAHxoi6Uo0kCVaXVS2/ECA/T552H4otdkwT8F+U9fwSp4g+R6w10qk8ivozP1uYanhDFYhL14kkdaaoF02bI83AGXglnnD1CBL6oxvl6LO1IbL5/3/9K9zxiWRFezP7hIgAClVGf4uukYjKiqZmacioivXlHf5HxI91KvzazmrPACwblWenR0OjXCGn+HZWdx4xY6GWFGAa063h3k9FlWJWQc7rX3ZpM8XUjV0vyzhz0iXaW5pv/5yNwppxA57sc+lMoYoUPOTOidtA4UOayB5S1daojAsGe+Xw+egKvc9IbFjTP9sRgGdjnHBd5W2AxQ/JB7bJTJ9N1TtpzzlF3B7xYwM1L3/l6SSrf6t6+b5Ni7xb/X9Q2GSljs4g85y977C9kePtu15z6sbl4GvWzGCvjR8SJ1BlVEpme2MWDXI7b0p3Vbf+0Uc7/zkD8GfXPajjfgYOlnrfMeKtizIChlgUmWvdeQHhQMhNhIfX1nToZx/eW/5amx/gFz/pOPhGB5efNlDA0WsroLolbr1l1mAhiZpXO/KxlhfLmtNlLsZh32I9BkUTF0lEkn/G60VL1qxCwPyFfHmWEfSlUayFY9SFxNvdx3uNhHQjsjk1d1whaAXtnqgRU+tEIQw8rTX1239rdRsFlvFpA9P6MbzidFULA/lHYDHl0OWENSbFFNU3e84AWXptbVrm8ZFVHZpc0PJQE9Tb1v3U07fmk7h7Jia+sCP+wdd9gOG+3pXXPeWassQGRp9cf6++xfAPRrEMJ0D5ZNAbo/EHEvnemVuKPIzQUsP4obRyqi5PYwZSuTQXPi5Svaptp71u8j6lm5jk/9/7qEg0t6UkKiprV07IvtRZZ5HleiR51CiRyq8ff339J9fS9qxFr2oYJwePeNQ8Ze89V8N17heQIwYRcVn1LFO5mYaaqCmg7kAW6C3dAnJ8H5hCE1jnjIla5TJBrvYMJCp0dm2djrHHbhseDkakd/6xQWGae89z7UbWvlee7rSKZ57yLt7dtBIAWdozP8wBTVWKzDceioMvalAX69hF7AuVWQv7tx2lghFo/qqp1IIpgxNCA+4hAo2bjnrSvZ9YTl6HqLd4s77JQLiPqtRX2772qPfQf8z//8z+CmggMuqXgdjIj9KWsqtsXQAwi4nlOdVdPnmcH8X4O+jvSku4nczAK0EBkHkg5EVKv+/oLYQp2ZdwTvxzkjGiMIfnE4n9HZ5fmg0BK6BFHJ0O3PSKly6bZ3tjXjmakcVomVNQQV8OaoDUVcOJMNzPBF3esLgl/AgQzj4gF9NTRJd44n225sH9UekG7KpJwhRH52tFoyj1WZZ7BrLSIbOteSNcY1C+hpzdmSdIaLbkkdFecYyyPJU0duxUzRaLMTCze5K1KI0LqoQ64pZSMk8dkCBvjzMlTU1rgd5fvYkTNIDCoMPD/qEMD0fJG1gACJS4pGbeHkcGpujr9nFgcYkSc5/lpdM9wePKhGDCSEdOLYO3yzQChMRChualzpG7BxM41GFakiUh1ProV0quhFrjMjLT7rsQlZ4K49ZnpICV2/DxnGH6/AbXGPuyA/agEhTNGboUsYXWXE9nEdHt4bYFkvd2qMEQPnBn7AcBlGPX0yQD7Ux+qjpkWy18fzccQ5FRwPT92+gygUAye1ArQFYbVXhdukHL2nH7y7EaVEklUZOYuTjLOzhbt6TPDyAOp9HJUjX0bv5ndQKvmE9oyMp9PX9kZcAJDWfr0vZjR4kfrU8BYM1USWqG/eVoHCo2qahoF1JauHmS2ZAeDGTS3T+ckVpaKAUR7zp7nPMgoTIA2j21N9TFVGTq9nigWuqel35pxAN6pOFKhbcMOEu/SaoY902hYbdBDtM8tSLWzYRYONY0e7DxCK9jqsuqr8LbEyQeeDL4QTmZa3U/vgcLyIitnizkN+7Y9ClbdYI7dj2MopW92T/dVkEwpYateQXHLVm6vPlUEbtc5zyNjT1rA543PcYKhVXwLYfScML9WckkRiTxxVCQJ6KdhLYlBcanCkFsv3RZuPxkzwucKuTNMtUMJMJhdU9UwnU/InkhEIGqGqXGk3pFX9TUw0OL2NqqHychcZjgAnshAnufpUgSQUue3mQEYMJhRcQz2wS5haWZqLBPlqEUHcGBLIlg4mQDRBgepP6kqKfrqucsLhAa4JsnquvcGMyIR8hgMeHxsOf3DQ/DOFaMcLpzm3t/B4OW9zszApbONBxCqB2ZjoG7lyt3YYieY8fQq9Z1zWqd9RkrIGpViECdCcD72yWfHm+NZkt9BvdQpkJf6y8xnIFi3DmBvb9uZRxsULok1GV8tu7VhJJGMc84yTqx3aboSbErfBLUQzoxIMr7AC5m9vGIYNjNc8+GMCGGZ5SwnteM3NnvaKttwhBTzwYj+thCAGFT60PJsWERYiOAFrClr07Dm7Kogqy3xjxGgwfAO2r9kSBfrnjIIl2DbFbn/tgZEM6b2Y0UMnpeFEwmwoYosZhAIS8ZKAlisTUKt7Md+4CYgR0JyqF7izoguRdntQJaGlKreSU6Xru1EvmVYKaOM3xSIfwko8lC0n81MA0lPHE9jgVul1ZKmpO6XwPMcPVAzfXcGHRKxnN7tp5bnjIi7Arih7oiubDE85yFGDZjaMr6GUxHeI0eIRfACI0RvCjCIDGKia0AwA1MzHUwCP//8Q0b3vfdz4onIdWtoV9jnvA2zRHkBSlYWHkloKhRONOKgkGEdP1FzhlozGy1UwpxN1cDgG8Q8j8od/Fr/UBx0kOdd3VDFlX919HRkzFRmQFwUih3KzFCBDTJPQsCtYCbPyUIvWnfo6sh6GmqxNK9UkFcK+8lzIvFHn3cnjKCfli/THaDLocSEWHFjjTjkYddMNyP1Gj7PIxa4EJoLoGGkQtRo6icF6hox6vSuHDCncc7T+EqgyLUig/KTrNHCW8RrQJ5wC8BSEaIOPrQRYWjCq3IC20Pl4pbMytKFtVRDFTzlhajGNULKucjzPGRM3921i9qOQfswk1jXgYxg14xqGNfY2+ErM0ZErN91YWk3rV7ZC5KTGYUauyNm90VSizHaJOlukRJozHL69c5uzeABkCp6Looc6V5vRqZXxIpra7zx3i6vLrA7jJmJEECE4UWs3jaVwzqoi30OgpZL/zP6R7emXaS9o9THxXrhzljP+t5LoxQco/Qz7DEzrxiswTTvjEytKfjSRPX+auVzNs3ytgxGhOrzDKuqdWZMwsHuFtRr0KAxVVPKa6FhqDjZNdMQ/Plo4yj/NTjBPY8EAIW388DlTomYmHnKULaemQCnbiAEBEgGhj3aHU5ATi0946VpEEmfbbjFTE0X3dh2CwzBLd0k5efXttp616pDSijmuVWclkS7Hn3VnWGTQpSbMxEnIj04brw1krZU1YqxtmoYb6d2xmW7a7140TViHreqXp1nb90QT9a1SVUvyruBAUqQWFXRksaW7443pviDrFAFpV64WyLytXde53z6+XkYp6SWmWTG7R7ynKeq30miptdjic54jRl6ikHG0WaeYNedbtpiw8LRIAw5UtDJlQpVRITxIi3u4G1OMMV6m+7eOsfDdwA9d9Y4s6dv3cwnIgulmkrnc6YncNLGzoxlzK4tjViPWjL1Lc0vzzlG+pPaKM+M5irehYf4FggSgTyGlQSP9FfihCgoETJ0teEtgPPPM0SjGi1HvdDWFqLbvKwdTctmmyiN/s3k8MgiAl6Qw3nt3eG1hCsjtK3ctdAAYTiBD4C+fqq7VkDY97kjOOUNxHMO6MtQzFT897T6+6McBTMp2YDIM/9WkFDL+5FlgiotABPyFdj3GiRPpNidBFKYniZH09+hjTxZVZHPeX58poZd1y9fiDYnovN3VUAptE+5m3zZHi3fzqmpgHUsddvErRk0B2CTqQGGIXckmQPP8RgHnq4MBoyYunpAqvfacp2SSGk02mLgD2Y1iBJ0mlbjPCA9uaIUUvh+Ojmc7Xyp7+eqcRitNxgzU3Wf50nmYOpeonX2yGGy71XRJOKyR1JjGlBxPtUQnWuhSMCgZdWJnZEZAVVKnYPBlMRmBydebxm9YKCra09ovODRLZ2YlkQz0pK/jDxECpIoLS8tkGC8VCZPMG4XFXeWm0Lwfm6e0Gfs6oxHpNiTeeLUvXnE8FDuBjAc5jl5xJn2VI2CPUbA1aUYUSo6SNvfONp/6laXe/kRR0oqJuFvoScw9LGHbwwiTuhl6L4AJrjrXiE7QmoBmdlX2j9Z1fdT//2//zv/43/9B3dcLp0XLs4idlM6nHPOSanw63URuqG61TA3gSGauPfOoMvzQfm2a+gpw1dFnwZulffRmM1M4Tv01xp6o9jbyRtrJnwWprvSulH6by0crz5K6Osgac1HAUkA4Od53vSsyQr8kgLStFoUwHg9KESkczb+PGmf6ZlF0vwpzf8AIt7vij/gl01aN/iufG2vs+/YeX/X7FZznMDazCWprJqiAtKo5JmrmLC/nt/UPqO9gvYqg+kq+PB4FzozXD3KmTkaFKpcK+uNZObbPKiBpNQkU9PG7rk6waqB9dSghEVqJaDmRzXxc07GQhSD7AmP4pTLs3RSX6+O6ao6+dM94Jzz43ER/P+qSksUDgYdIJNsbZhFJUmQqgGFK9QxjB2TR7gy1/lMavDM9ducJx/wVc5Ad5cnvKWPRQflqP7o2IcP8w7dYJzRc45wEJ9S4gsVaqlUHa/QppP9+57SowUtmb9KfC9cUdwvNYMq2bo7dlswf/bYMxMnqmr6i56wMusYF8yBXZ7g4aDGkQJs+hgDGjHrHQSZh3VFWD6zs8K3O/JYqheM70wsNN8NY5mhxLDiJOIndTA0yP6/mbwvALaqqupuQaNhfWgx/peZNPMpC2XIWGnfZUOMdVY/n0+kl1IwR0TblL3hugyPs5X1Rf8RekWQUoRs9L6jYcU6b/iCCvt4nhMj0JbfaTdejFxFvNkZLjew7G9PyBTErsuYoYCrER5SYDH7ygUwH2Oj3eL3sbtMByKAEKdBt8hDQx8S4ufnn7/Tz0/9YvnL86dZpROdyH7ip1d7wBdbmA4AjYaffLQ/d0yN8N7rjz8BQM1nRdDBn0YawBjh4o/5ig/uuQPJ9kuR7z/nOcDs7sftd0oEiWaN4CX1w7I8+h0nz/us9dm75zAizghMhZ6Wxx2cG8V+AkWj9p4M+4n2q3QixNf5fD4/Pz8Evl4LPbNa9uP39Au+ezGV1IhEM9yq9UaWxo/mS+xuOZ6pAFLUUvsNtZ+WhvGev2eakx6jOzy67gGw/LA0Y0a/xU+HpGTWFfXGqhF+d7rvsk5nXpkvZXNbu0MQZm13aP1fJUiLIZBRfeO8d8+vPMk8Oirlz8MoGzlYR3irlx0VKE0sHV7yX2pclejOEbhSi+EzwInnDZVukISqE989dnQ172lpa2O8744oGpJ3MO5VcQDvfysvdH6Rd2ZIOIMo7tW8WnC9LlYqF3RW/+YpBbCIxUiMdnWLSJgXhTr7jcYIcyjWl16eGRsav/fwW01ldLddcWf2LTYjqtHaFHiqN2L9x77LAxph5+Mt3J/d/MQat1b+X0woiWW8CQH0tbCiaPIDhgmFHmtu2lKzobgnoxFxR2Ys6uKPKZjnLhXsQLu5gPgWhPpLjyjeqzE4M911b2ag2lANNYo9z/MIU2bk8owULwe4IhMMJV8j/yq9OyTFzBjVica3Ttg2c14EYoSOJDLzPI+s8LSjm02RseuirSV0vJVo8v0QEPjR1urxrniHpvopDgi1JGR9JjnsroFecPd1Y4Mbvg8Oi0Pf46TJlryI5+wgpjH32i5lhnmi+3b3pyt2sfp2jHpY779cCTkqroJTvb/dQ3z99nOOKrSPTLwZyfj9fI51/FpLzKqa0QivqoqB1Cgzvw5n81Kwxbj3mEnvs/GzM6aRTVBMfv8ccohCN+bkUbWmQKNyQ5/LPLSIiDODmnqfY2Rq/yEE1puLY9lgM7ukRUWoJEn9FkVjvaw9fau8V9ZpkYbDdlijnaqo2PSSo2qVpiJkeilUzflDz/+DEjCypL0BdWYBwB3oZ2ZVAzMcSRlIYmh2BLY5MSLSssVCn2wj9mbwWQLWC+veN3ci9z9CG+v55zzrTeIPLgS9+s6InBe0R++CvPN3aUqgN3O9GXNHIW/JF24fofJhNfGUvP4mrJnRQLF2SuLUPWN5TFcvAmB9Vynvx3/vxvumTJPhElGQB50Qw5o2lfwttfaOud5Tmaq48V6s9X8MAgCACGSEWba7+sWyPTbO8Ju/pOJtEyZnK7pDJxHTnedoEJaikQBeL2G4CtrAVBWaBGfzNXxJKShbL4n5Vtl0UmguI5P4RZKSM6WB063fN+P4WZxDMr61BrAI7hHDOLEePz0WCCIaPa3XR9evD3tsMixOZw5w70fywjvwURQN+X6phhGx0jOizVY6US/hshfP9F6brNBU9T/PDwBxPbtHXg5bjYwH5bo/gG5pWhd+uf6DvqbI1BQ12TQC05/IamZ+7iMD2bd7hSaGGq0ttEP/vFcCR4ZpMa5m6F5y0Ct6/OYXxZkIPs/zvqE6bw2FTap4A8BgRk5PVVdXV3lsGhLqVFYNve8qjoAY9AvA0j1RnaxEpiwpdPzY5wZvx6STAqsRTGYy8fPzJFMxhKQUIKQgOkaLK33P9+bb7/OL5hajVFDRWC86km+bnOuKFy+DRBLtW2+8xeRb/OiHx5/Bbnj6HwBOngz7auDPn3kfzrKplMl2GrAAACAASURBVGu2pPRPnpl7PS7/Exlm1//iiiKZr7bE/sHfkL5nyfXAhlxFKFWSjof3XkglJd4hxnvac2NFaCnGjaUwYHpmwK2odwIjdpSln9OkH75nUiDj2drbY9SaPUt4l6P72y21pJv8N0vqLIkxJjzl5wpEL4xgb8BXbzuAFBod1YXiV20p9STVADOTedRXhsCLmLcXOOcwZjA/5wfAq38zM71tvlRlY7216l6B8Bb6pr6WA7fG+t+TiR2vBHkEndc2SU9Qn9ecZsHmNMqfXT26ztG7/BW+29jlkyA3aU3kEG9iyEhVd3SVZUfP5R+AGJufN2bqVgEtOSbtaXdbUAMkj3oNMdi4v9FLnR2ijGfRnpar/DkZcAgUktKr4unqnufnp2eCRPLWbcydYaSUeN7tgj4W0/oDO+fcV7Eb1BOJ6s7/8T//33MOcmHa6mZ7tDnUNEQv04kH1rkDNg9lniTKkKKW/5kMkUS4B6O6wY5gt+AKB8OIbQ67dxyXZHyqYkcMJBFvMVea9AIYKT6jBsNA5JlqTHhpDj7PY93eyMyDiWR2X4xgXqp4VL0s/1fZC1rrFY+8vVUlvCHgbaGbw4wvQSHihezHjES5DWYRAHAnW3jO8ehrQLCbsgFsGzDMlnQTavxWxkug8KXLkYu7P1J8a+UzdlcyjnTSB9PFWPjO9HTF3wpmvPoCPQjrQVDKELvj2cFrCtqoK9wls8Da8Agd6qy6m1ZArjFwlpRos0vMuvcyohf1QKZsHXWUxwBn8mW/k6p3aCUHxHMyDiOmpIztgcWMPS1kAZTMV6u0jWphRp54IL1s16Ya4rHqFxJ57FkC4BBI5jSAhe663DMZHwKlICJCQt78o9GGwO2r4MIeU4NFXJiX0n7IqC6x23oJboqrJvl6Ei/dW6X2igj6B2u6lxjc/oAWoTW4RyppjJP5nEeHleR4TaiUbE4fMkJD6nN6RnStIGPvDFCRlJwBrJ7p0UAQdctLc2A0v/eSdktOA9MMyw1LFY3O+QxI1FgGvYXCoGZePZT+N6prnHvmeZ7B/8/V2y5LkuS4oQDpUWPS20qrXe1985nKIHl/APTMUZlNW09X1Tl5Itz5AQLgyD9U18HcLsu1ZIDTAGtkGzcAQox+qfaVUGKfgDcSgWOa3tiYR72Me630EPeQ8c9//XOPKnuKu7pcvFcZo5VM1g2pJxE9761CdOkeyU2AZCQBKeOCHNNzyOl5dZhTV4cYNKcVVMOu2foZDxmRzMxPVxztKTN5ObXM1mx0w7uKD7qYX+TojgHa5emt/mV9FJlc52hdYRVWA799DYM5+HMek79agUPFltwjByO3zR08DzEIjWeGjFDztiTZhmeT3ox9fVOg0VFwdpmHkMFb1xqGntstzM4LsWmblPk1RjFPSiCNY/U0Mswsc6k5OHnQ455EZbA0p3/+KKkzOTOHh2IyzT6hmXPCHcryUXqKsCri/lx913cDwxgwQhzMVqCe6TUZ8C5eELYv55dfjEhtcBKzxCDwTL9NIM/Bomj2txVAg85MNZ89lSkPWP/Sx6qqt7QKJXrVrLNQ0ROBaSSZ1EJjkdHH4lmoeYQrPN7EIbukzJx6RY978pDZg0iToRhaWj4ibNZbAqMzsgskBwWa4qAmpKsIRp6Znq4lP5LzbZsLO+uCxDgCwpzH1R1z+JyDBTtyq8aTmRYF4pw/5zzBydjuS0TE6ZnGxHOek3ZsCLJ/7Ag0x7oWB5mJXYZ28g96Agv3JIGwDe1m6MhU269BGzBDs5aGOM9RyesaRhgsITcY+oaK4SKiEoJH1YJG4I4bzZNpJ5jbBqk2EKApFwh4DCPChm6f2iVAYs0Dz11a7L8BxOLpmcsrhKXAGkJkaoA3/G3q1Oy1C3FBjWAA6+0JQJwjgrI0jTV0Wvy0Ali2oIiBiDwbMRyLSLkaNO2lftd4ykCJVDyklmZDaow8z9jOTvJDjqROkcGZLtVp4rschhghJ04EMkMikxM5X3cIORHLk5HVr4Cnk8Io9JoMlKj9qHo/79f3linsrPaPk8OuBub5k54Wa8OQ2phpar38MknCrn3ufNRlIDzxNVIw5I2fEeJgZp7m1DQ55zwzcKvdNRr5yIpkJGMUg1KME+8JO1qfC8iGLvMho+rdufij568tkg7gkraaSTjnnD/PH33+uC78wIKeU9MRyTimcDOWkxyZR7pYDXRVeKxCNKvKq243yzqKe2wpvvCmYK0Jnn6nMd1TxzIvAri2hN0zqBmcP8+I+whSSSVQU0fCGk/GFFehOXGeJKOqpHbxu0Mworwmx9eX5MmH8GIL8d3Up4QV8ejx9BmyVYA6vMk8HmmrnDCx0/1a1buvUv4kWkj+dHtvB3tOZkosz+l6oY1N5nZIcznAJFMLFDNzvHIzToRUmFIhjGYWmOr+Y6jUTkr5zaF5Kxys/57mPbVsbr3l3rlaRKR0WmxgbPIOiHLxROQQg9Z+b7QMR9d3tx0Tt53obs1llNqqdLE09pOrEmem1WGBs/rUua64BBia7c0YTJGfO7q7Xo2qqXqeBCD5jo565IHBKQtHZpk61Nz9jioGGWmDnUEkF25+AatIj/aEI0loiJS2e5q882WM+I8AZgpL42sAMc/5U71ko+5IdHd4vFrwGjNExDulkvucExA365TDBY9KSZ9te2JkHovR9FZUPo2buGqVcgwtNIoQ/VPLUXp3g7kmVOEddwzknT3K4yEhY49/WhUbFGYnP4EcoLpT1ZiyT9d+ztQ6dA0RV6mGsUqVz3lmEw3AmokJdAfW9F/9JEPfMp+U+aLYWqqMVbRipzvWKGR2O45x3er6++vtrkCcPL0jQ32hJRTOziGMuv7MD+TqE0F2fahhXpzRj+ju20zTXjHVjERB+05ByCjVg4Rw6ikbqugKW0q+SpoZtPBEAORzHo/UJJ0jgqcWRMZEbanSCEbClhsTEfXprgnRcG3YBUr/zUl4eKB6SOIGcHTLJHFyBWWA2UCKHl3VKxDHn1y7T+qFVBAK6YC6NT2fd16Qz1HyEg1USmN099vV/Sq0e3o05l8SRFtu0wtd6duoKJWKnbOtC7/KrYjo9xOmll49yU5lbiE4IKx8TYZCIgDtbDMkvQSXuHlCnhbzpa9h+qQP5BB3xxWMBAYZn4/EMLKvkW3jq8A2QFW/M09oSZ7/tivk1dG+Y2B31oew39EeE9mDj5FiLomqgcnzLF1KyPU1+VSGnTH5Cn/rZcb9+gBb2vHU/ub7pHVzgKn2miXXkI71MB4fR+xSUst5wJMpv4qakkrfY68I9BCRx9E4QpJ8PqYPSqEWobV4GAzkn4gZYkRg56EWb23hJ0WysZTneeiPuLlu3UFkMWBISDLl0eSNZLyv7TZI7VLaNBTaKTqjwAe3tF3v7DDM9TY5s/ZdGLjG65BaH+zSeijZRQ5TVkhCRE+X+LgIiTPs+3XsS2bdSCTTM78gMDyZkQOhbUfSgnHyLTL+fj5kfkWxcBOR53gh0ElGVtvU8fCJzEGf5ejopfu59Yj9xgita91BONSVgM04MyLuI/LpHk4A8fY73f84f/T5tfczMuWWsXySzX6Rh+maYGabt+84EL4BJOd//M//+Xnf/O//7/8Cu+zMXqJ4ngcuZb7EkLd6wK43Tl6eF/XelLyP0YcGqKrR2/Aua16LsxTRKu1Dd1c8+fQIAe+qmi/zK0Ir6TXZ1lalKwL4Tlm73doZtNVcsTWfJ8m3XjnI6ybr6WC5CepdYUAzAHy07bbM5PqKIuFWeJFZ+37qixjP2mKaNHV2c7+huraIb+O1U4Rp1N19zqmq++er3l0ph83No1lZ7WcTYqt/md3JIw5Ez+RJ8bDMEZDlN2/jBMeLJeMLr/PMgDHaD465IVvfyJsz1qNQ5wKQjku7fIJcaqfIdKrIdwwuyFLDkkBYUtDtAmUEYRdJid0K6/03Y3dOOGBVlRUwZtYTsE9ld2dq3auuAwstXxBFlCptcjNHLM+3zdBlDmYYnCAgx6dORrV8vOQWh3MyQ7Gjw5jCjmTSapuzdBjqcW+Tskyw76j/cqt3x0DfdCW6OxoCXttmjNMtOXB8GcpGME9mcpgn632n+0RoKiMkEkCZtdEzHnftfoXSyde7zsxdGNkK+voNszJXini1KXBn8lVhK6pG7G4e+8bKtF3+jGGMNiYRQVR3roKHolcrqIu1tAuXI5OY9/1gpV56pLCwo906SqieR9UGBRHPBNDrdqYQ25xuybFpiLNdtirEd/dleQzWnHUpBpFxKfUIrs+jqplfOEaF4C+fyJ7Luusto4lMxQSdmFFBtqZDanhE2PEzBqTy4ShNyoPcegV9qJldGLgsDJJ38UBcadJyAfw8AZWhOmnrRehwokdRVXePzu9POqPJ/MgTQ0wcsxscTMR0YHe/9RG0VN3apEJw3SrSXrG0ddEdwRLsebGfxB/ecz8io8foT3iHjdZazubmm+PEAeg9sdjRcuxiDMEIxrXez8uYHuRJVWeUtCKiu9+3z0kZv3hlOQxaK+Ita9UjFphlPBuE8G+RwXHDb03mAO39DaYHjDPCh2TGcY4IeRzvKIUkUtNN7S5ydlvdjy56JvOc7jZnJM33nJnL5LixzG3Aj1olIs456NF2CvlQwzVTOBZGRnjj6x45tyUaz1d9SMuNb2KaO/vf7IOIkfwudliFhREBKMIvlx8qpmbEkEXwfd9UyyolFmZLixln2wHoygGjVZz6JNt4dC9nW29BdY7O+YaDxiAP7YNsXz87Yt8TqF++cSvm4+KT08RYHq7w++SpKVH8+oe3FQvhz5SYPmpqMk4vEdajC/o93pyut1NV2HULukfLO9YbjIjgxF6gLzKL9VbGulrd2knfOLc/3L9EIVMY7BEbyKRrenM2IvLxinm6yLp0+Ht/TTtYMqP6JEJT+Xv2fmKaFxLi68yucJjdqrx9B7trpd9F8p3qNk+cvDYhFGvgDjxUv1VVL6suvEOoFCE1KxUokJmCl/VaNXcbM4aadov5Sqd/bkRHRAPnPCDOOfOj7pVaVBdDxtAzEyfNYfy+g73ODKDzqBJzvtBD71YjKId+13j6LtebdcbgCwcKAjNibN19PKla5X3f0jYmQk2mMOiIrfHkpUP+eUTWcd0SvtHfJQoahSr7FzoytQoSwL/+9S9+I4BKgwBG8gWN3+dn/ZgdKvzJXU8ScZ3rjxa0KFS2GA+2w9YDrCo36jOz+2/ozla1tL+dUGwpbCRTyHV6AUpCK9W6qhZIMW0ZKcvsvXFL5/Q7RT/PE1uh5dd4QTWA6nC/3573ux94lUDiMGpQl3uQ1H2oCoVcRb5WFXHzlOql6lFtOFj1qlgmXJna9AwEaY79am6s0900hLH5d8Q7htaMD2dGu3DMhEXMaFVTZcRM5zniFoZkhsOMB9/eh7dQ0aYTmNPxuwNjbu4wLQNWT+r7+iuQb38SnK6Tq/ciEKwp9CwI4ucQ1sfDvC+hA+4NtLpWP3bvs1rNkJ7A6hhu3jQhgBQDRXdwJGJeIaD+CYcOk8S7d4Chnxffkm9mTOngkNndpmjEt4vUH9tS0SqciKjqSBJtHeauT4O9BwqwiU3mD0JE1epQPGmIgqIFXb4y/dbJHHgXl96X35GidYR6lpNn9hSd8+jZbO7Yn7G7XjHzhKRM7LEQyU83VPHfdWbbFFrJoo0pWdSI3SN4QmZo3/Y5QhaJ/Ckz9PaJfQjqrWJdGfzBgEdRVIKV/mIREWeWJhWRz/MH6/8zA2lG9zU1wL9/PxFe857+qWWYdmI54/ft3+9yb4p+5M2wFJ4Q3hHoaysMQbsrbvmaXqUuAIRBz0ySh3J+lldMt1CzgVlf91OF1QlilUkbytk+N0LLdb9EAWxMVgzUnpjZnyIdpedmjZAKSaZAjFkOePVkprrvz+dvd2O0f2gRHl9Dh2IOZtiF9q4LbBghd9Zka9+Zc44Cb6FASKsN36DKTB29dQoyZRTAyaMLeuFHeqLgi1bVxqnoAc/tNNuwSbjOqR6gZ558ZlEsP3lqCi5zvG+0NHnIH14zd9AmbI42/FHJb1ydiJBS+Tas94yJbzlWBDqn6Dt2928987NFI7byJHc8ho14ikv6DEISIpfLZmDKanX/U4Vv2KFZseL9aLTzrWCFFHf/vypGrGUIv/NYC8xix7cG6Ur8mJC/Qnc7t3XDgqcMd1JN8HJz94ciF5r5c542PmOFN+n+ovpnMGymrKBhYR35PM/uxuC1tIXsWPnNdPrvJROamOp+ZKatSZIUHn5NdfNRdUvbQZIx3brQ8R2KW3Z8fuLNyC6vd3VZbhmp2ttMMGP9rg8ZkGonxddnhvs13zu1ivrZt+VaQ2bNQrDstmV+SLVz8bT52ktAmSAz662emmpV+N6jgN675uWga4q7TmtdtZiY4pKvYSYRwGpNdoDtFu/52gXrd/VD/d5WT+dXrRIMpjQNOd15QqltkxcYeLTxG7HejO7fuU9Gzyoj3vcVgWPr84jIz+evVhUBfN83/9d//q/hzNv0RKjNwraHu0dn8kGar67NjCHeqRaE70+PRgZzx763aoG3UmjOLCuJLUmcgCpOAMOZntKxPnHqLXimd6rqb32uy7xMadUt9dva6IuxP6MYZ40GJ4/NW855qr7Rx+94mrFjgOkTqcJIR00mZdzpa1DjXtdzs4n61il5zpYaEp7vLy4HncyTQiiVVFXxMBISnqt/uO7zAFMsVyVRAcEDcbrX2RlriaiYX13rM9gTGHIoTf2ObdwMjALpzMj5fZqQuRSE5ETGEbb+nPzRh42tUQbByKP6O+45DMrq3p3hlqdy2caYimtBQJD1iuFIeGY+GohtEIzIgxAPOjD4VI0fsvWsb30iKOvisQY5NPkEZF4a+TzVI4hWBUEPjRjGYOxEHxFEnDyQNz2JWZKm5qU9moX2xTQje8yqE4Ah3lzGOXFOmudL/XQAdh8glJCAz/sGw6JF+2I7zpUqS81yd7EarE8M/a7dXiPAOd7SLvqyAYtZHn2ZvRsCbTOf0UOgcYNAyI0qYh3JrwUNcJs3BdaLSsvRm0FkDLqm5Eqp/WsnH4Fu+miahTiD54KDYnxftp2Ckhy4BeKD0JqCDXYA8jzdUjnkcAT3atOqBnpvFa3ALc8BON6/5nFh63sTwzy6yT0DEW+ZIZpDAxIk6mBrEmk/bhn7jFP9/tQum7TlT1MhfbUgpqb7mh2HCdSIiPaTzGRGnFzf7dk5qHoA5YezLbduUtc7Y3UtRsHZv+hRXAYmd1iyaaz1fme1C6JILCyfzmUEWnzzSW2mZfT76odQ7phBHqZsxMrcK2VZThDRM/qcWs+1Rbx4KKmtQYVmevYo5VxvqxuAnk/g+sY4/zkpml34ZmqDzsIoGYUhp+By8KSoWy0DFFw5CXUuFGz7799/bYCNLYutVNMD+gHmZsdVBoCwb8b5WhgZu6Yww+BUBUPQ+URIWQJgamxJ0eu7rdQdR76NW3a0p3oltNp6T4jxLZUlURYbDW8hxQhvv+DJRyW7bzbgpyeESGwA48c0bblbglnxVM/z1FqFKNq/042RQnXN/e1J0t3oqaoTxjk3O/JTnzIR04oiepmhjGKEARmwUFyaafF88jzQcHpmUDM9HpYTIi0RMOeahAjtii5WBMZC2Gfd4VN7JmAxbORG74VoNyqGuix5uChZHBm7WHpcO/9wmg7V8VVCWuEs3281yDb3QtIO/e6RzVBGEtE1wVRnq+LaD1ZlAKg9UoP5silnwK6uUCME1VEU6gfgfWs3x3Rc6EvzE418IkQJZ+p0D2nbd/UoKmrFkdoyw21J2OZCFpeT+fQ6figpiKmihKepsdiaERm2f1TF1QQMKnXLPUMJ9ZWO+JBErAOvalTKb9MJFbdKcTmkXjLYGzkzQ7zQ8IgaOg4QUtkVBKT5ixGBQy0itz/NJ2rmNWfZjShc9mACDY2lsXXjM3Dq3WKJAw8XZ3tFkg3toaDGXv94/qFCfSdPrr7VYZ1zBNljWCVnMQlkW27OPYzIOdQgY3ag4mzCUUehSwsy41h81PWpD1aTN8wevP2+XYS3TGdmb9qa8e4QPZ96P89zlCXF561BdZ9gMl7HuhwgV6EVEX/r05a3MyMD0fU58qiMM5jP+0ZCHGTFFZUoyayZ6p5+I2ijrRmAuyFI3JHpmcz4OmSo2k+cP6dq3qoTEtnk+/koJdagNpPLolIVJlpGAfKveBd15f7TA4OZUYCcFqaMqspH2/y+xCatmd3hsYopeVAkDGbVO13TiCVhZE5X1RtggE3U9J/zD9WQ7XMuhGu/C9a2YloD7Nkhtyc6gYXB2d15nlnvTUOheYSA61ScPAvZaH/brZEOxmZiKTLQ9HqEkNDag+jGxSv0bDdBDyh5ku5I7CgC55xRe2lATT/YV+U81Rz4S2HxuP21fTsAyF/+jkszU6q7cvczJD9VGmzmGsAqFzz5ZB5tFSL5qbcR6m11PwcQQzC1IU0t7ZSiM9N9vl92tZ+bnUx2KagzOxSmyGiwdwyZHijmYiZhLWcekGGh5GDXZevWSwRzScG8pBPxBeVP40EjZpnRmdL7Lqgv/2SLDATTqyWJLlPocH3YqZmlpmJmUJFr2whwhoHGRRX7rebgiIAJmj2t0aRIYJSDkL7WdPffv29GkDiXxJZ86xOgdgcqMPq9eNyVN5f1tHURZnYY2NWf6Srwq+VCM+nBD9XESD9tarAsBto4sK5NHkh8IIMF+Ws3uLRu0V0j8mw8DFiFrHc3g4aslU2jbPnKJcVgJRiZYGsmlERYBY0MfPyNZd4QfQkuM4Cngn+eR2PX3qXHCmLbkVVG+PEgMs5Cf66lpfCjBvCwiIeR1TK6kF4kBmz0QHQxHdgnEDrnNkDDzLSznbfShCQ9XEHDJvu0dHJf75iO4xlGxtrPiv4MuTb15e4QY7uWGRuca/6BBlCtrJEjZ0J/I9XDIaTlPH/UnNzCg0QE3+rIFTVakTYGBMFMCtOQtRNE66B3HU2/UrVCDi37eQhMv0ZWBp6qMtaBFxkxhScf19hQQlC7MRFngGSuY4HCpxp/6zCwbkj+XbmMRIb22exbFjFLoPMdWM6iYmLyxZIecg1tfLpI+dAL9co8m6lVVAcZcJJ3j9stf5EEOzOuwbjeRbhT5rEDD598OPN535nhyYhzFUsuQgEhbU633Qx9yCF5zh9IdrmSUD3DQC405KdKCaT8MMcW4rNmreA559N2Zj4OeHA/KHegJU5dw5ATefJkgEAL8QcZrJnP59OFEylrRE0zkkrph4xCcZQ7zKIQ4bi63ulNds+EE6GkV71WSCL5AYg8aRdrWdLH5tOloszobfqZu3Hy1FnniIyMzDgYTlf1W1XebSmXIAbAE0E14ES1mSXP81QVQbnzDdCQGtL6b//Xi0raYpGyAdSwTeY2GmYYJFWHW9obp9Cd3f23/qJ7ptN95bei03sc4JzoFmFoCMq3IiMhsesQg099uAdmdnn7pQ67ou7uxqfeWSA96ZaHmF7q6sgWlWKZanQxM53PERoupXXuduiRScC09lHr5zqZQCRihl3dVuMx1WPK7oISW4Y4rBlx8tyhOy0cNBaamfkf//UfM6PpE+y95cwxRhvjnOd9X9WgeY7UQffXPl/EOapUJBjxlDKY/PJohFUr+ke49Okpkt1T0pFMi4WkGldjnp0Wml/853l25dqyhnf2bhBNdkY0gzIz3/ed+8Yuo3lPxr02UPtK9zPi5mMLbgDLXDZFNO7Krw0h+h6L8vvr3z92T48tO9VqDqpazn3YicU5Z7XSiPCaKXrko0ZdP4N7rb6ul96k3ud5KDSbOsRyePj+7EJ4L/OlgTslzqvMeEviMuEvAuwiPAxXISgE4fN+0mnyd2BLaDURtzoHYoloX6qNO1ol1y8DRWZNsZTJFgbWLT9HlTTicTghLCRy+wRRXiLi8/mMxoxdt4EnxnJUklNpaQKWrzS3+O7u6hFspBQoskOsC61C0sy8r/ggeb81Ghm2EfB5oJwcJgItLcVK/wjZUIUAa52oNWv+zrTq/QAwtmKfCczuO+IMMxReewl93a3555hjOykK2GU4LEMhInqd5rg9TXed8BpoE0f668JpRo/ugrtBv4t75p9MzaG5UGl1R8aO8tun2v4akInNeI0wqE0h6wus6nDZEDpSqQkTPM4V8VA4Quc5kclAVb3v3wT7NcMxljvGCwDQSwIZ7kJDs68gBt0tV0fdR1WWqUl5fFsy00MiOEjp9GcGrOrDYOB9PxqzU4ZI9qMQ33B0xjQu0cnHBdCJCH5klaMRh/YZqXenJa56Cb3tnwqTHsuW9b1ISn/gS+CmWZ/fxVCq6jV6btBtVAab/f2jqFB86+J1gNi4d865jG8AJ+P3fGYujKjLpXn22AZGp1GfARJUhjwDcjkjuM9nXMjeLojBpOkh1qYoC/wO8BRFdfd1ourt7tYnuN4IM3eDu+6CGEAdEZG4htH6iS45o13+xHBIvvUBkOfYFxm7MsGNmVkDcVneUB5UaP3eL/mku3YfxJGzfN1D+I3GUpqvQ2teUbApM5hp717WBci4/Jdt4Zwre/1GpYyJwHkSwyuUvt/xhDmSHJvO3S9CDfhdf5Lqt82XiYwHjOl+/jzkpY4qB+Uy49xFH5tre37gA8exmzNsgjc/dhbzw9vNzK6SZ7H2/Whmw40qM1qr7QOm+uf3pH2THRCpoYnzbE8BrP4M8L5vWsEG0pEkfrIgftijAvQxa+3lIJdtBoeH6nogjXnF6yflSFe7KGygh3ZmRuTT0OoFM0DUCnTmyXyAEZtMDLVxrvHumbQue94uMeJ1CXSM7in1zbrCzY3/3okdQUuCrJq6B9XPbZfMazGpPZAcUgRgmnSjR6eMcKk7EzP/Vs7NnbfdM4ANibxirDU7zGVZFnpmPvV6XcFlAuJ7s/Sjvf3Grq+YEU4XuyHGpYhO4B5jMyFnK890x8iZ+VufT/GTCQAAIABJREFUOMnlmOtTkcxfKaTZ6/rCyl8KFN8KwQdj5Ff27uNhKcTtYR4tRkuWTRTtZqvi531fTWgUCno64uivOjTt5q2ZqZ6aztQM8tt6cdUMmfGco7UpyjsqnLY44RqE2gv75J+NbK6d/tar0/vn/GMG7/vp1SjDKwS9+yFWldKudpCZn/fVV4uwGHWJarqJqcm9BRajek/wvVOAQoGII7fqVhGllDszt3FVilS00XfJTA4WEtJK6gDIjE+/w37OPwhEME4KKJfRWaxFycxF0nFftJOGkimteeUdaOG7UGR+Ig/NoyR2Y+1swqbiMSAvXf3H9BZrDavUA0PvHeCIk+8rPzddMlLVb70VcUbucEtp5w2GUB/0auYhNXDs7JYYhrx69qe+wB+DjHrfmcnn9Ix7xnohNi6mu57n0c4GMNt2aldMaTzrxgeSmLhNaPXnXhY9PVIbZ/sW7bUd6Na9vr/chCsx+skzHA1WxTqXn/LST7ld1Wh4ef871ETtzp4wYehr4qfuQ1Gufm2R1BjW+Atw+Sz6ibrGcxFX4NjtLNgBQ+PLRyY5041Rcw98DRtvsbFWIbdk8K/2eEyodJL2QNZz/u0X+Ps3dTd9pwQea0KvVJA3emC/9U301sojQMhSJuMQeN9PMGQY9daHnuo6E+s66ICZuqehbHpnj7CI7o6gsC3exn+39tz6pOtVX/kLymvyugU1bnNhT8BvVRBYhdaeQLVZfZOsMYrlLlaVam8Vlme7pGlXVt1zMmvqe7BMmHsjogdgB4bEWz4t39qJHoJuVuO32NuYn9ocY4V01HwLpJnZDOVsOzN5vCmhu3UxsYUwOC7vQ+wWAaDdVtByPSHVg7dTvcVMcwVkJAWxRoTkTbfoWjvrIHmsUISbLbbg9Z8mxgNX67cUVO34lN/HGV/5wsz8yT+PVSN+AkDLfav3xv1W6b5931P0b3dqZupt9b/tWQQGl7twoSd/ZVVcETHNOJGRVW8BWiBMsrzDMi8Ef/KBfLoy5+uf7AL0GwZ/QiK3pjKZZndDKlxgsYt7WvJnu1UsI76rr5pKv5Xryeb1gV8EDDMQ7SZivew2f209zap63+IqDG5Bdc55349iZnd3vQumAcMk1SXNavV638LMkHe1+9cd4Z7wWDQStvqJmwuUAlyT8yfPrlWvV9TSOLGD/OqvSecCxW0/NLvOCK51vcGg+JQZOd1YrKZFxaPOWyFMu7tZrMumjOKqOv7YhfUV907BSo9Y6pPetpGUs+hK32Sbqa/czYzvC7IiJGjrFwd8IQHdpYFfho0NlFMzUzxO3EUI6c+ZmaIURx5cgshIG9Aior31SnLX1viCPy4yJnkYy3pnxr4U8GPlyp4skClnsd4Va73ULnFRZ0ZYR3jXWmRadYpBy643gpCw7yaUAOJ9P5/PZ2YyHuk79Q4yU8fQp90UtyvuZGS872vzJSM8CiN+9rdccbSRq3qEUeTZH3lfFRfZsIB9LemUg7rb+zZoCpTy8ls1g3/+85/53//9312tObkvcwTI8m4ux/1zDsFgNFoWB9yjblmQt0yA0MgehzKg+DSamKpXXCRYNuiYdM7J85DRlNF8PnEk41IxLOqHpqyf/kA+qpFGVaWk9m0mI1oOZTzab9bdb71K5+ecNhzjaepNM/ug9aFIxt15ADR3DfLM5PkjLxTN4eN2yNilwf8PvLh4Gcm7SeLGZSGKJ0NM3p5Jnl2IYPuFt9+yo4KXkChwf95XCKjghjxHSfd9X3iVovzrxcPdIr6ReabGW4z0DDNHgzojVwTZ9QEmz2FQpNfRqZp+3w8Z5/whR/vsuaju2zMI4htAlQv0f0/QohdXNUhmMKbVVxxkDKbm1brgbm20n5lBiMwiLQsF+IQMZCMwqPoo89siTd4DMTotF60TpQP7pcyZgbcLBDFdcZ7Io3au+tW4j0SePwMVa91dzVbJpfyk13YVAAyM/dwEF4bLchAxmuQxknkA8Sbae49HhIgGEODn8xFCrfbbDieUD4NGMtiUKgMznUtFImRQE82MRz+7NogssfTIUZSS8W7foQyYESdTVqHW9bsX1eRPuw3eIabnnJMnVf+6qb4731BBhFjcagjRCOZzlhnyXn0rSW2F0bUWuzd2adiMFzKQ+8/M2hHJOUeR88iNTmRbn8WhZirVgYj1N7iVEi4CJWLjNG0ypzFeunYFQG3I2Npifqixg68iYfEvUBCBtfm6BdoNsD7nzEgMetD9FjoRmIm1XjEqFRGpRG9e+cJq2rY0JBvdGHv5t4z5cmSBtaYHm1DdrL6yLl3WjAqX6cGoRpFxxy5IjM0L6N6d8+2ll73F3+Q5iwbGFn9Fxsnzvi8hG0QDDQgRH0hq/NMzOEEDCvL4DnKVSfON2womrgXPOSfS0ztVbS7iKBsvSKVB9CrKa14QPWDG+F5gpNPQkCODyHOezMjnqOCIEyRtq4ICKLv05X4eLqt3OdAmqWWGyDLLu8mIsy4dnEEgAwH5Sls/MVV123td9Fml1BpDf8iINUwvgENxJ6dHhHeC1SP+naRXPqkUOaX1IgbdVRF0LWcBHe/LhUVmuIywcFdc06UGXgCHcpnZZK+0UCocQ9Emz4GNZJIaf4Gx6dV4x1pL/zt4KvJdLgcZVaViFtNeq6ID0rSaBw35yM00JkaW2AMxPV1Nc9ltbRFAZu9mjhMp75rZWX6u6cqQPbY1pwVpUOv3nD+Mu8guVcQKoJRaYujDj7VrULFrBVokIy8Jg2TZ3yck/x1AcF51P89zIttLsFudpbh++rsRKZMWSrdhk/fJfIR3RFDSaqXnUE7584Ac083kiEKuj6I8x6VMEgluEHqKdiEPRka12Md+MbPb/7pffS9DnMKxfaBa707pIF10oaom5HQa7+cFWf15/pzz/CGJRppAjapX9XJEBDKY7+dDB31h47K15Y5NkzCO3+jq1g+ufyaZGSJM/B5O/eU/5x/9viOJd0x13Qp/ZrylFBJKRZ4zU7I8fkJBIAOWXLRNFeadnurgSbNyJ5giSwM8+QA6x7PfCw58M2Nn+RaIpSpa8T8fedNNnucIkzWa5gb0bWjjfBjIGw241nwWJfVDIPO5kUk2t+5hJgT2PM9DBLqT2pwcM6THZnFODqZQYgHLlFUpDBNq5zAlghmYCHR3aGA5Y6Q4vCO0lnAgNUx5XZCQtVRZT4wUhAjMzF36KniLCytgYl7VJD7GM3OEs1ovn5L6gKOp2QauOc9zURP7W3Iyo2HTtr+fv1N98nh73/Q7pTnFiQfEW5+thMsiJA4wn6oNEgJBMrTPmRii98bdo+B0UDXEoxGjcnpJcUgZvkkgjwWj17mBlz+k2ZReosSNgcw4At+4wKwlhN5sjmB2T8ojnsmI6iqVzpDMwswjFcNxZ3cUHc3mMBqErJWBBmwi4ZGIYE53u+X5gvLdJRRjMJlBLfdWx4qM7S8AIk7Pl+6wvYP0qaNzAkBcGgpjhSe7nA2hEQvEMyK17IDuB60EzUhGzhL8YagoD79E4K1CIUfkMMjYGxUBNE+MyWdR1dze+UKB/PEs1b2O5FUaxVpHCLA45xHUPlIy+Z3+cLXQMvK6yZejKkCWtsiTsBWupp3ucBf21YqliFASqTypYc+r9ea77uwSF9S5eEWB+6kEKH9/wiybzBTW1dp7F9GSKLm5tBKrpzMNs/bnA0zmo+plxo5DyUwerWh26R4H0DZhjvZJaEDV2r4zf18zfblLm2EbN8mVrtAnu0fqpVix5sxwOkO7LSkxwQCvvZ2pfZoEAvFOM6OhwTlPOsQW0MM40RhO91RkgvsdBz148piIp7YJJBq0Bze1gHGsaBmQU0E2Z4gT5onODPRZFC4X3/g5tMLxBuSKGQkrejHNJqtrYAN2j0qmI2OT9SKPxn3uuEs3ZYDvHiNt16ASHPjnPAQNsIK6Dklva9tP65Xv+jwzWvJnZ7h6C1OCC0eMxhAMFDPV5k4B6OfI9t+jIfGesUwXD/MMdwyAw5OMemu6aZPwATiokTwFFPmGPJnR1d2vZQ+Md0pBMZknT9numCTjCKURS3RU4chIaocZvu8qj/OEEapQZkwNg95+cxfY+l1OMYwyCfxp6dNG6/Z0JEyNjYgpdYszWhXb0v0caAGvvCLEcNXzv6U8AOCcw0FXC+G5XF6S/cqEx1rArg7GNIyicMBJRjCqS9u2nYgEy6yqYC1eX2C0l4hjrMDynjxknPCuIAZ6KuN45rDv26P9QUbqb+k59BrYkqz66Gz0zPM8VR+4mm7J0gCrTNRBcAusO12QC8gdpVAIHpQPJUnHNvE9y0tWnSwTrSfP8+d53xrgMJPp3JScshvPVGfsoBdy59dFC8rVHCSkcpZU+meThLTQSIDTVW9551/706elCQRKrN3mQKsCZFIcGPQuIkV3N4a7olMQuSoK9dnqeQsW62c8Jx8GktH96kU/J617WRuC1YYlyHMevTuCXXUp1E4EVdN1nnynYAvrVjIHMVPnJKCls0Sr9ErEaHmDJXpBfc7PW+c8GcJARF/QCeqZqVc7ojSezAXwwl8T3+7yz/NHj+PP84T8rDTxpMKiSlj0vGsVpWp/ZwPdyUNMdQHKNQimnvfMMI5h2HN1MS5vABCcbsR4vjDfPkRDmoh8RdmRaocmM1FPG8z/+D//WxOXMTG8ereWW1q4A64ZkT+r17lbk0MdUOfFXvxtAxWmodJy4f62t9sIiquqETNI2WVpU91N4nn+aMqtS/j2K8JMrn/orNjiNifh2dot1CZ3b9Ws36vygaGx7trThotKzKTcIufF2l9wdzzsIN/V2E+oxGbE70Q614ByEd0N3CrJ97HTH/VwZQYk9XxW8GFGg8hxtRxt7LA3ImKna+ENY6Md1wCIkDJA6hANedKfH5LdCXLUTF5q5VgbCn1ICM7TCuhJDV2q+zZpwO5t/uGD+ye1lcQPtdajQRikBuX4A2l1wVmgRAWcwF6tMZnvIrh9ODDcd1UUyGyUfji1UiSkBfUo0uFGZC6XlS4UFhh537cv14PUdKLrdU+/3JkJ1sIp8EsdEHEe9/buefww3/rcFGu3JM0/RgswQlj2WSUQw+S+C+AK4pvlF99HLaxAH8RMKEcbUbG0RyFIakH0pr5lFs+oDRDx6lIDdP4VjO9QTeUFQgs/mnfJ0o9ljWGo0frifD8lfPjyv1wVZmj9I4CC32Ojhf2dcw4PbUbUa9KvolO6B3trXv3pW2/Y5IQExMSMy1BbXRjWJ5rLzrjPRP/Llf5If1X91ryj8D7bjl6OD7QRTnge9MXb2nW2qkvdWXDW7sx3EJYpFDrTDRigMxARwQyQP34gGrywp9+3KBr7PQb8mupYe7TSotsV3IsJMCLe90PBiFW0Gpc95rq6+Pb+D75dasbuI72xSLFum4i5lbdRSytnwWVCRURPhzveEAHr+XMuB8cTLzX8srre3sZaRmqbSzsO7DyG6+mnMaLOtuZfWJ7L5cKLLRvkoE8uX8aPXp2iuyIAJSnr8u4jeHdy6HuJOaEYfuOVqKDVrQEVSWtT6p2e8zyxC7LMvDOv2WRw7NPWqxtt4/Bb7sUXopc5S0+7qKll1ZsnBaWtJAyzvAz9+d49K3AAMdg6lgpGd4NfLjZgFGCWmmeAfmM7gM/7IalFoxqQ39TQM2/PW1Uz9K7OkIibgDxS33pFZY2ATISxgCCGsjOq7nxOd6soZOQtDO5nUwM8rr48DsT1BgSXqeYZu8DWhldQSJr+dpE8v/0wPEHUihpdtxsWxkxbNTlza4YZ5VNF/vvoetVdX/P6fc7TRHpn0pcvM8raYu26oIzaPUwEgdZNJNcalcTVQunwEPB0XMqhWbd6R0XweoNqOL/zy5nnnMG875vn8IfFn2lHAn33JvqtERXE7PIB79CI93GlhnPBqmbwPAe5ZsEndd+VIJjBES/VfN7b5omBLg9o2V3qXXd3UNQAldfrjLR4n1MSgIiZvvjpWTIySf5qBS5xNSyCUyW8R0wX5H2eo21CaU0JpDIheLybSnVFj71GPSSOzK5SseFj/8O0klOZJ3RmuW6oBGbwPM9HTD0Ay/5+krnMmG63tdWv3ppsD3dD/Yi/S2KZ/rzbQWJpvLdOg+SkO/xTzauTqBqPZMRRvW06YaC73/V4NQMOZhEFiVbZCW1tmSpmnHOIETnRZ0nqroj4Qb42walChiRB3S0Sa6/9o/6Mb32ekQ0UGKFdceoEFjttDWRNR4oImTrIynXWzKGqdmW9akhBlvm+r1Z/25tGdyFvjvMeQ9KL8XqfTL0fUovoJzaVU8DZOoNtXxYRcRgZISov5NiLQY+CILZOjghiIjMyPp+PqYiuz3V8x/9nSZQL9jnZ3e5sAnFS4YLquXRb5a/NeHeOO9T0FBExJFouKAC/dX7vob1V7mqXVZFq/5nWLZRKLkXO933HjP5v+FLanlZwHi3P6B73WSIv7JnZBMWI4Hocch3PAezOOao2w3wzx30LhAEs8ju03qBsJZ//5A4ONpWPrT/ImTmm3ZgF7C5yyUw+Ie4AnNQVSG9EveW6C1He54oZ78IxeS7PPVf3j83M7sy7G7DPCOUgrp1Li0cZ36wK/+JMr+TZQQww+7inuUoIK9d3G8r9CtXS+4qw7s0398Yqqr99FyuGFRJumfH9cdzXh74LL8pNHEZE1luZdrgWUKHn4zMILCUk33o/VSSF2Oq+iDF6O6YbVTQUv9lz813XW7oiZUU+GVHLSjwUbK22AkE3UgFiqAXvNdM1tiamdJzi233Z9PXWPQNJV9ryYTiZqwYgyQy/vIjgcGTHMU4ohKjctSF0HR32nY61RApKfSt/0tDpstp5oZCfQ+JGKXiw9kf33JK7aFcnkJ0Z2g0wV1lOVr/7Znkir5IjM2uXG/kzi11EkYpzfLx/pmukqyZYV6cTcblStBOAgZFNpsuDnx5AG87Q5v6+7zuuTAQg1j5A+RlQAIiv9zKLB0Iw4ZpFo4JIQP+/M5JMaOGwsTL+Pvx702cnDe1dNUg7i6go8+uIy8H/8bW+bIobp3SDdgItIp33kWzByf2C0puee+VeLTTac9LtBQr6yr8ScHWgV8qWvzKLc6rL6NAKHP0KllmvP3bjmKp6mwcuAnDPbXc/z6MxxhgRwvPkVOsn/6IH4mlavCgMoRfou49RF0Ss81lrjS+WyP1h53LR2k58irQ6Idu2x34vO5HR6KJdVVRtVbdWe3b3iXzlTiwutf1RB8FnRTyy49fBVnbbY4J91V8ws6qex4sWtPNJbunv+8GukJG+B79fAiS1m53G5Rrn5KxXyhg3h/Kpnq0cZGfmfd/aP0lahJvIEdG+KiLet97pAN/PS5JpfmEmkcmIJ5+bAcdquZ88uPsqlCN65uS5K9C3EvA7zUy0Qb9MaphtVYpDR3S3a/ja3q1beKt9aBDMOEfNfumxXI2LfnZFFWXGWP89cg3lvMskSC3+mYzjUmfhPwXqLglzZZvGzPx8PsHUVktt2elu7s2OiLfeuka7i1rDXAfsUdycYoQWog3qbKg1+Nc//5X/9X//a2+s5ZYRFDVHzYbCnNy1ZlrACv11B2AgQU5VfpGmAiaD3SXXj6rtxhcr92kGViOG6a7Py5ONGe15Z0pOInYeSbMyv+9ywbJIkCFOywQ1Z6dCxKA71k6HJ5wzRvjHtGilAQauhbTDNIDVyIT544ZcfxvIm2W/9dyELMs1LLpp8red3lZ2BhOZ7zJ7NJ5638ZOCbegbwDIsM1+KiJo+S1Hu09nh5laJiA4A10SuRjxnB4uyWDhFj0t88XmOSeITxeBCKI7g0finwit3zz5B5BjrcCL7STXilmlaYRTvua3wSNPuq0KYkQYXGRf47cTRwuOunGxgBNpsuFMyXHVOc6DN40QZtmaegJdNepGAJUgK+mNGVXq5ja2LVmBhdEHZrRlmvOjYyS6/RHjQ83mkGATjHj7bQ0/MeZ0jhbEV09B6zfcYCS1UwBSyHV5rZUw4pl1/6/qId8qprjJibW/xM8065YUPRxGD7wZByYkpptzAAPmgDPVXQwbQ6uh6pFBP6TqkI2mCNoGY5acE3aCIi7NhO2pj8pWxZDBqqan6rXAQQS27wAjLiVmb9n0gikiee3yQD6y2Qb+vh81AmGVCf/WO9SSDbpS0bNiUOwMkR/0YDziZlxjIo9DICG2qhxRBGvemWF4dxwpJgi5BBYda0/CIgIpRR3JqclMxMhEMDJEQRYKKN+qj2QcmZmHwJSsQm7y8/1oV6jdhllBgnGw9a+fpx/lSBvB/V0Rbk9kZr4CZ/Vyg5Ep5gpSKwEEZkvrp6mhmUObwlNbZHABCIoUNaLE3TGDICevFpgOcUNsNNnTc/VojVEvL0Ukh90f8UP7fsGNySqnpqSeC2Cqq8ckb6/0FOXO8ZZ7RaidFuWaLc+37fFRvJ7UEDj5ln1jZj5vUVhMEG1EntuWXBDcKd/HzLLNDAZ5MpPxnJyuWTsaAH/rczJGPjzJQePuNfkOF2OI5lR3GAL44k0ZZ2qS0hp3dXtf0wq3I6LJFmw58r0t2WTJ1xVjo+o4/8as7AIZmA7LDQQgcrrPeVxhMzNTg0yRc3Pd8yOjR6bqVCT8dDnskMOmqKZW3hwNaaaH4MkTmQB1np1VVW8pk+F6FwAC+KhFFd55G5EYefnjz3l8U+jF4ICciG05p7GKysEISAEIIJ8jkNHXxOACeteDJyNPUuIq0ET14faeI8hS30Rsq1hXWSMooo1MgzgnZxkGyZAxIEYWnKokLqMwTp6A3++/3s+J1EHipbUKMt5h2KBAVPcEu0qDPASaHC/9M2Iij4zumqDaCgbjkCokQGixFqHtIPeaA3jfv6RMEWU4uw+eCyPy50qSc01qdfAS0Ox/Ynp4omfYk5RWpWb6zz/+4epLTFKwZVsBnny4oMZ4W5WW9N5E2eJRig13f6O6BeIEmTwUAZ/RJTgP1g0AM/PnyemSlmbbIZ7MJxIzuu/JnL7ghbJPUywkZ7/oqXMy48C66aO66epB45zV2h7dRBLc4DzTPW+e8HBguuqNraRDVZlUO3QJqgK6qtDAWlDCiX5khhRexOdpqlifGInPxEOqGySU90+k2FV6SILqLrlQZsIMqrSPiORRDSiuNCdOnKl30VWt9VHUn4w424EL3RS7v6efo55Fjhoz4n2rercx0QjiUY2V3/VRu16LCyQOI6K1qImBXTeqomas5OtBE3qzQUZ5AHm6utGRBhREcgru0icNyQw3zIUmE/LLzhaLYiIjm/6Tcd3VMJkRJ8BRK8hUFLL1RIJT3kb+VomwnxlTrXoeC3Vhv7VKWUOiIk3uvwvEN3tx7zvjXBC4pyz5J2u6MdXdMwxofwEj5E4w0PwgXDAS4o/WVFDW8GhCQxsRWhggU1sQ/TXDTDaPStDmRgQR6CXxUSwWJ02tu+qIUE/3nJROk6RkU+qnNKp/p+hsGO/7eQWQgS3nEIcUfWHqiMvp5ZqzDeYt2Yt5Jix9lMJaMmZi6iWUbJPDjLPO+7ZJyQUa3rciMpAnY7rzHEEDgt7UiavKQpsrTTJgX7WIaISqp1taW1WPiTS5BL4LG20WatRGh+SZVra6SnoPxprweEMYhU+CsjPs2vqdoCyJzVDzl45UVRd/Fk6lm2uILdj9znRStv5JiA019K0nN/bRbVF86QRehwwAYuhDf2DNPBmsFpQVmafnnemFeI7ey/TAjOwGx2YRxoB0m/Rk5lbi2qltW8UgerpLJhCgxgwmIEaekycpSRZOZL0v0CesQui+1Y4iYf55/gTF6CK3UzAQ5oOoin2sMpHDEvdFTwku4UZnG6qCwXgvlxSU1koML/FaSpPFHale+kL/rN7VlC+EkpMKMVxHB8kZ5I+r04HVYWfm3/qrxZO9lG097ZoSKv6+H2jCrY+LWDl4kDITezNjqjAz+1nazJSdw4nv3P5dkrKO6YJqs7fe2QXCMNt6Pv2RbC4ZjPlC7a4LdK71SFWJiC5j6GshYz0MvbyseemhI3V+erQrS4c7JIMT76Gn//z5A6AH5/nuzql+YckyuAqSOxAS5E15C/iOg8ypwc8qO+HvSricCSJOCkzLk7CYXNcKPo0YmKnSQTKQGRHaxzuUsodsYQs/YzmHGvsEf8MOFk/THxZhRdM4IGW90Wtm68u+MLGgyNWdaPbzAiOvf0O0+FYsTz6qLWRSpNIgdqrksGPEAA0DJlu0nwuHLFlN116RPSM8Gh9PNY4zJvtnMLYODYiwD2FnPpkH2jU0BcxwerxJdHrShgSqADnTzy6DKVTNxGgCqllFCt87mY1oNDyeFxw88HblHYjKqFC1isTGkijz2P8D9hSJjHd6gMb8j3/8wSi6TcmZUeCgsQvNOFSPm7tsZBWSPmvP0JRdHxSJDummpdaWhFQu+G22mSFBf5SdJqhNcooS4QFZA/JedTKgGTbFYOxazovlWskRmXnQU+87appQ698wQiWkQiaTxEAok+x/njhHfc1sdpbi8NOVlGR2Z7HjmkarRVT36rRWy0efGWejnHdfE6EiLE9MW4koGwT3lZnv+wbxvh/3J8PLZJYKEGi70QKe+BuBmwRhdfVO7scW/SLgkpPrdvicP/KvBpH/5z//z73MlxMAuFyQKMZFcwoIFg/dVbsSnmpOfofS36AGUsS99T+x4uEOe3/1UHL1bUyGXDJjZtSaLrgm3cOXKcDtVmHcyst1I6L73ULNiRlswtMwjFkkb8mh8q2q5/mzI82dyK2p6/0u3xD87/Pe+LF41sHyf8TXNgTrez5rnwJQ/QMzLPT2pD3vnC122hnaSbkPWWu8ftkK8xNSZxMoSbMRBalDiMoA+LwvfnnElu+ty+dJrQ36CdMNINK1nQ49N76qSvN9hbF+lTv7zCaYdk9j9Hp46Ue+zDgd03f3kovvFneCsbUggGmxR/eDbaBUQDkat0qGRnTNBLQwSqcrvOGDXOXsNu2rAAAgAElEQVTnfZJizOg5KMGvLcZIwQQg4vRgTbfMTLxHUkGwZuYt8vtslyUxMyNVYDuIv/c5yw9Uj1/M90/dRX9j3clK/+I6GC535lNvRIomkHmWoOEL6M+pO8V5q7R7B4t9QFib1zPoPExGtvXAXCKSgZJ7CyyY2AnnzMTgz/kzPV2vJAAyBxRtD8Cvs8N8uwKmkJ7vXl9Kdt1rXXJv6MXN702kgdQID8PzB5mlNnCY7+mLpbP0ZXIRvDEHqgFPmNxNMqzohx3OiGWVcp/eYmQqwTAzTz6lUVxSLFGFCh11OWBqVDYAqqXneG2Z9V0frb9oJnjIb0Zrtfo3LpGENmTsf1Qy6S+LUGOnyXP8J9UejBczOfmmEC4/h54GptaXUydk4xP3FsjuIDLz1Rw+gmRGXuUZrkv7XF2RGHDk+jZWvZnnzqS7W3zCyBRNOK6F/Y5hlxToFxu/rOS9MrPhYptP0OhtbYibuwtH39qCJ7e+/nxcpob0VZ7kb1SPHxbe/TrKdztJLUwLmT3m7WJm7CrbX2XS90GFf7yIHJTKHm6JHau/EeiGQWTO9Kcr80TGO2XLMRir8zHN0MBZdnM3DmPXhMauFUkvI8nZ5Z8CnnIXgJM0vzt2JfJParg/SEQMYziZFFDinkx/UiSknpk5x9uY2hLT0dm4cniVlDMTeWsMaxEISIkCiDBLjDgyrh11Q33B1zLRdcVPqzyBWW96Lb3fHdmggqFv7YhVJ0aMLsVAjL8NmPLo3OUBx1ujHVP1tz6fj8pafZiUC3nwe6r9SIFV3eHffulNuA/p7tm6bqOH8eoRJUrsGEzSE1/ddoWVDWsRmRM454x5F70zgo05dpL1/dC9ntVmKcsbRpff4zJL4L8W96TdamqmYDIHchV49yKbMbe1ZXfL9wPm+dpLMBjmaX7rSYykpUEIDf+2dlvHosccZI48H2d6beVrR7yeK6+aoeqdxe5vxdJdmOkp1WQkI20tguAW965gFZcIHAdPnky9L6uERSzKrKqy5oyqCqo/uqciynwrUi5houyatVl60324XfYjAiN4Ttb7ajnPjQOxu2r2717KHtcSemYZr7cCz68VoX4C5xedhFx+GenP/OQDtfoqbGAC3T3qulp6ZrFRMSN5M7vKhlh/V9PNqnuQYfzRX4d7AkmaC5kRMsfwNwHia3lqFz1NOIKWtXjHib+YhgMpRgTv8/dSqMm7yhJ4q1fLqDGXpVc6CZnp2Lh3TbE9M8W8UW5SVYM1TVPNYEHMkomqX5Umcd/EytcoC0HcJQTKm9+6ET8xRP+s6vMcBsX9goXF6jc2Ue7pGgH+ESP3gV2JuWKgyIwh3kUh9b1Ks66ZtxqLOEVEEwNKz3TrrtkIqdi1N3fGWg3/rqqFc/LzeXNRLX+Fca0ycvrxLE4bnMaL1vcwAJAafgZWwN+3vyHxbrq6PZoI6Yb4e9L7q4NIrNvOLeHur75Di1Z0kVL2ndkLu4bsEYGZ8+fZ/l0VrzW+3e/y9+feeroZ73PORQxv3eIH7mc4t3PkT78vnGx6d07wa4DDbRb+/fBcx5u6yBdgBYOKmtHu8Z7tFumYs8A6wfd9G3XVKlg11U/J8a03FF238LtqBklMYgYlOaS6M0I7VzLzzlbvu9A2FO2azi32tB3qeZ51gPiCpxr+oaEavjEpu6hQIUQqIQFrZSRgi1WK565zxNfBd6eLcpbcBgA1RDqlP7UWEZnp4Y1Mt46Zp/vFIXc3Kym/aL89pLivDQsKq/q69dj8vGL9ioULev+6TpHiQq++gSBTYt9vg7ZPwAIpbGeXYPdkJqYb9kBfGtu2XftJXg+Nmltl7c36IjnhWv12EBpHjea720ps+xmRX7nwnDgzcm927NVOPnhuh0g5hFesTFD1amn34Q7OZexhWZgUXYJq9RjTDX7m8Qx18wK3Dux2Or4YyPy4Dqj2sxSy2+tztpJX6aBhJLcZB6wL16OUwkmUHX2XdY3/JpF9cRy4GZTxQK9imF/Kpu/FszXbbQ8VFb/bjxRbAJDHbSPoYg+w+dIP5rbRIbYvs7LKVx6L5KxBwQ/gILzeXKGZ6b46YwAis8MjTrNlub+AWfTc0ZLmc7j/3dTZ0gNlHmpKhBYOMJwnvpsgDelqQQtEhbS71+yKzb28uOShsH2oQd5rPgMM0JmRPBjsanQJJC+QFVeH8Y0boj+6nNPEbtz6TGOoGZZS/83C3vDqCEDCsImYKABmcFLLTW+sOAC65p0WjUkcAgirSeuP//X3X5l5MkGmVL/dzxrsPyc/9QozkTMpbp71GbSu5WrF7khi8Av5uoNWVCZjupkGLbHPnOQ5cov6DqcvVWUIfZeUIQE0JBsAU3NOQmfjfdVXSFX51XvtNspejH1/EO9guMNjvWTFlrHhEnAHRVtGjrYxDVQMg8IcMsIYrPCuln1TtV4d15ZK2erazjdayxS3rgNohYdMREYNWsbM5P/+z/9EaEe5mZU66Dpq1VX9TlXQplq1K+m+8DcTyw3XKLqdfPTcUyXIELrf064wVCn2zIknIqXd1Rl1ikq3Xz1NzeLk0mhAmNwt9orNNfV5XxXZo0EzkPkw5AVUs772M87HERGUM51O2BeeU+AT41KelePm7Wuocg/ELQt8UmsASKkbv6UY5NTcShEjciOCgUPb9YRNJNiFmo5MjYbE7a167Tg7GGHTHhvM74cBYBu13dkATzg0WRK7imrFh02mxl6Nhvd5RLgoAcm3P2bq2G8Lb3nNwwyqmoy3RcVBBgsljTPN3dGm6WiUpCElN8nziG9Y/ZKh7NIAE4KYEVucMWpM7+HCxGIGoYs2UfbgQWvGP/V3BowQ5yhyTTCUDnuoHaQ9n3rviFhhaNB//350wJSZJJxvkz+3NCSr3ifPoJTNp/pEcPCOBK6CepvYSSlaRlY3VH3qLymeoLFLkdgBXtZVm/fEZHL6JkgRukJQqbldqjNMYQjzWc7bXUabWFMewxJ5jsal4PaKE8FUCw3LSAUaYqYgujZbl7HqLXRkHEsKVu25+13VQ6oxHw9jThx7KPsfSEErknQ8oT0KML6mPCTyb5xreWJ34+HREEV+PmHtDru7Xs6afZONAj1nFjzgMRIb4rAEIw7EhoGYxBt9f0qZaSQimSEeoiZEHthA2wK2eOXzPHoghTbi5jVkBFHVgchIZhonytTpshwYetkN8YxA7gCDjL70ZFgVxB7Jm9Vp6P4C2P0l4skSw5a1aKLeDvCcP1OFoDXrhGBPsUGlNAAnkjPICBkfXxSyW3EDe6pjlTGUhikiqqtnMh79bgSnC8SYyEOA9KZEXUTN9xB5RFLK8AanR2beRNIb4TITGo70brQz2XahMQ1QOTXTG9YABI/Sn96YBiY1nVv4Kmx+11PfeG6eJxuVJ4AW/3xDMe4vJ7VvqW2fyBmceIIuDSOA6ec5wocj7JBLgicXCyfIwUCm9jH1Vpx8qxixpmFiT2yHr3Qrkm1EaGtLW5UCwDoquXEGRc2A24TqV2tmsPFW1JAdL+mAhZVAIxFWd54/I55UHv2LNnkpH7xV3U193qnMmK7QivQFzSWtOH8eeRScY0ahdiy53xslh5kVpEfkDNF4zmM+40TspkFx7KZk/admZzJDWFePfPPniG9ieu82ui1dhSZVreTknx2uYY2vonRKe0ygVvWisLDPrU9mY8U760cHa9d+uAJU7dEzcyKDUX3rdYEBYzomOoIfLS7YeUwvhyN5ZHsokfH7fnqG/z9X77YlSZLjCAKkqOfs725fZn98zulyExL7AFLNa6Jv2VkR4WaqIryAAMg48XAyddzPJWi7Vc8RzT5vWVCzM12MhXlmqnrZPU2BUAb9F3r3FcUX4m8ORWaHHxgfF4nES4zKsYIdDEIYtcatovrnPIMDdmXEc07X+GgHoqtFvEBM6Qr2bklZJ+6xRAgwYS3ArJaZYa1GqMvL3Kjy5oC9vzuh9KN48tS9QeqlGdL6DtopZvvbaTtJMJMRXR+ZT6c57fd+YOMpoUuGe8KVg7mOcXpovCFQdfUybIz6WaQ7M/cA8Kl7nseH0nfn5bfYDzPibLBKLvse1X/gD4xjEgKNjCxbltuLCJ0rvh4+kPVnLk7WOyLO1Fou70+cYYeEbDByVfKyAaDUGcfNeal63AinABZBS+tWwT0RVturMpe5r0YlLQ7yfSTAuzhAuvxt+ZOnKQ1gtVplGAsAWsvh9sj8WfjDZYhik8Lsrfk7HZ0dpxezfTdoLAPfO+7taBbOGkHpGfCciLy6rZ7K8E9j0otES0pGZKza1SFD3QW62VFEjm7IIEu1S2JhiBS3K8/xNRz1wEAiHQwi1H3revGJK4tqZYCEdUs9MlCrBo3vtE9lWOchO6TB6s/6FK1cdKlzvtJVbo4wUQ4+7aYgBBG8NVb4JD2tcFlVJtdXrzzM2IpmxmiTVXdn0q17nudz77asWCY17FvHhVWBDva6XSXHYuWa4fE8z6TlQKsxK+860yNizghtUmkZp7DnuLrGUMK4lj8C8jWz5TK7M629O8KAsQzeezPjxCHmzfbiTQCJvNZzv76g0ArLZpvCYqaDo0WElTd6fQ+WcfwsT+U9gdeNkHshQGxGjEJKZVWWqy//dIVKFQAZn6qeFQ6Di1npaLkRI3p8dNVtvZHfiGLxh64hEQd47/VaKb+1jPB+Lydfg1NdEHqYfDK09HZlUypDouCiwM66fvv+jrevlg21UPs65nHqGlXXremOVZHZ9TECCaFp+q2kTlgt7ceZmYex7B+gZgGfBOU5UrdmwHnOWharR8HUq4uDgjTr+duqzIRzkijCTdygHIbRsRT7vX07q8AQL7RdhiQz+F1Qb7dY7xTJXplWSy1P1vJyek97V0llNR0WAiYZo6rviDzn3Pvr/Pucc7zX1MjQFtQZ465RfQFNF0B36CITs5MgMmbPDWWtfyH5kw8kqAhV3YjMkzu+kfqe3burEZeccx7ZH8JrQCLInUVh8xpYqjzjg8hkZqiV5KA63d4TrqDWPiXTAdPur1htsLFNlxy2THhiYOjsNmOD936MXS7LbmRXVjxHnFX6TncTj5sdh+6OjMjTOwcgmclvnWBfB1cFlAKYRevyDg83GQQyf3aqiIyNnJou4t064395MqEC1PeejLUzvZwOSavRHGOfjLifhn04M885VYWuY0ru7sjkbjZ15uU0VEiGup9jlxJHFYPpQ42doZrt2oCki5ft1g2IZJLem9UBonnygcQxrukV9kFiCZ9b/gu19toRZoGzrqduYGY14sQTZ25Jd0F35U1lNSdkbyIAXcoIZlTf6mtN/Hv72suiRAlV8vKs7kYyz4G3tEAxEQARdroT0N7a4ivrfTYNtSh1ZNre1ssenFNOZpfoZTNLWj3Pc6tKHV58597Eh6GKwImHQI29DXIsNHS7tZ6HJ41l66pNU/zUr6iIx3O4AK+q1bD7vZ0fVbEqovGweZvExbRbFRkvRjEG/hgqngPdsQyxRr8zMWCw+qmX1A2CDAs15koMotJzU2JmbFqZ9W3LnXjOY8eoquvRhsk2Bh+4+zy6b8nKnvOclOQOl2jA8izOn9riwaIFSdYulHeV5HPG0lCba/R475rVba8u00kwZmxMEC1jIyRUfTK8X8E6lPPkyIS7u8vGT+c8pTGT+D//5//kf/zXfwHq+hjY0jLp1ulyCsTz+DzRyfn1IO7uDC8x8/rsLw9313NZT25hLDNzFfSUOmcZh3/yNK7OnSSgipOWxQXT4c0Bd8AXT3igOP84LEZwXTMbG/45hQ6x8H3sdu9BsHbC+YdpMgXWCzD5aWiH6r1T4tcrmdsDOM7GetfYUXr+/TuNT+8l8/hOMbY4aUa8wWVQMwO3IAMyYy4xw96ZCevlon0pG3iLdadDsbqdWFr3VY2oPTDQ0r5mGsbhFxuQculh1tV0R7602Ep0nolE8ud5XAwYHY5l2Xs4MGO+kTh1Zmq4upBm23tjHPpodcUIjOmZmPGm2WM8S5ns/YfuPnkEdd3IKEdszEjNb7qqnmM26zQzrTaLoRdu86KSCAafiIy0LeDKzy2KRBhsSvJ5np29eQmMu6an29k3Zw4czEzb4KS5pZoQFttQ2ZYn9a6RmiW6TLQKwjmjSHBCWs6m/FB9Ms851r7926FdPhfYhntOTvnns5m7wMeHoevG6BJ8Bt5aav6FZg0pBZxzIPStVp/zLHfzu9wCQ6jyFfYmAbdQ9I/zpLC7c0kK3R3IPIcQI8b1gl9+otbvHkBmjHruOUbfjh1R0qwBL4ofbZDPH5ZkXZIbQkk+MKBRcrfIX244x7XNZ+9khhcrPOf5e/0H0cvceAIXOnHyibSJxzm25IpcTn1mnjNhZE/mTA5XKOF48u0H4mSQJgS7mLcxnWd1mLNnEeKrfMLokBuR8/C7MUNWmcE8vo1oZcSSfvabDGNrXNHagytT0jTqaaMcc9Un2s9bqDvTeL4cGSnOSZ5wdQv0rbfkxdvkkBC7bZf3Oh3PIIccZ6rlXMyn5bQcb8xUIEQQOXvFhxcT3dfvy6oRLg9rOURpyEx/OE2cUcAIVOM7hfrjX+8P96c/f4vtWLZ1REawqnNXrjirdsvVTHpn3aak8gqssCn1gDO+li87DJK8MG1daOPsyf+yt/i+mmWVyucnc/ZLz1Jug6cbVbil+TwlCn960TzpYlFfKvp4nb3g78TJ9aKNiBDqU7FspulQ/i2jOYzsta0ym+NtU0na4X17md4bic+9vkrvITaw6J/e/QJcCDKf80KKisViOEZPabqZY6HbrR17j0JiTLl5FrabnTevg5O/SsRaMH35aFot0XtCOOikc0Rg7Rri/WB7x01ScwQn6T2HbzgiWPXhYnceMBjfeVljq9yK98kM5faLRwwgHgKZtkCdyfmKh3yqc9fGvp6zjkKb1tdgPeL9g1rmJl/DWixIuXH+n59nF3IEFjLz6zvnmByQ51TVfpfvm3pjQpycPtPnTnMe5O4WSn5Zmf5xnj/5vvsnvgK3MLIGmGzxpfG+RE56TGucy3+EwTGT7KUnv1HCt+9fv78uS7zfCFME0a/g8Xckn+dRD4ce4ww7fG3jIOl85wRIBzS336zqpuLkzNAJDZGIyx/6BjSHLc/2XINpMPZypjMr36hCvGGOPc2tdJ7HEXueN8S5BX5cbcKDYZUMq2M99mRm1sKgvUzt7gHs7qdiNnJ1RpjtFOkuPg3XRqT5TCQxMga97x27V6YlLMUYeIumZYLrnfyxdqw1VooYzbgzTu4amOM1fX6Y6Oc8do6+48E9f/972Bz9PWKBvt64b4jbKzxX0m9/P7/O3jOnLSvxW95yNxx5atx13/uCTU9QnTiAciPSKsz+VMj56pPVM3hG2z2SJidNNsTcEbPFM8gy4L8Yrb9Lrq4xt3gg+fLv3jzueJEvxZU8cb616JMkG/UKbuZvQ7hM+saTqTZhLXImiZApj5xXYLbpGjHP68Muh3wjGTCg2L2fiDjOesuJrnYDss5a41gSERn2fd6//f36wdmKF6vG1iwjHQ4+1p04PGOIlOfiGKdmE9eu6pwtG/88wxnV7eH0U/18fjf++P5+o/F03K5JpjwjpzJGkIUpq2Z3oCPYjGdmbhOrUBQg+68BYd2kKmLltN4UIl95/GX7+a9zHCb56gxiEgYnbI58s/kqldfBfNBiKtaWEwZ8drw6WJhDF+yLP5kaqzDZjO+f2ByCkZ0oMI7bZPd9CWF7cobHyqGnzF/S69/4HoNJpPQeUe4M4PWmWIDCHo/+g+QSaYWVcWA9JObh/UEk4H7tzy8u4hErR9Cfmvk9n/s4MAMq/xFHAHN+1+VY3h2y+fHkYxeD/uP2/r7ZMt+vKmJ0YMv3nzwbzPqbJcnvnQq69+RXXTS761wDM+Pej2tFefLG8ODqRZDNx5iKRdpyYTZb5JgAm7hDK7bB175/boOJtkPEmY7SCF3uO1JX208GdtDdXMapIuKNeBEz/nkJ+/N5gJ+fn3fWYqbdlM+SNEvOMkMa1m9mhv1mif7ct82PoF2tIqL7WoQ9N1uzXXV+iD9AxsQHKztXKehwBBF2th1xUrsXeCMb9jBMKlye7jyZru04JoJxBxXmZb+a8vbK0il9j/MRaXnVqBKnTho7shnkVJV1nxTUf9fXTX3urn7YtecwZsNKjc7yaDWX9jx+L4jDte8p1gOKW956BfG3rxGDYQdGtASenM5utkypxgJI48ro3ogmgeaUvm8j5skyAGuqrK0ByWUKz+hoNHaUYBIe49WdzwObv1AYHLqlwMmM9CBHESz/k4kvmVXVdfFOlaYV98/9Fi0xdBCTBpiczzkIACqC+rO9Fcl3l4x9BSNSADFZyZUe4BmB6rtP1J1QWl+4nYLz1zjuZKYpw1Pl+iaY0d8ykjwFxnE4ikKbGvLGvzI965iQ6j9bvSNw/7U5M4Nw/fPkQ+Lz+TBS1ev+MlqZ7vYIzb+/6aYvdw4r58cwmSlDam7W5lIh/ffUtdmaubZBQLv+QNTaLQy2/CeqDqX4vWvTXYKZMcMVn7Se7ZtG5ru7VI7DvmWfz8dHNP/r//svqV7bAXig4Tyb1KjkYEB3jouJmHORo9fJ0ZfnnCkR1jvMQ7MMBkQbRpmSHwiIHKtWivS8FFq22HC4QIwRjdxRTFpsEmAoDLGNNi0XJfewJ+wZHS/AxG8OHl6ViYq5HjLbJEzHWYB3D5cZcG7b0GX3aU+PMUfSRJIYOj18CHzHBBg27jhRa9PfY4CuN2dg5QNSQ33WB83TF8LyopAQCMd+Q/cv6JD5YEGQiHjyJNOZNRM2+vRkO+gKfbToXDMUrlwrIkbnuvM80tLpeVxmuIAWJXzyRM+EEJ7g+i0KkNw/mxdjj3zPgGYihRFlMxlmKXKKVF/DwezMEE8mEWqoG2F/Q+cpqXtcUMiIeOLENC0mQm2DamMbDJM3M2e/VqTpZxFx4gFwb03HxehqN88R4bZt0RE60mXk1Fo86Dm3jMO1dAh6j2JVVYNOWs/zPOdHgtfCo3Hvbd3M0Azz/WdNV/9Cru/8UmrO8qKA7MY5ROR4QtQhOXzQ2dM45LulyvL1DFC3Sgh7APnJYLe+20lHvf5ta1V/8vg6ciGYqUW8RkZ9TtySa5odMY7Zjn0rZ/Y0HnkjRxlxG8xjsyC3XWzbRzl9qaAmpBA63REpSP6NlXXbXZ9foFFB5Ny+W9XQk55P3EKPD2A51CsZdww6IiLRdavEodm6dyQZSGiKEjS66n5+qz8R9pqoYUaHu1zzAi6/W0xgDvJacvWJnNOuBRtmIKdAOjzOuE/eNxOyVetK59xK41uBKQzsRfrvyXO6+znfLeKbIz3kcKR7KfsQTGVypJjJH0+CFNEwv2ByhCI4XrqhFkLVFfmAFNqeiYNWdE9aOk+sUb3f1BndK3e00BtzxLDpTcMO8bMiyUExeosCl7ZumDXG924MMIt2fPjDKhCW3Mc2WqM2yIFK+WL0GzglBAZ+jGVALANRgPIcj/2X+0+nP4dPn0AmrZX63MtwQ+x7PdKEt/2zo+LnfjBD2xQZeXruzdh+xLdjyVyVD7nBHqSjFpdQppkuvMsIIrKrMlN75iEvQNNGnu9z+HQxowERhDKP3cFvXQFAdCuYEMNKaskBE+OIHmt34OHB7A51j3HvtV/aC6NMmplJ54CqTYmiDIDVOeeqEdPkT6BDd+vMUBBYwKu6+h1cEYqJb/OX2zHRzD4RYOtG0J6Yk7W9Uoe89757jzT58e9aP7W5yTAmcglne5PvBoGw7XHrbr8f1Z70DE3V71aCOf71+ZzMIM85J2hW8Ts8qL6GNaxQqa50ACCaun3RHcxzjl/xyYOhoP3bmp95ZBZIePTb7xDIhlcmIshF4Xi1erU47I5SePf7aZR1sSVyXy/aVWQKgZX+DEBZlyQQG/A66W0EppTLlAXHt8WLjeqwdGPmiezW3WZelKAtTrTpCW/rDuDqRgaWFeufIun8PIuPGxHw7gGbTpgCMicqOOtz7cEKjAO1L3kgnVZ8WMoCL42mAbJAQZY3xcRLszJjOCC7+8EkEABeveOvUG7gEUAwc2dggpiRJ1LQ7++/gnzyJ7h+gIKJHSQi2SoqTo6nZcM9UphnUFUnnmpVX2Y838XFm52stbXODAjwqi2msHQ/M9kOXNgjF6opLQBknJMHgsuSiOhBfN4RlytGGN14oYo3lAlNIv15gja5JofKFUMr6O4+54eEbeVaisxZ/UIwEDNRsIr3S0JaAMUulMerFwAU1GgK351zgPmYbAX4z/Nj+N4KP+8Hsp8vADdYgXCOmxUS8b5ulQDfuonhtDe0n7yX23OHKBhp3OqngJ+fn77VC1C+FpQx3Ji2NVlOWKFUaJ7zpPF5uuPht0rxq/dIBnHySZ7qOwVdwI1u7HDXgcj3y3t3JAWPFTPe6ADSbKh36pNDVCp3c+bSeWlPRjjjSDWgmeSekefkORSTNitrGpQBWzj5ZByopHYeVJjSdtDyjhAoIHRd4+fOF7m2BsYWhgJiOHXqauVLO0sbc0tSGRtHBKJRQv/pTKdKfzKr770XEY/fgvcR5rp6kvkEINWYDb6gUaGwvQBA8d1Jdjw/xjSPCTa81C7CFmSzyHQtJS1p84DwrB08vWRRs2PWdGr/fglmrOdOp8wOOSc9qqEYTDRHep5p7GHGDKL1HJJaBSqDJ2Pn1TJvISKbLFt7QpEvSTHeGm9c2jCUu70abiQFaYjpFNRUJNkcDq30Wp8ngItqdSARqZEqCi2/CyycF/vYrq64gxZbkfQUxxRGL+gs7pjPUCsggj07YwAg8ghUIyJtnuPkEJD3TmO3ZEsihsW/tXwKhFd2baR6NT38M0tYz+DU+JTMGMZ/St+Fq2wU7ek2BIjlDXRlEGp5ZryTcUnd95wfCbbi9I9W1+A9mCFWN3ZRIqrLG2XfglbtmsdyUus5tCqNda90SzCWdN3E85yIiUAh3zEAACAASURBVIpcWzADPESAr9jLJxGui+VzOLOHfnv5dybqB555hDLF2xB29UxIl908nPp7Ly2+QJC8Xrsos6DmVRl16iln2/tCvE+RESLAaOl+/iXp5+en6jOxj/D+uWrV/URQgds37Q4POU5CyJMGGTPTbhNeiy2NOT1jdka+Rbj/9AYVCu09ao67kPcFTnmNyMjZFzVEMY0wy3WFVt/MccEigBOhLvxR8wQsNzeOOA/zeQ5od2sfdRC8fUFYQyZjB7PgLbxAgiF1eZbMOH2v0YCIaOn5+UFbYdPCuvrcwUmZ8UpVIvyhVgABgREIq4ZJTgyxDY7KyvtuPc8hqe0jglSVVDzpZXMcEseU+9V9bLUU4d7l+tMCn1sZPOc0cbto04kIVZMBRcmWPv52HmhlD+Y5svJ9lzFU8I3sRtnQ0oL4PhIzyViKyTnH8TYz0aKihS5ljh8Gx+HEBjnajCA0M4/6dpfAkjyaqh4D7UbJ2kSVJTIW/AVNyCYt3AQXRzIqER6NlPR7/+Ws5s5nEA1z/m0fE8xz1AaCJv5vmAKY53lMuYtIiw8jKMH6pF6jaUAheJ485Iltuq3envgPsqDWp/s8P5aSGD93c2mjm4wjwXJBf8FPfQxydrdCDKqRZ/gB7y4KApEjlwRwVpDR1XU/Uv/8/C/ElwFTYlCZYcGUSV33fv40jgSggudSBOM8n3uBNjQ6bSGAQKtn2xOVJ1Wlsfbt/M///R8+HxHTF+nPrpXMMx4N+6u31MC2mt5DVX2dGjF4lnXHFnrHezo5hfFs2DnhBevEFzZd+zmuz7K+kzFwPB/w0nkiQfZuC8k0mIV7651sr+Jyai4/4rOG4HtQBm96CWga6h+5fz/G/fa8WwFijUcleU1iRL5qKfe1a5GktwnB0jkneXOzr4efwc1/X15Dd/cY/k6TH2MovE3VzDNf0tDcFrRgjaUQga6afpFmWMxPdyqLXGrRLJzxIU6nPoVX4PJ1lBoYxG8ndkwt28p/SJw4DpSO+QLieDtman1+3sPVy7/zF5wVZFO/feuh7vaujvWIGKwQs6YvzjmRPCfRiGM0vxdd9HiTWEEWyUi6Ec2TVVVl015EHHXf+xH4/JwcL5rvfE/4JpvYX2v+qHvLaMWU9YN5aeubioiMBDl+3WJ3VxdqJqge2s02Jg8eaQ4yPp/P91LsCfH99XkcxqKXyRBtVm9LtsbyxEqKiMNIxtgB9bckzTjojvVh9yGPZb1hMkjAfpct+w6NzHwf0fM8REhmnX/ptJLu/dAGOhwBKcE8lH0Ah0slC/OHzRHZI20ZpoDfu61KbpUDJVqTqRuAzhhAzxfZqxf+GNWyQgXA2XiNYcZPfPMXv+qq6m5rHWQftIAkCxkGZ3dzrvJvsbHvKxGtum52/S/f6FEQgvX7YQw6PDob4HkeLtrlF/1y37ZpxPfiQO83Bb//6TL9QbBXpBy7xraqMxKzQMkks28WwJ9ffwtr/xtJTTCjqmzoDJulWijN+U2ODOT4tw4vUl+W4sKmQ5iNiHVImrPq/++cofid53GWzzzQV5RWtjt5y+Kd3vsHvWqhQXNA7DoWbhGEAfEPyK4b3A7Jutr4fvH9346hHmloO3YsqOrZ7IvA5touD0I6EXekvjNKHPYZ4t6LjfZcJMtn+DkJ5Alz2SBAXS837bGPhGyoNa8Bm+Pc7vrfrinfv7EmX9/YW1/gaU7I9ldYJYTHz98US9JO4IP1OWIs5WGakOvP1usceu/9brngsOF6vVAcDZ7n4Tt+IF9mkH/ZleOcgxGZunH/Muy0QzHP9riFr1V0bRgpkuRn3oXH4X64fz2mnYIH13WVErnXecar7zFx55Ub/x3NPJz2950bKn1hiH65jTFLFPnqfmYi9e9SRbxBix5wmgH0bhbZI+R1f95sMZYaPsHVnXm8h+OtN6ZAyKCdPV4I9c/PHb2OBfWaHE0GpHsvZ5uU4zDJIcyGQ9ZwYbEEolfV1/sT3uLzvS+vWlSAfbQH39+aYeolctAC95wRvGqH1x7cdoAV18sxFjPjYjz/LJET1mOjru9vvHZ8E3LtZfx+ZkeDgbpsRDb6VHNgPTXM6PZqu/l7PLSewOti9RzNjoG5KWOgt0DzHxd4D0rwvvSJUYO0xwanYfbNcKgbk6PZZY5YkGaD0ozsN49gk+kQq74BnN2CBM/Ol8llh9mI4B89n598nJxolpNkk/lGqnmbPfUzVs3gAOUHbfHcDhb6lcCPoq6mwSZ5b2XmmWEtM1N0pTFDD5LURAYt69lX3ZSdUfXtr0HGPb+p+q1rndkbFWfYNiPz877NzLxrf3x8ykAzV+Jk2GOyC8CJU9cmUQi4cHoZsrnewebsHSsjA3QtNzw4f+BhSX+roAlH23rfew3vz8eZEOPiBPbtlQTivcVriQms5JET5fiNac7LjMzHTYeEzDFufXN0ZgJhblmO++2UzXm+uj0nEYLel3gyu67Ff36qPewlqXVi+bBL0rNKD+B4IguEwZepo96bnBE1eC8BlsrAPLeP269pIHm87N/I7Ge+1j0tdcbTr6MQOteyYOo3f1lp5kRvKk1ifbHr1u4Jf2/QlDQvTGzCawzT2bS5mD6F2Myy0nCTrOMlzw6F31kj3lBozy7S/1GmnarwqvGmgI8gdM5DpGywsK9sqIHb5vuwM6CG2395sP08/tppxSTPmvxpNaMTWCOGxDbaR6tGJgFuaHqf7aYQerhgyEx42eLq7ctmwj1338U7idmRM0NcRERTGibZDPkyM+N7pMMUrO7Vdc372vzF0L5F4S90jqFCs7uNG2yMNY/eJMvvBpfNEd3dnHThWdfp9jjwLRI83/KX2MC9JZyf0qxjmS+SWOW0a++YLcF8v0ujyXGz2ERpTvE0Ne9YYqcX/fl8zhmXuZeCtsgG7DXvYglLkeS0Nt8FG/5Cu85k9HMaygzAyMP3R0QEvJ1LuPcm095T3W1/IRdNQwh7G5EdHPrhfO6t/iDcnPa2Knh/hCOA/01EdJW20g5m98UX2RiHpaDZU777eJ7nvSnkGOidPBFeOMfvYSbNPv55jvTau7tyaP9ZqGfj3TgBTJ3Z3T4/dU3yUFV5h3YgJWy/n2/k3J/Yku4dhbE/5/vPE1IGo3PJzTmMey+qxnQIo2oNEtydNFWdGYYp3K2sAXKvrZyZ1Pk8P3V7260ZqEfEeR5JI5sP28pJEuex494PgYwTmT7C76RtdDPjQUyG7dUxE9N4jbLnFfv/MLSeAnFy1NvP8zj42Z6nhz4yohY//9jX392McSJ5TlaV6ZvnOSR7ANLBhasqXYH/6fQNfXhysLHuAKYGXtBvEu64qppI18aYWa/DyMsn9jUM2pLwq6qhpKWlTtMSEfdeY+R/0F0MthB0Eh+rkXD1245hfrZM9jTMbRY6IE/WfKNfe/lXduNLUNUeYveqN6aftXah2030ecmsExxfpBmtIukLt9W6YbrBQ96oiBG7uyU/b6xuCS6Qur3HF+81WyqbGaWMOOcxALmwLN7INiaKz3F0enulXlemSD75vKd6MHYVum1bqp3cT8u2re5bX51zalr4knSnYx2NqePPm2H9wbT7h7p170dLBY51reAE4Zyfe2bdJoCuep7HVXH+93//d926kqgp1n3RhmJpj6nhrc+YWj3Via/ZFDF6ntSYV2BYwH0jjoRW7ZMfnxJfj9aFyXuGR7pstRnTwJg9gWnqR8rkK97AGpHfKpU7Je8KaxuSrGQV4W3Gk6RdpajlotEzakuuAZ5zCvX7+TVzIWw3/O1+5fBnz+sds/f38HqUhqRgf8AgkwEx49j7ewTmXjMPtLpUXgNuP74YIkVjwaum5R5hOla/K9EFyLWFttK1AAo2xXoXkcnZI0LVVnAPSgJ6+O2M+ORBfwEy38pJTm7qcrBdkdX6OYfAmjXbHmFec2b0bQBCBxGApbMuUOj9E4lwZZPD9HM++3w+IwkdzGsmZmcYLnHvLwkErJ/qvrsztfMEtFqeKq2E2YnWhWYMy1hCuRzPjFvdhBOz0QZJHAto5eAOyowW4uTcBbywdoODnAJxdcEhmam0pvA2yL2EFwaQ+cJeI6uMCFvutBm49Y6ORBObMASoYR5zCl8Cx4Yh/EKfFot9eaz3QyYVXe0g6xw70NXt5HTxdgLhH1JeDcmbMgl5SHYTVw20jmKDq6uagkNbHa4he90mSjavt2O+hCLtiJp28M+0Xz8BJrYF6tqDaS7nWnQII5P8Li9ig3key6JpkcocJn9UnEx0qxuivf+8j/REepuI/UUUg24cnmbDbnXhaR1PHMC0qXjOjwbQkQum8/N48I6V3J54MKQVAvE8PwKJCMzswTufu/vn5/jxSZQ6MzXs6WoiZ2X65Du3GWbptlbAa84jhwGDybAIREulOpnBzJUQmnsfCLW6vAPDCdtRxjXTLEHkqCEMknyh54yHdgtFv22h0KDQDGYGgvj8/hI0O/JEdN2aHEkIpYrMQDznVN3uniE8UK1aSK5b1QMtadCTs1zgICGq1Yu92gPUsyGSnqivlQpt2CSEV891EHnW5HRS73ck8OnyChSsBwJWTEJTIWTLvneHikOTQb3L9YBaUYvZIqMdtgw51kJksrAbfiFOSh2R+S4BUBEjes3MHg2HbpUB5ULnc17vV9qnGE6mzg9Rdd8WbszpMp80Qx9/wNNxWNbAl27hw0zgYPp9VY0vn3ZEcQLWBLnrTS/qbPvP0qtErnn6YccbZubtT++3Y6RmzJkjnwDVDobHOFAwKX3uB6ClqcOJlZ7nKTVmiX3vS8vB8NIIpZLHZ0ALb2bY3r0n5kw9iogT4YbQcO104iTOycxnUx7mufmyjHtEzx9ikMYEXepF5ildUMkTTKGkpg0XlwCGRTRMTWj0vb8a6qtThtnlqCoqOBT4l9G8Rmek7w1tIxHhfxwtt1sBBrpyTqNuX6fbiCjLBXckPL2mZrAHuQOpT9fnfkZk49sUXgOIEyfS1ML4eX6qarSgjeAx399R7pyfl/wodQYlVFVZKZsR+TC+Hv3nOVWF8UsJvPgws0s2WvRjzJlM7yxOKigyoeJ3pwK71be6WuzI4XP0LUiRBmkBoqvuvSdPRrYlEq9VNirj1C03GAIjMqiIjDNsUS1qP2MYhNsDd5vOMgC76pzzuR8REs9jQXdien6rrd0F2QTPH6AlUW62Yb9+RiSjq5kZa1w7IxCGfbyn3wYaVcswtTrqU7NPQ1KjgSYi4M0rsax84zj21XkEsuECjQvFFXrcdTOToZabuprBlf2+fXmiHeMsQeHQYDhNnCdn2rYXoyxJelDthk0SWpmB7mdsUbEP32euTzxekOjYnnmmvyXRPI/XSNwnTr1rJ52y0dqJrJnvHidrpOUnLUceE162iqM7EWebfZqFFpEeeGuxY+MwWtqKOJDKSJ8iXDjJu1InWEDS4cnZthVoedrh+2gI20lVEFqz6ojpgZ/LiCkIXeKouq9Dq4DuSkQyPNbAAujdlWN0EACTGYjbFwAUmMIyYhSHm2KS79rAuQ675WJAz4GY/Crc5nQwDj0FEYl7eycNy6bqMYvCwA0sMc+ThPqiu7q5Y1T3gG1hqCQqRgmEWXop3G6obYgH6FPNiAzDefXPP/8Qo/ae9BQ88XQNC/KVA8a4CJipHGv2bujqO543SWWB2vEzdP0/c0f51pDwmvFxOxmcty0IixlxeM+XvxADiPsdhuheby2Z3t/dvVWVI2NcIwVGdtVcKvlIUpa6RDTKZvfnHL/BaZ/K0Ky5nooMWdlBaVSqiuA///wzbb9oxpXZ1u8Si6G++nz+AfT93tUETGuOiMh89GaCETPP/sVJ0408gbHANNw/2VoLrFtE3GpSh/YX8jWzMfo3zvQghIiIQ+/1SRkkIhlZW3X71ZRNbiPNVtSYPTiUOaxM6Uvy3qv1SN0z7zQnfGctAt2yYacdc8XeXegvfmoRpM3f5z3uGjyHRy6xqdURQyIcbETQuMPBeWQKcvA5sw/AuwpM5iMS4NvCY72mh7IwcSwzz4swSopkniHcjKBMs73JgMz93FhPnud5jOEMPhCqvt5kaQ3Qund4zPbce11/Ydkt3Q0VM86JAJ581J1Bh3f7nQMqiBmuCkw+OOcoRrTErYqkISvkDrHCF8Hy2TP4YE1DYYuL9H+/VtZPHgK3dX5O7/w+ItxdThcwuTszkhrv8e52GQB2181IiDHmFn6P+jvFx8pk3U+l2fT+MtMkVGxGrq6m7hUCDTE9n5dsxW0l9ED4rL72Z7of60+i5fs+3RNaXfa4Rx5Lhcr/3CqHMts/WvGgWlbijrUYeZ4fyXBtkTGeaulU4Ak0aXsW4vaHgbodHOLLz/MDl9Z0fza0Y0l5MsL6YEPbxusdjighoOoOI2zCGvgSxPPz4zvVVSCFOI9lWaquVmfGvR8OkhZ5srrOc5L83M/tmxmrpZ4v67hMshmi+5RxzQKQGdaNZh5w7LkGSWgvJSypA24ogZ4abALx/ZznACrYEp9CV7cXnsVzwAHBG7UXhyjTeN5OESXaGKPHsSf3asRC85XgGVODNjmdNGyF4IxRTqRhJwGRdt5rBu79GNIJxonzPD92EDakY2DDZzKH0ro8hvG/ao8tKZ483hS4b3zGHiSB/te//udk2PgBoUHkun9+frYUAknIyIbFr8oTzhrnnNjRfiAEXuO0Zeonf39/PS04mTkZvwdJhqoumu+aKEZ4XGY4CtM7jegZjDyPN5HYq8Cs9EDQAvplmRg3uJ8PyFU8v479M3fybsW+19OmhgI8z9milKYJ+sP//v7m//7//rc8/h8HK1KxKMmMxf6dZzpsYgeZLi/J4c775usZx9/h6vJi4CLGsCy4M2otnT82k02Ph9FVGCfy0wyOpypn1C/Am986mOm1NrsMHWKpy5D5v9FamZH2Tl1QrL8/eUDAI826v8ynrGJaQ5iZYo1/dFbdlzEhyQUlg/886eklZ9K7DzGM+onL2dwCOh4Pr3bMOIPAeXSxg1s/uTkWnDgz/9FYD63NEd6t4hgkY8d4UPUyoWqD40AnTvCGISJCs09+zfZ25cjMOBxBDUYLFppUXScAX4RAUMMssy9WS6CWyTjSbNM03CABaKpanv7ZbKeqZC1SYiaTaINx5GDiatzPp7pe99IpjBqSrpf9ClUNoqZOVgSrN0sJmfn5/Ks0zaTV2yQaCiZjmJ4YT3CQRObtwvhWCXDHgtmyOWC9tq0A6EYUVXXXWDBi1H9m1i8YRCJy3sLkV7NT944MVuLwtoeKklRlJXzP/C9q5NlflczI6gfQ7HPOQRLrfsOUIJMZB2QcVrefgM+DNATzzDNRzkjN7ilZdQirLiRYmrDkSDMln4V+utvMHQK36uwl9Rn2SCwiutqHuVcy5tvig7S8hmH0d/dyq3zexpFqB0kzCpVXPXb5Yu0jZUSiYTDU+2hu92EyaINCw1BrMwtvZNpaDTlShmlazHcYt/p5O/p5nl5C0L6XcDzB63cJVF8ThLrb0qLYQE0O683RwT3VxEzfkeXPhqdW6a2/zhADcHuY6KfKZWS4gXBIEspsTb/EN19KyngstZNMfn9tZxwDre+ba97d5mXMLt/n0crSbZDF4S71plK+4XdLqDcQOg9+LwKm7dL7n74hWt2r7EtJ/ipLgfTvNIY0/zN/h+nMNtzoHq7aqHTnDu4MexhMc0P9b3qIxNyaa9Oi69ypsvj+AmvPPGYkPwc2aBSrVAiydDUQ54yTdouSH0Jk5sii3u3fpC0j1tjXZcFwb7sb6usJ2e5HcXNi+VT36zg8tHPbsViGj0B3hydQ503fmqWb0K1rLXBXYxg0MBvd8Ycc+MgZWZIHrE4TMVRB040rkkDeqrF22VceEd0Y2sES5QgvRV1LGdIkiXFtHgrqmO6TZMA+TkZIXVfsYZjT4Fvj6G0AyLXp8E+rvitG/dzeceDKm6orxhFlV1DAhj/Am+j0VXnWa0w0q6RaXi+/eBMAS+BJdPeZScMlyfW1725HAKw1ysulmBv0/S8MkDEgZmLxMduXZwTwpipDGz2sYalV/R2nLWseyEyz3e9uzjC+HEFzMxx/uqf6SqZh0O6L1smHpmKFeGLcjrSO5xPQvqxz7EoVBEAdhn3f4g+IOShGTLnSdYVuursfnhpWurnHEyTPc3qxvBo5dptj8M07NHnqD7d0/nWQvNeMLlhNX1XGrDms5Il2/v2Okw0ZdeVGoO7iiAj1Fhvvj+vutu+5y+/9vtb7Soo8aqvccociez0zOfd9TntvU13rJd19wyCsTFywYcuwp2EiofNijE+T7RrswuYcNhJveELvrDqvz9sOOWgamGb5KDK62lTilsgRvDoFVBUjW11l74InxpdTAyIbwCp7E+8ZgP/5C1b6UehVA8wyVnkL63ch7Qzb+P4pi2oAPM8/A8uKmbPTft+/pUvOmFN7OxEZtqhr74VF/oa3AWyawPSKpkrEbCKxsRFA6+7NDg4DZ98TiP52YVtF9zmnPeORfj+fiMCssdaJs5jgHO3b1Y1ZgSDUvR6MjTVZjW30tk7NLxuaFnp29/uQEyx1vAPbiOqPSWWxq7D8m7vr3mvpMEc1SACfvrLuZ8uPKlW1qsJz+m1Ll4mKgaEzYjLggAsR4dpSABkGy1xHIbK7ve9gjg1Rqn3msV7BiukCDM7qL9T7xkz7PM9aspPTA757jG5Z2f9GHsAlN4Kn+n7DybKGIa4PEhzT3oDgKay688klBgUwO6juvVpBoqt6d8pBlvpu9vyb1Lo73/5yP8bJcRDubnhJqSvQXioAZzY4dL2FEt4v/hYP2u0R+FZ3u454YbY0BS3mmW/Qfe0jRrCiNVIz+Oi47f4IwOxFVqtq+vo1Q6M9JSI9TJ0lS1McNvBvZvETNzZ4WNSZQ8YCaWuoeKPrcjAHFOjuroLkvimPr2cOuNM9mgO/CO/lsq7FjpZn+JTcQPQ3x/1f/9LR8qVg/l8v8c9foo29I2bDi6bBTM2I9Ud2uVVVs5BmVd0krzf8BWx9kWuKYARiyLuziWSulT9q/LtSZPizNsGbj4pNOBuX7ufe29U2ruru53na9JcYQic2m8dCwfqjtjeLhaM/C38FzRR9fkxDW+b7hVOh53lUQw+KEe5ftGK/VEYyx5LRl81BWdLzPFbP/O0Rbl9br3R3zvecM56ZcaYhqqonzzk/vds6oSG95W5WmL0UQl1j/S/79t8yHV5QYjQixHcGv6E4Z/fqQN0BkNV3ZoJufrl+9/szGqj1AyCZcXxduACVK0ofvrvriD6fyzV5fuNwd9e92o7y/YT+1dvb5h+6cwllZuEEU3dPWDuimApE8x1+zg8gr1XnzHqHwFHVi7t8R3pyenWAckOxCmZfwKoilCerlXk8HnubaEdjkjaexTyi8Gw4Mr87wN5i1NRMfxKTxBnDsdNr2CUjp90trDvGVBRtezxVR0SkWXFub8Oj8VJT/vCXVjFGfO7lkCzRdXtNFOA0N2OqNvSsLUpPZtVnFpQESFhMFCuL4breGYvO2ZkRgMzOebXv/gpGITLHsjVAdW1b4WbSfDTjxiWprimbejMO8KqOppaaCpbY7CAMs9amf6N4+w4jN8BOXJKql5fTu2V207p/QNj7fjXitoLoPwIvn4dXn+1xoAGT3F13pJM4PDuZCWvGyeNtYW2TABtLLGHi/bR73uaGDoQIdH9X9AHjL5jra3Lrqj1DteB4lCIeAfzP//xP/sf/+595TlWv5pOtgfMCXmw4gYlJ8wu4YNPXBI3MSCdA7Yp2aXmq7EWhWyNt9p1e86OQQ5IAqAwJvVOvljm5hsyNaFOCanbIIA3AjSf8mWWY/o0AjIjx7OJNLWdC4wxuQ7R8u4UTcWI++sZDAWKenbRxMdPjE+k4/NWcTnMqw+Ik93R57VIOv1hkQjIlGrCzmCeE2xXPzwu+vYBpUNj/lsN0BIATJ6w8AUyYQjBXdg14lEXB2/OYcQxzZJ5A2r0dK9xrW+iZrVMq25IacomI5ZJw9DgJe3RyTu1PPqZdr6Rh5kOwPm4eLNfVhzahzjznPJbNYVm96k7y9hX6c3/X7HIAsuRxv63XGogp6Tz/RORttHoIsq4TCKEJHquqI5LTRSRTy6b6/XzymIbAUqM6vF2NCeBzPyRrVAWG8E7ioeL3FoNPBqSV/PuiNAK3KjKq7QpKMjTmnu6lsu1ivLwHR8TnRBCOVS1FZNnFpUHGyZ+21Ncec4iMY2K/yO7CmodM2g2c57iI2K4vIwxmaSWTAURXDY0VDKPSXg1s6tYdgYhPi6g8Pxlp9CdHGGReMKHdgbGx40TGLM0ewwcGMGLJhhdnzQhuUtpVP3kIYlnnse4K84JXVzSnlFaiTFTJjJeVOQMg7wMAIDzPEyFy9hMbR9KsXpSN+LuRwJk1dJ1exgjITReJ1uf+Po8R0redru4yS/Tn+TF7wktEWiX17TsD3W0OPdoY558dkhn2Nbn4ObbQ9TXliVxJBDOfn/Pzub/nbOHiMlokvyDplFCOzJQIRpzYLoU20nQVBS3hDhKhrW/WxXlyitFQASPBC5CrKS6YSumXg3wOJsKru73DKsMa/P79/JKEUHUBnZ9HUCCf8xhw9NP+Of/k8KRmYh+G2EaB6pHwDD67Z0VB8NCk2XOkYlhbMeVLu+GhcmrfnY1PkwNbwRjCxG7Snm/FnFkWyGRLXuDjlswcHG4D9oU182jAWSGPQLMmnRVICwOyd45o038v9UIXqZ9znAL9akiahGIn/cjoLnluzRb05FNVgTj5VLtCulLbnd3+ubJ+EeGqhaSXg8TrzhcxdcxALeguQlW3q55zHFTr3pMJtbqOXW4jt89Zl+eRlkvvekDKn9mWd1NbjnPl0DmHnW1yEdf/mmmxc1kSHOxukwkOY8e0PbqzMW+UvzvdoNKs267uYTu1pMZ6ENnL3q7MC9jAwhdGuLTP8xjDcDUSQSQ16yzFNoQlRgAAIABJREFUiPM8JJbcIDIjTdTyXRhoxiMPeIsGAOLWzTOakkK3qutlX44kebJhUOppUSB1MwmyqjNzeH/Mu/Vugr7O3zY+MA6T6iVhISN9ArVyfh8BEzBjuO69LDz5NvQtMO0fHQOxw4hEi6/SwiHdmdoudHV/MyLjEAEVAS026pqyoUKfc8I3OZCZrUtCQjzHrak5cZGHRI/R0F/g2IY2Zp8FIx1a7V4Emmu5TguZ5zyAHUVCiDzH1k/7Ns0ecgyfEtKNSubxlhp/vNm0ce3LDaHfmRAwsgMzsGaHByMiOfVkjWXcNPvjD2PmhCSEWhU5utKI4w9GTkXtX0/+cCaRLs+HLOJcKfboWMjZIeQCINiYbcYnmRZyBc8s4/FWZOZurreKKMIF8O0uSj/PERQONv5pf7xNejrjBs2gNGtY3X1bcQLVseIhExRbsuCkiUYh4LUa+oO05sQKkWG/hbCg22D08rJdCL79TgNBnfP0NW2zxL0pVuDClYyFXyfGpccH1gP185Y9bmC7bg3LRwAQick+E5+qm1Is93qxF+4UYzb9TQkE83IU1kiRGPZuE8jgyaMGI251RPrYPCfR6kbmmdWITNNiPJgckAD7pfyOdvpIzlo429UKUHl7wcBzmAm9keLY2gYD1LpkgdSNVkY85ydcRKBbLTWTQo+CTZEI9SrR1c3pKyiY6tvLb01m8jznAQmw+0aQcTBlJ62w8moLM2BMxWjYL47P85CwR5lkuLPNKh2VJGYOLqFvz/0FrHzGRENUt+0v/B5f+CAirA8wgWdzqz/vV7WALkhxDPS8G7i12B/WSMPteewB1ovZrfOl1wRZNww6HY4QDVbyPf78ie46cfxY5hUzRvdDOTBoI5XaHV9FEI2MqL5SBzJ3I01mALM5bM9MtFplx6HmO3rRpCMjX1JZ0W6YySK24XWs61Hs1d3ys97VC4OKm9QX032/XRnAcx5zMAchwoxRn+fnRJ5MShy1XGfEz/Ng5r2myQ1pBwAnATI4FFePyqfvcDUyixuDFjAiMyiP1iFXe7e9wbunTY6wWModwW/9NhpDwLLt5+ma89hSvCZ7O4bh/pLKaEswwa92ATtCxhYA32JvsWYMpd0BU+c8wajq1ylhgva6fAA4Z9z8PW6cecgAr8qIfDlnOzabv6fVrbo6+UQYcukN/wNmdX0yOFVrSKrpRqR7X+E+Xq601PnzeInNiRw5DlGDBvPdB6lCxoDXKgl6ceTIYGRhJqZU/zl5wKAbaPsWmGcAqdt1D8aicwZDGZkMa1jWmAPeXBKbOwpdqlYfnmRSE/OCYYG2VSCzRgd9ztPyFE9id7XjVU+JDOPA8GrVf7ejbMDCgeC36+FgpgDI+OOUO2Oh0dkDL3rEWBqTB2dhYjHVKhirFXxG7dpvxANGzAWE/p6G3LLfCbV2rXpEvCpVBs8TQtNukNOTXhcVsThe5Lm3iIbaug2PRECe4yZ67vFIEOxw0m2+V3VT6Cotkm6vBezAu1CigmmG0H7OzJNQRPDz+cj6gLqunU3vq2pXlb0ujldD3TP1tgtjfTYag0kByTMaVPLneboqyQxmZMA2v1FL4KDknSKWAfWqNn1HeogQ7Pa4e1fzuq7YZ+h1al1akkr5/bo6MaFsiJIYt7cwcQEi9PO4f7H+p4hxN3De84NtIjTc6og0eehWlXfZcrSqY49G+1w1gN/6aIhBePIY1dzuESdSreoLdJ5sdWRWlwmmSwvu7vIs5Ofnn6FhkRnTTgLwCrdzHsnVLn4yaQOQZRmePJwdztOtiFFLNnKMnbQ9S53VVbme3uecc86914SY2Vek8Y8SZEQqaLDX2ccS51lplRxz4Lrq0jn5/bkl58TqS8TzPAiaia/dp+Sic0aecE7xj155gCDU1ESjjYjM/Hw+J/M5J//zP/+TQGRmnrYTVpxujU9/q7u62k4mrrY9qTDwPX3pO/feWXfOR8FA/BuhXGKS9F42z+UYdOVNEv3H+s381jwvAME/81VX2n4GBsvurcDIk82xMrhpxtCoa3yI928Og4jbaP2dbu2ERyaq177495No7QI/n19J9j18p+5bO05U1p+axrU6TZvaGd2b0TGSzD+Oz4Ba47+GYb7HOw/fH5SZ7w/39Al42RBx7808GGtI+hAMO3iUIkMjip3yvYtiAGUeGi4nYBogjVCrVOMfLQlm68cZBoE7hakvfa2q2ynfcW0/Z/gzb4nD+QbBJx5pjMLfOmmLJ26bNK0+rP27xYytiCI96ycj0vvgAIXIiDuYem/zJvMPpBlOahwkpsWyznbOnnSeZ5Qu/VXAGP2ZFkjCcn69ecQnQNtFZ3qntMkROR517ybA9XudCbn7h5wFC/55nrgCaG/e3H2w7p9uVd3P+9AcuOdQbdTj3kQPWswCrW6zeGJcjBGRo2efvwBLynscu2NMcqGqxeXG0VVjkZRtwWnEkz9q5UnS9H8PP0n1y8DNPHULyxGSxITAmJJxSJS5ezs45N/v0lfuLXackXY3wI6aSQ6fNwLwXrKeMPrvGwIyAhH3urD8smK1v+aNqP331+qoOLnQQrMxouktPWtgI0bE2bpt3vXeXyNVBphk2u/4IX75YurOnTFEZN3KEwaJ2tuqgYEtMOou/xgztbGe1xQkFXSrzGr01/SopvcAc/F1D2J8LGIX20i6n48vkeev2hOvZSeZNtDdP//8AMjNxI7A/GO8GLHzyKVHcxhD4ed57y+WUbus3K66s+nhq4Qb9QY0ca+qFq7dxxjDXTojmxuWgU+Kf0+uN/2rtj15PveGJ82cIYrxgns//p3fNzUVCWcbzOonJHuOy1k+/liTxeuW6DQMD0Ks3+Qk2VmBZf83GyOMItA8Do5KzAmE9pXx7Xv5OHiLodZ5DgAzrO79vM/hvYw+Cd29m6p0Iu+9yYj0+OZUlb+l8/6budzWciqJQIaIjCToJ6bZAOSv7NMV3W4eBqFy+jvnubfud9UwPNxydT4HSUUpcGgrkk3Fwlv7TiScWm0sVpzi9P6eiCBsWYPFbsJN2e1pbl/5Zm8pmXnSngvJmUF+bkRgNWTyHpRl/Pn82CN4Ptu+PklPLk0p7U4JjUH/l6P6VinvcMVnxH9wBwwm6UwzcHIXhq5zAv4q29zgGUYcYN361H1KDKKnePO1zbkdmp3zYQ7IDBKk2FgxiFvVtC8r/clIUqbIDc0V3+rr/W0tIWAOft279T1gOGYLv2nVMjFLWlvCk8fVzrXwXqKH1nUHSvNgnPMwKeTPw3dDjPPEKkX264SCcczoG5uX9U71SIz7oMwX8dAdoC13+mXf7xRg+lhmpN32cyRfbwIaOw4J9JK3HB+XeWzjZK01GoaF8777zG5V3VIHA8FRZ3rs53w3LnyFb1aaMBcRGjusmZ9qCh+kcaIxBd1c+abN6nOOax5/w1h833FvSkprzHscMDz/y4gcqPELinFopryzd2fUQpmJyGrRPN9ZyajuIiih+ppGJs1S6FceutlYs+e9XRy5xRgDq9lhMFt8J0e8UU677uVFqLvHXmwniJH56LuWbCtD//GuVWAUV+NLchAZsXtjEfzJG1BazhbcezQsQgneP+p0sm0c1l/YgyUPv/3Z0FXhFm/ye1fV5/f3n3/+0aJsmWn7GltVfIsr0rhbzFmFD2tk+jJ4s8Va8wnAeNNI3eXz4CIlmQSOOe9VRu69Qa10Pec09BwrhogIf5g7TdzkC5KYNZZCDEnIh/J5juvwRptctcTSYS6P9/V+2t/f37dKjKG5+ftmt0ajNix4ALDb+xgKzLue/PI+MQxQW9+Cqi2U8fTRmO+7CQ9k3GvfpLPR4DvAmIINJPnaIWw9M6+v6po+Nd8iJhXE7lx5H+k4xcMmZklBu5kjXLlxyCs+n3Vr0zc3Lb6NMN7y6b133bOtB2wXD29B/r6j/d+DgA7TvCGIyNiXOf+zaMjI8HpMTv4Wz7F7j4YnO4HNb203dgRujXkD9O5Jmh9FwCPMXpNxK8BmQsbh/b0oKndsGZFaWRAjMp6pc+ZwTO0naVj/jN/fXwy9KX1W31eKxfLeb1db+73v3e28ZsAzPfW7cvktot764c0yb5j1AXvPECaI7RvZX38esvb3DDscEy2T5OSXUWC8IZCcVWRHklnnmd86bchMIKC69TyPAJqfRPY4EHywdaNfur1lBovbJs4bYnpFOTuejO4xVwyGYYR3kcBv1VveYMPH+PWGdWn8+02XA24quuGa4xrPgWVbzcaMYRkRs5ex6l1tlrSO/JtW5qa7IPryrKfHcaKL/fMbqcbeNscgC/NH/HJ9B4enxW8AIa0Q8rseYiLhOsgnzqJfy+NG+LVls3s9C/oxu9Pe8vXbZrrqIG3Rualk/xInw4hw6Wgzlv63rgRzDDnDvPkKszrUlJTtRFd/aatYP4TxqZ/14Got48Efaa0IjZI52JJ8+0cM504xQ7hBgdxAek7mTXKZyRg4+L1IzW+zSVLbTTzD3lZEmNuqqfPnFryAxlBe1BFDYpj35aMeAWFtt7lkfL5FtaGjXtbVyBPn4fcAoeui6cFMdUVQtaXvnMRR5Dx88TTY9HJNhvW3ynVw+NaGeFFsyoiQNcQRCAblnRx+8toU4MmHH6WX7HZ/RgLOYEZ3E+y+Ph7+G6Z6B7guLEPoXIWlZJ+ewFDZWJCEPGdfLPwTfUTeZV3xp1rze8/zVNXP83C1d/O4/vbCnOlCxKT1n59/IuKLNElxUhCW40+S6zBhFMgDMN+IqmIer2bhkuNpD/PYLOmHdk57tp35rvf4q2mb8W33kBklExBNg3ildW8Nlv/53/8h6JzH0EzuAqUM43Gj9DQmvu028P37Jdn1sFt1r2HEMzUcXhtDbjW1bGLZy9jX1azcUGOz8FJYsEhoHDBuXwNIcXLowpBM/CdPptaBcQYUcaqaUkaceGLZ63s5/zQ8XJ3RNoEEhj4QZr5Puo0/Cobt1SZ67FW3Q7ltSUyZ3Vwru9NcQnHy/dkz2/fwaPQpbDd7fn7jeGBzTL3RlqRisFHjBfudqtpeHOmzQ9I+tswUCM6OWa7n77BrgztC767KwWe/ip4TZ6b6PVgXAIjnHIZInHgC9GKQDd9yZ1tqiffaunHkW4M0OcogCVZ1nqFiuRlafA0T3UCh3nds1ufJnzdnIIxplua2bnU/na9OnjPYBCfU9LJQpvPa/mTxnRMHYpAZcXuc5jLijK6/JdxPSepb9u4vt+y2HQD+1//6f8gYUc9WyS4CmOPOFFSSmNWschh2o9g7Tq9hRGhSEBwa4cMtNlfx2fKk6vHRslcyGTYx3iWB3x1lty/ahQstRjn5Q45rfIOIb1O0E52tyRQZSbSqhinp0+x9JzPIc+dsg9EgWV3tn7RVguOolTcLnb4oPxFToHB70CGed5slCHLKrxnxD7BCmlElaI/W/jIbndCIvBhjM5KDoWSmF3VScEx/nsf7l4JDVf35+Wfn0VYKZ+3qb83uBNtT3Fa7oIm0+6OJN33O2esGcqx7hNrr2c85kxsyMk35kSxaHGFZ5Ml7b9V9N3MGT0QOs6kvIHJUMm/BlPPV7J+Tn89t244JgZ0ScYCMzTTDaBt5CwN2PwQtWzY9UXSoQWRKpR6mA0l1BzJPCiA1TSAlNBG2+XlRyGB2dUO3qswHYY7qlsNi8zPoumlgnZ3P8ZZIAE6EA8Uv1jEVSUSj40SPNzN0P19QjwiOqyytI6oZenll3Of394XLSXRdDPoGqZIn4wyhuEmMXRUAqUCZqg8M1BKRjm5ghP0dQRiCfBvFsSf6CrQ/nw/JQEKwVch0vr4RnHTul/zP88/cXDNe2Q1ruN8Nq+EBHoD8/7l62y1ZktxGECDNs+Zxd2empX31znCS+wOgRbbqzJFqSvdmRrib8QMEwPNHEkQ+zzMXuaAeqnljW2pjzA4TWX82VuzLAvzXe4TIREZ1V9XU+JNipvpZg+BpdO1NZ4r6OuKrOr8odzkc1lR1P7Yc4kZ+HS9ra24zsINaP66kvI8bMBdxgpG5q9ZAcoyWytJa07sJMJlas0Q0h1Nyyozk0Qrlnql65ysYT9Gpdue57/7JB0CcE3laS8u5VNiZkdHHnmNB2zIbPIwWA0H9z7bKAXK269N68Gmx8hshLbrfDu8gigSnBe8uDBnkHwumUL1BAZquvHrebvkI9TaPKgUjiEx2jRYueYIYlIuGPkHyZGT1bIW/50rtVlsmPDMiSe+ANj6fVy+7us6xSKLej+rM7mZMBPutyLz1SZ6j8PCp3+7KE3JPh4c0KLvgJmbObYlnwh6+A/OYjJ/rMU51bs/WhExjR2mpWxwLtVD6D1AuCTzPo8+m3RtUDmT02FptlqgRmdsagmScY41h9zkPgs2JPKqltZDwXfrCbP88gQGt7eEgsUw0jg9+UhW8YJPvIJMWv1VN1y2yhLzLkzFE/cMMJHpgxK71m35kGgkvLawuVQWiW2pVe3cDcfJRJzzD5/mJSAEJ9jRjXFwgtGkDwuQwNVrcvryWabQo5DpImadNhtAYUnCGgE5ZeD3d2lcR0ppQK5S1iIsjniAxZk3O27qcIzuFVqCprszIfAC8U2/ViXPO0bUVWJchgU5glqHZ70yDjAzB62/XknawSUf+IC74RFXQvG9sCAa7hA8Y0VPA5JOc5oyrpSB6Hb1ECfJ8cRxMHIdLc23MnJ8ENaMqZW+tcXvy7mA3fDNVAZrZLZ5ZjLWl3JGDrFUnMo9s9KDppuSbsm9qBJaxuPXMc06eROPEQ1CkCo6YZt7hpzgPKF8cOIVqcBpHMu5dYux9aRSnVrvKBCXHDp2/k/ULv15oYDaQwTB1KKHLqUBZ+5yj9E9jOiS1xodmlAuOHGREvUXIy0Qo3rmpSm/mEji46WD+U8fgWZe1Vg2M6ADddfIIE1V8X/ZUzzQRJ87JH3XQJ09P/fw8rtLzkHHi6V7LRxhenMFZg6nBMKiGJfJ43UhGgBrIRsaszVjLtdPyWWXbDgLELmPzQ50g7As3R/a/dKem8q5nTRGEaGf0H99dKECINqu/odBEIUj5CDnaJUxvfcbd7Elv0XSR5BqYoUViXQPpeBYoMO64+2nk7pvxiNVU+7vlPYaGZTXs53mqSkYIGsDLAtpftOfnPLKjjPMoOUZurTsg2M0uSSUW4MusKllx1/uSawraXywYbuhW//clPrps2+54NG688VMAnFDvGXFac4907Q+fJVqFa8c1PLhPKyJMaAgPfnY+EVOFgQUD3yGuig1tEQhD9RysdtBQ/njn2VTb2Xy6Z/75+V+9G9QMZIOp1cr8ihHtEvYcDmctAfWOvMuwtaZWntggaW1ZNSWvGnUcVGMqV3RxOWvmnMPEatDR3jkX0535BKNFqpvijDaVCveIDIZWyh8iTkRNhTwr0nBzGP4eqcwjgiqxmhdFvXQuajqxmFWA6qf0qCPineqxtbXuO5a6PKNC0767W+yr/uZ5nraqKYRRqWzo2gFVD7+xdHZUQCkkVF+p79f1kXZ5ZgTZ3/Opf7prpgTfd78M5wI1qrqVhQIhkugMCq2FFzFInSpy1ONgpHdJ70CbGTl8PuLwYCxACeAkkRzwZEac2xy93VqvqN9LHoIzxbFBglm1IYI/qUeLlJqw5cWvvY9H8qZ0kh0XnztpQPdMmI3V9t/nVGNpc6pkujtC/SYzTmZ6+C2RuvgcdubdHgG7V2ENc5J54lHpMWONHZ3hGVIcgo2pblgxxgUQafUn/6x2lyypO6gezUajozWxGtnmeV9jIL/1qa5aroOidICMHNXWcVXyPfa7w5QSlN0Ru9uECeGluw9yREzJVC7pnneJzggNFyMRZFRpZVdO1Z18KxrrrU3XczzI13gBwIlUfpdGU/FEZ6+rg8Swq3/ff4OTJ48tDTtoJuSYgTDniZ7epeWRcQwQGoiX70eJupGZb31U29TSaasqmJGnPsX01gtdK939WdWyxmM9nUfACKrqZEpqBvD39zf/9V//0sl0z0ZWD2D3hpE7IY/Akisfk4Oq0XURE1Tl+jK7kVIjcX6eW/Fo2nk7sQuHh7fM0xQ6MX3giRnlfwHUVO/sNJl082V26jTB6fLq2n19HhyoMKx677RWZIRZIfaF7HW3w9YovMtbbg33nerrvplznbe9pFiTNDR4c/N6XPCcI+BsiQPf+K6Ya19TRdn9pcYi1+Rx5BCq4fh07CxuRnJs8yNaeKa+cISaTPXbssCaZQKqbL7ngRadqEgNMgQbiWkVttYGxCoCZNnBUVfD70lQN9tIF8dz/oApqnsee6/nPgEFSmrDh5jClm8b0LfqdcZAjxf+0c8wIuqv9G8pAm3nEF0D1BQDIY4bA7D/uCYLVY07VdL4TV6l4t14W4YDk2r9zAMaUH7fym23rspHfz7W3hHomlcRc9Bcx3PVpLlb43UqpkdLde7bz3OmXNLJqrZ3KaWePICqt8Geef+cHJJ3p1+v26yO9D8/D3Y4dLnY3U3b9ejSXDbEZWpQ7+g8j8oOvwvjIWTEH0SUJG9x5qGm9gBipsdLb1ocfzF3VNDsqOI/GKnQj/Y84A5jNHHUY8H4Xi+TNJahswtm/alUL6nJUQIGrBC6bCAdwlt3X04EvXjGKbi7gbufQHd8dtj7cDWkH689MMMY68c6RsSxJXsD0HBrVudRVXqqKr64s0/sJJnxlR1MIE4yctq+EDes3ZimgZsHqjccR461ozcsbCQ0dv6N+dfoSXGtNtfO9NBKCPUGn7cisvrV/lIRcM75sbti18/PjyFjca6554TfZS3aQxgRkaff2oG4/vwSfDZnLRPBWGp3X43/N8LXywWm/Uw2DpN8P5/MfKv+Ltfx4Vzm+IB67xGclgO4kpAGon2j9J1Y36JtoT3msYXUf2D3IyceOaLK6xxjkDa65r79ufRb4OSh/TFqYUql92G6gOzXH/juE+r1xf7ygNa3+n1f2gVU7A8uyZsSLsz6O9frWZcGbBT7Q3WtBbmm+Z+QuMh3JB3zK8IzcMGOVzVCUlsl28I72ZvwfV/zxGvE0QZATPBE8H/QsrBlHsmfnx+dZ8WrS2GWqegJc6bmHoWrwBsMJvOxL1w6XW7twXu30S0TlVuQzXzNBPRezjlr8jv31jvYCoU+jni6X8/zyLRnZurz3sUDMyM/HW2Uob/WrgvSUELlCWGm5B9lCf6ky956ejBcRlJoVxBHFlvqdzUaG7uOXmWk83WVEBXvfnCIAMU09PVhnHMEB1srxjabpOf8/AhzIdl7fVTPPXlsapOqBkV2USfxZZhmnOnR3PGcR5lLy7F1rzPi8iriObNaw7Bvg5CzCel+M2Q8qPPgXPPnlVWV5vjOzsbBD8B36kSe5+nqfI5Mzu6TUbHE4Pu+YmuWtp62M/UNCN7TEKmFn/LNr+5PfS5ML7sJGH90qAcgoeeIgxYUtvp29cCwAjCYL3TF2/fD0gG12ScBjFasLhWaPfTLV9KEEKUIzz9V5GwkBzj+dgS+GgKRTt4g79lz5CQj4/VqZWVJq7hM+HZ8toJnAPvUD7f6su3vnsbQPhjl5f2x197EXLaZ8X4//S1oabN5x6M1p/BCdin388hTaz6fV5hacpWpmk9Od7f89PXe9S3vcYIbprtYYr9CI8/JIMVsWHaJI0D4Lig/cjmPMv7WANKU9cVev+lj67T/UavHSV1z0JDTkpJk6CTfDsoedSxbp3yNFxb0CayqWx/OzIkTq+vq7oyD+6G2IlVFtwM6axNhSfTm9J6q0g4Dwbeac9rySycfQYZINlvm7Tf383cVPVZNRf9pEr/92p/Kwddq4ppW7xe5DjPepK0zjG3r/AXzzzk0rwbcz79v4SoSrmGYy6+wbeBEhLSDt1VUfQt4RbzeddiwMrDqgf3h+l1jUA+txByZ39VZ+pyrgt1v46nJFngdGeec3jmxHjTIs/bln9dWXTXdy8q/70JFE+PcZ2uyzj0U5Xw925Xf+Qo8j8l7nW/QA5AZTx6sc0BPV71j/3gINAfZwHOOzAkzQ/7vtJ6gvrdj70dYzau5wbZaYRrl/QgiasnB3zHfFS9m8LZ3XOm2MmiFutyn5baqshPszcj3hsZ30i8oFt9oz1WeQUnfwsLbCnG73Usyc6F1qwL9ZA0MBvKQrJLXIvcu+ErHjnGu2JFbdQD6YOtzGyEL3O1olD2+t3Jj4NxOagkz94VuR//WvWXq3bg1vB7MyezW6HQyn4wwU2Ifi+Jez6uvLJns3DM+bOHIe+vF3E8eySWD7CFEsgFvHH2en/tIn+ep95X0X/Y+3S84sks0FCjO+IBeCT5H9QOAXSV1TgjhObZVkUk1VTpF5h2ZzMzxTo641a+MgteVkTeI0Yv2gqQ9FYDMPPnc+04XhzdkbjfcbffX7Z8SbEPWAwO4lOIExnjdHhlt0E/bLSmx6u3Rbjb3Yv+BIH3PrWQVEht6fWZERNPk7q9NtMtgAJCz1P0qM3f77EREtY/3lC9Iht4jZkcNxhJHLjT6+DOl8cZ+1CPOeL5VkjIEc4AgcvUQXPfpfagOGo7qmXHyXsn7f79/8la8d59NrM0DrLaheCIqDOKeBW1Ogt493voQN8eVlBNLwP0LF5jab3LGzMqAnaMzs9532jXAydPf1Ud2VpzBevp/s496yfiz4e8mSlVZ5R1jPrC6ZLf8VpGu+NZ/8FvYrsqNTG6g+3vqSEyLlINk7JyVUEmQ553aix9YBUmu2fi+7unWCrosex1/35FiPgFfW+zGGhGhgNsbWgEjDkD6qLvXE5VtC+lbk0d4C8UNWecc0b+UGhh8nkd3WZ4FzB/9jJ73fY2fU99uO0HziWcQXq7eXTJx0rPNk7OWA5/Pb1V/Pp/8r//+b66zobwgg0w39hBbkKtOb/HKSLr3mEgJkTxrt2KAY6bCOT0tyYJ4HEKjZHsZEUOWBsUrLNOfsaKCI7yJjHxCNYPWCpBxeS6B3XoPO4CbBEDI5MUsfp8F8XUsAAAgAElEQVShsTMSYESaKZYQU1wvuGOptieSZxNDItd4J+w1AgIR6wEC6FnJotLET5k/Z0rVsIRUX7B3CvKupcanLiaENIrlPzvrI6O7tGKYi5JMv3seYlmiXlIderyYwW6mjcBUQy5J0nxUyeq0JiIKMt+HzLLVwIRdOz39k0FI8ID4/P47cKGKnhk6yPoi+YIB4Tk3V7Bl7YA+s59eWBQFjcASaXZHgzenHlNZQQE6GgyI4qdQVf1G0OoW4GQgpQUi4N0SmIpg6/dooLlTDVUyI7yfO6pqrMLDbKwePM9PHm07gJYvkRDI9XZH5mhDBvlznkjMtHj8t3QDBtOhXR2L66kRyng8/oUizAp1u3D9CYA8R8uZBz2Q5+lBoKeTR4Ws8qAY2NXvE4GwHITbY8sVgRvmZUUin3HRGvSTdtKJ7le4o6CcVLI8z0DKp+01fDcZkbNo7xDv51cdiDiSGTIn6fbW3yEhj7wTilxxsVEdFdlBoJswp8Pg43eGEt3vcH4/H8EB+r9i/3zXt13h4piCSburp6sqeRQClDC6vUWH4O/vr+6U3io45xw0g1n9UZlCDkO2EySm2kHiOWbSWdtL7bVGrrGGURkLLgKDOL6SsbRNoSrgiIs19gUKeeCGfSEldkRmZuRI/UO8XT723umgk9vm7/l4Kc2L5hoR/HyqBkENSMLgKaiCWzwicv55nief6mbC9t8D6QNOngGr35ZHHAFMbcN/DfHgiakMkQfTPz8Psc61011vnnyn9BjD7cN0d5yExYwxM/LHFhUixbnz2s9J4cHk+plqS2GcOHJ6XBLVxFqllXTTZv3JaxrnSSfEBeJHe77HS9t0TlTPLkO2SCNamDkpZq5c/zIz0PLsnhqZ+GdG8JqJ6Y6WhsQA8/N5RRnJcwZmK//8/Oh3ZeSnXkakcBZ9TjIizsnp0no+LSTOjJqSzYtZpQLZn/NWvVUg3t+PFjaGfn2m9qYIXpG6uN5PRCyrlGCqwCgT3veYib2r4oz8fX/HEyASboljOSyFnqqqd6ps6ZAREYh8qwY104kMABn5PJqYa330zCDoAwu331gjHY21wOglzc3wnEdkB73u8dIIsYHKOD0JRmG+38cuFrGlE/U5SXBwzj8zAGOEdN7R0V3XrN56qruuJ3CYOdUaikMuk4NBnTwEtDaT00e8lQlMa2kyyIwTwbc1krG5Wbfb30Rog7ZoL7o9Vea5BI9I4dpZKnvTsgttCLhXD6yTNW4GePIpb6v6GqCZ3Tu6s1QnoK/C0e6GyjixhoF/HEJdMp98Mk9rNcggYiI4XW1JED9duokKwFqmILxudjgRoSFfa8dSRAB9MsZLiEDLHlcwESHbEwTMbJqZ6QgskYrnaLrcDp92JrUTGoDW0qRIAOoU9ZMX3NGAUDY+7O7qNzN7+cszo7mm3PXG67g2TpN5jo+6fEXUH8zMjJZM0PF2OOaOxQ5H5RhDrlWrUuR0j9xHJiLk/Yy+fNWBdq0RYb2/59mK7DLMxHRmaIlPnkOiLOOIt9+36vykSNpcmRkQj1QjKTl5XejK3gWGqBTBzhb5RspGU5Du8RYBVH2IkdVzeIZObPJT4nAOlQ1SI/PEOYzARD7eIa8PlyaXYEkFR0X6W2/KxKa7lJtkwqlj0eKG40RaGxdr0xoBUkiHbBkwo6yKDDTRVfWe/MnzcB2HZ+6w0wwtf6lpjWJMv8gYWaC+H/2X9KB0IHeUCQD1qsmnHL0jc9DVJTpwahU8ptQ5AdNz4sk4s4k7pHMljntv19K+Ttyp22DAz+t+UviQYCEuTCbll4ZqnCC1VGNg9o8WGmmXj66GFN49M5H+XRFxnlQgBdR4BigH8ElXEjsOTDyZo1ZCkIQaddjiZlqkX6ggHowuoHpwvQa/YgGnMwqYamvVhWkTzAq7EsPql57dcmTKz/H+hK3B+gtquEIfG1QCVmbE+/l3BiPpLwv3X2PrJPaoC4tNhRgDr3FPknpkP3JMBEXv1SesanSntLabB3swg8znMD2wqU/Vq+KJTIIfqbI0sCkPdfS3MgM7h1QiByDQQOoH+0RVd3XGaUn4qmIiIruGtBWkhtxOygiugbibjj8zmJR6T6DkAnTLPVK1AAPxm9IBSpOkPhaL9fSauki3qkWwIRbNea7xg8R23cPIEck9VQd65EPGDuEG6JplbyNwSdMG2rLG8wNJpevuxAqQ0VURB2wHkP0KrknQ0qj1Asp/h8caxYplb/rLaI3ETdaGT2nmLyNC2/hgpIJLE6kLEytArWG6nqcC6J5jBWb9l5n+D5dgzfLz5EPJ9NB6fTrbf/HxQcnyVqgH9BcWVA7BBTaUZkYM0WZZQP3D0KOZn59/uO2AR5M9wGR4MKPPpswVsH+G488eSFiUG3eUHCBmRKmcmZ4X5PM8rU04QsBoLO+crC4Gqt+A1gQGmWbwge/7q+JH9s0a0XGGJ6tKSoupubECICZsk3DiPmfsEIW7RUP/0eptJvPQG78qrzpK8Yji73dXD1doNSCYjH7tFEZyRlghe4YZNR4++eHv/wMxVSdzEJlHyobymkl5hYmmbprzaCn9zIkQh0CcQZ1hABxmntFgyTN8AghEN7SUVHH4fz0/AX5qeuy2ZkqEDvaJk3lhjdj+0CFaCyzmyyt1ntRSwO7wRsPJPIfZHj/n8/OzKgETe+55FreaspNJbSv5vDMcZD6iYhuU9yW3KkuYsux/Z4T/i8YB3qIhUDWk2rOR/cCdv0REMur9pC3sMDNTCq1SunhMOcPpt7vyeCPCLA03SAXljBzt7AjXyN5t7Dev6WGpmnqrAdvVSmEZGLOcRehxBIZ+V817zjOA4K9Ug7S06Z2JETGZEVyle5daZu0VBVY9wDMzsp6rKm2H7J6qzzvllGorUZMRG96pIh8RGSEO8/MWk/2WXAHiyVnbf3jrz5RKu3MGQ1iuF5ENHDu/TZjJNBYuzbdH0Nfj0JNF8vP77/FUByIgSpGmWU0AZ40We5onM57MfN8PvGiY6jcFeRmRHUtJzqo8B3POyUDXO6t4tqpgpW/5f//1r1gR3Hhi7HOauTn4j6f/2Bt0qj4iaYooQYYsTSJC9hoRMpP9NNFvZQYWhVdzorZ85itk25MGNXVaDrcANLvL0o/wilWC/OPcfcujy5GRY51MQD9V7QP+5Zne1gVah7MsS6xvae8erZuAYdaDfmls+vw70/MCojCTOki+thvz1gSYYzUtv93qqrJXMuMmaqwHLsmpfg39tBgWAtztikvyJJ10hUN407oqEv2Z7pdkgA0xQ0cA68xoYhnr5qazIvbN8zyuZkinYJmvvXWew52wXSrzTVf2T0QNOq16+Q/6jxhMsQQK/cfujpBiuwM850Bamnl3aLkzYcdS5wzS+D/dilPLuCBpOSk1tNTxj0KhulZ5zbtocJzHgs700N+TSXv4zmAZuPfoia2sj5jnR8Cc0vBbanIAR5CtbhdQkHTRCpLWy/Jl7UUUTp5BS0lm31IAwO6BsHkS6dXHROSJQlW/kr/57fQo9s9avbuU7MEKG7e50s0ydcg1R4SSaD4PFn0zCq/OQea54P7hkRUSLAUNnRM/Nv5HcbO3WB5TKnVMVOdyvbmQHIBYQ3zdqcys9wNol+ZOaBkACp5VYK02NAHiDnuVLWcW3nTh73bunJwxW+c2n9juYWZkwbTsY9nywKqU87gK8E39Aag9MVUlTcbn1d5i/sUcT3rcQw8LDdXhj0m0MSSt3GQ8z+MeEgTwEZS/W9AJvPX6ygGCdUfyW4zILLGSXvO51s1f9LPYkRJ2xkWDhjRN2+UCBhg1SjNa5R2R9ZHla+bqS7SgNVc6fb3xKN/TvYOzbpWfz69iSGQyxXjC9A6ZDGX2l7kgHvpb8MAgNHtvF4J2NNYI6n3fwHUK3ldp64wU+E6SMhEKbRKeONnVKhZxX5gatjWWvQOGz/vB8n/JeN8X7U7VDCNu+Rs503JvM1PJbtob7pYV3EupiD/208KW9e+5fl/PsVBJv71ttjka7900lydtu26cADPf5KXvdTIFfCyQJNbGaTnvyU4IAKHIpz0Bjrpa+wZg8HYJb3hNx+yIoAvBuVa5DhTqKr3T4o6To50GOsart4QA2yBoL9QVoRMqyTyonjFNewaZaln9GlVL7DNXMWCVCUkHixMzoy+iSe0sx0R/i/R93zvH3/fjyuoP/3TPiVRrPjNzeUnzinToYWFXBOotbUjbq0oVlwGO1Zw4x1ZLDFQVksPQqdvniqmGxcjWeFWVMim+hCkstGhl4cxoly/DLlS37bzUP/KLZZBGZ2L73VsTRsaVa1AA4ooGpOiUHkXQAEL2xNLeKUyZDe0x6fLfYdpWLNvXP6G66O0UHOKcJSROOHSK9Ni4PosBef4KdqFESO/7AbyZzEr2Lh0h7R7QQ1adMJjneSK+MUpfX8DBigysugAgHjQ2wd28o33Fcf1PXPUtS0MrBLUJ+v1IVPSpnm7BxIORfzcWwYmwiZCeyZgyMtdDVvna66QRcTmn0g0k16GQYE5jup60neZlgndPLaJBEmL3nnjfD+dy21cKYD2uKHhyLjb4GMHz/MxapnD3+hJZb1e/4lVJ2yGHq432mkJDU9v7Xy7Htmpc88PPRO964+7Yx8m91tUxDBlDHEuPVX1BBbnOP9b8wSdwKTg3NA1lwdiPNaAlKJyR8sk5mS0oypdRZNifLUHX5MctOTOz+s+3hn3Bb92yAecA0AKICNvy6geKsa6xmere6hI7+Dmnu4OGse4hB6Pq5Z/dS6aUODspjq0M/TlSUTwnu9s9yArvSBNTJOr1cEg/gajpDFMMq9wbjnvPFSnCEykuEcRTTf1oembpFlhj1fnD1545x/aGJn4tYKLCnBvEYP2uS7I/8U0R6Y/qSAJE82W/zETFfx0IiHkdjIiuBq5jm7PPrS5Iq0j17+rzZr9U5lcb1xs3vudtFWa4bbc/seJM30taNeagKdZUi3H5vnVriXkbgBe6w33rzPTbPb2F5j6ciDXEQMmzgjyyPjPtYPWXV2y0fWXQVg964/K68Utc5f2Nt0sa2zeh2kbXU1YRN8etEcQy6LHKjOnykIzu7L47uh0/6ShDujKUeNCKDZdGNUt2EbvbhDz4tMwMBkIvI5aPAMh/6ZyTqbVMUraF4irVUZPcMg6wgZhzx5+LsMeszjkXm8O3uv5qsFRph7nJ87fGczUCgvPz8xOuir87pf8+GfwZw+zp1Q8xHhLyUNmfbPOTSFk76ANohIDb71OfQSuvITd2FV3Amu0IuUIOp97fzEgmhr5rF2tf7YtKjlEco/Zufg8SZoIc9M/Pz1aP6m5sQUkgyYhU2vb3d7kB/RAhvJTCbP4cyw1JMBdA40ySrCWCVNVzPbWC0ZxBi9HPeN8PgcxDu/nr1uLWHsDGvBn1eiqZ3t0HgGUoRxjHvKdiGkpeUo72qiVitaGKSACsS1sOfkSgBwPN2sRFGi9mSClO7t/lf55S3w49Hhh0t9Rhdz2qBq6qt7SfQ1sB3IvO2ByMXJx0r7QP54LysSiHIB6/d4qhpGf5V9xH0kru1RzE7dfpWbm53nopf62k389n9h7pUPWeW32gWjTpPo3FHzRGxDs9mHMeeT0Kmdlk3Zd5TAOnE5nd/W6EFKUpz7MIw5KlrKCawQTNA+puogXoS1dK8jk/9xNOv3IWDxrRFUmwuyKy5mVoh7PI6DEtlfBH5Axe8EAd5mIpukERgem3K3+ezER/teZ6EbPOeq7GiXrfkAzQK3hnS44g+fbHt3XjvP+vh9PiTk+eXGHq6rRC/BuQ+K33PuqLoZHEyIh+7o1gwNhvhEbMQga0mZW7Fhgw1Th2r0loSDDz78/vjahC9nROWpjY9oZ6ViczmEonMxPairQqt917QTK63/aAXweU9Tqp65iNB4GOfpqrqZHRwOacI7KKyDD1viTzPCRPZs8LRgrPIfN//5//B5hP9eu5ogtH5pERZ9tiQAVK5DmkKDezIA6Th6aPorsV5ZKUwWIQx0nRCpSeEk6/DAvFEYm1AbBG1jQGL5QGgtsMeLeBpFLTHAGsEbuByvQ0cOLkmameZnpO19CykGxU1dtogYAA+r1/PbiaoBtayuUPqaVYYtbb+JVyia2hVR4RSpZmwdl+oCMCGY05cbiLlNfcRv0tb/5b1Zb+lx/sQModZuaEgNBsChxuBEWT1u8L17WYaaSc+hVZB5BfHD9C+WHVqoq/uZpHksz1U+7MZMbsUlZoAg9MIJHUYtrIiJQx8aYc+zgVhmlptjsPp6gGRs5lIGYqJezw0whRgsUc7Cp52jKyuq0a8XM2nEBw5lW8VU1JIBCDqSlykkcMioigwXRAS03JW/yFVjcZ6B4v8bjVLlD1AWaqu0p8/8zIPMmcbkwf0QO7W+ad28jNVCxA/Hlffc5PvyDD5BeBtGYYhdQnVfYQF2+mm4P3VQDSqAw970xnxpiUKDYSgmwUZu+LKDnCaDyZ7KCk9LEmS628FcsS0leVCypqODGmRWGmiRFVS/voGfy8EnW2OODy4q96xfbWlkWFS/Q85zn50NaKSEbKoiQC4qRAxnYay7s91mF730JPvdYzxjkkf+vTmDzPAD9Gq6V30VHDXycNiVVBYCgtamb0TJlsGLvYDLemiE0xRoEApmmMmfnq+ZjIhpE7ZZ6B5Vkzg57IfPLZqlI7USF2tRlADY2uI+JE1ru0fYGSycbExJRGeki5sq4iTeSoCLrYRc/MT/5ELEfYkj0bi7vaHg26Iu43XEsxq0DGl6F3UPfWOzNVb0EL4enyC8C1C2CanqkrPZMhyTwMUtITYnA7gZkMBd/4fD60tDwZob0yJx9GyhuUko8xFsXT1K/Rk/lgRPv1z1eWDxLE85gGOwC1eQ/oak98zWR0B1veE+W1wxhsi1UYIjiIQeexcHuCn3ox/ZbdYJLZ1fqWkD7mOaJuDZafZr0TIzilKOS4Hdzl1cRbNf2ejEDU+0qSb+US4zxHG5JKOrn29icVbVL0CPJg8DkHYpiOlK5qSZYS7BAJJkcsacQ61sTalA1p0SuA85Nre57k7VUM7iA43ch4nqetOB7YFB5C61W0qrDMzMwn1+dn9F1UpXRhOnme54fIt8tgEzndoOXS4tiT7DVJ44JNGrQnkxEz/aqr9HiSHjnb/WnEPDftjiwXcKveVxXplTFyppYLahTK/DxVicwg/kcHnscb7BWvxFbu7lpEMiK4rJ8Ioecs9Mg4A/h5fsSVJgU0bKMmXZ1aR5Cw7dJ0kdi9RP2pzwDneTTns+SWGId3dL0nM7g1LlvjseecAJfd5GlrxrN82+QuQV3vZgKQ3dY2+ROZYhW4foglrbdeIqprpqu6gUy6FyUJ7c+YZAS8wiwitir8vvGWQjmPVKoBcmSmT/nt6fUQeFWkIyn+cdeJTEYyp6+2ns/zz4TiNOzBPxqi8e1PT+U5ICGLAAMWVn2dPMrf7xTTHjfcFVlKOJCMq1turaJKdjeZbw8YjULgn59/qiqSb4kfjqPiUhWY+XR90o29clAjPm8p/+iqV39IdFmvHXHrAaeQsG2mFw9OV8Zx0RgY9H6PGcgDDdU1xGEmA2qoajKz+iWjMTV9VsEmtKm64CV1KWnRAJHMkyav9Ej20d0Ym9gIWet+e/j8/IDCRqUlCaAQYnkHIm+N3173dZJ5TfzehVZ7prVkVRvOd8xMgqEh8AgkSCnNLu+HrOmTkiHKQH0KRjlHa8/RmbvwRcoK6+2Uc4VlJyJUO3XXVI3E7/TK9wbMJ1XsnZAkjgjlZWe3QfdIgChOMTcfZ4akKoA+K7bSoDEek59GOycpQ10GOVXvO9Xo49JoSGrrA2ae5+dTNcAU7P/7CJI1dLgjUe2NMEguusHP80/3SHTiqcNM8mjbNswQDpgRVeRoTXTPZOY7XX0joW0oSk3VrlLUsRFhQcPF2IWQuokYVGPsegT/uhYOG91TM9Uu9V0tWHy5m8vc1wxGEoegfhZWTQhst8VriwqDmBrcmigjgcICrEpE2TNvfc7Juz/6AhmR6C6GchBh2wA6r8nkWgRMZSttsJDwjdEzAkfkjxuSCkVcr0IZI9DuLgDwlhpPqo8A+alPBGIVpQJl3ZZKV0TCpFe8U/SmNN5LRLkm9OtWVM0g460XqxVUs6nqb7bmNPIYYTHw5lkuQxO8fkSbRqblLSIQhjNbU1HP4cKUenGROjDSUzKS051fpSlm5nl+zH/bL6VJr3n0JmZZ6yMQczGAES+j+u3utRbCyVRWeo6k4SU+NVy+eoZ3uaskp+SUZ9yt7f3iSYOybYM9foC0CapYKoh9a4vJmOFBcmKY/NriLLHgKhdnRzj7kLcvkV+rsgwZkarfdg2QPS2qP1WvIQ5MZqJB0UIXrC9UBp/nnynBPC2mwwTO88xc0Q8hSdOuFgCgJ7zVoCXxpkh1meSRKXAD4L8/70VFQwqPyJl2P6XR4FQmQ7YTri5lBtVeB+tQ6bDmBgmIiEdGzcjc2ggIMbu7RwjPzz//3LmbplJSWXnCWD39ZuQAXVNLFFbj3Nvaf1/W9hTQulqYCCI3iDymeZ1z3vd3tEdBjF3ApDpO7HvRPk4TJQH90rdrwMgz3TFAa8eUepxUg+FXAOyj1r/52EVEvy3EoLtrfbH3r2CGkSePppgZkd2TefRLVpmRGr9h375GxeGyVXEYGN/+ncPptMP0obv2CTE9lN5X4XXzb5fAsRFmBfJ5HnkPv+8be5Gsqg9NUMzv/FZBa+uXedqEA0nKIsi3DRQDoIXXOkb1vh8E37GPlfnvDCKmIC1H9QQmgoW5cR5gUNpBAAgvbaU1JfM1NFuCeJyT8lIVJUIPJ4kMBg4MF8u+Xp8fHt4HQNRbXAJQnGPLk8BrkvREBDN7DAjYjnXqnBMIySbQ8/M8Sq/GVcjp6erz/MyMjNHUxmn91M6ydnSxfioi78KkWdyW4e3KeGgZsJRniuG6yM6CiiEqz6rbabEbG8nft3rRzun5eR6Rz0SnHpnMp4fHoOCF44ItM/LMctcUNWG66qTqGTV3A8w0vJlMxqQ2yw35IiDy8fUPr5lhzz8/P0SfDIKfzyfijIQQAG3orRfovzIuVVjyVk12V2RGZv7Xf/+XCoL0Jj8LymrFEb0m0fvJPLfsevV+aDmfpPT6fT5MbR/Mej+vzvdNM0ue8uA6M8VW9gGK71TNd14tu/sOsQlMpwIpWeUCT3/LNbF9B9RmqZ1INzJTNMHYKiQieodacZ28rNho/7jMy2TfZ7VG5fiqIhwWd6KVmUtDR0S8XeecYLzvK2wjXdkBQNqH2s9WR2XzHgZ4ctd8Kb2JU3xjgdFJjU/de+iBNEpRlAM5Hkz3+zam4+SjeYDy8HLrSGLM7uluz6vVj5U9u5VP2iNzP/zx8GCqPuqrFWPyMbR9E9ssQ42agHXHWpHqp7ddF83jcH3mEwIxzQAZ17DqzcwxI1WHhjsM2DSFyZDk+fJbpUb3lJvLQA//CKfwRY7YI+5G3Pd+Z4l7yJUV+jqpbcCyH2LsGVUOuVDscCKsWDcgIuDabALJ7SdD2/CwpGMt3uT+4yJPktuqd9uJ1mmcuvORfTTinH4s1haLp9tS7pl3C2CPOt8uMtG0ggyQ9qXt4KkFnoOd0GJZZuR09/u+dxL+vq+74U1vZMieSNBG7aCxgUvs9PcCtF7CfFX75PpdXIBGftY1lQww3non1rXjotj7OsKsLofsfbYp3dSMp5hYhrJOkFhyaxvyLZLo4KvaJ8TK0Jt16FPYyazpa6Cv4if3k9BI4ACQ/cianCjdyoHuq6Yqz6jr/hn9I4xanvVmc9ioOm7RMP7uFiaGAJGqt16S+cgl+ZYL9GYOExgrIniknIuprulnLeYBHIa8pz1UNonSsaLXq3HGJrOCBsKrKXWwHQ5nJA4z+KGL3t0HoU/4eV9Hb/GHRKVZT0YBvvIOUrC750pQqSQ799mRCnSObxcLnhk54GPdIQXCjHwbtzpRqfTzeOb6PI9i1DZgPOdRSg2TcbqMChHA+364eUFnNkKqazs8pLW638+pz3/O876vVsYNvhKHjQ8hAoGi/fM86lfynFda0TRbv2cyQuxBxZwZyLjMB1bgzkLGukfPj+3+SK6pyLhhtu2mFSf2dN61FnE1ghmWOaz4T/m3xcyNrxR3ywNk5sdWfl5U3aWpEsV2maU3tterABzJg3QvGCElrFZLqQCYAEh9A/5BPnQ85KrjoSOorDRLBpGHvkkGSm0mFSjB4HJsbxS6/6J9BmPrB//a/m6wKCIZ8b4Fka7tQ+KFBz8/PwK2rrYm1y1R0JwYGOOdCiuhCGLFUr2wLyg3T4mg1yZI/oq6GgpuAHcTBig/ruB/qDNlZmgMl1+dHEnere8ao2mvURNoL6y62aotEO7n+VEHq1mdVBpbi8oTGKEp+IoksBu2CC/UBfQW0s9KFRmpgVRmbIG2aFQLekCeo+WfU/Xvz29oe4Hbj4yI8ToWXd7u7pP5+Xw09ddbNnPNPmVfpUKkON05M1PFv34XRDBrQ4Syodb5fj6fiDjPT1V1vWGM1DOyS1u7lW31PM/j53arumnIqyG2wrS3Wwei+zVpQBfXh7SrW2ygn/NsPKRqx/Fch+/71vvq7BFICYVHwm2SnqLpHy3hvCrVqo8OgO7UXEwQ+34cwjXjlzM1lpEq0ydnY1yz9QULnuefm0PnCz1smB1RRPwXNVGVlSIM9bp/u01TVSH4PA/3kwooVFgjmZE1b6++eZzhLxDWmalNfefPdzlXOQQ77L1V52oIMAB+nn9uEa76ShKf+9lu/org5/PZ3CG4s6zfnwb4PI9qgCqVKNTz6J7NhBqESIvwKC52rw2W3mgYsjcqB2gXS6+7+lVa3Ips4fue8i6KIO9t0idXX6mc3t2Zca04I8NHHlgMdxDx9pt3t9n+E1f0YKuloSbTex4WjnfK1k25x2/gPR83I1Bii1lR3UUAACAASURBVLjMdLdmsHZ/RxexwNl3CZY/g/5M7sdU741tcsfqLns06wQClI3brXtnd6G7RvqmVyd9h9M/Fc4in56HbM/Vb33Uj8zYgDFXTXufoUc1y2enu4mPeKWu/fR1xiHXerJdnTgzCGonNpeCvfexl+vC9M68ISPjtMBoPyh/ze898tXyoD3Ce1/0FUQ0Fy9b/zH0Sfwev2p+71nZ2m/fi9+CaTrO+LsK6z7hNTnY1zc2h/lzDq1I2J79WxXoh/g8U57a3U3EoPZGO0w9z3Mxd0UMnRD1Gu/7/nUfukfLj+K7JcW9CXdUBnNjzdqemQvMVNV3oHUh+5XW3UIIm7m+iMoWM/cJ+MWVQv0rTGZm/t56Y74tdRGvxi5OTFlms/hMUKu3nKT0fmu6NWPWkAyAx+QbhapKc4U8qVhBcjfDqeEw8Jw0dlH13rGQqQDGr/SRwZNycaiZ6vnUR1SmbbH9AHz21np0cWFDnyqvRyIVLj+gx2zukiOFTSCU2kQEGTuGnt59Qnr492QqHtb2tgreFxXUKFdVpfZOXdv7sQpn8WilcL0vxvM8WOO4ZMQ1be823mJdJrY+9WebPbg6RV+JzB8MCtto3Fymkx+5QN8dIfwxAQvmoO6B1Em+aOffxyJ8Mhnr9vf9RzluZtYO/QVoes/iXQpzc/toVQ6zZstVYe9+VRqKGM7+fdee9UoqRTIBLKjQnoyEflcsBeqGJmbUn9HCLQb0vd5PKZe5a9ozcOsu9NwS3fFk/66wl1gPlb3pAzAJbb7sNj0ieN73hcRz3k3LmRHWx1X7bTb/keI/8y6DmdwU/yxlUG/65GPjgZnP+wpWOucssdJzZXW+yg4ygBLttvrVhHNsJPoHKiF7Xso98s85Cbg3qao071AGwpsx4W43TKcNwryE8x8aLJIM4nmecx6dE1dRALcrjzvD9+f0diU9233yXVPV3pPxtxeGOnp+L/sOsI356DTyz74Z/S2SM/35fPaGqglz0vw5D1z27TYBG5Rd27qWI8vv72/+9//3XzNj8EKLFRokn2Ozcl1wxcwIMlD1alXg+mmY2rm13HjzdZARJ7dTEufUxFKVrzvr85U2vKuWbJGmLQuS8rU8y4xQhUIKuQYAdEeY1GgnBI41KQKgxLq1ejQkybx5r7tjcYPMFIfUhaB86MBATL1Y9qsw57ZqjAJkuH6F4gKEJ+GCnIRUHpisFKQnBBEx7IgUu9y//YJqMNVap7fqbQWr8WPmhcJqBwMkFwuDYZ2U5m6IeSuonfIDSWyCSwgbqrcfnkxRv/z51Tas9+sA5xGXnIHQNFXB4n1/SXFtFBbN8Q7d79EuVt7GwHBenJ2r+zdW93mOwZQBGScPEKmts1h92XZWCignH2B2Hh6EXNaImff9FXX0nB9oNK4J+j2NnOqSQ+IefgAIIILv+8GfHl9Kw4gA+pyUUEgonFTthDRicZ5Hc3hxA7wLx0L7RydWrXtGnDhBcX6XyTIl3yGdiS2MPJVVrEEkAo9GoOjpfuuj1kOMeQ7kIjqDQMppVy7yhW5MkO9WxpD3Ouecc+J0z66nQ0TaIHbMRAHadmRU9anLiyq5Eo1ihfzfx6ITcrfsjlW3no3PtJrnk0/3POeJPBK1KFZql73abOFlzR5OVefJnS3LCELXXNTpaYwY3Irb2jDzWy+C1btsJDyFpvIB01inx5Nue/w2I28B1JjzHA2ONfdMamXuxElP9GaAbzNDUl7P4185JNLW1ct7doPUm8ECoIKMagr5Xfb7QgAHFF3WNkHlR2CIt9+xHERsKmQcRtT7IRE8Gi8KpAx5HdwdyBLXh7sKT1tTipnqLr3AzJDRZCAhKLnrxHFAa4OHasiFTOoOyl23uwtaA/yazJnqkVz/kZRH6sljBHNmppEMH2/PU7Vsd2Y45IBHG9iCzKGWxk56I2iDYru8XFZdUhbFPVDB6mgwEZagk+/bYoPKFUaFV2b2q5eVxI4qIZWGUSTz5mbeqjxPKiNowbuiuIeCQ2h9h3bSHu7aq7eq6iWHw+kJWxO4XBagJqZlV3fNyQcTz3mmJ7jivD/eNcmj5HDOeetVphB6xa25N9gSYILnnO2f3A7I61mVQB7quKkoHMnkPDa7dbIlyW6iklfmuD1DEdNdy58DIgYTeQZUWfT2C/LEc0GzY+NIU7wvSggGg1VG02IXMwhezEwOakrwIyOYGPGPCJPkY6ZLD1DVI7RAigEEzXW2lQQWdo3YUpNB4MQTnCC63jtdm+UB+G0wCv1WkehxA6+c5asdJCjLINUXoVBOh7uZyTgzHYHpVvOp5Z9WEOLiXAAQnMNUcOitPfROt7K7q0zK51jpKAJa3y61YYpBAw0WLp1ZP2Kn5kYWBtonQQxGdCZRofpyl0hi1/MU1om1u5/zhBvvmZnMc7G9zNzta1+gVuiubHXwh+YSeTSI8G7euH7ocuFEZsgnYDCvpmiuGHjOCaZu3EyLr7CSVqy1mgoU36b84+o5C8FI6pQ8yTSY2yVEieRUiTYbZDCffGSt+b6qmgbalhEBjUkUZTnAnHisUiJ/fv6ZUbEGL3qyD0FERBz9imOvPyERJ1MrWP/CkaNDqFpdeU39p85e6TmYAKa/ZpoXA5H5uD4FgtAHefLUW6bKeKeR9gYd9QXE5MkLiKR9/ArJn/PjpJRMk6YRZgS0hjcnDoPv+2ki8ycNew3A31cikKSsLCGib4dR6GWEEHnXzm8CFZqwZ2k0Utqc0gNmJk8SYGjPxOQJDqTwkMyol83jdoD0iSoFrUiGGtH3/aCXDmUCUI/Ngr5rBjNParu7gCGubxKA6ZMhH+16P7NT4R3+qaqbmenVDGWGTHIyn/Do8XTjfeuElkbpBTeHJ05Xv5/PwtXypX5l7T4LoACL+3oxoDo+MfdFkiiHiKmu1x8Hl1NuJdB912hxlo9SSISUMSRiJBSkt4NEZML2HW/9RlDP1nmqCWgtx9JxCIZAZIcwARkn8mQeUabohi4kNCBjgdcxgLGmIhiEFNXX/rwLd1TfwNgcTPCZlbt+S75TwNqpHUhGt6Qoi1UZEVlvyQLoi2IrD03BfmULIgMipOP2QyoU3dZKN08M4pyeITKujtCTv9JX4fpyLNJRAsKDIQKbeTqQRjmnIerVElfjONXfkRtmBl1BbbSSSFXVcjzPD3k/emJsh40JDuXmljyu3e5gFTVdYzuLOOe8n8ZwrSQSoNaAoUuTtnNyQ3dgTGWj8YEgPQ94f/+tkMZVD9AmJEbwSXrxolCeCfVAxkc3Z83f+Q2Xlj6LLfTrk9odGSPNBxh5vqC5zs0Qg49IMIp3FP0roNDydSiqmdYkIQNYuRoYYctQcVQbZKxHn58ABjOxpN97KuhDYMb4zFwn5S8S+uefCIyUB7vR1JO64LGbvOvVyBht1iGG8fz8xLB7CDHbxn++ZRT86Imt4sdv5J1KW5+NenUBdj0tW7bz/ONIBSzzvbdyfpU9LzlyvhsWax8yCJn7I9cTjOjf91eI88mvnxupS01mvu9ndmG1064Wg3erYIiME9qG1bvZtVXf0orYgaSh2vxpFzuqRYIWorgbwdvvmNmJ0VpOq5HaSkM4AeXibxo1qd/kmqhPv40Gx+wNB2cAw3FocpzVmVkllrGaAd0iElPCaG/rrcMm33y/D4pBPiS1P8Awx8zMfPpTXWt5V89zpHrEdDAwWNf2XjBRZYy2aeoOwxGXwl1Dzi65CwA0wtHoyyMETTrFMxPVgjEIG9swpL27vFehneDWIrnhC+DhLG2XnLYkWoFRG2PRspO12UwhRmuTVAyI+59gayHwQNxduRXT7MUgw04b4/GVQw0IdDD1Fa1j6FehD4tgIJjncJ02qrR57Ejxg5GWRXVvu2JprWxBJKpeOtST9g4pVVBV9TzPk4eDpJidsghAZJTmE+NtcJlsMSBN6u/tPKiznVovQK2/4pNHozQxn5S/Pv3pkZ0P5GGS/E7NDdsyAgHwhNbqtBxECnWM2gy8LFqzQPHmG05eXgPsDDvO8oTWaAVMV+6LRdAhZYd3mKVBVFu4n7dG7XLgDgbQGVr18Woln03EtiSQK5DMibSJAu5NlkDWE5qOeJcMB5LK8be0UJ4zsIsG1991C438v//6PzPDxStViGO5qL+/vxv7xuxginURAiAVsrH/CAN3c7W4GHQheNf7yIZiFBf+sAwMjsz28Vz+wjlH0PdOsPXPd/ArZjQ85FAKUXHj4bHIdbEmDOllKeUJ1cznfV1qrAcoLmnKl3AJhmO4bWZO/rN7tv2tZz0EZ4cT/0EsV1+tOgsQ0Iebj0cW3hQEcJ+q+6ixN65fXtCfiqlA092ozQpfuwmxMle3oG0k5NFmTJLwZL7tAK7+Yen11slyP6EYoGYMlczUPJfYBeD7djSpVtidy+mQ4MuWcHYhP+dg2e7qCneAPBtcGytkw8StaP+KVf9WKuprte1n2ejdK/bcr4N9J+juy6j9+3vpyaqnrLfi0Sd/3w+2sK5PMaDdJpt+rkxnT7SIVN1Tteo/B+jYpUBh/1lqcNXdZjMtAXFWXaSlRhEeNnT37+ezm3RrDQfyXkQVB/uFIVGX790yDoao7nxOMmjz+pUG7ymOpd4DyDgn2fVpzJgZcdHIaLsJq8Wyr9fMMOSCHVXFjEtPuJBcrG++CnojaGoS17RNJcXMCGySiiKFsazTa1cNVhYqc4mZzFThHhEc7fDxl0pwtBDPc+4559yFXf+Dd+P73vfij0VtXyN7W3eMCz5zzeSOcS/KWVNsULPi2O+l/wkHRgCWGFvxs9cXy8s2UUIrLm68GnCwQ6M/jLBed2kuMiUaxN0U4rcYfpUG3dasM//Q4XF5jBLreXtK3DzgeKiWWDntUjr3iUUIW+8hEBMnnQynZUfc03augFIDq7YYXfRNp0JyVAWw+5VnxS/TRrpVupnztZ/k29S5/vPLvW9Eaj/6bbjL6l67ecz7vu+nbm5663XcgGIyuKyrzRpCiru7zkk5oc90JDMygrPnQT9n99bAgXpuWKWKLew9BSDzRsHKtB4F9/m7jrTTLkm+b4lwQSBki7wHlX+qfJJTfc1wtCtvAIaG+O02bGtoktOaUVkTCaMu2ALdLgE3AggP1kN8zsFV36+cvz33k7I1VGPtPPirgZB0HWbOXsqCF29ExPu+ckzuqsioki+M4kxjpubLbpOMUH7xOjy3WdVPx4Xd3YzpX61zUsreDyZcfiXAf/IOxAThZKYd9gimiunPHwRzN/GQcacC3ptFynPcvb+dvm6trNZlNKMmSBONlXzWjn+poD6tzt2S49wDqSwstTs4bQJdqPDYzhb3p91oRlKN5bSUaqOPASDSd+Seh41+Ah8NpOrnbKkFP1ns2VsJkaO0/3+7vrhEZZDNQoGa/tyrOqWFpULKIraTtddteMlERES9NXf2HDbn7bVYsSXFLveToaqXBCxarXJsWfkXmxvVqPV62ICM6ULeyURGRNo/TvldLN14zhGIEJEZaf2ZGmzSPBOS+G5c0NT/ydPVSe7eizQ59m9VBp6jPWh9QZ/qVi1qb9lqDSnVNUWkGizVvBsEzAS/JbLujmT/fvva6W4StMstsarfKk/gZ6pedWLB7H5Vz8ttNk/+/v6Kjhqha2IoC2D9KfY2S5rC7VcTxPAonmAXJgvQ9BYrip+uZzqYelVUKO9k9euKottkAnxhROlmzrFK4MbEmWF8E6XJemsnTXJznLqPiJ0WixWuTcLO5ozME0Ae7i6Brn5lbeYGb7BqgGqtFZ0ZepfbqKEdaI4+q3rUGsaxHghktJi8q+eOiLc/mv2HkXByWdLf7LCquPvfaQZMWdAzJqifY9NwkUC5wWp6zvkxZGbFCcSc68JXxgzQrXgA0MpxDbl1tNR9j64hrIH4Gwy31LlaZ+fxWxyCsr9sQXgqbmMJ7DWVeYRXWUxjBbCezH8MR7fS8Ct2ODTTwh+jW+cqlzcTN4/YOu6P7Klam1m0720iD/4AwTcs7x+AbpyizSpW1R2rue4bE+zMTvi3kK9YpVPqrIUcxu5EdY72A/yqN3R6cdkkYid5t5zbIp2f9/3uf3J36SGdH9NJL52+zzDzqhh5PcHVCKnAsKJwTDVTTiHJOJnn3gX9vM0+ClnOmO7+nKMV3kO9Q186P+bmJjLkDvI/8unfTISd0FeVcF69q+vPPjPeGTlDywddVJzMxtxHCiBk4LNYzf0t+u8qUe4n13f8My5y5qWZPXM/IW439J8Vo17ILCZD4zPGsv9uTIkI9dTzZxemntiqq3E/834k/SYN38SF74hotHaC6s9/fn+5yPb9vk1k5nW/uJ/TqdZUVytBpRKXFT45QXzqXae4r3ZHZyKWu3DPjy56XXXFrNxuvt8FsoqKCFDX66xZhaLZesRxM2P3csC3pjJd5sbVrrdriJix0sI9gnXhjVXfqpLc1Re5V3uJ++sTKzfCG1tma+OZARqy97zRZuuZe0/EX+zumHu8L5doYun0I1R6WQ73jfdXeax6Ted/RngdBh7DerdW5qPe1lvZxjUPSazhrLP88QzegxVFpT/gkvZGwG2mkZNuG74JidZrIemy+huK3T7MjLQal8psr0hpuY7vjojYwtlkpd6ciFs5M/PIpnK6knKpFZMOGn4bjI6QT7Hoqydz+WTfNmSDWH9VfYotfvOj2dBmBDsKbOMfEdlebaSEaN+RWRG/arAwSc6eCls1RS3GFSYxT/Xnxsmxt40SkPET7/PQZ9QYODyP/Dk/cl9xGphZ42pghpGYKRtbXdVgiF7mADtfRSDExJvv8ZPVlfpNDrhOGzdDzZ/j8cr2vN/4rt+TD6e60VAj8H62uboizi98btsKbtevSKj2ubu98civEmpmdb6/tdnoZ80AHC1huoiij98isZRIN1bKDPSug23AewHoFTVmz2REE8Z7tzoqJ8rJ//df/9trILqkDxAY1NSTSo4c5bKnCZK54tEeeZR/dXxhEluQwWUuM/PoZxbm7QKiZ3oQeaq1dmeohcwQrufIKzyGiHobo0iqjrgAgaiCzJ5PVU2VRvoAg01MtQoG3xNgZG71HPnPjdZFrTBgFnnRGQWDke4jwJOpedHgboMcQMAWhKG32/utm69nQkSzS1qWXkrmVhiF2ksofpalxN0tivUFUqgWmNCsBDMnsj5FwYsi5RDC9V3Myat/VOSIoWx+N4DqV02XKgGssHG8IHTyPFgYTukzUsKpA3E9Tl5zpCNu4RoHcdnT9TYR8vFvDjP03v/5+V8zRhSthoE2WqMJ7YcgoYNbVRmPnOS7xejEyR+dCrOOtNbGjE1LdTCskeHJ91FqZLRzjhg1wFRbG2AMp2dqGuESeLtPLVQJiFvU81YDk+cYGJzpt3dfSDS6uiL5Tr/vC3RoXEmHR3DKog7P1fQzlHzp00dGinwQGbJdlktqnqO98iTC49a3uzHz7JZpB1wfb0cv3dJPdaN2YsRcOemEkJeu6Zom5WCGOM9acDQJCXWrizoNodHul62JgdQqf7kYRFy8x2VTkwj7czGenx94c52im3m+BBgHsNBaNOzuiie1/2NNUtnT002mmgQziGceBUHYjVSzDSHyMRBs1FWLLlOCrRm801UImt2AsaOuGLhKYyLy672+M9jt1vEcCLyJlEZPfBRwMuRijBlCGlK4AfOzCmVuvTXJK/v2G6NUkWQwGYPpeXvZEPA6U2GirYQpzlZ3GwBtNeRbVQUYUu5S/1LdlkULlFH+LOEddg7PPMkgPErUwET6GmE54j8y+PP8dL/Vb3UNKZu1BiLzrV9lKW2M7UEkmmIkkbIW9rQ/IlitbVcJsV5MqmVMZmjvzox9JHqkadDCOlHvGdWvfkikVyxxxwmZOc3MUFy6ICNJqTbIfN+Xg5O2rjJxu5sR2oGxYZmZ6fM28+nKiGe9krS0RcAKibdfQZRbRAn97NAvRZhht/yjrR0GYwHK8/xoUqVvhJjz2B2wMT3FSBD1+SwNP9DTAnc3MoyOYkx3mZJRFbuNboFsTXxn5wQYCUM4xuBIbgPcffUKjVhdDkMLMMRI1ChPjzTJKZmy5MkjyXzcgdkMpZ0QMTUQYwDunWLg877DUQaZekMlYaRUKX++xQBzTp7IIZg27qETKG4I0tdSnEaZbDTBHp6kITniIofSpysJgURTyQLSd7QR8Uht4jI20d1lLgAh2yuw2YMx5Razkvkx0SX41tvzPbpYQRVd4lsrPOveMLOuS7OYlpqpJYiMgS0pAmWb4H0T2BmtWiNMALb3sbe4x0LICGquw7NeEP5niJInOFAlhPpVlvMuLHpmaXxtJiPy/AD89Ftjtq90bLvGROeVYjtw+SbmkC5Z75wjoQem8sQC4m6Sm/1digLtlVloZjoZWk4SWgJfBukkuYvk8zzveOmZos3+XkTkW79aMdk9TFoOoKO1G950iu7sgWQyuiqfQ/K3i17FXIoJsgDSSrOp7u5/nn8wjDhkvPVR0Pq8vxEn81R9dKMzeKTXUfXOy5qalYk8ntxZx8auSnpRk1lvgP6nSPo9xUGmNwldmAkZg/+fq3ddkmTpjcTcgcg+q7eVSJFLvTm3KwDohzuy+uMYzZY7nNNdlRkXwOEX9C4AAR6SujIy8rQgF+tie4A8TxihM2gVR0VrnsUvFvJQ62SaZIu+pXrehZYWiwxn7NV0ZQctZHB4zhOynQzUrOq/OY1aB92MuPeTmaQwqfcMHAEN+uhOG1y2ilpU4QV2kFtfO+3AF16fwO36eR6ui/HM1FCCm4iUJjjP0zXP84MlGBM454ecqjtiyQUaDkDGTD5SV3Pa7eLtqrohBWIcZdVob6NLuHfm0UQn47z8Kq9Wj9XzfV9jj1kzdnVP1mheaV8pOyVqpsmBMznGINEsCwEA5OqJmUmNuOIgIhXVI0WeK94DcBPSPBwl2e3oER1Hjd7wTA2KBLpkdyn8TNAVDO9yJwpfJevJJFSyZpehZ4mQlxktmlcMZqp0QbxT/PgLgmvvkLWYsmg8ugfl8PKt95yaID2BFTN6VjrMlfnHrxrN6h8tL7dj8JIDQHyPVrWueiXrJqXiYraJs4XRFVomP3c9K04kY52EI6SVrFUTHowtfTKSkRmnVpSvJqwGkdkoEIFU/1XdSoGyrrputwja4m1C51j3AFMYRhCs66Hye0Opjy5HFpdE2wgdGjE7xQT8KyDXUM5HNnQe8Ji0DHCDq8THUSVopmrVpekVUlw5B8iHTuTtD8IDJKfZESK0ihI1wljyxZYamJ9zumq6Ulc4AoruVIsjEb/Xg8HB7q6+/4qLLj7ly7Kw0FWDA7UMMzZZCsDaCD3DeysiPv3Jx63VOxzSwrYEMMIDgrQPTLw0FJ+xbxgklw8ugldPt7ixXXe68zxL/ohPf+w4M8CXVUB0YbXLT6bawlbohfE7w+5Sbd7+5MnMRwtPkRzqnoQVjGK8deenuClWL22/DN2z/NZLc5JuFLc3BbgEFy1E7WFJ0nAyaclsn3MEbUs/oe2zP0wlmKxImJmfrjj2+5TCY6oyxBy3WuUP6oLCWEfbhYlM0VTOGBKtwZzn2bnycOY5h8OMEB1KnzAzZ5DnvByaHVCJBKlFG9W20BS4LE6qQHBpgnvm3tK5Z5IfFH7jSydeN1GAq/MusaqB53nqihPsi+aPsgdfKYxLRxNh9YFzceoGNGnoW0I8BtGmGoeoJFVXPtO50gb6zAmzb1ZRV/WOexV9WjMzbOyRHpHAtlFSw03NoGY8tyUZuuR7ppnMYx+2QaXIl5EOU/EYdUKVE4MRVfqaIpfJS6MIJA8YM0QoDS7u/Ug7YoQTHudwKQ7eVYZc3npeo8piRpiO2t29RNK40gbl0UD03jtQoKakAyjHZQCkUuV0HeKdrADoec7PAjQNjDRYJZJJCCuu27dHcp+jU1nFFzBra69dp9lGZ0YoEVa/UXWgs1NnSfYmSXCGKvCq8jwzOIog5eSWs/feiAPlsMl+xxbiyDyU2pUpPDwPa0o8lVwvRwCBxIBI9Vutcztj0IPOs+qHMehIsqfMCrIJhkdBUj9oijM1z/lhHpAM9CLJY0KMScapscgMQHOSaEq07qKIoW8ysyJUkmCEeiSJmp6xsTBTc3mPCX/y0XxLHej9fKY7/+3//beZec4R5BGhbQOJwYOR59FX6u7I4M5edpr3xi2KC2MUQB7uXNR+ht2zkhC+tbWvIo8stj82isQIzUs15c4ue5s8z6M+QeWaTni54jTQGPVjjclFJZTa14vZBUPzk1sVQgq619JUaqMW08Er1/34zMhKPl9SHrZoqiUSvsXZTvlAUrRQbNjD7E7TYtun6sv7nelVv1ZxcoKabmleROTBzDznGdR0W8Exwz9TyqkGmZHHdRvj+BtFOD1ShYi+r5oiaAZmz4HZwxt/6gnz9W5/IthVXKElzKRTxWIK/5Omog8sZcjM+3sXB9msHuj+bGas6kffJORP3N2tK9Cf50z3rQsmbUGWwAhMyTiarWIr7PCtk/pKKhc+nw92YlzLOpRvaW+TP+P+d2k12MtmGHJhc03n3pqMOFXVU0vtUVMi/l0SIjeR5Gh8Ql2crfxkg5Vk5tfCfgvcI+Ax06Yuy2JzZ5Enul5WBcF5zqMQb9lMqf0rq/jxMvrbvgkT4oxvVyaIWRu07keLVw9f02M9Vd0gVdV27rJJ3LuPvAbsz7t2z559cAu4eKuFbXgwdmDgKm27V00FCF3KGccwal4SjMyj9+hnp5bpc+3UtXNytC1F4g+7dmYGtedsWBqk76JJiic1+hSRz3mZ+AUvlSHyOa+xtfa89jWA6YIkBNJdBPcDaCc6dF2nnHleEWCc5+iRifssynCbP+BPFRFvdRURklJaiy2+1cI0QU53nDdhhDoEalwwxfINSzuo+8TR1773Su4X/KMn0PxjvA3G5RHGLm/6nASGUgumF6oWw63S95rAzKBxMkEQKHPWEMzR5Kf3kQAAIABJREFUeFvoTz69vpDnPHWv1lKEFnLY8McGpz7rtGdjOS8q+nU6zUzG0dW0gomvGmlmuisVVp/hoh+MCOEa5zya+WPbuVxw/DmPWFpCgVXx+KBLkRpEKJg/FKGjlQ8zZ/V54dgAfzbPvKm3manaKk+q9Zp+Y401Lno59RyzYg/ApmJpRJB3AznvUxrDdbGUFlcCurOW/ico6vP5TOPn50flrzzxG84f0oGqG4qwikHLlbbVcfk7Myrd/DT8kYYRXR2JMN8toMSHMbvTMDFwztlppvHKmRFnHABPTrcyeGv5vHpBqH7Oqc18urcef05xHMYc5hnKHqpHFpknn4U8wmIxwFcnnYK3Zb1JPTpqjMNCxy0ys+abLrOHPLpLrH+4PCCX+8ktiHV3kKx7Y5t2VfZVxZN/IhnHqjwfH/BNNGaTAV/U28w+kdCZM/gTVIStF9RlMfOs9ccf7cJy4fn98GYL6ofc+4nlrNxPRTAyhS9oeCAv415CsR4YPBDqlCCyoSL+BU93oueRKunBrRqqCX/C7p7uc05veFJ80z75c56tVYQSDUNhTin4Vje93wXDdHKlEcxCeOvR995N79NwofKaAJiX2neaEU5uABt9zg+7Tx5lzyD48zyzJjmqxr88SvOd0d2/dUNz0fl+jO0zqTs6ELdu2zT8rwpXsxPxHHUIHIDDicizoV/6OYI33h/eBayFva+teQ9GLPM3z1kP33y6WyjGKPHPtmfd3feqjLTT0ezcaxrSHc5ooQk00RjAD3YABp5MDQABZDgNSFhmY3xezRBQ+arplfPbsGvjVYUCAE5G5vncjsh7Pz+bpVx1I/jyMd8GQUZSIK7aCjnndM/oW5yqEuT65R37Im2YNCCW63i0EgvZgPfzYfA9n2eZepExdiqTogWauM9UrhHdjCaxbx0eL6wjjuSbb/Hu4rfC0ebX/3rW1UpnYAuUXBQbplrgXXsz8/n8/vz8qK/WThxz5PPvo8tM2fY6whoxI49Kmq1nvvxUW0wQf1RQFJPjZVctMKrV5c+zPVHaMhcQ1yr9kzVi+HbNNRg5GWIncNQdra/We7/8udrEkmmKjiZhgK17dAj/ecI8KlVjxyQjc8I/dZdyOAVwmzvG77cLu4zG9rTlmMfWbjqzAFAsJ8Pv1JSsPUb3uelZPc+Ta3WiOmcLP58++lHHx5GnixHhYMkZESBUWqRtWMyj3yrIJhVbJ4CyeIUPIi4NzlS2nrAnEIIxXM3NXjNm6kQQ6qTMMpzZoResstKJii+4A6wcfGxyq2hNdSXmDldVZIIdEagWWKweU1xvT9N1Nag+6SZd1/UqOfQEu1sZhH4CrVvJigQAJqKtbcu7mMfvDKJY6cz8fD69IWG9edRbXfxVdOmOE6nFvHLVWvoHsRDHe23NZpJxKefvWnV1sGMJ8q0VvxUC9sacmaGpgFgaL5TGLJoGKF+HnpKXYWaeNM1W1V1G3ntfMneVH7UXpn6gPt7YVQMYvR2YWfK9Hxv4eRLr9qNd8fPzI8+695Zfu+zvNtfgYU8e87jH98XpFmvYtfQCbmoZBbtlRPx9/kpz4KLD9r3ckTaAfI5Nq2xvMBEiVxm3Ufcx6tZbw9RvHsm78d+3pleZq4P5WzDg25KMK40MriDsGu2hEWFSNhscKIPnXXhaq1K9fleCzixoy/dbI2HPr3eP+PP4dPO3//qLANoRg/FK22GqPene6ZHs6TZ1QZpmYYYkt2dyOT2zI2iAqycGECEPZAhYn1c1+VWkWckx4c0/2x3ow+uckaBEn/Mw9R7H6txQcDe/q024ykTG1RhgEwf/DETfRmDem1T/rQgxwkakEO3u8/No8JCPDvyWCWRjImRZHYO+93oC84c5U7Ko2+siIuqa2M5NFhL7ScDsKJs2s6rQ8nrGnz49NfqNeB++7aFUj82MNW2cmTEpbdG42UYbg+ecsahLgL7XVZ4UWngixW2aaqDVenwXjFShctnNPOfoQIo8M133YhVjeuszFaCcBRAJvlk7uvy9GYViLQiMNTDXRsulguGtPP92ZPKzUe20d9y7LIObEvSCGC+yFErXA/P4eEkD0ZlMT+spvXu4wZre2qwQxkKPWRr1PI8MeJ7nIZn//l//nnHQmhjXrQ8HM+ambmAOa4DBOU/PBlW9d4YHUVKS2ls/IsQop3AzQdKDjPNkal5EODNS/2/fYvDkERdPg9Z5f/Ka6wBQUKmwlgiekwJ3xgEBetb9PM9cxVupJXOqkvCkMVj08o/ZM8nzLFgcwHQFcT+/QmNncM6T5ji3QkVhfhTEGlOGgVbDyyP2chwCc84plHUeuRXbHhGjK4FKV9c8qUVhGHYkB8KJMjfUt8spcz3zeGgJkn0174F8UYPhYW/b2ELjrSH6WrNz721+tbcA5LSjJiA0xYUkmfZTkuMjjFPSXMywVR92NvhKZmrWwpgM4kT4b3xRBSSSWHRbWhxNbUU3tqNQipFXEaE2tUlQqX0MHlLM6Jcb2Ceyq8wjAGuqZ3oYefQPxv4MmuJWd2c8vgrpMRgzeibPqe7qT57lMEop4jgsRmr9x1W5A3YZfRYbxe2+jq2Nq53pu4VIghMT5wi5rHtnoefX1TzCq+4kgbkzNRVgZKDkKyNILmj6ExgsjLOBoIvzj22hC1MjTQlyQomOz3OY7HGs8ZMnGExlOvQWMWcbTqpwB+b2MDIybhXogerM2AlQBWvmdayuanyP5f40aZy3mJ4WuXJ8MWGGVR/4EDSoEcrdWjxJ26u7FHx9pFJHgNzGlQNEhuj42mUii0FAD1ysDEwej61cNdKo6hHHP0K8yOMyMWZGuLnKUE0q3/1e3ZEhrEPHWk8j2L7Os7uRcfI0OVyDaq6O2OyuLV1mMiMz4k+Ly8yGIhYDZFMYisau/f6Xny7NmGhvzSQ1eCthtt148vH66yYshx8gTHqG6LAqM9QP59f5acB+fkyK1EykVeMFbxViwkQzTA16EagB+osOu6gFGd7ptwSOJDGDL3Dg0g1EK1cGq1RYdw6vJZjkxli2do1Cz0SRyoO1EFRvMKFifqrKJkE9api1eO9UZNjDMfNW1ecTCva8l+EMg/2MOi139oI551klkNwcdad76BV+veNlI96x835mPYssNEZ/rTCefLSIST1Wx+ECEvJfvdmxCUb2FERXAAnee2ev5FHazXA7DDNGWjGw1UwtHklSZGxNNTNukhkRJyIlXO3erFos8ViFJg3jblmmxX9TFO/uTBbs7aODLvFnnZC6s7rnPI+OGG2rRvQAxDpTzZusSNp/WWPyx24SAndII7OK1iDQGdTZUh6kIfNMTb48A5mVMyLyGiOcUJDPPtNeKOf9k5ForHuhgSEx0cAJxLQ5Y1AFqYpCrZZ955y+cO8dtgpEAhNAoK8G9mpBVX1O3c+Ve4/oUqR2+mj8H5FUyp9YlxrcNeiEG38DTCBkPyIWN0Wr8fiQ5ZfLrlkSqIkJ1o9yGMhzsOCXwI5kluepcxCQt9I2W1VO7FBryggpKoQ89ZXpCk/mrTsmfymrIErLPo9vVvntOiPxCVCcj7dm01ZX3Jxw+Fy3hCaefDJTSWgq6F6ly3yhlu6uqQlGnp8Z27LQTNh+cxcNIjZPPobpgZm+tUN0yohshzpuMNKHLfD7+6lBnlRV4FORoYrfLS4acPS62u/nHDLu768MHh+Fvo4C4gwj3moGQg8/8OkraCYzdZWE1oB60F5GeYAiPoSsL8U85YnHrvKwY4/MG3tKI8BBy2rJSBaZzzM93VNd4YZT4wOhP2ezDULNS3Ca0zMxCBdkwRnBnuErHirbtJaEm3ZdElci2p1QloZSIedryLjWSR0alFadPMqLuvUxAN0q59EzP+efRg/QnqGr/YZdIhkwZdKUkVsFVUK+3DBf+ohmGM0dbHLtbXuutrk2qF2VHc8QXXcof1Rpv0YG1nIFmUHfev9bMjLz3g9JiJ8eKt0TX9MPTS6P6s/uiQxkxASokPk3O64lnQEm83EHOyodjdoICAtAvDfpmHv6yPIs7YI0M9W3uxnxub+McOTVtu7NrinhYTryBf6+iY76PFt1Flw8vGpdySfE9BzvL0e7994LmTySXFK3UhBI7eFZK5JegqEWX4/1r+QJZ3R8LZgy8061YifgwYM66BOHYA/OSXnBawUOO0/KqCQw0x08GPG8nStOhRvJxvN2MN7rRy1h7MSJf9zhKHjc45MTke2TyqYoa0MfvbjMs7Dyp5Wf+UAgvt23pgRGm4Q+v/WRovot+XSKaLxIYjQ3khlBRMaDUQ0iu1fViiKBiaxThcbX03JKKjRVF2gxl9U8mBr/jnjR1bYvE2lDxAi157PW4STy6C2bSR1+dEOy0Eyj6ZlSV89fo3kpEd+nL31ez7qya6iPwMztTy/MCnOGxH5Dt2wCkuupEuuNoP/vBIZ4FNsFnOQylO3df84DWDGQmVMTcJ2s8/mdEMwMnPq2nhvv/rmVEdb9eCKA97/i4kQSH41tQ/5lPk3LAnQVNHbws5AKR1LijO6x5FeUdjOWTns/hibWsatFG/BEBjmFk6frKk4AO5zbZ05IVY45q0sTU+feTqYzPmjDE9XMpmchezAeknlMpfjMMteH9rZWzyAUNlTjqQW2Lo8r8PqTTRWfLq33T92IZzg9skdPkrKsyXPEAc/YQMc/B+6d273U/3BHqQ8mFxQA/1oPL0VrAX3xNUqhpGC1Jdx7BykoDneu2r/SecKMPF1KH2yShdLbbp2rGdV30CeOHwhMqYw/5jmzDInvVBhv4eMA2yM6cRCbJE9Gq5oFmMaIMqOmB1MlS14+P0ciM92UT+b6B0DTPBf+0yIlJDPzgeoTE73Hdf5LS91hgN5vbwEz6zysNb/MLwgVCl0wmiUfETmSspczaboZ/P182q9zzs8DDEcXSezkDEbJBYzQD0xHU0mdwH2zMXmsCItktxzGKW6fHCmD0V3VBVtFgAxGDtih3m2qCgzXNi04DdvLUKYLtGtL2IZOB9PUwhgJ8NCuRApZ0bmnrnavVxFHtscUj0caJPnxuqeIaikO/d1V/g1jxgLWwdfGXPtO70KlskCafJ7ZOsG/t3u6EcyjAmZ1RWMUnhmlmk/OZhGq1clQ4oT8TfM4jXjwDvuz7oyt7Asaw0f49jCD5CJ5azTpP5HcchRipOmUBSWWRUScU42I7LmeC42jYmyqpdU+hgq62xWpp0aJQTWCyR0uFvCpOnmC+X/++zf/47/+I8jn+b/u51aXRG6aZc1MRmbm1fRyqRzT85JcKJcm3RWi4bqTItdJDUHsM83MXgM4kkYTZO75VjbgrQ9eKda8xHmDZds+mTlOsgdii+vfz0x/PkGe4wGaIJ6xlNXkYufbuXzXNxIarnCwbzsUHsAiAvr8PQJ0jtiIOyWrt5DSDog/POJju89+VV3vQSmh3Eg0VIItJVkSS1eQ5Dtd3gm8itdrYUeclEOOrudgiIwXwbo3bGq9UlkzBGUnvePEiMgY2opkVrLgwy4CvoJ91uugpDluirhB5iFCAWu6xhS7R3PHLFs7Qj/XJ6r7CsxqT37wd7jtFl1Ije1EzJ7ITIVOv/iq2J37AnfO+d49ZPVkppCC2MRF/Rz5qUWYla/f5X54Ok7ee5tQTgl3xKoXp8HD8WMZOkvDVenzPLaloxd2d2u8rys7ItvIfBw9cpNu+PncjE0RfE5EMOKfjCBbaiaGSpvn+ckgwHO8zqF2N0IIkKHanog4Psg0TfWU2A9xJsif8yAS5JEIrtXjKzAzGbTjmx4DMgVHbmEUCip0PWMK0ufzeV/FzLT2WljGNWMfZ/1MLmdq5k0HMboKLKo2yEg7P4JVXS0mrzfw3qp7qVe//BoV5xY/j374vyw2/RHm1ean/MRCSJ7wdd97C4OgJvD3XjEQ9SRV1ji6IJPkurDEOafEpo+xb2FrJuqcGB1pGjt97gUJathms/Jzjk5greqTrrdSlAP6F9WIbmyZD/+0AiOMCnO7Xt4KTVr5Mv0hK4Z9narsAUQegDozhYZwXTJ1Ffh2yFTedfd4tUvL7DhenzZeGoGM87d8BED8S+KFbLsgBy3GoDCo+oj9975irS7SJb54Oi+9zmz6PRiFxEnZ8x4XWn/bPLBLNZw0H3aNIxmMc45j7XvuvWI30Odbn3PMdBNVJ8283oaqyXie597PzPh0YhpH0AQSHYao6r0jznliGW16rSO0ptdElSSOJlLP87zCCPcw+KrFde12t/gSAtG2QdKZBuylMEt1JFldW7t/zfS+A7AlQL23Hv6sIn1Bfd9ypTZSSMwYx9U/NlJPAHP7A+DEOef4cKCDW3rmnzwkz4mZts9yvtkV4d+hiyag56BdD3wP5/ymiMTWMxXPQVAEHHeDXpxyX2G5Ptb78Xhb4Ps7OJAju9admBLC0AFg8KS+kT+hIZ49MzNPilRFS/jDpZctKaSi8B7ZbI/3xgTVMQYliqQRDx+qLjK/DDVxsva89Sw5M78EDRf2eFMZIyJXMq88SOxieH9Ud9+uiIjMESNPr/gcAXYwCWgUiZHncPhbV83pk4/0pjsHxJZrfhTYtQrZUvv/uHrwAVZfMssBVP/pJVRYqcNknqCRZ+4XjnD2ieThA4qp2q3AQO2uCcR2ayHYC/sTsNwlu10LY5TRSt1eQSr2mc+MAlEIJ6a41qlSXR1qjKSzLDFO3NbqA+vmra0/uxv9nduRDoJKp3qge669ttDdSzrqXDUJtjvVE62+Au8KqhAs3FFDofowIkKt4h/xhNWdmqT62QRInYSZibT5HszpU33y5dQLKY5jPTuAJc5vqbD//lW2nZOEQIHzEjOn3/LTP5NLt9lTWkPl3WuqTrvClIv3rHMDLENRrjexL8fqCARUvh7AWEVN6aXE/qkqGbBEhJK3xD72PkqS6f/rH15wAseBRpgFr9IGLDODGjF5GRGfz+97DwLjMWf7VtqHecYGaClMiaQHh4tO/fz82Gj4q6aF7GXcC4zmzw17IdjGCmvR8J5yM7BIfbuA/usotfpLwXGzdC4QmRHhed45597f71rF91PJIefkOeeoqXwdh4B3lOsryiinqL7wq7HfSOhjp96pPqqcTEjqLngxAt3mgs7fc+CdiOh8gMt/u0K/CQrcP+30CL2dWA6bFA9C/tdSbJVPOhtflwwiVOYtOUbzl/OXlfl1Hdk/5J+zXfJKfRJxs6aErsYr5hZdRkBiHMDue3pGI3+bHrBjXdp0nszKiHvPSE8IOKQJm+pwM5OD8DGtbb/RBVLLWY36x5VBF5FsFDQMSFmxzXv7V/WMAzs8cF2VidZw2KTupXrsFNeEU61o+f7NGse+ZEZLfNQCK44mrMoqEp7kM/AH2NWiYga52TNdEQbWw6es+JwZrvfieZ43NJumnQrZAEzrON09Y1gzNj+g6qv51mrX1oPfeGwx7Op6p43m235rlVWg6t6ZGQ2238347m6f+H+uRaxNwhaZI0PCQPSMPRhEDPJRFm9dsQ0j3/P2fYwRqwjfb6qdq2JY5pMI62YUIt0GdvVeTVJ5Z/ZKGUkHbFjsODPJmDHPOoPnnAno3HNQ3mIXLwnsPX/0YdQrcR0I33ImTWVmrVum+1PBlVblDgmdV+o4RhjxzK2r4Fy9u3N+ZuZkEqnEyvft/I818LZgeu7vzbgy1701F5taBioAtBwvCVNb9nRS9rXXkpWm/a5/L93xleqAnDc7cJuCd8X+/cut00yUHxlyTuuulxODXzd21ttTfc85GQ8ZmkC/65nLsofvkSCa35LZh+TUhGgx9D73f0icTBINvvcdKVeO4B+nE33ys26BWsq6fzNz/uwynSShfiBSy68wAZ5zYFuDEVr3YhGGMXcO069WD9Pdz3m0DqtqaiL5+/snZ7S7e8O/F3uMk9L+YteM3MbcLI+sGld2oKcUw8h4j+udPb7I8BqgdTIHkKJ0DRaiFwvinhXP8/zWp+3RT0ExO4VEr7oR/IIJ/6Oi0HGVyaFvjZ6BMRy57Og36idM5tHHUY2qvfC591bBcejz7qMr6x1SDnKNjkhwbWP1YnrTff4M1DOOZlIj6VXE3jLEuM7snSFce3sekWb61eL3YN6ZVcyMRu+9d5J2gS/01WqHImBn8hxaYyo4rr/TAbEGQSE44ocZSfj9CDvN//r//nd3153qxvCcR19ET1QwJQJWPenjYpHfGFlU76HTmU9V2/5WmDiFzd3uGg6gMPHp+5ku+Q5GRo+kpqy6rv/OSZ6Tx+N1VaLAyae7Mh8xwXv63k8PahrTPz/nsdd+ZTB4MHNraTvq5xklDDQmmE8+M5DMNsIenQpDrjbf4eQZzDkZz8nMQbmlyXR4NSCSKQE55AJi22lsN2rHygJJnV1JhgwlM05E9r0Bnnx0HwBgTNvmQnGCKab8TvJ5b/VejT8nX+o3gB48Pz8Wmaq8zai6y3YRYdyB3t03KUGpnLnK41klpk5IzJhxSFZXvjyWVohfbk8FsUIIr7yj6QlHpRumX9vxCGqYr/ZLD1zs0KoC+nlOZsz0iQhFiXYhQt3soGnKQwFz+06LBZAztRxB+yh0FxbkJXH7irnAP9LvamXHgxFiZm3aIWaavfS3tFyx77X2LaI3AYID+YcyMN9M4Ixzum/VPZpYzB00GeccdwyBRtMei0MuJ0TbDi2n0k+5FE5DO/P7uSp5jTLAaU5vHBNJQAy4IePJJ8jpxvRzjnCyz/0A8IGuFppESBelfzvTmn2ZDfTWExH5PI9Oy48P3Mg3pz1OkOvzqwuG+QgJBz2EOxjxdd7Rma9uDpxRrI4UNe3C1FKn6szoko7PU7SZAWrNjxxoccUyUN2ZYIR8UWhLUHnDqGZGRFR9LJCanmBNcXy1v0alpSxxX34TJzAK/xz1NmpdVMZ9S14ZmeyllZkwQ4cyvDyRRPSVmHpes8YJ+gBmk/jn59HFEycDQeDeIuMwOWr26MIXxMzJB41BC4kOni+2H+c8mec4NSAIQGqzMpPFZUTVZzYzIEJk/7V13GIrFrf1OSlSPkyUm0GzQR9X50S76kjImg/0mYmZ2yHCCLjSaeQ5eaR16+57MjWcTf3VN0I5zcH3NJyy1qkqMW210IDpLp4IMEKRLYXpdGMXREgneK/G2A0IpnE1pqycaQcsu4wToiKvzMWodfbnOZZU738AMqxZIX3WTU1F6taaey8jdXp87m2M0lM5yHhqygSE8wPJfQbnUIfeLV1VegqS3BVWXVvLjDD8QpgcEFvxRnrytCW+SjSFhr2tqb5R0qbP4oQGyJeOQJ7kxkZhpWVq4GeUrkHOFprP82AHPNx/1LIxVam9svFBSzgD7abWlKsEiBgQbxArlRgEUnjsz88PgeQR48Mt6FRmZPB+rO8DJaMc0dnElp5pAdx5nogkUoSl5zw0qWIiCYPmEZGFhqnEYaFeBF0vNmnXlxll+UQwH9HQdgC2O21ckspfZUcUGWcG7TQ2ra243cp68Z5tMPipX/9lHIkP6cRUNZPZNXEeFehCvB3J2DOcXtu6sd0QYBbtY9Rr9iwgZ9A9YuDCw7DoQZ7AjLgJovV111S5ggxVhn77TAnUQvkcOkJjd5wqbTngvQPmRgUBJ4WolVljGYbaA92Sd0RziqAEHlLxOMoLbWJE3/LNPOwWQbherLOqejrzIW3moBfaXbpK1TLfNwPt59GsiczZoQYz25OvkpIAPQblyZ/nJ8h0bw+VHCnUd8z51JWX53y61KIXCoGTp2fU75n1vuYFOskVHkiMbKZ+nh8YNJH6MOS5HBl+pAuNyYKPAPnN5BBAFCeDOdOYaZQl8EDPVZP5+Xzk8wvPLCBur0Qq7xQL8J51SyiCWExPs8EIWftPjz0vYJ1NMKbFwBLDUoWZllSQ4SiRKg3LMXFHBvtqHY9uDQF1t27Yl8lr0MscrFu369b9eQ75pcBOFxAzKpU1/eI5P1VXTsQBmfKX6oQnz4uT/fz85Ek5OJOsz6duBSMye6S7wgBPEmOsrCV/UQdIyIhZ8+FwfJjuXYeghkaGizIIpo+IzKd7gHmep9CRec5PdccGA4619tZvCgfaGqAzo5f8SNIEo+nQFiQaRUIWTDMgA8rUSYNB70za/8vrIs2gYte6Kbt0wSarp0EPZkzkjYyIUicwusdBQgCrNIL6yH7jWitMgOlze6nWM8/zzy3lIrC70g4DEhQYJL31wRavhm+aM4jUskRmTkxNoYZA12dMf7ZxuZBfBl81mD4e0UGgefIRIGiOi/lVCwHDg2FG3ilmaJmRh8TzOCWY5PMcQPCWB3Xb6Hs1gJ0ZqvdUD3Nxxm5IyQT2zgqjgR4cchFR1FUP9TCy61IAaASJw9Ds0E/LIJRqtl54cVrDqYmZaXZYpVfip2t+oDKgMarhPFslTT3Vp2mcOGqwHP4sL1hERgbzfmpQofAggUzdjeopneHqDd0wcsQrhuJ/d5YDWYucBEa5aHjzqDaEqa/FNwDE6Q5S1LRzfu79he0WDO+e50crufFOOs2k9v17sq7sWzEzYNy6AiK4o005P1T1k4eImVKejdutCOrDMGK5Gtp9t/WclQc2914i52/+Fjnz9dfyHzIy1U6BPM8jzUdvOfeW69q+9rIIHREhnQ0Mp5hNtdvftVDayBFom4Rr72ccDLrgk18kVHajx7HDhv8Eqs5M69rzUZOj3FyNughUTcmfKlSM6DaA5KjEoM/5kYDrnCNirboSU8qYdaupy2vU6Xe1xg3MrC2IoSnCiTfbssaGyWHzK962NDkxGjIOcE5EPpqW9c6WqgvxnrENhx9E8JAI8jmnZgzvMKDRnfqaYY9j233ZBfkSpNTMQudPzWBI191jFV5zmHgiOZgCyHPOna4ySqJQKIEqLVLs5nuzNUDyH30q7qxo9vvM6gu36xfhMvX7DXkLU9VxNTPs5zkzCKEobTGm7uj0LIrMQAPNtwQdOziZQaWPs6MBX0y6F/TbhbmOyyBgnJEgAAAgAElEQVRKz81AL6WaPdzYEuJNRAPsuUJGnoyqskpGI1pO9b2643gkJq2WR+VBUje+Nja8bwSEDEz32Ybr9UYb2QnkCek2VIxFZlYVhYaLVgWqHqjpo4EEPfYm0TSQMjOZMT2okveqFIfONxuA0R5b5ialUYS2zGQoySFcz1aroihzIGKA4ejQsBk+KYqeekaOChWe82ACYI9hGXJrCTWtAyyidbukSoxIBBXrq+7G/aZ4kBnocf24bmDLztTdmjMoKOxrRzrfupEkwkhFaRZGKkguXyVJd2uHegNyqkpK+mGLJZeprDWcfE6emsvAcUopZgY2pXTPOKPPLWwce7/rinxdebuFh/PI7uTWhxvqMJhAErQ1KxjgOVn9MVG+8Pv76aruzv/n3//vGRMGVGjeKsyIkQrgXslmj44/7mRGmxBrwqj9ttyfiXfSGImIv775XD9QlWW6m8V/VpoE3gFjN0ANXSNQ13dq1ZW8CYBizYQqeNBHtYmh6YIKF2/hCCFumq9pvKaJXACpkaa+2gZ7ulklCdwqHRhCRiZyys3Pl4XRlZHmtZmW5lJrZl7mLPf5CFZYH1KjmwNfovgyOABxIvxNrFkbDUXOMSLx+eRxXR6r4JrxYVjaJe0Fd87hcPoO8Dw/On97JDJ4Iqn6zQ/OgUj6DKDs3tpAUlWfc+IcOKy7jqtkcUkEYH0ZT2qWuitIFRmzYrF0foufBhVe19iye8LWgfJ5DFEwqj7BiPOqZ7xKVbJrrd57NaGVrxxGnphat2Ic63WJekB/NrLRh8ENkImTahzk3Vbdkdn9DdRVgndV3bp7XQnYErNP0kW1cGdm7v0YpCMjoqoesX6o2saHV0spmdkzVRVgS3g7xXVgn5kxDuU1+Udv/i/EBABTBfJzC/CEE6Mw8y/V9EopWV6E51j5xRO3istSITmtqbnGy5R6TutQbbmW5b13SguLvY6l3cO1WvIQKMLkylAPXzM85/huHmQ+I/bBBo6FLB+EWc7capF7++XiOWBxSN66EUtnlm2lPYUFhna3qhBLau/nBqgL1Te3mH10X5HpLAQ1GFzpQHdnxLOcYphkXaQnIfkqLbvNt7BuQB9vqirP45KdrOl8TujKk6chEIw3A43kyQdLyl7l03zPhGkKYmT4vYv1YOqtOLwXWA/HiIhz8gfUwV7YHIKwMV11yXpYduea6Gg+ioj4rTsER45n0paz6j75RMSV6mWYjOoyLfdFlt0cLmVmhmHGsXhD56T4d+ekPCIpv7vUFDPGwYapochLm7KiRSof2fgOZ+bnGJ10hbZniPwN3rSxWTHpz6IM/P7RqlZSkdlbYvTsqf7ymkftU2S6ROL3bE9nIzlGMjNT63mtt0gGs6pWFe2xcHf9/v6GXSPUwpjDlXGqCpLDz4CpFE61XpmG47Hf5/1eocyD3aFLLPAUIs/RX8bfG1yExC0StM6FzEpGHSczjubzmXm8zhGKWfOcT1NhEknCCNdbFnszqgJZWLkkA4LIeXrIcpv9+ecf0S1/np8Bj7yk7PuIPCHRidaG7uWeFnQnboEcMPWg5J+R6+a0gJ3bdR3H443LiLzd8IHWsZrNz+fTmOfYc3zenKfzqOmC6SeK/g7dI2EqXP7WxR+6k+avmhwk43Nv5hm/kYzI+/kdde+ByHM/X+HtVKtYfO9rOcWdPLVQBXqUWpSZXWZQ7rFpgKF9X/gUwOpCmOJOLjQJLHNWTSfOOY7D8fzZlBk5jR49wHFu4taTANDEk2dWnfbecbuZSHJW2K6hllugl8umDQV7icYyiYJrFtStesBxIFbGxMzc6erG1BYPGc4P+7amm68re5Cdta+4ZysK1dgqX3pmdI6dPLpTserD/nL6tNZYn8ttvwHTVBvOKNZVCANk8bkXsqSYMexFMvScZ6bv1ldQe7cJ4XqS9963po1lM0FQfWjSjT2u4crGkwN8rigvTTIaTx4NC9FGCUlWlZieZQL+LjBjvpzpE2fCDDIbhYXE2giip6uaCOE2/gkRhQ4ZknntqWchuAklQG9JQHssv/YFOsfwPmc/DanN2pQjGKhdmZdVd5yZOEnYD5eISOV2BsYEjuccdZm9TNv3sfsOeqPa4V4AQ7AtnHUfRrBtKUvIuIlWZrsIUapvX4HaJscAIKcJDu90X3HSQ2MzMsdPrKvqnKd2EtzdMq/Mdc/X0JH8k0JnWobuuzzPs68B7xZVM3wVKr6MJW0i9YO3SvejLENn2D3g3HsBvlRWred1ygJeK/BIKF8t+eRjBqBNLUa/RXe72Y47U59lCmPZtap/tP6109Pi/sjgtbP5e3t6MEy+JIkhKbdJbiGx962r6PF54l8HQO8iMpc+JYjTgI405BH7vXSL01Vx0KQveiVbailEz3WmVLM67krqcB1iCpWx4zOpiaS1j9upRV3bXyj4dCFITasOSWljAAL9RIpkPTMC1KoHHIEUgsI4VBBXRAok1ZA7zTNFRJr4glfxv/NLSD/te/ytqXRNChPHd65PJQdoP2bky5je7tX6kvd3rceUVoL+p2JzVgA8T1ocnUSwq0W2iIjFB2w8gJ7qaw9AB5nFu3gi4vO5JD9VVbao1c/0s+IQubeMX+s5RzGN+jm6Fro78yhwZfc7q2pZ9b6pSdYKqfFnBYvrfc7JOJnxPOe9j94L973vYkeD35tCf59m5Wu/v+fbfH+PMW0/CE/W9UCktGiS70Ba50lEeMxpnDYNrcS7/h20jbW27+7necJ5Raq0CIDHEZLvt0ju4sGe5IGZkfnYhhXJrKJ3W42gCQC/v79+isv9h6EhSGsibtl7DA6Dwe7asPGX6eMDord04YzVV8Bw6lNksNskkD24VqUxnscA9NBdxQE1veCqHuG9o9piC5iZ9y7eQg8pJbrG+LTOerV0+mWjvyHiPI9ODPUpsS0/ABnz9qoTIoKrQcGfLz5/vpTKA5IZ382i16qX8C7mNt3KccQIZOYT5z17I+Jkiqp75OAqqkG7BKVkx9Qy4YCvSnjcYgksFe1Sx0I/eb5GkXbyGQW9a+X/8/xg5mP762/uxVn8JyKW2z5NzL1KcRjI59yVA6Y1RMiTxHw+H1hfLdvbrqrF/V4RLReB0L6pn5+fVRUoJoRvs6zGbogIlRMlOarJ4sp3HPteZgbAhPm4ufSF94/5QmNSwHszYhVjjflV/TmeSEqB4cJiFtennrw3QmbagcOoujwn3CMD2AxCZobNr3attmhVGYv1vlS2QMiMCACe81RXLS6byVeZTdKmr5tbhjfJVZAU/Gl1Prw7Ou3nlgx57w8jzxP1R1Kvvfa5v3/ur4jIJbEJaBoAAWh+rN/Y6xisU5evJGexXI1VpPwQH8Ldvd6KayeNRd1VxTrZ5JFi+6V47cSPJCkGcf7bf/xbtyxMX+wsqitDlZBj+pyEsxQp6/D06ffI09GoSSA38VWHl6HVZsDVNPNwH5/uPn2j+ylV5fd+IPvvz33OOT8/oAgTbWRMY3yKF/n1OAqxTVsDwhlAScNCgatqpAWekXhTnqokT6T8YHVACMPVt6iqiBN5pqpvRR6R3GT08d7NgD5eiE3DL4tvr2krXpasEY7P06iWMwTKfOWtOIfTTikY0VdkGM05f9BDoWlv2vD4K5ppzYjCusBHSv9zdbCIc6phypKAaBJYVH3kUXunP/cKmOCMZMavRk/HmUTpdqRW+LC/tG6RmWmZv8NFc6+VGFSgwTc6Gwji3stVwFB2q498yaltKFRalYjy5VezqmspF9mJiJyB7eHufSERDzGm3LshIjHTG/00M27eiOmukAORRGoQLUtrLCJYa2LT07KqYOSebtO9ocERUgPI3UypEnKak1+bbDeUb0DgRDaqu9qOb51xkqyZz+cXZDDPWmVoLdl4gfk8TxO3PgrnKJHEdFgIjtfVa03ZCF1/zmGXpGos87zCkSEa6YVOpzds/GXGqckEEakzVLNrkgxkSrHR/Vu3Z57zY2aTnmkuEYYGBzXIHZH2MXBUGkQrSJ3xACJ7oFLgef7pLp5sOGsaiFZJBcvlVGpIHCUQh24UCrNhxVJTtkhkQ8yTB7MfVGE78MwgIgaTmQL4JufEEcUgFTljmsmBpJOOuEBXc1C3QnLdHjEpsFEz8ugIcEZ0bLnpDoYcyue9y/Kpkxm0faq4eBlHSi9d2HWLNvnHdMnb66QPq76F6bemGUQIZppoDZ7FA5czpkeB0JLuGSIhZgGa4ZnHrHJiW+tQw0f7JCIsyrPJFSQ0IU/kz3mS7tsBdGuRyssCe2YGFBY3Qca1xQHiiKJeeoY70Gf3jLNYggxpGmPmybPXd6dKQJjh5Xor2JRUM8onepzz0B6LYSYWeW9pQAWvH5sbyGkdruBHrHARQLubge7qmnsvxANqf0lsHJy7+mUDdLd5jqMc4OouBNpOzfz555/v8BtQ0fMv6FUAE92jBAt4dKJGTsBNaBo0GtpBMPc3MMpafhFStuCLl2ck0W4eyFFULZzTCHinoXgEdDrmLuSK49GL3K4mCNbc3jpySNmZiFVASnm7eJz0V+YTtLj2EcHUfU1kvI0Wh9o7TC/Rwzh5MgIIXVI9rZOHYDC1Sn9/rx5sTddczjznAURVZyn/iZyIT12IZxZLyKiaHin/Mr+qCzQxfH6e7r63mojFBDNzqlXpaS/7gYNWlQWkDqTexxaVmdueA/le1EFE9DqNkjiM8OhLbqQNYwpOSamaGYStmVo3YgSVpqzFmYfdRXnW6St3YzTO5FSdyHNCU0b90r4V4PM8s2JkHfgRlKazPXyNY8FZEOqUSIjsiET2AuUwsTRe4a5kGoZcxzDPzETkOXnvjZR3kLpp9hSJnzwBnjjEsiN1XoWpHju2OWV1WUREE8PJUGpuk0RGLEjg8nsi46gbn5ZCCwSma6bl3qPtWYqbLpDRdcNCqSuqCMBzTjI1IuP26vKknJkAa2TAJXShNV/BzgbsVAmRqztThv7jssiQhCbQKfBuvlAmxfDJk0BPlXhbyzwdmPDp6/Leq7u1Z9ScaKZafQHq/XZXVWU+1fM852WZYS0NX7bQMmHNOowI9Pw8BoeqLxknj/IbQIo/dOtmHqIj+Fs38uQrPN0Rjs69sTpmALP1QYZD1LfwLnmmHyJO7MB4v/v61yuZFpkh/td0hzvlUYakGku1VXULwPPzkDzxtNhFGUd2RtLySfWLxDA5QU5w0HNvChLatuPJE3FkW6x+WqXx1BBMisPh87y7xbnTQEKLUo/75/khUJ87Xef5OeeZUlj9NEfGqoNByCYi5IZgCup2BCcSJpSTZOb5i/zOiBKuJno90/fe8p0uBtKgVlIDQik+YgKeUPJBOBpwgTXqv83oqZorc5Kp1lXnRkW6mUasphkvq0xO+RkiNACjn0+akxWLF2hN0hqS2cqwB92FYPbU8zzoPwqzVnSKUrMoXvPJo9s/jWTJQsdGqU1XiBHBgdMLPHIIktNlWjHwPBnk3GrLSoqONe4ZmzcKx9O7Etc7U96bfHsoVVktiI7EWjBlnvbj+La6IhHPYCDbWz3MGy9YhenuE5lG+nSd8db0mjc26ntSyZZWdN1PZaiViAWbvvBH97V1twpTfNnNVQUrWXWPiJwnTSqf54lMzeM1xTnPCQlPav75+YeQdEzpC/aWMbhqWES9P06kGFdc67MTVtxqjixWzdBhGu+kaNddfKrB+EchqzTvN1TmbLiChFjBzEzKIp0D4Ofnn1nJ404ENbTrd/7nzEgZ0duiTS2U9Ua11bAU/CJb3Ks6UMYpV6Px+GMgoz+qVSgXo+7g0czzXSGzr0Rs1NdYcqoxQBhjGpMjo6dBPLIDBciodcOH5wxawDbRVbMswVbymDnVUDhAdxcm8smQ9HlAoieQkr+I1zw7TK0GBKFOZYQwwarPOefn59kTbpK8n9tmibwjQLN2dJfq3U0LUUfAQcfvoAtxhGspNwiAknsiQtJ1AMOd92dyotCSmZ5zQl2wXCKc7zPJ7JaZ24s7CcL2rjV+9RW7qBKbfCcif95sMmQEFxFQyoKvzjlpN/lb1+9mKERWy1Rb3nx26e00VEhM1/96/undqhkUA/L9vX8/g5YQN8dex2Awbv2S4M4qQtPfwmNnaUQwkGrK6nNriTW3bsg9QBVjt9jD2jK3VdFhFTsREcpv8+fbM8GXuPrrMdYnb2CQgiUBKAMGIsBVY0XehyFCQBdCYq483cMT996TR0QEsey0QMmJPMGMYEZWT+rSZ0RkjcbqhK7pEaqgN+72Qb1bZubR0eesHaV06UYDJsip4lgI8uS66wAgb0l0KK//GSPvMrSnGoRETs2JJ0QtIwNU+qZ8jd4c0/LQyiho9+U4YkqvqKsyiC5BZs2IPLIugPm4Q8pIxOUENmprZog5GWRUla6RCWHrSuSVnaDzaMUgGdj1yyNSNcuYOzaxPPGggUbGgftQJjNpQV6jMk9GTCPMVtEInQPpGEZjhlbA7TlSxNo8ihGMXPONCN4qwX73Xg3P2yM3c/u4QwVbNU6IdfFyS0fUFhSkswXB0S/Q29MB6QvuOwSOmVnrywGmnPxc4ATjZPw8D2byP//j3wcKWyfJe+9wnvNUDxxz6rHG2F1d+K3Z6Cq7VVOMmAhGj2Fagis/FZTRWkgCZ19KFOSVYaZPhKvD5/kh+YKhs6xPf9TPr/FLnSZQpJhqiDcpQeNine2AbBJgekV3syftStO97ONP3wHYC5cAYZalP0cw0rqVwBvPYkB9/9leo+8M/y2j34fGd/LfO7vrNo/MPzH9FjQ24Pfni83q6pmkfIi8WBR4zL0ygkFbKJB9mzFKBnCvhpgZlQ4pSvj+JcfvZbqxk9XqixUBvUwlriPh9HRfAD0azLL9b/jO8VJBuzuY4esuil33G005M0CbcTCWZGpwuoQDzRssQNlFZXQpVtDX9hw89974U4zOTqFnOs/D8Hu2+Ro8fNa/7DW61T7bV8+UJnfBtTWlMWvVLItuh7f4V5NGgE0UvS0lmo36XpzOpeRi93rYM7CpUZ6MkyqU2YBpYZmR+Wjntrir+FOkyliqrnai7ol3fb5R4d1IRuYjHU+sKw6pwf78nB99X/whKZdl8vrAWImY2A3bP45m7usYqy0e4maafaaLrXp6KjLePlCL4d1ZYmeUqzTnatDaZPE4KYsceZSImaWJ5tjDzi3odzeJwDgwX2AmiOd5fv/PR0eUYM07vSrjIb08uoZknPCAAcR6vBKotYXJjDGvxI/05+efl1aW66uoEebL4e2NHwcwqtUAEejKGl69iJiZXopr993zeUjIEmBmB9pg3eJKuN6CUgzWe6+u1T14Zv2aMXJIb29PIZcSmJD26cpMsQu1cbSK5KIby0nZQ9ADyYhQCdvT4Ey5w1SyhZoHkgM8z7Nj7FHrOC/hxbwArZng3hw9DfSu59B4UrIjkn4maw3G/YQ6UnQhaPrSu19WFdzvvoZGp2/CnmGq0ZXf3euwYbBAhcg5R2w7scJ90+dR6/UyB2Vo21X1Jwx0Zizh1K28/8+8DqdfUchmzOxu0inlk2HldlIqSCEkq4p5s3Y2RtgOtoKBuntGLuHSRla3g4n+mLz7rFuSHsmIZ6uF3ihDtLJb6N0HlwdvqgT3KuQx/UTr/EDWQCTWEeXdHXr7kY6Me/J0f0mmyei56KlpLnNWUyIJVjhCsuUIaxqYgLmT9qR+8vQ7NNJ5Qsg1VT+w3gCDlcySup76iYw4bcOiOCerqkV1D94unRUCH+f1P6Wosv08P4ADoHtVI5nZS62VInPq7Uu178XFS/k1CWMVceblckYIT4dYUek0L7emYvfnyXvv+/eiLbw3HT0S9qX83jsarOmSdZP5Kj9Qhjv79vTP+cGM8C8NG4gvqDToxA6urA8TsUR/+WWm490gO6KbmXslVsBgf7+7GrkkOLtVLMXFAr5ZXzrfhH3aBK9bRlAzo9vhVwbo5HSf59TnAgS67tURlJmzngbSFWnjVJUDme3FvEIZMZD07Rbb7M14yPNOCktsH8nUur8lhNakas50osOb2aDjTqM7nb2iSL8iJADzPAZWxiGfbj0ys8uDwGcjnYRuAFNogP/8/NT9nDy2bqAC7bWrTFj5eZ7fzy/dwEBni05y7ABDa5ga7ftM6/spGguWxuzLytTDGbWbpi6yMaKM6rdIwHSrMjLi5VR+YReYzWMYrtvDM2C6Wr/aF6sYVOpR70fECNUSJGvzw7T49F3e+8LU+urznO66Vavh40hvpTafNg+RpUisKJbLf4cm9xxSLGdy3iUUGVHr/6BgmJmOjMzHJzzQK8TpZYhTudPqWtNijnddSZUo4OZWGx8HpusscK+Sy5WQ7x0vvFeBZLhtCxJ7gM1Infay7d6dKBKb5z63Ms+KDZbkaJAO0xXwIAQzjHgeqTG88d91LkLeWTn7u4pe6QYgDChf5/owlWSkFtIl28sD1T5671nvNcSWP0Mg7HTrWqj3Xu5vSDVm5vP5nMjwQMU1A9djROVdWW0wM5O02XdVaf7Uf7Uj29qTlHog/kSgkYRlzaqm1sRPZc8fDYfPfOYynHhOjkhlf2gN4U6f6zCcwRSlciWRAJy/Civb9K1/sahiG5rwadDdEi5Nl0QTsw3ULONB98s5R3do2ut8Ky6gtl7SL32feWyQrN6+/itRqd5aCI6VxjY0UBqc9njSmnVgsCnE0z0txkbqYOtu2DHcTg8kxYz2B9sWTCs/XqHA4u3d5WfSnLaefu9BvyDxEbWMAaf0jU05ol53U08k/PPfJ6l96m5rTVf+YCCuP9/6UH/3ilrez++96TBM7b2MyFuf93dxf5x6t3NOWa989Pndqme8KHgsC2dmppdxAm87CqWMoFAXosuMIoCRCHDefserNEjGCQbntqcF06lMNcIGR3KBJvT3egRvvIdWKUKFOvw6JE02a170sbh9fUq4fNUwScZHzEzjMs5FzxkRHMN3rUXk6tOlHsjneXTB6BBYh62vyurdIzpX/+UQ/jKvW7cY1haGu5z4Moqknnke/InwXGDEQ5T2CCFU8Jxzaork7C475yzU7wUwX43XvxxWr2LJAB+mqqTgr7kM23pHME5WXXWRKoa1X/R2I/N+7lR1f+cKWl13VYOR7OmAzxxI+zIe0swLZgKzqhd9TTDWCPyvSU48eT6fjxaZOtyUkypPm3DWmVnjvbilsmxCtLBlqSqOjzuddimF39/f6g7y3t/YSYzqGdhpI1aDQp2lsx00BOwQ5/jdzUym63ZJZPRbausx1Yr4n7Z+kXlkX0sgwlauPk5nBpNfgvg4RsvKg3dmb5HMyLJnJVm+2vLBrAzXX8QL2ONS+hDSQ+jVHAB8nkfP9lMXtrplSQkNQ3wkneVr3EM/+baX0RzneIlbgLapyddSgjONkQFGVeW3nkwu4v09yWdmdhKMJp06PDPP83QVjCdoym9oRZW+geKtH77flFYzdPWSYrPuVZ9YLUOkVPHEfReaT2uFd9XzPFBfZfdPE8JmJiNvmQMx7Tn0f//3f+d//sd/6qJlBNhxYsporCplQQeq9DQcrqqVsPVqGdJVr4oqzpbK4boEnKnMoChiW7JzQlweAIE4+ehWqFvGApyhBwep9hDZi7acc8DWe/VBJgLse9VFRDg+VT5rtrkHMMOes/JSxosDl7rXQ0Wwmnyh6rZmyGGEpAH6j44Tyfod9PoB0FMjIuRBn/kAVn1OMyPRhR4Op0fLBaS/DzCDSH42SjdWPBKi6ptIx4jz6U+jlR27mRPsHiGzwtEkARMDUQANZp7nH2XQa2DvpcUB5gRHI3D5L2cqdZgMIRrvIfXHOgYEz8kh8mTkAXGcNl4+23bZMpWmoGfbWkjdg6mjcLBpBqrqZEq5bfCaiMxbF8qHFH8TLfM7HShSCJF4m8Njwgun5XHxzKDnLpJIhEFDTKgYEujWaq3i1WkuyBUzmPupzCOD8ydPgK3Bn7xE+860bFs1EJxyfNBafmEInqT2HKmA2dlJrI1uqv7Xzz8DzXX2iiUzHrmmixA34lHa631LYVH1QzQlabpt7EPyOQ+BlD5rxlz7NgEj4kREHifXqdOMCBvQe2D0HXG9AKuWvxFsIOKIiivWf+YzTiWDPjmDVzzf3g6EkKnIcMQRHyF9EWJVi0jynH8ylSXQAulWUBjh3hLU3tH/CIpFBL1ypNbTRdCyI5WFc8RUt42bLgDxPgZdde90ZDJZa/S0Nui+IO1rMvMvrdcAPWleldpOklBoyEAOPKmvBkjzxIxnQPloq9rLiCfSJx5DQoPplrgqqdEN8vixS++QGd5EsUBhu4GMk/UReXEiwtFAuklG036Yq+IxqlsgPaUxuw2bJuSrWPa1OiimlOEhRoFPGxJDCOV5q0YiqnpQ1SU0er4Rgj6oTz6EqKctHpmh2zjp5J6o+pyThfn0lbG7zpmeATveMkalqWrGOKOZKAj2Hg4BMA8xLXzID81BfSOXN/Wbt66QJolqM7K6py+mc70RIwLdxHiUhRdaRzDPOUOlZ7fkPhk2b3nOAQm+1Bm9+jRdS/dydzAcyT5zp6EkFAD/P1dfuyRJcuMIkh41etyz1Up69VOnk7gfACNrru3sVjNTXZUV4c4PEAARLQdkGwzTiF1fgJkhy0l1xQpBvRTNPCXSuPiIa242emok60RjIhJMYjQe8PzmhedUFywDnSrFeN24BpDh+yJXWLGgINirtuFJdldmpqjZ2oIryjaO6dvGW++9Z0EuAVTgTup9L74QpGgKIF+mYQZ+bxjKzN69uxkhDIqeM1XlM3PFRhEM1zPyXBk9s3h5oC1qTwwzki2lRwp8n1GnI+zbIv1zjg6pBk6RRzSWiMDM8joA4xvSusWpA0QgQTfGs/2lQv39/AngqfPz1KzNmgbfWoCk2kyMhcw8dXpskRR+opNSeAHK7ZVYUMOjyWV9arBpcmXqDS7TPDKq4vP5r2v4MLsqbAiJ7tvTY9zn6AoAACAASURBVKgrYibMqzJ9zD1eHiDYV2yX0m6M/g7RdaU51PphcjhMvDR5pqx4pToUdnbMM6gq/VCp3wRQAppGCH6i3bk5dZ6qE7KhB4ZGgdXSqLA1UwsTQa+BjZJAq6qsS/zqHzwZnvHCEp1SBrVBKmLElRvVfBFALB6KQlamzpVPvyBC7TJJ59bMWAMQaWmTgMibnkanP6EbWlL5EaPocUQkVz2gKoLkleXLRAGntKUJs9aZGVGVf/oiw6Rj8FTN549kKFU1dwJBDDA/9XCTGCcEtYt4sWk0QGiPpgKCnkyKnLvubuIiUCIpH6PR4h2Q7c3GeylAYhWdVcNvKLGOthwV9Veq6kpuAqEqA3iZh8JdvtTR74qm4bsk1l06U6QS7oBEKiLMUyVWq2NgQ9ZpANg8VZFx70cN/38//52Zua0krN9OSaQJwXaSMuqeZkSVQVhjQ1l1zjSmZepSqnUFcKjCL1n2AQNrxFWInjo9V8eZ860w1XKrHnXKUckkSbnSYmRWsaev9Sj6fZXryZ5p+SZXisV8pIcOjBYRi8uzrGeyRbjzjscwvD8Z8fPXP2bXqgdQ6p42yLw4WlWdfLw1zCxJ7Vnxmezuyuz5+KKRuuZ+9QZlAgjxebo/uujqjchZV/rKTFQMWHHubWHJ6zoBYgToO6EZzFXGkg51c/TEOVWIbu7wKSuk9Z8ZMlb6og4Qci+bJnaU9c6JVUVXltrmq2D6VCjDwg04oecGiv4/dsFyEzT3w5morBLV3bXZyTiVho0opte5CvhpQ4UhLycymn3Oj3xjKr3uBUv+eyEzHy70sJV9ehqxHNuVEIVte2N8aDXUb4hAWo9t/cDhFbioWsY/YlApj2/hkq1cqZgmHyoI7kKh5zk/IDNqbndTqxAhwc0OotayAhFx6gRCluvqucxTG2xmMY0jNHWkl6q9sGOEOWFvdZFV78TdEVVsGP1vTGY+2+M/z7OVmCs00or28KmJtzfUbR3pjX5Ns14TVLexR7z4bHbP3VnFvHwS2qBS659w7BLmj6rULHvVCPknn1M1zZeOtpkzyJEIlcba1K25b1WmHTl2Rk73qzkmMa29X7JteaY/mfKgL5BZT3rgGr/UeEXyIyHd9wFH1fM6D0Mjh7Bmv7vLm341r2JVAjnDkMfyMKIkpr/dmpmEy0gzgZzbQp2vR1YEqGmKajPPJCIitTghFhdWqcP94+eMCli9F28TmCG5Lzl/uqUdgtUkCUDk9MxH2jsV3WXQd9U5gzrPXlWWKslf6M33CotGPPec0i4ubXUKr5kR6GkSpACnHiusxMtWSzweXqAqeqipxgyrntHqlgz9tQqCkyFakBYII7TNcXkhjiG6lWkr0J07EJxKyQwjzamPF7eZwMwl8VNH0oTtsjX1FENXnZPHihPwuCgiIneYoQurAuyR/Po5p9H1HI0uXNdJSCEt/rDOc1RXCCwue4VLGEAOvtY3aSqGxNX2uUmqRBGoKFYgWEgMZe0bfHkh04RVsbEUDURIR0Wnb0U/Emnhi+JbxUof5HlCu7YoH/mJSbugJ58FGwVHdH/UKs2gMbIPjR32yEJtyO6pOJ/PH/vfqM238EiwG/XzTZyCXHNka+kxehYmmIFuLX5ARSK84eOkyNUmcg1vxZnWHDSa0o96TJOZMkEJwbMmoJBkMCqPImHL52YFKxFBnV/N7eH9ym7CdgSewcpIxMnKk+SUjtProE1kxu9wHVuTrNAQmo0F4h1Jvy7K9Z///FuF8aAHXZV9PTf++fnxdO7X5M2RhaYb73/yNePWb1kvA5QkRVmlHR+oMf4M7eyvVDHuRhTd/vr5azhDyls2LFH9AkwGixGbNpjLgRVAIG96FVv6+yJ/1FOSeEhBKfhmG6GqKoj8G1jQ3zZTsz1Z2d3bYOWsf+9LYxH0KysJEFV1Hm0O8KFUEur5pItETWJvPdoyt4PlxMygTMZ+Pe7tR2nehqdJEab0Z+QQocVcYO8yRnuCaJjMXuf0ohY3/Z4zv1aPVnlGOujk9MTquVyKRnC9LEdulITHkvIr9CTEU6mXx8S105mZndgreIlQGcDuAhkNkBOCZ6owZqHFttC/iEfv/3Fx1rvuWMly5Denwj1UMdujLSKSWjuJ3wsGbDykxPCyYitm5ixbgV+1SoGBZbqRjMhzjh2l+uYaiwupT6luIzkz0Lw03kyv36e8YEfSLU8ISUMS0w1Eb9Kkt+55iru5GTDENmpqNPPTx9MXqiVGxNhm96fWwu99vyF/gPFeLZdlv3ZsbAellU1bmkTqZLmgXFtw2E9cA0LMjOYuY2GBZoTxTsV3hl/33tfjXsFO/76qIvD5fILhnja/NYrqZT/57hDjcnbc7aFH6VYrpWonHjZAj5jP7HbFNvmS+42mKtrCD/+3XYyPBCPq3s+Lcdx75aQvCfnz/HQL/x1LPjRGThCQV/v59TRc/vrZijXpugZfNrpYHuONzTP0qlX/kamOoqKouLF+wXXiPLX+kpozTXPi1NCyYkA0LqeJWPaBl9WHuX76UBxmIeNd6ypZ35dae+rceyMmDRZbtER+043Y/WsWiPchK1xf9qfv3Eu+GyEQRJySKdsCxOCyQriViLR69IH8shq5pA2HF4tvYjtJSTu/jHLFNzlZpyzFve9EgGO4LNjrJzMrVTVq6rRqCTKNxZe/fO/nrbpFS99BhY/ZMrwjnxP27o/RG9yUA0DuQIj9W8LyYd/w53nuvQM+z6PXpHkbzXr+ZuFME6ldSwxFRUtEz368DQWE5omrbCsfqvNLgqbE8v5GMmiiDZEUw7xlYStftUy1UJi9+IWyygYkM4eclfsMb1WKhaQXalmxDktKKzOgl7icrMjs9gKnzCRbP6W7bUyEBPgaR5AEO78WRd4aou/PmUJW1S4eFE37JSfyOSWeHVbQrarMLqRZM3fd4aPv+8FKMc2BPT12sqGBmq788jGdNdkRcfvOMHa6SU5VTgu7Rtn0dt4CVzwPx7SMt4TQM/SokhHLj/OQO1ClnXAQ/MeZqrz9Z69wROY5p68Tt9JPnMpMAooP2gZvC+nCsLEFtPPQ2wZbJbYUvIWchEnp/sn0Mjjn+VkeGVQhwpjrO5OaqpKyZ2bMzgGU63/Oj3JZd2v+rjsupnN9KZlRx6YBehF1jtVv5t4W6XFvIKRC2+HtcsZh1IRr745Bncw6JE9qL4AH3bV7sF/ngQi3Ovq+tusZRmS31uLieR5wovzK+/Y5tmNcvoLGuqF9SPhFTe1uT37FjQKrqpAqyZQBP5aDSEU22sFmkR147z2VGSHFMPBOp9TUeXwJxHFKVclnbFHnE7/Yx/ilfcRWj4ppYyXbdDdFLApkPW/xoHM1TdXMseMo5QKsh7K+OXtk1mfYbk0JFDllwaSP+sYf382tJs45rwXrOSn5P9etGNsHVR5NwzMr9eKc3TLqTcfZ3fJKTsSumXFNnucZXnPuhCoPTxaS5xy2CdovX9uR2caY2d3SLss45Xgg0Sfr9gz4FuaxwWiBkXx/FyHLAlQcT2RHA+k141ur2BiawoPezCtMbdo2XOR4Pax1RcrpcpOJiJg7Ui3VbndzzDSrfamLWz3W6yy3vU+kPBupjzbTleedLbkggdWoW/i9HFL9RStQ+VVdq/TPzNLQEYBk4e++sTtXkWR+aTTVU+t7zsz2CxG1tB4SiAo5d3ma1d0pMrISChlRCWaETm94iPgOb3SPAmJSj6KuQEN1dvsF9PaV/HVcgSDQ88ncNdR7s/ZCXYFzbwdEalUyZni7A6ua0tl+H4JglBmJmVRf2Rc0QtWFXvTbsb5xOMO2q1/1zNY5MyMttZpZvAvz+C6u+55h39/doeLanj1g1VORL0zzuSMH2SUuxL4dVynxxXltDbclBzPz83UCOb3PBGLAbEJ/VcUb6CRBU4NPReDaLTvAtwLEIrmxEC0xJ1I7V2Kp6/r6NPEfyz+TbEWDbzG1FpPZV/w2CBvuNvRtlY71FHpnZm++5qpzIry+iNteWY0REYsqdLePdPKyE+9SaDeXOnk0V8a4uT4ATfMz+ZX7VEUs0I+pqoz63I8a6nQLDGVhzvRcf6rKzOxdPOYD41yvnuir+ySp1YP33vqFLZBS3vgJCIGdWY5vBHvkSaxn1qtfJ7HOEX7A+fK4rckz1vSrh/pGsN8xcK0COTA1IbTT2fykHMD22s65TXnPBoRUCIgvr89cRM3+sba9xeZ0XYr8W6AzOBbfubwVn64irEhwcCA1SZirtt2xQic25bShETPJRJ3n586cerTqfuTUt/jnqMXQWht8C4nwifdJ5uamDZVmqerH9udGrrtpxDnPnZsZaO772X5MysJ7A7S6VG3+KZKu3MTx0rh3e4f46ko5M82uqvd8qjbo5RttctaPSwCfzyfNTNcEzjtOVPWpCS7vmuLzPH8+l6Z2nTUGrIhcnrdfzb2t+kdl8d/zl3daZKa8+nNVcXtOsLsqMzO0FWxPfgE7bhEbeA+KMNVwr7QYo50fVXWYghaeelI1A3r0MLgUBGFER9WgczdUzcyMBgAi+J56PN7Ct0HW53zOs6C8hU17MBTTUjE5f7mBxWoCdC9U+sq9kORw6tTLpZuluoZc5TPuvWbMcqWusr0CjAmXVjuWHsdZI9lZzWVEuK5exXC3+yyrurthtAzKVkI7dXTrX//552eugB4x41rOjTFkmyrsi3ph74sBcR4NscHgEiFtVKqnq30Mnj3oKGiLup18XJRg4TCkPQTEBAmN97oVZH1EEJH5uR8EhpF1ZOuntrI5kdnzqZOyWNB318XcqxWYDuuUM2CbBfpLlFM1/7gInDq6YL0yIssMiIxkjKKJ3h3gZYmCLWYaGDqLuaYG4H3hAZAy5xVSZbqJxyT+QFV5u2PzkBpeLRtY0kToewYRTDF+06qvU7sDR/CNXYxINoM8p+790DdOFYzzvqqoYfe9WbE6LJe/XoyaOQhhoQAwrMwSW1Mudk0St3XWJ7OkHrjTkXnyCURgOLNb1DVHigAy8l6hJxmV2HUoS/uffA89pLOI8FxX7B9NGnWVZkFqjAZ9KabA7WnudADkUTOsqPoLC8gIeU2C8lFVuNfYRsELM/xoTxm6+wpzXTmS/cHkTy0jqKz1Xp7Rr61snxFSV3CXCwUhAah4y3KwWk8AcjwXFef0O7+R/gBiYLiRBlF1bv95AZfM6h4u9UDOPN3yazI2ofoHvqbhtt0AJURZUvxPVGUFIhAD08AjtyXTt1PcjEyvLtSrkUDPWxPWYJziMQVj2lbdABLyDq5zHvHcM1My6pT1NqkNinq1kOmr725mHWqNhLxfSg+oNNnVRYuoaTkaGzclOearIrPcOUNk7GgHNBk6RYb2sc7GXmCYEYh5By3q9PwJA5F4YYgIf70yXy71vs6JZVh7xhb2QxcL6Zzqvq9Vy9jqVzIm9rjTACkII0zHiEDc2VVjSeC1ModwLviVR6SoJRpooVt/ywNakgox3VdRJRCANHDf5seJ1oBjVtokhNxl6eEfqH8khvbogN2xs0yvsCyE1lzoK9ORlpadBcg8Gp5pcqj6yZ+qYT0uEoxBrH4jCpEhojq2oZLhgGwoEkoNt7vZYJwSpq+PFxoIhQu4yjxiF73HKiLraN+yLtO8O0sCyeH6aZ5uJVxk1s/Pj+pC2z3p+cIdUJxCBgMxzekMVMSEB3Z+/m8eU1NEGwsE9A1KG1Y5g+FTJ9XDpAdqJZ64w6IcyWj/ypDrNPQIJTxSTiIjo5TdziOyYcjRVX/kARVfH0kmoJSwPbZLDEEH3yqf+PrLz42wNsiLr8N69ttMCXJ3vxTsVikhx4UaVMpegP4vGdocALlApoA8qzl+6sGwlrelH6t9KqEySII2ReEgvP8p0rsuLNraqQl3/FyJTASH01/Gq196yrcQwOjZ0NCJGNCZXq4QRKeiiEqCOusCJCajPkPETlbOeWamIio9qKg65/yQcz8fukSu199PuAzNLFNb+23+M3IGYt6txHgi8vZn0VIK/lvWnUr2VJd4zhm5ZhPWDMzQxJIheOrIDweuH+AKKiuyhk0A2iHByUp/wIrIIGfZ/SU+o6Kb2MrypJbdkcq5z9xQQ0ydjq5zHFq7X/hYv5TY6wD9Dfn12ah6BLnU7hdRfwTjLIZ69MD0ZrOSaCl129gfVE9DXh9r7xuR732kNabx5CORnEZOc5uy2TXM50CoR0ulKsrF3PpX8wntLLfodp3nkUu4hOGH5EcbgWSYdm3sOjOVcbJibcGAYNTzaLUM7gyBv46dUs5z1FGxWXVyJ3kqkUsMMQpA1S6pqcpzDjMYyC2mb9+ZCwmJUSfKFpRlj3gw5Rd/6uF4eSZizvNkJoNaeUCyzo/rE6gaTN1H6RGVlrQgXfQi35R6IuvOJyrYeqfySpqqmkHV8V4iBDCVzzThcBeQ4X7P9FQ9SvE6H7sgXdA9IqKnaz+AXv0VCbFNC8vIk6fy2JNd24kwYaCNJ04AlzNgkhnx+dyq2sijeDJrqsdThQV3EBRT+wuUxEpy1Q+qM+LL/gPJ0EJ3AJhEnudI5yGmUnicILByCGJw6nCGwGeuaMsvdBhAnaO+acA6h9TCUn2PBKAF0afOIgxw442IKgBXeqMVnqZ1SynyY9jkRA3asoH0vzTIrJQYV2M77soCPYcFXJSzCI4CUaJAWxwYMErc+0lV3GTtUqsMPBbL4g4iC+w9Tnb2IEXXvSpXnjpazqGvH7JnAhMiQ2cpDhA4GXOlrpOyPjPLGsqwWgVI0WuareIDO1DXL01qb4oBQVIFmqrOkB3E0VqsBCK4TJHLQU9lzu2M6vuprCiTgc47OJeruER/UZWl1DgQt11jowI5/LULUHtWha6ksWXKfEbqUpioQbT68W9NvusD9H4FCSMTlc0vxwjGd0ekk8vRHqUSlyGzQSTL7MXcwtUN/yzIQJJ99buQYCOjRDe8Xlw8Yu3Wa8VZxhZnrsZYi1G+sH5WPWl+6/In4Ci7XxOKh8AOh2zQt3f/nbbuFCTrdfGKHdlSXTYiZm5mzJ2zKvPZWaw+wIoh5KDgZ6iPlQsgVh1Z6cwS1F6hmEZCM72HkxzJ13jXbCpLbOjpvquJjaxdBR/2KVUrKu5FRTLyc++pM8OB9lH9BKPvn4qIlOZSJOvShCDWx2yVTEJIUi221vzp+SdjHQVCHZCgLSNvthcuwQex5C2sruWpJdMCSjag125W5DjYlRmuMIFyD2iEN6kYANUGPjKm+RXirI7h3Wasc7nI/o7TqKrUrMGnDpunnunm8NRjJjQjUWzXK0B036+AJoX189SaxVeWgWMpBxL0LlVfFim0DDtZc28UBdH3448WQt01dqBURMO2UGyPq1jw3ndl6B9kN+d5jp5VxbG9VSa7tS7unT3pidBsmFY1SPPh9PxDwLdeyrueWr2/6q6l2zbB21f3xeDJyAODdc6Tj2SC3/eS642zvAcIDcyk7Ac0neI44KZne+3XbgPGk6feIbqmL4YxhqSuxm4y0+A5POAEG5MntXgtI04+qjdf70qFFNnsmNvnEh6rLByAJ08APdqM655ptezQitI6XnipvxQIxkSa5JrBDEygqZGbxmxCVoPUGJigKmJU4pzSQ9GHPFmVee9k5D+ev8RRVAXl+ieQCjtYSEJNUZmFtiBPIYs7dh2to1NlQ4uYZTYiIC0NtjQ5EgHby4xmDGQmQx69UtijyTzJMAsNxkZwzVqItW/yDDVPXbVmLttmAnN7Zu6fD1wS5TsqUFiLiMgTqwtpivEgIojf5+P9uPJKCvUF9c///FOlVVXVqb4C4j30kKzjz58/Ya8OTzhNf8SOfDXlioiI252nIG900NISrjmpq0/3YL73/MW2DoFWMzN18t47Iydo1c0v5iZpDGCJ7uggU3SSULBeUD+DZKt88yThRfXgiu7FKRD0Tkv/ox608KBzRKha71rz1vWi6JAPXwyZH2XY+HK+C5HMjwg5OJeGcrM9eR2zV1yRxNJJMlOjDDU8BKV1fVO7JDaxJonrm+lk/FounqO2UAQf9UsupMRd1oKmYdcp7MyB9LPyW3ApBsAAd631IYB1BP4+fxX44Qmogni9U27CM0wAtDLLQxiZZugD9Fq4VOSf//4RHUgFqLFa8bL3E2pI7srj7wQKC6AyF1pxn5BR4Fct+xZSiz0dwdAzM5LzryEp3MIYFEg3CSlMXF+jFILFur2MV8/wnEHP7f1m8L3QEmahxFFDnnPk46EXfSKe50dcpFwixmc6q37OjwGFDRZGkxOmd+Uq+8JpmORdXzm9yfZeR88zMgqE7/7Ov9NesedbaMt2ySUsWsPB+MJbs4kKkG2obW09TEegEHxfPTdoaGYXeZahHIvH7L2A6bRmlebKRBZcdin2RhMZYQtl8Bq6fN6oxS/fwbwhHVTB60nNyTsNJerUrYenQXPXICTJjsxX8gxgZ+y6pK4JDLFZZuHJs3SFqsszsEbk+b4GrhvsFrjfRPLbv96ZJr1eDIFcS4hIY1UOMOsBKg+D+jVadyDQeV/UWY2lY6q4PyO3Vu541xDwcITCgDtRVzOjuue2oAq5Lv46G9YRvfcIoCZw8sVTsux9IGEIIKrOiRx4whrm8Wf3jUhUxsrDwwAfVdhgZv+FVf8vNT7TohwzEHOzTebn86l6mozheKHTcm0RPb/0hoEIdFvJkWvL5oFWf7kJYsQIfbv31npeZ5X8N0mGyX+YfXfcPQQkaX2ot03QJejLqx2SpTV6u5haZ0DvXVRxKfDeSKJDXVngRKaAbR282D8AotLTUWsJlMWENXFmtP0YLdB6Zc7C/0KcPtuURWQmygvnzTMNz6/8mybytW9+nrrLMiOJLLEy61dUcbn8vYaz7XdmFsEKoUtGC8L7M3SBVduYInTvnzdEANCiWjblVnHvJedHVMPZPJj1smXh0biW9ybHN9rWWPCKNZ1hAmTfa+MR7Od3WNgx80xnSdsueaiPBznvjg0lzeu9Phnb0Snyc0lByh0vl/kNEfrPConnHKG0JoTS7vqKzFWlOZA4QYrBWtZ6b1edU4/moxI/ZRUQl6OVnjqrfMf/WDDuV/RzZegg/80pqtaWWblZdnPQdjy+0jMTcsWtOqdmhhnnnKwqLWRad2mFDTEun+fJkKuh77agJWwVsVks6A2Mrbzcr8OJH/N+IiCW2nzvRx/a5mPQrFFkf8v/HXoJm5xMm5nOeM4JgRHxlsahqk+M3dCG0/r6krvQh6XfdcoGce09QLUuCvo48vB1rK8SJ+CYtTBwJOde5DAfA5CphbifJs5RnIP+2f1bMzNLcgJslqjW9HhZsbn598+HtDmG3nDVqfohZTLz0QRXj/eI4y3EJOLeT6Pfw74vumYGjIzUbkPa7BEnjbVvwHTGJ+ldoALvFBJpWmjuTotcIzXBtPd+XDkQdyPbp/8EtB0ts/LetttyZER6GJ0vWxmk51gRmScB9Ii2ovvIe//o9Obmanle6+NFxOfelOVIzzmSr/GFAvU1Wz26vpmZc+o5B5F9LZaaJQCFBpAbaSuLSwuVOfV4KYZ9hN/IoOou1jI2IuSpDUMwDhGyuo2I2XpJAwyduvF2iq0YwcwjL53fihDKnKTqz+dTm3bf/5+7OTtLUDYaHMwyKx3fuFouLFNY/14qgRdgtUS1VQvxzbny5gzsWDHFtcCigbVQRd97AUTFOYVfiWz7QUQYGF4OnAc8cLjIjO/3dGjKBLnuSojK7fii6t144dw166Ni093tWX5+fshvvK1VJ7tNgOv5RI6YTXahQUTkKYWpgDmnWrqjjJMecuQMn+eJwPZ9AYueUefUlsr6dZ/n8S27F05EJFJG7TrBGnwCuK166etDrZC8cIxqM3VtNklz7bERVb9vek65uPyM10JpKDh6v640MrNOREI7Dt9rJcQUUKlvC7Ln56e7hx2AvcK3ygLkteKT2N2zJHp9+LUYdQLKZay/jjrz7jdaTpgi7UuM0r8RW/GbOrdL4q7ZeOvzV2Ve5QEJlpMOoLtfVcd4SFwzo7cg/e7r+MT98yadzBQnAy7LAUTlq9YqEfveQiW2lLcu2esfVCzNzMTKGUlOX4mWZiY0vGFk5nOKM7HXEC/Iu2EHwDTz7IB5VWgkiInhVp5/+yvvu7B/Q0gHg9t/5vbPj4yeDOtPN62k16Zx7L49i0721ZjgK8rIN0wB7yNVrlGPJszt7RO3XMz3fskMM1ZLphPq2MIYavnw98loL/HtS7LvvD0LgDoOTvS5UiWc9n4JYfaYNo4clW+P89Z17w4w1cP69e+9ZfvBkgqJJGO4XfkWWK6hgFBg07tuw4DUtXtxs5QNptAMzllLw7TyviMgUpTs0PeX2msVIeg5PQCwJm9mTmVzNoWlvu1xuavYWx7juMHLvezfK/zNYr92nGyNZzHW1ml++4s0MXZKbs8JDYmHER6S9e0XXwW/y2nWNSQAnDXvUnpR/dzdGxu/EKvHvcYA7ZnR/XGk8tDIBcz3xEK6oHmN8ja3qpTX8Y5NZUZrxXGe4a9jTGAUcmS4tJhlcEZ1lC5+br2ENTnQI2sPDBaPookm2rjjez1j/iDA6arqnkzMSJbkw6Otpt13JImw8kbVv2zuIm1wsleSGm6d7lap0VZquvfj9kH+ER4uxszcucqSR+0ipmfufORJJoJObtH1/i3FcDpKdHenCY1bDWBRhfGiRL3o//73v/U///N/nnPKTI687qy4dLucAHMgGEtOCESgMpCvUXiE0lKKeS0My3dDHXtHhMqpYIplrMMUIgTWiS9nB2rYxCYNaE9Bz4wAklNabGWAYzhYxlxEJMTih452VLKZWQ4bw6zKODL4LX0rWkUhOeTYroeZFvITkVXNG2Hyn7rmmbYtERhEhmetX6y6ToLqcHSBQ88P8WkrT1UnTWCgz6ZHp7TdPTJ0RkUJFE8kFaHqAFiAIHQ0ReAFKGr07atKIyIafM55nspAmU/KltioiQAAIABJREFUN6JVFIfDO95VZN/lzBRxs7J+DXiopWjrVKvBmVisDVHuM3+en1wIO6oINPVa8pxHJER5HoEdGjnIvcVzZhDapsAJRNl2mKRdvENuAAPg5OH2AyluX0JdXLfWKiIh5cfu2nKow1uvKHmPKWSVdXr4ud0bbTUenLvmdGSFjJLRmOBUysDa218FpzUjlUDSZBBGRorUqZFWkLPR2citAAsgsSpgA9kggEtPj2rbv5dkf4cZVXmo+UDLoAwQXiPT560F5cf3Th5Ichf5nnMum4GKo9tGktN8l8JbgyGMQ9btHO5cF+8gIXbyZinbaP1JhPbXk0FORWrc6lYhS2xEm4NB+9i1cFhMk5Z1VmRZerkDuFOVAU4j8s1BRBMTuqvLfI88tC8/9snQuKnIdXkiq/ujo5LJOo8S3q9YnBF2XhT3UEyU1AXHRKAplrzmcKwMBO79nPPz8/OXQHyt8jh5ZmeBmhgO7UvWIC3zckFhrpAfoiecgXieR5NDFT0Ih6CIGE3iibc5mddKcleu0f+o8sBfqS/Qd8BCDCeSvUJRmCErDFSSXldzUQN4prunkQHRt1UZYem7GYfUUCo5rJNR4oYnyZ7L1EABH+ErGatgcMyKzBD/JfCcczR0VMUHBOQPaSIigEhO7sZUycoQM21zm4jIFVW4nQTJxkTlU7YZyaxzfsLhxUzJfB9smNJnlUxhOO/Me3OGC2v5+Ks4iKSojfolSD5PtSiIE+6QKhU0SeEZI9IiBfqfM/LyzjyR4iP/nEe0EgG+LYXZXvHuidTemqMH8OfP/1X0gMHB/rVZrv2UCK6I+0XwFZOle1Ky1s/Sy1awq7CSTZOBRMCz4YwMsQulVKnI6dEawNeTXfVeyUDJI2O3rKSnp/1pApXx/OOvpmYWRfEJrkyZo6qQFVmi1sjX2CV5xNVFIjhxzjM9O3TXb4LbN6sC0fMZepu3mhAGBY2djBRDC6Ilfv1DT54mc3uvlr+3QbTHneM2QttURGgvggfMEYjp2YjrI0UywJmGnB56Zj6JCiSiSLD7VGFtc8mxUC0CbjbsDaAV6HlK5Zw9jgPSIJIjVmnARApVDS67te1JncagzgFyEPUYI6t64guxS6LOCQGgZ9jaeWNcRtqL7ggsdFJAnJPkzPUuXJXpULKKNNtgCVBV1WhxGSKPcxYjqxbZHwCohMV1pfU0jIisqGSgP+0i+B3O2dH+1GrU7KgeRx/gC/f9WpiG9zHNRNXOgXDvZ9aZRKDe9EQmoQnHW+Qs5qu2tltqwoQWHmj9UvdtWDQDZjyrurCtB/4G5maEq+tVcVHCl0wG7jTbhKS3a0LQPJw1gaEtNBkBGbxqhLbnQhE8uK4dvcc7IoJZdQZz7xUO51INVjraKHD6DU21pjciykSW6pnKvGwCp+wFr6/RWCK3O9sBpwuc2pKeHIG54YomxJK03yNaTA4JFc85QORyqyuLzed5MBQ7j205cEO+t56FEGqmIF3XvZfTz/Oco8lukxPhoZcrzPK4AgAZd35ZC+vUpWd4/g5gWjCci54bLlR3+pwf674qK2QF3gBlqacW4w3tEcgS/jVV1SPlIgTBquq2fAELkZSPuqWacmg8S08JnnMWVHeUy0x1geBE4KrJJ1L232BCxIuYGWQtjRQNvp8HM5ymFZMC9OMdnExfwS9nrXL8SKM+tyXXPUeYo+hiWVFh2Z6ipjbfiGD4y3xmYvdYxqmfLTEyqsI95nI8o8qrqhsaExr/QUTI31/e08pLJwvSU+JNzeq4rxoWLA5iT/AJDq1M0krD+NolLTiubxUg2BccqRB1GhMGYGS7Hvsr6iwtnutZ7XvDjQCEJCksBDk9VzpdtVWUNL9U+zXC02WFtWd3UV5OWY/usj4WrjpyN9XOyDF/MxBhMc/I3DsihUJUFmbSVy9mW8KjAh4IaKMVtORmY7XVc3qPUqRmnsZEZtUjtGvmVlSvhlhMtkwzHyXD1in7OTnsCLxzDiF/b2/OZQIBk2baShT6BevHnF/FTC1ZczqQID6zxHuQwhjEMo1kdgebvgZFE54tnPiSxIFMkCO7VM0DpLCEBz+WYEaUuO3aa1LP87kXXl5V+DtNB79QUYWEgHwXLNnZA5wTk0c+/nPycDjsiDj5KNBVpfodi+/0fYDKR9IuRnJ3RM00NeoDEIpo89LIVEOWnK6RQGKuSh9NhgBIDYZ43y+CwRmlTUGYK3MSfdp1KYyH8g5DXWKpx8TPeaZHmS4A7E74nYK0uKwEXHoPf7dmiskKHAhGVO9MbVbpCx2dt0DMqHOGXedvTL43j+AdegWwcDmXBkdyIC543nsRGHbuHDqXEa8fLJu1XxQHc8a13XPcGEbVWZ+EnN0uGV7jgVTXUofWvnSuEF+9ABxPZEWgz1Ak3mGnrBUANFHnqXNsEyJ/kQiZ/KyUZjv6iKdKlJKxcjB2ei3sSERGoeOIzMdOX5G7++qpRz3Fc04QUs0Go4nIisJg1Ieeo9l8utOMoDzzCr2dqWsApkANXddArJq5I3Cp5ayHzch8p4MaaIB46rEXhd/vNWFhLe/q/JxTzJBtA/iW6ML8e0V4yVTs0RPrslWHmGmuiPrzR3Rs1bp6YtixR52jpbNVDs6ey/okWqQvJxcglKb0nZUQpF2gh/lERkVVPZ+5tILDNXNEnayMAkPU0ow1QyCR9JqHc5Dy0tJmHQ8FOdlk5BEp5x1yRARsy49TtgFi34xQrpDaryIrS3eHpDZPRFhDtttAnci2sFdjF3Ue1ck68/A4MGzzFhmRd+zeHyZ29/YXozh572fI59TJ53XEGU7LUiWCEXWKULbgqq1eqxlROiZF8p4r4WBmDjg9VVX/+vf/6nO/3lgR8fP1KwwtSJlpC/0yxwua7D0dXoeVVXVvI1cy75yhjAwAl3Py0YY8CnNf/tf7NVquK1sD2kgu1/iLsWtvVQZ192JT3uwMKHpKCeUWwkh62QlI+FmsIAO0J0lEiI9AoCIzwJlMiZ2hYggR4IiBRXZmrouioasN2QXhmEBoVd2ymKuqdzEmxATBXPv2UC3nLCNVygyS5zkpw2oLzKky/XmeVU44UpPUcqRNtAo0+Pn5icyTdT9/eglosaquGXfPYhlsryh7K8cjFSLiawMIM184K42XVBa1xL3MWVfBbrmaxTk1ZHlN19c1zM7URki+rYjh+ASAvsysOlp2+mCfNnd/A3cx6e2Pph1YpoZcUJU69Lq16xOrKXtP7EtGi3zhoYyIIaJCB3Eo+pj90dSZI+LnPO6zYcKgEjkRkQYcRdYL7X/TSMgMZbHDdHfF0diZ874m1wQ26AAAefEbBY7wTtyVsLhOtUGzLc7LRiICqgAZLCwO/Pl8IGAxcO/H3H/6FsdOuX/tJIz4xZbdOiQyEw7iHn29heyCkl85oR4myPOkWZArB8MO6o0pWC0BkvQwIM93bE2Pl2jLw0hMuDjW4FCf/zkHEFb7M9NLeMKrWwonA9mkiqjSAM+RU83bf25zFdBJG/JIhryOQMaXMrfT8HOT959l76a9ixkda8urKt30hFk2rpMNLcjlt/5zockRKkjaWdoV3MxEmP9buy9BhxxrOhwo1Vd6GuQruveXAV99g1PxOn76Sq0h+Pv1Io4hovxIPc/gjsr1zXVVMtcV1BNQNYhiFvsgvsowbG+pTBQ7MFCQ1B5Rcu7VqqUQMPGuqMICXFrWiHmDipHczVDAUh11Me347BP1VY6LjU5G9wh387jWRbbJ4yiv81UZ3t0qQ885YhPrCE7La9hbHGZY54wMRvQos0pyh7XLyPS7U5A/VZFZiOaIFFOWcCo3Cbw2y/I18dSzFROHhOz7bUOMr2iAr7gN8IIcctAqi1+imb9myVD3XivwZIwTKdjrZUHmlhDfHxE5c293Vd7PrarM+Hw+ijNiMO22K3nWtY5VVZUdvSskr3xZz5UvscVzdG9HENP/qwSakctk5Hehlisw63XIq12Ofrb95vc93nBbV+YX7DnDsJv6hlgc04CCjtS7fWRWg694KOaafn0O772fz0cBoao+98Nlswr4M/iQ4hoHyb6qRlVK7IdivAuV3qf3nB/x4bBFjrLM+4sgDCLXQh4zc/vG17od2yfb4edUycCEwFBc6Z9V/hvCUwGtQctznu7b92alZcW/8rVHej2Zee/nGKxkndoI5PGbLzGo6enMDKbqiI6iEvKcJ7YJ2Rvv1vp3vMo10FdDaN3G7iTQL9Ld3fd5HkVFG3ZtkNHeCCk/mPIrccluu6ZfWekN1zoV4zWbi499SyZsRt4ItsSL7vamE5lBZ7BFrhVbSrmDJN/lTJkxNF26qqJc1GVq0Wj+4+evP38+ukbSh1VIfaQj8/UQ18Ps29p24Qs+M1cL29Xagzt0VKMhe593oZxP8eYvdSfKdmb69KgK0hmQKCNswCiTQ9oYLgKkHO3OOWSLRpBC+L3rZZ7niUjO5IkE5Uz4JjYAgxhShCRm3I8MouZNQ2/lphXfSpkg6pTFdqZSQmHzcz9LRdLUzWz6iJR1ry7fhsfc2OWBlPpZG4pB++R8K7tbgxkd4bXOUDWre2rv3US2qtyl22PruoV7vtSxVK+7S3r3t7UN5hskvp2LrIp0ifaFhsfk/llvCOJ2iEh4tEHr4IRvfvoDYfPqK1/usIdYhigAaCZax9INrrh5Lw5Tw9RVkfqI+qxiJaQv3Xj0jWYWMsNyfCJoywvVzKX/KKZw7cxeWX4NThXzlX/5Ri3n3DG7MzMReA3ZBCvr7HzuHz3L+W4a+Bq9tusKZvodzXQM/17NfhHW/J5a0HK0URBSvwBDQpfkX389Dd6eAH1fKBJl6PNr9iYtlzayuAxWGj0Wec8S27GFtW5WlWyaNJ0MUTo2FdYb/WA/K8XhgO0HvH9I91VhQtsy+t6taji+YmoQ+dYes7tbsIPU7WRfjppKa+1CBZsAtbI7RfUcMuyJuimgMvPOjYiKBKgz3J9W8f+O/a5KOKH5J/Rs693T8Kt7xS+dysIuehrulFOrOLeneI6JiRGR9taP3xrl/JXfc4l9v7cs6N8vyKv+6J0cmAhlvsLuWZRikl8+9QqyU0FsuD7p776Hl+Df3Rrycwk+qndJnnoiUiRUbnxWhalZiKgz84ufHpI7w95fIzrUxo3wom87L3tp/K4wVbjobtCC3Y0Grva1zahlgRj53nFtwQyPmvTM7f2g6k7PfMDVOXWES0K1q9s8ZvxyvtKfiLgzDPnfmoSn4Sy+IU6FKBPxTnnfJOU56+tC7RjuA/nrpzv1nHM4/Pn5wUvTekn3v9hFb6wAwPF+uFx0xZkobCs321GaQPB6dwJ4DROIkXbZSjW90y/7O9MF5xsZ6Di8SOPWbEecyNXH6GveGm//Lhc3aAAVYeNH6yyVzlxHRYTUP+PqC9CiiBmIxLy0f9f53EFgOM5Pt2qe3TyHmZHq/YS6mAvg9/dxZZTux3X39ZvSzU9GeOc7NhHrzOs31ZOMr+dE7NlQK5RMaADWt4etCYfee9q+QtD9+cYfqVJCK7hfgU57+0JJ+OIxAMlM3NvvrH7rIg0OxRyyNLltyu0U8B5jP2/2cCp/tNKs6gSFWfkO6rNVPW+NR2qW0O9vHcGeYXhipC+b67XzeqhYFFSNWMv+/Xa+xMyF8iLCI/MMvSKdhO5G8Iv27MZHnSRF1zcg/65JFDd6pufzVneqRjz8EMMPIHC7T9X3XruWW75YlhSlizkrumoysXsQSG3zPd4m1XTRGKu6oGKvx1eENjjWP//3f3TOGwCz71TWk8Ved2UNs/Q4OTIFBoCYzbVFG6bAdPtIp0flgIhzHp1vnfqsOufpnumJSKR1lO/lr6zMI0a3HllWyW1LJrBZD/tWxt6FDIaczjSHgejqkd9IJ/u43NFM5mh9ihjB04qNCoJlVpfXVK1nsexWHfJRRrNs65gZkD3FQIQvUoybGe1h1wmxwGQwGre2BXeh7uKku6xMbcssYeXJINnzgfZDJbxdKygxKhADExDStZ1/JPUsVJbDpCQg5EPKHYosN7CuHbqTu151QzAiymZZ4WI/LaXnqDOUSk7AXrDZFnwGs+LJx/6ePh4DE7QrMqV+0IydAtkSfLcjZJSacGLuDdg5au5NOY+rdM7ISnXhBF4VdETJ42LAIQtx6lHeoZfRh2oPR2yBbrBDXEVUFCoISeVsETB2Q4tE6rPbAQAVkdNiYV/t6Fu6UzAYwVp4N9U3aOUGh62Ii+ZtjhJjpGfrzoXE0aUQJmQt2Mj2TuwY5xTVSWAEPnOjBPbVNeMqCFTljPxga7RQwUFQy1rF/vZRM1wFyP/Uqpdg1PrEYOcMJpTZdEu+4Rq/OT6EJpo/qsLIiaVRYwv/IH/OE3ZTCI454KFeTy3TdGaMFNOIQJ560pof5aSRgWwuC7U5DNy5w5CwWgBzpkkTW3u9XhB2oHhF5VwQR8QC01RGZ59a7cDQ+xFgAR0wIJo857H34vqnT4vsPD2MDIR5jfo9e1v3iJjbEZEFxtcBTEWb1r6MWeS1LYcJbo13sngj5OP8RYoFbCkeck2cKywJIOeK5XQ7oKvFkzbbZUbmGZLSRTIrtc5ERe2rmCGRM43KE7sbQ3dvf7vYiCF6ApfinaEBrTyC4YMZERENKl6Z8oM5tn/M+FpIeWnVU5XhlT/TmGZWBZh4HYoYQqKd/RCRn1lwM6KB5jyZIcdqMhHnnEtG5mCkkGhOpRZgqAkcyLQa6Lk6JkP0dJ2DAMc2RNqWsSOQtGIjzVOepbm9ebnipNRZgXah4FzMmbk8dQI7aw+1ACU26NgTYS07z5kW/xE7V4BWHmXmBI4MQ7x4SaxYDWhbg+2g43a8zf+wwXdBSgrcQ1YdzVR8pYYZkAmbcOCU8NGOyaroioJFXohfZTRCINLJFHGbkrKYo+p4QU4wTlboc7MF7Xbfek5WBb1O4FTduQSdUzIY/AJeEattupHSc54okY8j7Rq8ex3dnwuAaGJ6WKd6euY+f/0Qk2J+iZupIsWtmhLTILW+FJE8p/SSRTM853S3ZFSBkr+QGEC6OapqFAaZMU1NIyOzQi6I6Pn0lToKE/HUw3dCvJPuWSk6bZm1c1ltgXKxdwY9nMzzPD/U0tnIsAFFXPZ5njUz4RF5ps2Gw/bV994sMRJQVeLYSPR6Iq1pIs+xI0fssHaCmNbz06vcMb/NhRAjn7/pFqyiwnB7YZXgDoknj7ccCQzdZh49GcFAVfX9KMpqUDEz935qV2hGxe0/bM0e3LABaLaealXdaMKtlj5kizuc6L5kVB1UyGu1autQZEQMRscgv3Emvo1EBIA7H6klIgIZPz8/ELra0Aa/WjN9x4RBbJ0WCVQ+52eGFcUmZhiYrT1irckqxK+tRA6mqm7Pc35m7jnlrBSByO4PwP50wKMmnXyTV5AVFZC84FG54xdKRjKzVF9XJomZ1iRJ35/erJuqwQh+psVwB1t0M8ETRwAQIXI0d/mNICC8vG+dCrUjNKhRJXFaqaLU1yRq4RA9Rt/oxjR7IzdILROWxc3hmuadc+zXn9Hz6b5VFuBryWqagTgzayc/4svbaCJTwxgCUCMQERykwwpPnoj4zI1MDp/n2fFPdvfWw6Ig1N/pfiLKhMt84YN2y+lcy6NwD69v+MFaWi16a2hSSf1UQaT/gNIH1yfa47FYBCrXZ2y7yOd5aD5NSZ15uy0hALRSSN7KACI4wUC8GxRjdyEwqCWNgOmoyk4ZKnAoCn+l1pvZkmVT3khvBJEy0uzynb68dgHhrh1DcNhYJoToZDSikuZZe/1PVp3mIKLqzDB3zXZmhlGhjIhrO+IEoO0gWWdJokueXmSw1lMlA/7EkTTtz6PrLb4MOtTzk/Hu/MjZOKnywFVAJILSOnd/9sdlQhZkOrDAeFhoNM/pIwZY1/TX4Ff9GGZafZOK2pIivA5sj/z9MC97F8o1gXU4yDqSByQGkdHXHugA7715TuBdwCvaF2FZc57nxy+0hzROlFCRzC2hx8p1T589eCYgIv1bdIUUN2SejHCJ790yUUOCXQ7JJbYph/WcsVlR/PfPnyOGQYiZYWodyYrDQbM3aKX21X+PR8RZHzwhIRkliMoJbh873K4mIdVU7mjz18yeVCX1DiN28NO2aQ0O+dpHC4oF2P31WA9LeCQUo1SkQkAzU7GsXEH5m5im8TLb7ODU8EjgDPuco3UjhEvc0SoR4LLlFVghCaAiy2Qe7U1844xa0Z+fvyLiff49Y4k58fl8iLn3St76HA3RNAj01DETZYKjpo8awyQZ7/RobB4l2WI0OeQpDdpvZdZ5SP7580etaNiVzgyYCQ68lsO9jgF6rhTYlt0E4d5Q1ZEK4StpK2InBM6gX/5Z7Obw9x9jR1yB7DuBAl2EihSyansjcvi+McyrzUVmZNMa6MxM4lQFJaYv1Z1LDI1+GYhUrw9RE4b3K4wgygQFS+3mV+8MKEmVTsXOHCCbMontto5STgekvE5UpHXt3wGcyUmK2+pP9UwyUv4QUmSCgudc4s6M6aUYNRdIKVtyYWICE0SdEmwRq4aB3RGcqTU2/r09JVKxtABLj5WkvM9NS+PB0d5LXRCArSHuLm/zi86Gt0rce1+VVFZEHjdZmUBOeNny/nVoCjMkphGMkCOyHjhJGdXOeICd7/Ay6kje++vwMDOugGloDjzkjByxVFEMIuN5zlMHoYKQmSVJYkg1uKaL6rJnVD9PrDVN6B5WEkg5TwR7WsOQiMhUzebUlZHjY2ZiQWbWOUNU2EX/8op4qkJFh7Tn9lzpyI1oZWn26BqpBwktzVT2GBkRq1TtKyowt8gftrPxjJ/2NKcrTS/WvFY01tt2YdFl6u7MGLuV+F+PRc9XT+ZUrbDf3CyuBWLf1vT93kuzQefz+dS//v3PzLxmRR0VLqQ3iY0WwUUGl2Mu+Akd4TWsX0Roh36imTp1bGSPnaD64S5ilMvvlns+I4C4nxbiSrI86cXCTo5UsbhGALPjSnV/3S2qy2xlvD/X9Z8gEge4LC8lTwcLxRf9Azb6vHVM347MiSGZ4QYmosCkeZGT4cnHt4ba+XPsDoYof3PSS2gtCtvZfsv6mbxzqwrNLzMFiIhPNyL6XilooYA0nVkITA+XafVev5mZFu039Mn1bKvq87kkJfWyhx2+DNwNN6FaOSLOU2+mwdIZ4IFQRESrdEvDrNy5ukDbxUNduHCtQlTfv8yUWVoE9s/MtDU0KC9Q/f6OgrG0Ug87hj3nBBOYdkc2gFtCH/JlSeTaYvKNsGkq7sknM15WJmMFZd1Rjwbvt7u2A+KOgnu8ge2pn01wJFu5itPWgoh/GwkpBkppPpcrzcjE0AzEN2Fr2PeerrL86s7VV74DXil5nepGTtZi+qSCCGwxFCKRpYtXOaJahaCDvNUeU4hnmFE44Gg9qQvHtdmKQLybqF36ZCRSu56s3BnbNIv54iicWZCdhfmn/iSh0bTuyyoDBC5EvNs+hXNLn07zu83E+e0MMHUSFgvzN6HjPRjuRb9bK1zQZxYtp3YzJtDn+1HjHbr4vJHftSK19aUxaJk9UD0D1PCo1HD6gTszhOh+3xYr38nT8rbe0Cf80TlMiqjYSJ8hFnzF+XbBQJhr723y+RrWr/RYoex5nsqTpf3YmbvkV1UZyZUNitJLkZh7BllZ3n2Kl2Dyug06sQij8WmPiEApCL2fp9Yo/GiRmuxxenKNRzOTA2JMhtJDGFXTmgIaM8xIDdh2XOvSed+pZzkg8dZR4jhrxwnQ4CoYHKV9KFfPMfoOZq/gnEqJh7CVsQwj4vtHKFJENo3nMiO19RRDTtkf3A6JgP1/I3DOUeStOhxryPbRbXIOvAf1TeIvA056tZnJyDpH4T33rOp2tB3cB+u4PQawd9I2HqDWdi+0hOVljwJGD+I5xyxO5XGYj/ayV0QFilWp7zsCkfLcxDZsu8dV2da88pdTBrTAGllS5DsHskrjaj41K7zQxw7fmpwdmQW+53PvadYyStQK0s8zQkPBnrWOobaizjRtcxdvRnvFAhGhBiz+xlSCQpK+T8RuPmw3dUuScEeA/b7ah/Gya6c5cyNCALTA6zst7HWmgRSo5MYYoa26ufTUeH+GsJLWSMFatF0Vow4HwJiAqd+r+0gq7upiYQvZVW0FOO70OSMfD6NauRrHXBYwOQg+dYRMqaLr9T1ItZ1pxKGyEGlLnAX8crOb/+xsRs+6pP+dOXJY0oxzOzF9xJdLlfZh4PMc/GI0LwDhxiBO0Z2+SXZeqvGeGUXdQM/senmpN3RAVM/4doffJd5DNzNyP8iopoHpoC0OIkJ1mp7Jzm7r+x1sp/mbj5+e9FTtm9Fgsp/z6PvcvroCVQ+Wk/594z7bZqVx3ztplrf+8zkns2SM5uGrdYz2KwdFIPVEQa9vHZDRw6xcewFlZNnv4vusqNFQenOG9ElhTBaOBuYU56py297ffsv7p/b5Oya8SiyITLZnINMAosCI7Wqyyty3V8+u2vic8xt219NGsPuW5+jxbbJ8ejX9yFWIah8DbQ2UjnvvtdVHeGMdgJmrt+PoRwvLVGuRFNds7Mn7Mql9l2cGMxn5okp/u1Z0Oad6LMuiClUO+o30W+iKYOt2qO9334FzTtsirP23gADOkVI853rdQZ7ycjT2TEsN4PQ3+JZMgkx2abkOVa1pkkAW7B8uh2NVHV/26/sYdUP1RJ0BDO/y9XAHPOfT2TurNt4ngz1Ozt3U6s6ISHS3xLbv84lV/OwU5Es9XonCTh5CcIr7L/H3Zmuw0QIqfcvMEM9jneWcowLi5dhdm1advgv/FFzb1IETOzKSSkxN78CjTQFMtRZn72M+FqhJi6NFrK7Y8as2SINv31GW/kd7l5XVQrVOREd7d0+9UTTsNacn8x7Fl89B8rVQDnmDxEqBNUU4WcCc3RyjUxDAwLR30pXDcOodXlptcCJi+r57IzwpHKaWogcjNC56AAAgAElEQVT0XhS53mv1/qYqw9edS2xbu2S8NfN7tMTBp+CPXy1D7GzMBSe8bSh3gP1+n8zvd3ufUvjGhoJc9z3nwRLvXE+6rfYZUwHOWGIqAjK8grVa5b0dIXluxFu/en9ALi9TPbQK1zfIvBe25CSsdskVVqSA2YySj0OlFDNiHYRV7F96gUdlsCmqz9XajuV+vajxBrVFN+0LGOBZZPv/b9a+7xWwTXcAwKt0j7ev9J6MIBkitFqNpEa13isfkTMzaKWak7VQu3/WOd9akaSULljzgDeXveftTbVcpYU2b+lRzAZDkR5yeTb6FWcaWRFefjukkp2iiToFGlgOj/kD4LvlLsQKFwD1K5U4fwGATZNiYCDeqrKZ8Tw+AmuZG2ZtquOrpZzH+nCo8dceDqyCh5aVW2MRVifYYl3vJTM5IbPZ/WB+vy+Mozs+r6shFJeKFEVG1MA3Q1th8KtGwq8rSRm2q5Z765P3XAEDaCRcAPp+RCtJO3RpKgTsxtbNegOtH8vAKqojyAwRFNb+LiIi45utfv/htB31t/VYZTlis+eWRpXvwIAOpO/t4MK4ESGVs8Co3I284Y+Xg1E7k5kg32iwFQU8EPZCdVcmqudJjMeO7qYzNOCvWmcXuSxUHTpE3Od5uvustwqEhZ5Dbusd75XXT7OjBnYCusQj2wtrX1qEfRTeITFMfOFyQosIcJ7nkSkLgSPY/ithRMR7AvGeDbp2GruqaTfS0KTMX12A44CyT73lhJsjHRX79L7vr6f+9e//nZmT59QzaGJUUgmInNuhuSbAQeWp5/S0q5iozKKYXM5zVXUqAY4DnPkUFZGfuQx8+kPXGO8sC1wPAZglbdfXCXAgw+Wqg/FfmbFNU/PKyURnb2Yon3oHlMjIjV8RERyW+dQ7qI9NwFHdvPLtsvYNqvDIrsrLRhrwkk89OJlBiClP9W4OXpEEUeaw2314ywFAW2vctIgf50zDAGKCbbZXZJRECLrG3P+nv+hqKkgOEVHbugEaDKaGmwhxlCTQ6elI9GhJgyZJ2vRq5VF/jFC7UNAwXVbYYTxoZhqdlVu5DWSrjrF2wfaUiwZupKw4lf5GJx+9unMq7a8k20dkiXAAefG7FUkPmqEmQJuWt72syNDkkMh8YsdjjV61oyhC8Ypmzjk6Dwt7OdmQ2soNu4+NXdV0f2zyQVb9tOy2g8ERZVxUrNQ+hkQPNEYd9nSrOSRpz3FVe7uuai6bfJ6j2qJ7Hq0rGL18qKjCqNoMYZSwB6VARp58Qo04ielTWstTGclhZlWd4ypKGevZnD2BKTF9YNBB1A2RZboZKwxf8NFYKheR77nEfNyJpYQ1sYMQ2YV97h8h8mPRD7kbk97w91afigZ1qq8dk0G3bVy3wcb0ME/NNILDliPKqaRdK/kC1kn89fywp5aUMV7v1pmZzyFTy3lUZjQM+Od3pxwixF538JXa4dSPK5KgnP7fOWgKgc+490/mrrl2LNXw4/xaWPiKTMX2SM0GVHQwosmUxsi3yvMBj211v9aHV54AGncaB9VcVz8W+C7mRZKUBMVyEMF8umLil0XmLiv2OMp1Ibo76wwHBtGoKyawVfVd1RGXOUy0xCmrjZbkJafLiQhbEyMlUXh9jSpWSkcMZ3EzJJHBRIm8zOFAs5kgN4kaLD3r0Jqgve4iwlJH0XXdbI+ypJzX+UqRIsnpHTNo8MDtvhDxPM8OjEfzhbdp1ivTey+p7+EuriFhA5fHz56JrJ7LXXIYEeTIz9dF7UoRyv5W7pi4Z0zYisHKjIhou8GmVhm4NJw1BsmV/MET4hRDgdE6uboPVZk4VZcd3pKTAQRRWYnIxMvo7O7nqZDcNTGcnr5tf158jXR2xl/iBHh4bPQWkafO82QdZaWelnnvndujHAd58ScKDKIFnajNI6fFGEufwqyauaq+lN/j14jxWzHL9oojaypyIubJjIqZhrxQB7cHomVVZR1PSqRK7Dl5JmbsCRvitkssJhamWbAu4EYOpOccOaAKQNEwWOfn3nuOltoIstEKCWgvre61NyLokNFMnmlD4QzUeXYrYWz/qaj3HR9cXbSXLMJMyD9aawOSkJpbUxzRRQC7TQZnELj3VkCXS4Sq5q1Tw1lIPHwAGH565OUQ+DkHwHv+HaMiPtMit0bQIuiJsEBq54F8deUZEDdThA9V+/NaNkNzN2A7T4O4WmdQGpZPRJYK0Yrz/7j62mVJlttGgMw648fd2LXkffO1ppPk/gBYfeQJx5V1NTOnuyqTHyAAYgRIUWQC0TEFRptkFymr6hlgajCMA/D2wM62iCVtD8rVLMxWrpYs0nCk1h3r9a3JcdBkNQ8b1ItJBxyRf/78RzXOSQQbVY0GiO7RfemZfp4jIrlEJC/UyK82ApkpxXowRIevqlzPGYbPTBAns2YYuLvWS3SlWABUoYley3GBUXt2/Biwhb2cUYsi6PVwZeZ7BpiZ144D0hSixn79Ec/nc7lXirTFlraPVH+EoOm8YRiULa9G7BoheEf92xCOR8L4RTsIdUz623WmdGhAVZCmgNFHrGcaQdlPhIr46s/nA/bJHwkxvUmrdRbQMFarr2K3GfBtnWIlfQr942XX8eYJOT2qTq76CvDdDB17wOrQffrSXfp5ORlj4xpR7hMc+fKf81O+Yu6YQn5osTSIEdfyO3Gk5cs27o8vUN6kCwaAd7q6z89T4t5mIkNwSC13OwYnUiAaGt2j7XTOYkEOCg2iumFR4hvHxI6YW5eUZmh6tRcyS9lTKoApyXe5yu8hbnjOu1CIhCxnsUBgUyFVnUzEWQbutwVQ/qoWJ3cEKocbceFEBrGmIc0x3hYXyuxXV5HI3eBr6F/xc2+fl1dp6qC3oOZOF9PRe+wiIBflWPao0M60EXGoJSKt+9H3GnR1r5Bcw7180c8avPOnlAMBWrqfmUavyxbbdXseZj6ZmDdsu9hu88egS6krrPZW9xQZ6Klb6mjy2DrGfcS8bkvkEtvja+SCtMKB3n1ADfi/N0h+CTJHmh2VSczbGJRc0hWxCQxHcx2ls1dqwwyW9n4qxLfd3yKz7k1Hdr/xGVa1YRPGrRqAwzQXHu8uKFIyQfbcGYluDjdYvTl9DCIPMGUVTMwgwgN7df00idK/1EELUj/xEME49oj+AltaTiYHEv85DQwBKsEBaPhzIFFTqrdrrlAjRaEm1cbC2JZw/3r/zsUZ6NVBljrrK3QGawqytlviMhlj/RwxU9PlvxARNhh5zlFXuzt+69NXbunsqW6APcDImGUi4zg7D7pPPpAD+1prfPrDYJm7gLYFCIjF+LYWGltYndf/yQOVtXoI0uoJReBykPtu9h4QROvDTnWf54BjsdQ51a0sjDWGjZACxtFvJV3fMRLYPSvtEEnyVdUEgqi+U/Ucm4SPYNCe2LWpQItfKyxVOUqXHhTf3RfQ0U8xIb9TfVV3qTAhQvOgeqTWBdHTScSqZGjr2rvSGpuQKM6ipYEqEn0bU2rP0MKcZ7unV/3/HTAMPEvgDm+kH/PnN1IngKwpoRgJAcdTmBZaJ8j+TjFOaEfaDugj7LTmqo0q4E29n3fGD3bP1E2xCgJnWZIRcfIHMyrSf37+zIwiA2LyhN8CezAZJo+OSFfk8dD9dw0GgFpc6MrcLg7S2VzVMRHfuusbY2Fy/pKZXId0fTAtfRc9M8PMnMxkLOmQgD5Pfu7fpu2nZvrTxR687zdG41+4LT2xlkFbzc7MpIBH+btBHI7o20QQGcxpiN4FyOIhYEpqbRFoRz6Nz3um6qPSPONEZNW99544GTlLfImIHvz58x9+x32rbtj+gVUdqbs56heqZ2TFIzAoRhJYDbRa1/xtm7uDIbp5htWE+9Zwp8BBKAlqi6rzxXkeYYlPHgV2mNMQnOi6uoMZ+RaG21ydHpyf05j8r//7X4pcaoSO687iTqveWvBb+nynhaq7zLR6uYH7uFOWo8LFsDIiQXj+Dc7cX8LCzklkVgGG7JL2BKxXYHfbnWolXNtQcdbRD8uRVP/wJRpQwWUleJtcb9c7sQkxpjVuWr18mbVHAKoFA4znhyZl4DlPl2wWj5iqXDtyJa6jLfMzPLlD3XxHajueEqQioHBT/pjiJnVqLCGluwU0TA8iG+4h9Cn3+6qh1rRwZZJHTVzo2ep7qavcGnmt91bmNhYpe6GiL8Mv7zkNckIcK6F5/Jq3aJDovgLBTCUbDcT5y59uJbRuL0nqBwgQhdnT22Jlvvisvq/ib2b+/Vysv2HNlzdB8t5ajj0yM35Rq0ieY1nfiRSOCEBw/c9zZJQcoAqLHqk+MdNgx5JMTd1n3LbRrvgIYhwbCxwTZPSWxjZfILCOJf3E4bLGPp+/seCTyhCub+bMtAhInkhrc4ZwYX9R5549FVuayzcN7+0b2bW7OfRJeP8IQFkEfJPZuF59WYTvS1cIOydJqrUWUr5w/2r4KZXYv32899hw1TMS3tLi0PP7vZfpxHEVu3RaMmlFFzJf71r1WHuPuv/1+ZurGnYpoEwkRQJjBo1Wot2g3W6frIIVP2V927l1A2Iv9YZOzSyXSa0rpg4tXzaomtKjefjxYGD5UDBDYUhiVY/GTbYNxovS7f/DnVpzYVNz0HqwNMbVfRi25/sn8b0aiOjPnV97Arh3h1teKJ7r2JltDeOZ+8Z48vSMq8QBSCWLd35Dqqz37h+PWwjsXlm+hRuQEWblDGYqM199Uq71h7/LICVuYnjSteyPgFrHLVIxFAk0cycjgjXJ121EdaRBk6WEt11Q/QF+uUNyxyO1+jlThBbc1y1WIUiXUC9UATC6rgCjrpJZ4HKN/WliVTjKJO9lBEB6g4jpdd0QsmaNl0rt+Z01BPrznSBWCy0FmWEmjn5wd9c0Y8LL6BQVrGmISIrCaKI5JPvYePsymv0Q+JYce8bkiCQk7mSqSRAzcUbL/aQj9plX8BRHD1+GyFerQXNnX/PQbRUwyk0TriWWcEqdCn0GOuTXY6WdWgiQcuKw2iviLZGXkafLrKXlwhP8ewmZzmVqqjCrg+GqKjPOjDSUiLBAjTs1Fw9xx5mcmVv1Vgtj00XtP3gUrBRdzzkaqumnD+Q7zw10ry7eKrrYz6MXKnB2dgWfjo6i3Ft3SdmWmbHJFqsWF+1b7/HNmmo27MJERMTJrG76bMvTLu/9KIc6Hoadgt4n8ILC8V09EufkmtAuumCLJI+14tcRcZjhtvAzszstuux4o7pFgODLaJY67fw89HICRfh5I6o3dQER/Hw+z/OcjHMORNZbRa0PDKC/c8QcJwFP9GNtWLj+vDuzZibBr3JCLVlPCyc65zC9uI9bY2DHzNwUTFHG9mbpL1ZD+Pl8xgMPK4dInvMsoRlDjvXvvPcGlp29b1zJoKZ72qUnqJUg6mo88gefc1pDcVslfJ27geHxNTzuU16er8Cjt7rQfgs9f9cXv/OvzrYDyOpZYwE+xfSIkJIV3wbVvUbwF9y8sI4Qk8xMD43m5+dHoZ77fMan7pUp/orboabJ+wG7N0XMRMSJnNHiAYXuwCqNdPczXzzXixyq7s/PD4D+RScEWPXR+OV9g3LbFNf4W6YCPZdWY3w3B1x1818IhiEjPiucaaXQr1/AF7icmUB2eUodkQIi73pU6uvoQ9R2eTOjOaGf1a825977PM8Gyfj0y0zHGDEddwTw2BiGue1SJz0irBcxe5QkcUZrPGCUU+eZv7VoPkguMiNibYsBSEQ502N46Nev9x7NMvEBrMZOC/DmrZNlBsvFa5W+dL96EEhaBh3vPdX3ejv6X38Wy3jwv4ntyxTD933pROk9fhUYy8q0te829V7fYq2VCoYvt3onuEuzE7ijPyuLyQjPXQHC0GJwuzx9i933IAKTv+N2Sd9aQhySyMT+m4y4LTeacYJbO6/3CfNXpeT5LoG0lmHBMmwgckCOOFXVRHqZ2aRYw7LYWsXeW+pg27Fxnz3SeTdaNj6xfMd1NwKAzOeb8fl9a4uN8P1fTUY2UKsBEscWJU4re+oEXUsB8xZLs8fSnXuuglZPLDLe9sQmq0JFdwGemWdVGsIxvL5F+aLl1UsiZOH9DqMwA8kRSegZQoDStodhl7zGLxsovrwaYe8bw7uvKYaAO51RtHTT3dUqks1nt1LHKgF9sGo9t+pfuI3MdfQErK4DX+s8vPWwl1LAPYLLJyEw8y7g5TZ6Iw4LELDjq/JqrLJhj3cCkO2kIw+ct/3zVz4YwRmek6///ut5FRGarTpZ6Qro3y9Jjt/Bv8HlDREuF/X/f7pSvgHKfUcFg737hCD58FPv0c9BEVsvcMbsO7/lLZ4BMCQHIQ3tT8a24vtdsCvlsM77BO+9ErjoWYWnLzo2Q3jgJEMFBfXeKKdBO4kRtxOAXxl06f8tDoO//ytdg5ji14aSd+Zg65GItTueGU3XCHZhqjKyp2b2EblPxzknvOZB0/GmdvNqcDzbCTo4k0jZTn7+/mt2C5FHs68l71bOsj0JA9MTEej1i16VDLZ15duxmiJjoyduTY6BNvAtpWD2JC8JYJ8bTWrU0x7guytIn7C2tQmxiCBnUepEzdhmQwtZqm9moGV22LNIwmbb68JmQbAyptUMjxYk3+hRzKSypfHIfHuifoedmzHfpQ4d9kFydyb58cysVOCLHrwnQWlIMeG9+z309ELcpg156m70RnqIsevVkz/B7CVjwcOn8q33zMW3rOxbi5/nec9t0Nr92I2Dtu0V7uHXcWNT88tkIZn/+Y9/vCD9VHX3n5//ACjzja4hA4HqLi24MPo9yzAyW8oiF8o3VZ71nvEyeHv+3s/ncwd8zo9GniLETlsioJJaX9KRf+bJZ1/P67k05XJhnudhoAldMEpasmmSEFEMAtIlP5ypqht7hCmVN3l3+h3L+DuRvR1+prYRErQNVkRGJIclB4YIiUNtRarMMw2GcnoyAqHdBg7Qo5qpUxL7LTVc7dgHYkZ4I/XT4MSJX5GroT22Y+N4LD8CJGeH1dA7ktMfHJ0yT5UMFpnnMQFtb5cCBMEqucch88k8VZ9uGwiPZWWOH4987DA18olSi67pN8G4fVU0KCnenmHrXyoge1PTTObJzELXdMJ+XDWtHRUS9RPLdwbv1AA1jWAP7+6Xlv+amMsJBjzPUGHRi9/1dMte06MOdlXwZGRNAbj2nRcHhFXtBkIFYQ+JmBeNBRAiIHKYdNtb9VEQ9MCQiXG+wkSX8kHPdIA1HZHJo6L53is90BblcXtk9c5pMpKHsOnQvZ9X6ltoRgQSQN8PV1qlGfUevJpVHXlkMJCvgjjO8YUX6fBhycLDzJfnYlBPPE312oMTuSh2Erz3b1dpZcELiM+MxC/6p4wgKEawZ/NNBhg9NT15SMS0yNuC2J3g49jSIXW/PEBCu3PgOWeIz72eWwHynlIdtuWmvbN8srtPZt8K877x/vvIPOKOSGAbX+jZpmdw8n4rM3PWEJqepnfl9Wi9CgU+vlsTkGIbbzXnuC+DWLu6sVGRC9qiF1vukan6TtvRowL0xAMXcHM/JZN5RcuZFiSgfCMfQ9MJx01s5lF68+22liIIdLlvwS4nlHYNlOc1vACZporIeZxonZalHSxuRZkxqgGOk7ZymnaCV/ypLW0BCql8VRSql07k7OUUbQsmrAKYUjck0pm2p26FKEDqm24R0vCNlHB6W63h6Kl2XJqBfJCTL8xqHLpRz3PYCIUbQBOJsueoyCDCOFRSfFuOfNJW4EBV6zrUVPUQCB6ADRk1qrcJrRfXkVSJP9OFbjSVg3QmtTNmurrzPIMFOLiKMSAc3lvVlqhOVbdbJOKQ0bmyGEk0MmJasG92d/XtHkZqcejbmwm5VT80gECb7lbJu9Z2Fy9U5bs83TPuE0pRojABZubz/HSPmFkR3xWmE6gu695UEJdd17SX794PNW8bywWQoeeD2FEigJln+wG42wM4Xjh8Jw02m3VlHprRKw8pbHU0Y2Nrjiifr2KP27nJwdN7/xC/i0798VmaST4nyFtXOzHlbTWldSCpZx0R8wqIwLAhNT3ZGKAhN8WIkF5noAXQKoc6MwUJ3Xvhv2wijlL9QJWhFTT5BIiwE+jVcCIzRR3oHkmBZ7b6gE0hejo4wiMEYp1zzvmZ6b91hyOL4bTzmOLscIE29fMlNfVUJCNDEWdn8Egxl1xQZUTOujnDeyPcDGtRqlnzSjcGczHTeXJnB8vXNUuxBkAggAzzb95CHNMmBvbFtMQlQXcX89Z5O8/LeF19cfKn2yXr7Y4MCb+Z+fz89NzqChATmMaMfJxvafuXCBnRLaBsjZ4UB1BgTA+ZiFh4cKZ6ega894qIUFU/Pz9lZbew7DLcphdCmE3vaYpbiI2KlMYCIM29mKnu6UCePM9JObmVocAG4qXeG33tPaju+ey5HKoP5aRXyIi6FyO9zqHNWEpgZVWd/FGUmBnmAXAiM/Lev6ONWV3anbYBOSIyEERMt+BMES3fpksRTNvC6B0qIfDxrTf0XUTGl3I0jlZhJddnWRD/raoqLfMQVregz5CjxzKS6uS5NYsvzUyTec5ze+JkOgKLvhNg3P5EJlv3wpokjMkNha4ajUgbGkbSxsxiwROvBeULL9oVHxgfbE9OMMV3YAMuviBT6MqTLv6r/tYn7CoIuFr2T8PMz/kjvzYPx732fPHrxO07msrMyIx6gG7UeuKpLr11exlI0hgxcM5JEtPyuDeBVmw65MyIDrsD+BoT0YLy/TD2jRnMjm9VrAo4BpZVLRmuqjUrAPKcY19vxe2EU3DYNVHg3adLoZnfEYvQ1BCfVE+4y8EbeGukDXkTIibNDGmUp/u9X4r/jCWTLaTb3XdK5Hxu8RWkikanphnZwwZEDN67D7v2D6blohqktkZZieUP0CRvfTCxqw7RYxv27psZmaet/Bj1MwwOdPLXYGs7Zh1PFXL9Ha7IFDLkxtatZcLIo07zk0uXvlU94ovNVMmvTZsYSE6ov8aJZ3yeK6yQ22XC4zqqZ7QpIUxh6+fk/fw9uai5RS0X5NpojC5GLN8/vIRT9+7M4ERIb8oQQjPejYQI0odYrMcgpvmlXdLs9WRP36rGMLUKFKr7hSFYH9itNVPAvw1mMhOEXBBWugC92SlxOvPn58eu4tTr6+6+2jcZ01MvS1p7sHqtuqonMvtzT6ZmuYoFpbWu/2bFBjK6PxknT6rI6S6eaAknfVudr19InV+cWnPxmekdJQxEgN+TiZkkOJPBWlQnwOAZe4MPFrsV9qDSqhccJyz6xQ6NdI+0JQJTI75xM8ipFmP90wURMcmaiozyPVqNu9LAjIoindVztHObT+YggOlb2u4QX1qSeY1YFYjdGoVoO40DsDvstociF2pk6lbzOYlfZsJiQ2emtv7MTN0BxysOXOj2TLOhq6JKpqeDLieAmf2PWJdRu4eNLoqUQGI5BLyHdbdWjJpfAcQx4+bnJUJ5KKXCf6paxsI6ofqhOq56UxI+zqITWgLnDnS7UTVcmhXJcUGwiPWpIAXV9Y7D3k11YpikCowk6EmhsHV5kCiCyQRQVbSMhXWiyrtFJyOanUGZuUieM+g8R0RGAs/z9Mw7J6YzP4Z4FWR6+iomlh8ahUZwER5nh4iomUa9uYlkXen/VMHWThQAfNWBSv2fz12k3seNFPjxdsNMYTROaqqLFe1p3QUBi1iAmef5ieCqijustkcjbkmgCj2HQGJ5ojTlD7BKBgDP8eI6atvfjlu6RZJ4rWsRkc1pjKyE+pclJncKOCIEdG/c6IhApC1VVlddt0aODJg0A0jtTieDE4FgwrWKgorZwFYpSSmnsn+HyvjeaEfPfCUQGefemt6FCDMAzjle8tiNDRrYaWhVRWjeln///s1//PMf3HNBg+O2Ocau1lmWlvrTAGYZGTobCwpElCp1m8wJOtG8KGDdEzEx0yaa+VtZGqMQ/zoq/jYA1d+sIOhpj+KdsLB2SNXvN4U2U03sWJ9p8uSMLR2Vx7/3PPjkSe+2ec/1DqjVkI/9kUVcmsK9PaNJl9y6xXDRjMgoD7m+Xc4pBCAPUDWHh7Kh95TVz5XbPXgCZB9J8whIPZBgnHzUyGF2Gcw0gYlvHRnyWes+eYJxNSQYs2t3JtkAXvYiyed5fNJSBhf6OmJTalmIKG+SkL+zyig72vvg6lFGROh8DzPz772ZKUFubLBR9NRY2EX8zE4FSPJTly8rszEz1/uTZ/adxi7A8TUWKoZB89PXX+08SsDdvUOpDmF+9BvrVlyYATKO5rNVtVj2oGlrOb6elfppJNPDZPO/nD6lOIHGCuMn/77wPAL7yGDfYsZSyX32XtCkd1AxI6sEq3rFQcDOJElZ2Qg0sZflYM7Jqe6Zd2Q84zLcybgrlhzE7augyvIcPd7n/AEQ68zb6w+oEevsSo+Zd5NwMOzAzojneaQq0F/4dtoALBOhC6Y2SV/L7kp5uFf2dJ6nF4kTGzrIlGphQ6dZJzBxRF85Vz/U3YIqxLOYNQScV4dhHtbsurZv4/7k6e4nj5Yw50JaVIR8eT0bN2bm8/koO4xacJqlKMZQYU7k9fqlSS/dJZbtFhG0jGZD00zsdkk16hsO8V3ZtKNqP7d3rEMhhopdqJXPO1t///ktINI7eSeWVyUSIpep9DYtWAM6RTD9zAyKgyD5np0Kfs3YacmaOdkRLhL0dpZpGDPtdl0Cz28P6RckGzRraAWBUpjRaz+10I/YLlocKsHNyrHFxHlpYl2dYYmbvuk5GXFgT8+vDmPaitfZwbndiYA46ZnnjtJz/fePPdO0Qvb7TseGGzjnSG4Po0e67MEMtmel79E1VqhzVfflMpeLGEMhM9PTdH0Qez+w5wRby/onvndzlS6xJKDAoGslMsvD5UsP0bt3Y4zneZJyX5nkyXy2XYmtIMCz/teMkyn0fGboEtjwrCg6POIRk8tS/Pv373seukuKFsBzeGfzSEiiS0skE0IAACAASURBVBfK3f08j76L+5Hugk3hjr6dwjvlt2MXqXMOEZhJnyjrRZQ3f9PcXhDnkSJwGeKOaS6vvxzqN5+KpTtLncvM29Umjx+Zn7jU0yrUZXPHssDE3nII0A5IT1ZqZhRLV/iW0lJCWH/EOU/3temTTktImRcMz2j1NzyOKgSQJzLz//392zMcs3FVdIVc4bYuUi7j9h6ZmfENRLlenzzZfRtzrJodzo7iMOP9WN9+GC9Y9sslNiL+/Pkz9aVIO9ONKaV6YtsVC/wd+TGuBLFJfv5+KGJjcgE+LwJRsvHrHhtO6gL2WjKSjJdVh6AtceTGni/bJjwSEBJJ1TB8mc7JmX60eOkVcs0QuaM4GRXNc063agC7bInk7k6pwRAw0ar9aM6Nzh4zcxqR8TyHJDKgzd7dQeoU+fALys8EtcODEdG3gNZSAWGR7hHeRyFuR8QA93NJ2bOYXfXz8+NKyXLJ2ZRnaVE+p6t2oLqBDMDAPjCcrWES6F8iDG+kgBm+gLdA0waOe7bglLebVDYRcMlDe7rM3NLtZq8No8jjQcpDb4G5iLhVj3duqQZbIlimcvR42ER4ngYpQqrr3ZilhZTrEtOe+M7oWOtJGCawhlsHzMB9aynxbHF1HqFrJZ5S2p4r3OF++yOVu/OuxiHfnsv/+P575akv49gJjoyVYhiZonU/mal1i28tdc7p28G49xNk7LqLWWRnc6tmZnKoU65K2Wxqauu94qvs1PMEtVOk33c9tkJ6+6n3q/jf+wtrLdmvFUGO2L+/OTlWjQsEDAo9/JZbPodj+ExF1lR1av3b1u3aH4Bvkt0dYB7cCva0FGl9Mr3ycR8U36+jf6kOagNOb8JnGUTr/Wxi+L6xWlMFdRDY9+7H85iaTawN6cuan5lM+8HOzMvmbksYBZjHeG+cV14rE+kCVjXtK/Kt/X77ifNlUQjl74H7x46IWRWa7ghJqSG3guI559/K2kREtPRw0pqJFvmuafmfsVpqCXZ1CDdY/DFC/d3sXTsAZHiIhYt75snoNi1MlX/bAt6XRdGs5xqu83TB50RjgFrW4HIoRy9XdGYNzs+fH40/37YlwqvapXx9y2YROveRpodee5F7le76S9yT+u4SwEpi5u3TMyJ2fXE0c5mO2C10JK0Sg++R3q8+0Mxw8DzPF0wgQxKCAdcXtOtiGfd7N99L7DS9712/DZKXMWLmRurDCCuIc7zvJyJEnjhMkl0u/5R5pTneCENa9fKlj2xg9NBljVhmHNLPk7nfet4ssENBM8wg853Z9KhkmgFNyyzhgECAnqqqaQJWW3Z3VZ3z7lZxNPgKmuAwtGEWm+WtVbUnPqO/wtndbXPy/OLmLxpgnHgf9X6+2XcD+XV6iCsrzjeHbBx2j29Q6BfW2VsDbyREBHcdy/aG/ntcyJFb4axtwGZe6K35A66Z8/seM7Nq9o37rz3nLGrHfU17Vr9LcfDmlO8f95BjIjJ2Ic7L2dfXV+UAw2vETEQ8Pz+6QTPzEtQ0fKiugByPDq0sEQNGnXYtTucP/zyP2BQNpOO8cogMaZRrmCkYds76y8EJ3XbE5+tJwJE3O+g1ZueMdSGSUcZ7Zt40pEFJ/Nr+Qlvwoe6Hr1bD2Se8atHeAHYxVLrx8qFfrG1FqupNneHUFZHTLVW3MfDtGt7DryY0nBf6fYOOJ1ZARkSsUN3uOJlpF5Nfu76c4Ad5NADziMCPYBVIt+5zTkZouC5Mo6WK06hgbP8I1Zl0sWhsjbI4MUJOBU8GfnVJPgQ6RSUunUycttIGViGN36f6G8pMYJ///u9/5f/+P//reU7ATD0HlKAy+9hzpwH0GAUDZMs2ny5mnDzVntllPmJBzoL4XrOMEb3gnMxIGh3wB03NLjAZZODez4Jp0y1yqGOQMtZW9Z55orXpwRFAI99lCmRk2sJCVHEZm8jIr1vsfikDTkZE3nvNihI7Va31HQ83Ac1EdR762qMw8mAQAhEiGDlQEKnMkLAfQPKMyfgW1OuAtn1vPZgheQKaNX3DE4ZA1z2ZUzL04IbjwJTGXKHX1hgTDcA0ObHGpuQMw6BP/rxyCDczJ/Mc8RcaQwv6Xq26aIsEEMyZ6rmp/XhbHEiqc9L7RVUzanEKJBGlm/CMmL6BzMjqofhFsnTNPBHdpbm/VNKqUiLZMykHFX2kSJn6AcBU0sv2ZDWTwZk+54dgv1uktEEF+FyxKQ2hxq4/GrC6p4tEnrNO3dNWoyMiatabOKQL7mnI6VtFJLdEm8Cn/hKdJ2jNnVAj6r9GhhFzDDLOObPkeorZrygz1ObSzHNSMigQnJqTGcyuD2aecyLFlMQ5B73aSSJccNsUr295VCYu2+2TB3zBry5MnPRdoDYLfVfNiH6hjQLfEQLNneEO57ZfUqorUzR3Lc9znh6x0MQFLy6Z1cCA7NWVGwRGbF01mjGt6mimgujC3IuF1TKiTWCZn+dHY7x0wyFlkYy1+c7D/kfl163lKhZRAZDd8xAqm4Rs3b7vxH1Q4CjULzjuPyuFB8Cjqu7W7f50KVdrX0VjksspA895ZvDkD+GgzAVNIqIxeQ40J4u3xUh3dwNzl4Bhy/enYc9cucp0baupladvY4AZQCbd+3l0fcc8IMyWmE7O/pEYejjU50QY4yfAqeEYmOCaHnTfN54zMD0EpX4QFLU17gC7zMMnru/9gEx7vlFaCp296gJ9JbEbO+xrzNFSMjCQcSiz0R5Ot2DiIfonxZP4BRDYg44aRgoYHXOBOwiNKbTQRtKBmSkMM/qW9Q4tAemxiY2IIWgSXXJB1WzgO+wxFbyaKzEmIEJxMF59X+y2Wg7MFvTH/bVlXVK/pX7muszBbZubE3GC/LN3H0Y4v5cKNUvmoDUnGgQuRYhBr9+Qi25JnVP14VipE2tX8jLaFIclSpxBczSoq9YXT2311AIv+fktpEFhNZEJtuilA6ArM+6ta/Ub4zwMLfzMjJxR97ga8Il4eUYiUZ2UWVb9chtgTwQiXg/N1mISzY2D0Fk74qHMYMsn8a9q7vOcRATEHCR6kgfb8wUogHc/mMv7iJDAQjY1t/tWU+UW8Ru1eWsw04OmGJguYBgZazmyMaRvVTABpOTznOqryy7uykxnepDcRPV973VEvo0BTx7GiZwSw8W5U/INkufnp9qjVVt2UIbhmk9rckknC9UajBMHw2qvDr6lL2ISo+rVt24VkLariyZXLhURPKemMVNVjfjccljY+gQcsUEjyAwz4MB7a/qqpdGmGdU8LbuJ9e1ZsG+mC43IfDI4Q1DbdbpbtzXXneac8/lcPUZNN3vWT4VWxqma+HRhrIIXkwhrTzQ9z3k+dQfTXa8F1m/gTPkopLbtfvsxth3PIBvOl4sqeGGaQFdZxiejGEDzIYV7dfKWp4bKp6mu8yVotikjVBF1wLh/P8oNAp/cBVVHnMwT9nTOXtuT5JGdOdz/T6EyaJxRMWqiekKbCfTUbM5OvVD1/J8uzVPRc0688HEkN6/Z+mPQMjaPyJG6TOs0Io83TzQ453m0glssYf0Nd+tSbvdGMjKx8JOv49dwZjR47qHIyu1yTYxByql5ZS6amljyr0uvu5wRh9l1C6MzBYyYdNrFkgvFZj7T1whUz5M/J7NLNlokQ5rntZbWl+gnckkJ8FKNKvHQ16HKuVI9AG1uisjs6ZJohhNBORZ6IDdv2dkB7Psa0IOFWAuv2eM8M8MxlxwjyrwRcUBva7pgkqDmDQgShVjfZ+1Q8fCb0d1SIk6v7yXJtNdThHVCG1eFYo9xAbweMPrNWvPOPEfvTLVlWsurnZBqXPWbW74KEdxbkK6dF9VSqORMdxFzFiQyYjWtNKZL53rN/8dl3cpniQImIt49OvdX7B3KbkIdINyzix+aJ2Zw8oeMBWvg379OiFK+BiLjfG5r5Yz+LyJLXGEpKroxWqmdlNwEmnHWwBZucaahvMHI4xq4TcJUMWtoye2ceC2IyEFn5m0Mx0oCtFTHEbx3yPCwXH39Psw7zQkS6AE8rSlbAWdEWgXeglpS8A0gcw8qU2fGcUXttV59leXfOlBjks8CgvTEEwN9zpbFa8zM1KfRiMPIuldtJAZMF1DekqDnsPa8s/zfE3LqmF9mWUURWsNjPwLs+TlPyDsOkUzm2sgQbK+PitBqHCL4grmzNlmjq2i1n13+AzgnZXGj33OC4JzzEBAOIKI1g82+V/CiUWkAI0VFNWhjA18PdKPRbXrKiB2q5TotVqVbEdFL1CwUpLqbgNbPwFRXE3e6p81NGgCBUBGCDO16QfJ2iXcfkXVnUDPzqWIiKH9XOQS4xlR9/u4SkLmNfjVHKXiu7XxNh9UVXpVngFJBjUdJnAERsnMQl3SAwEyXyI5SPWpTuls2UtTpl3ikdQo1Bb/EXlKg60bsL8WTv/cywUFVFVoK15+fP7rm9emePuecRbcKc7tANFSiD0xBTobF2YNQ79KrsNHnVEvrGts9xdSiN8oFurlGYPqmU8R35uSRrqgneqP8knWsZ3fRjEAEY8BznvAvsZTO4nJhN4Ke4LFKjwR6j+s7LWEDjPOutgZ2MBlCqytmnvPUNHpqFSRT2l42eOPSYAtvh/21Yu537O2jH7xT0tmLjJhx1Bf3DLVJy11z97Qgu905odaxBY9nnul6lb6BZXSR0/1lMnen26DSQqPw7ZQFVtsiTY9y5yVb+XtE0bsZNEIpSe8jJKaIiEXP5jyPnA9UlqDFFfPWSpLP8zODvm0xkRAzkhK1DNyuY2T2mIw/fx69uKvaeCLz3LlUzTlQvTQtn4C6U0RYLp8HphEntwzSI3jyefEc7xLb/THquagVqSYEm2akkB4ZPZ2HW/eSckRwlxc6wcq5Tz7PCSlQ5GZYXbeqZ+QDpFSezMFY8bCPS4XDc45QvhLyE5HndN9vYQCeSDO5hplHGrIl6PBTn5753L/5z//6pwKWNnYiTUhwiirdNXh2pWmIfSdJWWPXDn9hPNnMOFjuEBH6NMyA0gnG1xlUUcWdl86LdDsIJoiuvvcjEllNj3eLhxzlqDZwp/oYVtW8ePCM8fHrQpykRqzqxpfnYsY9yc/nL8m6XtCHBQkbHZm+hEoVjUXK2FdOXkIkp6psvCcAxI49It4qsNqVZbo9t6dSXXONuWPlYDP2M8iMc360RKumzjnHrnB170eFgu6qOt5IESoxYxJOMjNVs0pxEr8WqdtBQzGayGm0DA34ju5nRrYzBvEBSXofLNqo4/BOyVR2pZ0W56iHcRCB0qFDpwK9zCT6OxXEO0S0uz2mCpiM80LbLuzzaNmXoP9nM6LMDX5vPxfgMbaBUtia9ySbPS5Z0yaDmYnA7lmC8rT2jCpQZoi8r15I/qeiYLLRyS/U/BUvd2ceLjAsfwzC2YSkznAe+/zGslbXwlK5Xj/OBGTuGFXPVrHfHm1uOCz7UvukN9Xa55HbdCXvvWrwOFY4Nb1KeP/UYOe3L1sh1v185ld7tq6pEdGU8C93hItaeri+Ucxmz14jvH0vAtG044TE9Q407N8fwORX8c0tODwqUNCpqrDrLgBYVbOcYn2Ifd1mWsGlxLqZv9smapUr0rm/deIbNxDBN/26JHmen5eKOz0/f06Yph0RUT2ZKlkWMjB3zDwjbm0R9Gebma5Ka0UVfPB+Zaqeco9hbxAuOldlr2qthH2rFtnFQCkR3pHAdTfWb+Py/jSolZlBa3eL5bnLG13tS8qHR87aPABn+jz5fcMkRvY4+hFJV0DfQwKg198w024P+q+OljTZmXTbLyjtfcV6fbdKqUibjf3jCUBet91V5/zEl9CnObr7/O5frFXbwQlWyCWLRURcsZW1mBqzcRJVzQyuE3QgPvU5XnTpgKivMN0x8yzxsOru19xVmZifPIzAuvrE+kfxbS9XHOf4zBBGYqWgauLmuhN8j+tYoQLqbQLC4LmVYkSKL3DOyXxMZ48I67fkYaK3I+YUQpFNF3MtTRqorlVZqeFpy39bZq36vstzXB9/IwvQVkBGZElHqdXcRC3njuepVT49u2j9RWO7W24UkVJYEtg55zas081WdyOffUlc1fx74z195QdL6XVG43vEJkSE8WxDI1uRBTgugYy+6m2qlOGCRDOuCvVsTx7Fgfv3A63XzuzqnosNAgCeR1/fB6O912F66pyTkeec6f6arRERebuHHd+Wu9GlWujNL+J36CUJ/SlPrw8ZeVJPYL78QQG4BDT2eB8ayC8fOSLu9erFGc0FM/MMILaKiFJkvDciYCymraiLk3/a1nBydsTyAcWbxixER3OcY6Zm2UZcICPDlOG2LlhYUopLO9PP8+iKiYRx8qm1HThhqmNNV9Udg7zSxGzeyW4lT9vgfBtmtTbfQa+GcwprYdUvWy7tr+Ti8/mMwS9i8Vk10PJg1MG+H3GupVlsZZDneUR6eHOiNBYhzz01bCvUUIwCI/Jwe8rMIzibRoTF9YvwPgzvx1L4VVdqEx4Z10yFLTpt4wmPKDS2ZFUNtENoY/h69T4n3zMGq9freZ6eq9QWET/P8/l8sBXsy2TP3amwacds3HGTwteVpUtGJfKFE7y7acLSDXFoN+RGMmPM99TgMN6PCcx/PD8ZCa9h28rKUJFbcbHOklbJuCA8dtU/58jLR1S0PCcz+zYZNlWwkjjVBEkb+t67Ls2B+i1yuie1g2270NjZ/qzQc/Osyn4NtEwh0mmJ9Vx+f9C7d2dWdRfLFm/6SVYV19v6rbGP60ZznUTK0f82QL/oy4u/1NhW1GfSI6Nwni3dcQCf+1d3nzSQocQzM9oV1wIW0RBXemxaSeoCLntJ4MhqYbmKAcHNWFSlu73al7z3nkyp937RcQAN16cspPa+GeldICBDiVp3KiLWTudVR0Fgt9+v9xNgg2vYpsmM+BdvMrFdch+BI/AyUnR3SQvo5rkj/bY1RJ9aIAq7cF4BJB71m6pXXeqRXc0MbKI96/GtgxB5IiOWrjRgGKafGXQXXgKEOiMNYzS2Wv4+AJm+BiaCH+kPdBq1kWIxDO4vALcrEN2FmUhXC7GgeS0SEu+fYRR6iC5VKd5fGF4v4VOxLl5mecuXSXlNfN6q6q6TydSmnwyo9VoTXq2HSTFtO09aY433OdjSkEEQf+sTJ0TcgWtj/3RZ1mSmGMcKC1KciB2g29SbtdlIrzjWdQ4ypId7hV7vmQQ9eHjPQ0asvaZjrJpIDSp6g4RN8NfN4r3Obyl+Ur7whkhjFdXKqhEJSV66e7W8cp1SQxC0nN3W4iIh9RuiAIwcPN6NNwg8x5NIpFnwVSXoLCypx3k2JCYyU/sYrJ2SNQF9yWf7StiYaN5mlqujjeV0d12sJI4284z77rHIk1uPvXxBkmejcWba4y2+LHvd6XO+EEF1M4bkEAeBmZC1uJ1yHBzgIieG3d2Y+fn50XWiFL/hfLf+7yZgUa4XEW/foa5hTE8kSU+Zdwvdlg2GC1SB9Hb3XK3t1oeSjDwzto70u9w2QR20GAlvfBYlzhynXyqBZbubUqlaTKBwt9ushcRUS7tp4C/1gPRPY7/0Ftfz/lqBZlIURtggB+1YNzGw44UrromQw+c3ZQN4zgNo2tX4NUPSkX6vDKmuLWtK4DPJqa57bdkdh6T3S40UV4ate7ek7COdjV2erep/Ws+JAUb7HXVSuMgPAGZowSEXLexlROme9VqiaXbmV+99qzLq0Du1p8vn2nBs7frRhnWxdGelfRXAJJknu+t+rnZ+nbfdEAFQB0M2/urlVcV5u0zPjOh6IF8C7lZQ5Qj2av7MndAGi4WkB7M7KRVy9Nj0P/bKsPQVFNu1ZFtnz0PB+eKWWIM4d5QhRrolrLk7eGam+jMzYlxNF83DoFZ5L3TlONjdq553JY/pz6eCUd5n8xJJDwWqEz3QPrn8x3/+4+QjIao+gUDPqrY4epnImr0zIF94RgSlGMtcG6KxX4prhVgJ8/1ceZHSfdwu3R6Dm4MS42zcImbXSE64RxiDOZYFsf1R8TxHIWPQGQ8RzNODc7K780R19a2MlISCkQ1EQBRv1fAy8P1+Zh2m0EJCBcojSz0GkxDIWlUDPs8TCbYxgiR7JvPUTBDd92jWL6t+3QuTJCOY5CSIRVFnWiI7bN8ido7Gor3mSMkUOTcikqy61zZNY0lHxO3OPCJTTkO8e4AnGMF/3TKIq+7Xa365yG4lcDKnK+K8UiOfDbQ+kq+RDifZnOpW7mVQezUiQroWCywQS6Stv3V7l1+1Gd9Bsu7nRBaqp+kZ/rNsdnztHYKytrB2K9Ijq8x7e3qwe40Kc7QqGSGxdL6aKc6gI06LeSoTiaC6dIELIArTYmpMh0zKAAIZOLbsj1gGqyWxTIpzr8ZAzQ8NvoTayMHJs2pPFWUIGxdWoTW3P8+Zqa0MptDVNcCn1JaUJ14ZMjjII7ozn/P81bQM3kUhK3Kx0lIfBhl5gLnTak4+fYc9ZTgYXqA0wEyZzXFMnxvM+pwySH60F9rD7fRLIe/c4WjJud0SEAAWuqJ8Zged3wGMC3ctUivzdudJezj2mp/mc9hketvVcR2mNtjzua/fmvcT0E3I7huQTZZVApxfwxICLDeiEktCLzq29AHZ3bJuoS1QFUmCX6NFPaYX7hE+BdVz+ZwRCx4jWfgj6C1Yc+Vt8ekLAt7yxIhUNTdVYsorO4Qn/PKGZjDFfrAZeqQS/3kLjl1l+d59YFoxCiwB/aZ6aEMyiSQoDZ/HaeJ6CDh2aSgjFGaesvD8Wd32kInIMC1/GI5OgnedEUGZK5z80ZC0p7TLRWVoUJpQpwiS2omNZQcom9z7UYDoGemlFM0YZ75tuYg/EecdSRYbP+cHE2tJOhhkPjN9uwa0syrMHBQmYKq/K0CUN6UPOClH25nxRmt6g1aPhhNpHe6WcT2PLvO0hsraNIOZmQb4588f77QXlDPTlvapZoiqHm3zEKeMYmiq3J+kdGYNIob8GgWAGofo9fRknNfnYYNfzbTswkWalllKj0hk9pXqbiaqa5mqg5nU0CglAAmVg1o1TELjQ7Ha5VcfjGCeEK+/T5zIZ1OiFwVwzd/cDDQJZsbtxrq1YmWtGThUJY/2ZzMT81WSKbO55AN64bzuDjiDqHME/L2ZfuyadKosEz0hrHVpKgOOREAfTFPKZZr2o0XZ+fK+m895TEdQZ6WWngAgiCskEb01JhARlIxTTK4++YNhMGs0m0FZHBL38xeYjAfj2QbQ997p2U2xoHHtVbEoFNpwf5IxLekbq0tdTXcz+Pw8xJqhyfwMzIiMOBnS94Z8eAgxtYHex97jZaGy3EH1HSCeMxAuXwI+M3Oqp5lSf9MgTKEULaXQksBQfu46JF39nGMnPV0ZD/UMZM9U1wjI1j4YbR2YJXMrRwSCsK3/YHr6c0ukO4EOpblv1x4PBNjsSDNOtXTXgan7eZ537L0o2FTdI8YxVT2uP54PKjSJ0Vllvqtl5zyprTAwW8vV00lhCOPNEMHzPJKGKc7PsjH4C1YQdkJGnghQ1Ifn/DFTSxYc9zM9cdwLzCAmTp6AVJditBx1DBObC2HoyhuhdFQyZloIisDQUYQAqz65td/MRACNkwFvx4XRhDy6g92tNYn7jmumwZQJ9aaPt3U3gUkVkRbm6O5LIhPvSJVHXyAiIp62I0f21BjO8JPpYWYMMWw/3ki1eTMTw4jXXHeqPhyNyoxcdFfyRGTbumBGAqvzLHCszisw6+ks0C1O95xMzX9mjVwg5CgCweqWyQZDQMOONl0DR8aRRbpmUc7Rh6PnONpJMJ9PgxHwmLZ2X64UhKuBjrfNXiZCRTB/zq0btk32+DaZ6jSlCkCknYen7xqeqDVwnQ3YOV4HzxzYGLCqnzi/pgDOxvo9lgfYkkhKQ43MItL3TmVwBKrvDHlklDyF7ilJ2Gv7cMFq5+jYV9DeYlio1KITRYSJbWrN02pOT3VPAsjQt+q2SEpU8ohDyoNUH4yzxVBEdJt49CoSJlDTaYKO4bNXzWldiGm50jp7EK7MD+DWld+demQaTpTV7SYgyCJGo44daQLSqcFEKEyXdgRq7smtPe69EVl1Mfh5/qi6TmYwy6LknFqbeEO3pCLvvlqGyPjD5QdkmJs5M8nMiMwH4JM/dctEThMHfSZPxgRXuxzTl8GII3h8ONLudxMMwXYhmUfw9pVfg8zjb5XMALkNvocZGodEIMmZcx7uOlz9r5Fp4FDq5yDIJ4+CCchGPccduUmTUxqPDTpPAtuoI17NMYnMbPEhZqouB5vKM231Hsld6KrKf7Q4EF3rBqEjO3Sl0wg7CLC6aorLYr6tmaUywPw8T9c8P0/N9CB5uuY8P9BNAJ/nRyqJb+bpofbi+BEhwJ6R8yPAc54TR7l8ZEUb8fo0dLeuoV1ge0STnJcbDkTYNtBZKURcG8/IPMs4sk+R+39oMyJzph9NPbVjkpDbREaubWnP9J0eq6iFU5WHNIEhDg9/jeTecWMtlRtps27AbskBZh42JfDXSNykMcU+e5NYsSRl9ckj/E3drjjjzBWBTmt6QFtuzECdJpfYrr13lNtIZjKye2TpaNEBU5dRiL/K/xACs66JM+ZjdTeaJ1KIyo76dCV/OeSoGnErou1KN3cGjV9EkyU+OqbN4PYMX0MUvE0iVIKivcBkn5Vetk5gjViWIdyb8D1eXgLyqPZz8fCR7FGNMj27U6E/00x6BzbawwB4pDozoeV4+ker21I08FBYIEzPPEc5x7UEQCy97H4uwfM8QDdHvrVlVq0KLVRdMe63k+fb+zznJzNv3QlZB1kqkmZDkIytfJhezmcIW5dRT+Ln589vqNqKZiUDBxBP3SzFdOYqDeeWA+NpcGZqJNTLhVb1fmeYIe5E7Suf1+gCPcCJlDuobpPykiA+6Z9PnNujB6jmd4UIpjaqH6mZyDTcHycQ3bfqMo++eKSR8/TaFZJB0w6O5v0kldG+6JPPNKfrOdnll2lX8gAAIABJREFU+W5bQrUc3y7Sr9wWnd6X/Cr5epjTuPU3XBMZWi/jzBGRkZpYpCorYYDo+XlO19WjpldteCCtWgVAxtMjgAh///5LpuUYufOIfBCBxDD/+c9/Zjr8tX/NW2QLfNG2WE1Xbn0opKUteuhu7/pyenZADNM0BN/ogk2Xsq1RML55w2TlHdvSCwNI/r1XhcLL1unu+/l0y8hVXHtEhPQWZdsHD9gNVC1ocqvi6Bq0Xdi0IBrspW5ZOBX5ZecZCnRYIvazDwE8OyWeqXHtmEOvdfJX9H8I+9AdG3Yfc9KV/SYheP30VHetREsh6J2j0pTs6dsVGip8uVox3a2lUhmrpdBG0AHQUxnCQfic8zY/JPsdUZapiyMepcERpfBTU6rA6pqpIhmjqcaN2LzSXmzimqZ2X6J0T8tKiu6eKpBpD4FSaIvly3TPz2OGJrd+PkxAMj//khdn3SvelgqKiJBod7tlUkSSLSmEbY+LUTOCPd3tiZMS2CuwPifdeJCrwDATRGSn6t4llvTgcgbaDKiqTs0bNEq5stJ7eQftdTGICItS7dqEe2/muff+3gtiPkgLMLWJTeYhlsYuikS8qMrM2E/zO2s11Z6BWBep9ex+7URtdoQRxU/qTLMGlOtZm0h6Z636byQbHcvi1JM344PyeAXJAR//lN0yt0LOiPAeArN7zSGtRcYVgBUizvoyRZw7Gnjge5dlYsbvV6t1H1YZrScjCoaUUm9xZqG+3FrOV4HhhBFWdRhkh/1S9VIUQ4T+yvd5V3TI6KnktDFtJ9aue85plLLBaF35xpT59TYFX/4ONNxowK3DBBbkuhM+z1NXy0jWSYlr4bL4F95gTvsFB2kdmBkx+iFiWRqM6O+iMNn+xr3380q5gTV4ia5awQ3urtgxNPiLnRFxvN3gLTpf5Os1HHjpLS9bfP8G+YruY4jlwE5VVXstkKaUTmHk7Q+hYQAIaLOuWjL9U494NsF/FzeF8WvO76ehbDoZyd15E3vONc/mLpeWK+XG+XmeJ3ZIr+IvjhRF+Pn50Qd78RolYq6Gw08gcxqpkZ//ocMvDC4d2z36HvvaGVb+Hp8tbnqg9ewi6XCWflIqVPX8R8t3DRbkMZhLcjDPOareFTJf2ZgKvreWvvczsoRbb6IuMSZYVV335GpsV6ZG1+Bse7DLJupL+9LZqP4Q8ry2JSgRcby4uLX4Q9C8/+AAQ0HwJhxPZsoV2e5zWqO7V8/sSjifynoI05guFammD2vnGlN0PJdoXqzX9iH1GVNpVlXw6nL/Hq2Yd1Um86uZHh+Me68IvgIEV2VFZoqvl04lsoC/Ts1Aj1bUStBmQMTRZlWPbkjaYFnPtdnNr50isDasM82yed8Ft7LRRzKL1iG29U3FxsICNKXSreveT5o8Jps1Ux1zLctV1ENOE+3yExvzl3kdYRsNLjHrl5ZOzoe2ylzKOUmm6Sb74WcXj8Y6EZPk2RXikt2MePf5wtay2qjPR2n9vSO9Rc77ExGGHN5c8Ppa3CtbIrgBiDjncDV/87ZYlgrNWzlAzY/A1hngu5xGFfj8cmN/g8AsGxQwyRSegoDaZxNT9WlROuA6mX6EGjb0yUOtTxtkHvF15KB9732j2bcMgNVXBO69A96+0x3bQHw+N96BnDPjr/M5eCtJDf6NohARcc6DL+Dr8iTTNtnqLwRf6IQsW1aHLfQ3M117GOZwnJHOz5EkQlr76u57NU078+Y1S6l+xW6lDCyb3vWq/Prw1uTcmnms4/mCwSQ1UIHdYybcu7DvgGHNCjDrSa2wosrhjRVaAjnqXLbdt4LWrBd+jwqU9v2pYi+OYX0/1e8GGp3wtcCSey1pmsJX17gpmH0nvefgZYITq0IbDizCmL2b7TgpYZ1/PqTcAhe4IbkuYb8FbVq2fO+lyL9r5tAzETYWB6BQFFz4Kpg+CVRIu/fCXeTm/f1jK2TXH3oL1N1vIaMhmYpol9JCqwAWTcP7MGfk/f1VTqx6KSPiU59uj5bTSh0/W3iU6aop4gtz+5MvUo/vxJHV5VOxO6vmLTspCEN/kJpt91SsvE+NyYy28uSVk+n2I5lHKX6dCeLekqoVS6Jv/1DN0QdAZDbexem7KWRrKk0cNcB4c2v1fUfFrrUEIEZ2j3Rs+o5i1W02lLWKkNQdnpNoasxzThI4eVpfXPDZL7FU2Mdck2neLi6zVS3wzIgY1OPvqw9JJGYwnRGNArq6Tp5aY4awCdLryYMxJZW5WgpRuDBzu0Q01iOqzxWxyzvr6SGlYr42hcSurozlercJo0YjY+f3GdpQG7qbEYxdb7vk7VDB5WBGhveEmy00K5juNXaLl3y9BHZ8Vzj48a2pLwFPfseH1sQRbvTb3TYtqRYwmaf71vR5DIvL+cohCKzqWwv3w7Yj7qHMNO9XGWb7Wc57T1WvKhbde2c7QWsUSu8iPX2MiIiqep4TIdGMckG13ovivcyaPCmpXoMbn+rBW/vNvwXeUI4owXo6SEec3YnwgmUQImnVLd105R0fDiDUGhAzc2xxRrFQuuX+XYvXYUbA68JDAF6XiF+sdn4NloVW7+91M8Tvt1g1DACGdzU5q+6+FucgehzyxrR9v+qhNAxlZqoXxqI6KjrxzSlbT+KbaHwvYDtDvTu7XbUdHXwviO7LJKVmlWGRPBghN7Zv1G27rjhRhlwH3L4F2mcMeOnvC6Ia3nQLxB0M6CrFb1dYkrvpZEzWCrUiEWQimTMjwatwMD2x38/HL27PRujWgzvy8X2MHdjkps7ZDYVYHAyrAH4Z+nt/X17CizZzBzr6G8jtnY05r+5K42p67DQbK1aS/v5BCd10rSO0LNNzLIxcN3QAuwTEafqOzPzc0m/udS+Y7ltXuVNhbZbDNzt2H3zrARrKkJIYquRnUSltTBMLu0rS5Nik75rR9AXtn+ru7thAS8tGfTLv/XQ3Gu/6NNlCihFNcoikdyXquW1hjAgVGO+L+Dd9T55Tpbqg8z//+X8+9+/M3Hszn+f5mepI8bv7yaP4Emasd6zQQRsRG6h79QAzwwWiTrlckDHQfQg7O2PcKs0wmDMtWwOhqDJ09g3J+PQnMM+r4fo0RjPVeoHvt2V6d+VmphZa7gZ5ofEtZ2EEb5VG8Zlnyx0oVqZWjjDkdqrKWUQkCQzV3esFegGNtkyuODFega7ghkaXcN9DCPK2MoJbartkL88S5f6xNdOMKtpbChYz71RfjWjMwGsSewnU+lI9cUKTUpEdnCB7/pxnK9S5c8EVM400pPG68QBDovxGIyJgIExV1PNOpAKBQfIAc+tmHkkhxbWiZhrexsdzHs4ExKpABJ+MwrQMf3eOqtlpgH8/n3HLJKeMQVsSVfUZTteNIPOE9ch37Td44ty5CJTXu48m2ZG7EDgyyBr0oKYaQ4RNNgaSf1o0akxErCU9E85IriEyFgEZ3b8NibpvnDgczHB3ZSvo3JmO45049kJV/m60fhonnDO0crCe54dkf25VZZ78FpIjnpfc03bkYKuV7p6ujMg4RNrq88VsuzUKUUyBYzTfITNAZD7xrEAhIqVt7MxEcuQyGSqj48nczryOt1SZLRKrvHHVTHQLmHorBxUrD5bxLbGhcCNJ+dqD5cF0PLl1eYi9knk0gcAveOxNSG9GVMrMkPoEw9HcpasllHpfqKAtY+krTCuUwmzf4m5vi52iv3ZS/Mr39BNP16wISKedm4DVWjuksnHiwLz0CUBsDg2UKS9Et+6hSWgTZs8FVjImK17WsNGyfQ9+WywEz/NocIIRjBpOff5BrKrGBBHbyxHaTMFXIfiOPRi+AIC8AoHB/fsvAjJeSHpKGhEcM3Hu9Dk/4FJQDyM5XxuHkiZmUHmSwe5CsmHvv2UFWZZBl/IzHgBE2AbqO6TkIJhbJY5eT9oMtKsuVY3K4i8ktvBZUKaYGRlz62FKToSGJtZ8fylcYrYjIxDdA0tuIW/GtwZ9T2aQPajqI9Mb44Q+1JmJ5rs3hdTGadXKHeZ8Ktal3JO3UlcJqyOtp5EzGFSki5vq29My1sC0Rpuvd7YM9MZVtfwx3eFTS6RlfLE33CA7v0drqSue5qosO5mN1ntnSL7d03UyeDLkuVTy4O3uPudnSUP89b1Icthbg34FSZni/6I1Cgq2yj9CJ1Cag0AGM6glz6O6BeskyYawFZnZUUMOYiVq3evqN6MVSJZLqwrq7ndRcDAHJRt3BjGRcQZxb3lwFai+1b1PjJGorkBUF8b+Awo13yWHLtCDDMbUFAPVdTKUH9Wrd1/Xuxy96MW2KmD7ji/XVSRTkUM9GukIagKjP9vdJzMizvkRd9votRgYek2i4JWDElwp6ZTty3RnJEKbYNOZ4AsHP5ETbMyTj9C2l//xyu10WWT9NDOYPmLNyzgC0YgeacD2qjqICpTBDC46Tq69mMQKZtgEE4R4YSDFLkBLaNshVoeg83O0jYMYuZCqiCRe/MKNQeZbd21bGYr6ziwgbxXU4AdK5sh8jbyL5EI2fURfnT6ZXB6xfzEwCBqp9M9t1w9iwDPCW54i8uRsaMNMjdnHxgQD3RXEEJ/6SLh2Iu/nQxcPiIDcR0lOlVX3AZS2Cg0g474Qt07sWiFzSdz7wVA1PJ21j2goG0aEccsepH+FgtAz0bNSnO/qk4cwvPVirDCrgI7tNVIkB8P5zgxHZbWQUuHej3dKKaJyblc1RE1/aw+1b93/n6ovW5IkyXEESLXI+d2Vme49vnwmXUnsA0jzqJI5WrKzItzNVHmAANiMo7KxTxBI7vMHPeOJ3EKKCARk0zAwQha2ZlS3hV5mrk1GI0tX6GPFWABA3zuT10VLDAjn5MIGZX0GxzqyhE6e1de+L+K7StpxYmSPBsc9rZSZCROK32H/Rnu77fGbeOaoW//hoDSYAQdscscImfsldxS13d8o0ZGJyTHz7849kiQF47hu0SCOJuUs6OYiCNvH+cfatgseNhssm8ICvrCeTvlEeZtlImL6i/aTDadvwzyZUQMfFAYcF3/Z5vj8kPSWo/CKsipGYsRnmWGmiXcUjZqFjKZMxXPoyjzbaPj4hSR4WjbP1tfBR33GYwYBI0LVRmdJk9YH6PIAIGKd5SaeChgJmodVDiaEd2sfJPZXUECjbIMvAOhFfYfwN7I/KvLxlG5YEzs5WEzpMRF1SKz1N73iHsg8tJfV7OSYqGM+ycuY9qD61ysIgN2yQ6IhAXUHyJMi6vbCDlOlz5wWyqA5vpMZW4EAeG+hESPE8R2stV9jt9pDVucmTHn2Kwuoqk4cNANB0Rv1sOB+AJ/7ycwt7RrQ51NOyD7iBG0aYuhgNldpUe/BiBL5+iAtttKdw4zaUdaYxc0T1SLg10Z/Gk/I1g1GZAol2ksADVdeLLX/mgU9jIjEGRuZKcWv7EIAT8tnE6cCWheMsarTVn/RdalZEGqjzmldQ63eXdazuNVLYBad60Buk1g0LSmyG7OBrcuYV3oXFLktZVj5WuoRQ9hO3deClqyExw4vsFMqfAGXvV8ExiYBEm63GcsR6K5zsmwqIz/CARO1vuefqkYTygyJsaY0sZzfqrJc1IAGqBae5w/IWU1hxDnfuUvWXO+poiMi8vG9eJ4fP3fXe66sbSHwQuS/9kX7/w8pX4RpbREjStsCAckBHl0dvaYo03LFgnSkV5VluHMKRr5jTu3Mias2sCCN3spC3jaDx3YjbfHWOk4TVOQgPG/PHhEWyJps56IIA61+lXl/668os68dtKxBcF+8fR8EfD5/hSFZBnme80Rq5k+BfSKO2yBvdYyC0/ooc4TTV2Bt/UjSpA3vMw0eyU09Y9j0rcCTD4Cm/t6PJ3OzBzTCz0HSOY8jpKdmES4Nggoy+l4In/qMvtElY73T9+lBhEJLPY5MPgNhe1611NTu37XMj2Kwd41OJqqujZTxsnnUrrXu378ECD7nwNuYQQLqSwi9/9KywgS2ykoO98u2mKNFZxHt4oRK27ajfI5i9rhoa+lDtNgkMk+9dLLBkyc08oS7D/LNlXieU109DUp5cN8vLZJo6XOLkaBlB0WGz2RTpfsMuO8Wwve0aSPK9CY8mzt5ZZQPSRqCPPkTNK/MW2DTHcSqZj03M3CSfV+6gFFiJw+fMXduOrOSGrfr588fOwHUbbWXhFf+3//3f77zFvvVdeeAFKpbkvJ4MDBWUgDM2Tnn6RVNOJJoaUcu0IFmaJeipN0tJMVJ7PIPn4Il4FA9lpHtPQ2SfrHhONt/ByDjyzggXzAHu4dgpFzd997M9LZJGwcAZmwTmGzt345NrliW0MwONon555PRaKm93Mn4Wp7T3UhXsCPscDkjrbdvjBCJJNHGyauMHrhy9FIB5LKBOCglVsYbr3wV27rEMsswU9OpUYAxyZyhrkZBefgdyDso9zT2WH/Vb/Hvt/kpaw6y7nXRQ4bhDPyih7cXU/mAdvkCvLyY9i77hTWH6+cujG4cGkHvo9fYqjhBRmQ8+SNNG0mnShcIhu7aDOLv9/Wr9Js14DKDvPnJKQ/93WdIdS/eOd76xlSVubg+5e94n2QyqvvMrbZDyM7h1gO6F8571Uy/McS6N9cz1CeTdv3Y2fLPefzJNUEZERGz1s2JZhrod2QNsOrDZUlLqroGdbs742C+mmGYCRn2Su4WRSa/+p7BoXb+fOz7li8upNkON2AxyFqmic9b1WfpolzGhN3otrAd/7sJtbdlENzv9KzIZualAoPBqKqWza/iZU9MNzu/t8khuedyf37Fum8lPVPZcTPnrev6MY85RIjxjH6v2xJhOKW7UafpuR2yGOW9r5ZqMWRS0vgFJ7l5z04+GZLSd8GfOdO7IujhBMYXwCCjFihI1+UePAwmNnZPfqaQVosqeyZ4lDsjgurbpZ4/v/dKtLMSVm+BRaZMMOmu3MDL7TF6bP7mTb3KFv/fCTsZXjVhRiSAYH7u1Yu3YoinHgkMJ87Um22AOTMYYT1DX75SrJzOJ+qcI+Dez5OP42Bmtu57AFQGRLxxsi06cXp4305m3vvB7FU2/PePNV+TfWR5dVRdScbBsawWLFvtbYbw6rraGxEJ4O63cTHq/Ry+WY6rA68PAa0nzzKqagDmIeLlLxYPpGHCCnvJJawvMHfMpuVCclrfzt1E6syiHQ1W3XOsXR0XM6wP4/AKu885twf7HgKLAayg31qtnYs/p2gdlt/RnLf3UcxhbpmbCUmw1Cax7Kd5tmrmcI21c5g5G9LjHO33FdGaBeBdX6K0BwAeYRrryfMs2Bvuh4KjUvcc5f3Ha8l/a7BPnHvt3A0uh+X9tJiqYzinLq9yfS0NBfhh8jvAwyx1JIJoD7ZLrzgJc9M96+a2YLEnwZuecrfvHH/+yDkMkQk4L08zGqu3yPzyhbdWcuTnrwig9734jJmjFxstMR3iKtE2hgD45cQ4ByMi773OiVNYZNStgCLjc2/ECTJ2nQ/xPcMR4VIWwLuH4P3hH2+fKpX6vM6cX03YfIKI2CE9G0rEm0T8yoTdhwHYy1htfaSF878kgOASV70m3fDr3ERHTD+ghiB87t2uzDJ8Sxknbvz8nHs/HgRyJVxaCZEJ9eJXEDY8ymnbksYJ4cm1/EN6r6TBCNdpDrETtEnHN+d6LcPaw9S5sxrQ9uQx4XofZGh2p/16zjE0Jr+18MhtMPRZpGFZq9SwnFdrQRnPvVYMd+ZxPdxjVSot28j/44fwAs5vz1JV2CO3V2z+czv22hhggnxXlVdumgjy9gQAvE7EdcIdBuggtPNlfTH9OIPvq5HZO5MsElOvxpY9v6kJBHTO1M/+3fdTWsUSGfde18NnSRi9Lrr4Vah/D7wPKiTheZ6cwm0D6H4wkJncf4sr08FmkKgqK925pe/btb1h/M2D5FcUO/HHXQ/Dk+P3rJLfKcWqkP1ibR3Tb6kvzwPGkHPvEmCjVE33n5/7P643MMNaOof6M/g8bGQr98kD0fmHB39+Hgn3Xg/Dbt2dE5CMsVXiiFlmWZu/C3TvnYg0UwTXk9YkSShMPPHElphwAC/OyX9EKihYdcOqpt1D8K7v3uojrBmt6sUb5+Osz5WTC22w5hNi3/zePVgun3Zo/R2VeffVPC4u7ku6cGHYEudkpug9NBkz+LfGZdRm8bXdoAcMNadLALt9tF7Zx6BvK9MtADyMs45+e5Yc+axGylz5Cr/FP97tTV0Grb4Hfv6Zk3m70nuWVwkBfLd8vaXd+wNN13BMey/dy2Nw3Pa9iDgvL2f9BqzNojXrBnO3tOZb35IcaSAZmWM1PPjg1jxfeBceHwHjJG4WznjsrLoFQLzRcrGa/WozWMtM7RPQ+4+Pmj+VWmjjRaBqXLP8/eML2G1ks0rbCowTKSAGhhaqtlCS5J2LceujKdInYr+/uccyQI75Fkbv7pOZCbixSvs/7i1wxbtFwkwjci5Lv0UFwTEhlRpa+zj5yVSVF7PXvb1NzYQvCLY32WWK2EN4zsxxDV5HRAlxUkDABESjNHQix2ofp/mYldTMXbg4leqvtTfvZwfHmtiIhGap9RL14OlVeeQvTA/1eMEDac20D2FVidzt5SB5V7aLkbS238LvvHD7+qPEcqXloUAAu6FkzquGY2Jwhy7AMue7DEfQRe68dzfRWmSP22k2RI5UZa50RN1S1zgILUf2vcVbT0rCeQ6A10H+C4bsEmyzXvz0XhQu/PTMWNqzSneUn0/k+fPzH+7uDfR2QyX/hOn6p3S0znJ2okjq8QKJNx6615hNlqC/r96Fryt3YMSn65sbd6S2AWxuTcB5rRcT7pm+uIuPI8l8/MiXezQNB7fCh9vzum/f5xjin/atBzhKR8cpmn01OMOkFNvw2mhdYzg5sYgkmSTUDXnWNAOhDDeSOjkxp6qkNjtkR7xota+5TLLQ8E3pscmuGf+dMhb+mkjTeJ9nBMZEt72AB7Fa2EkEJiVjHetMZuICle7dEPG5FxO+8EXGPn9B1Ke+WJ9eT41+UxKABCPTu5EIvh2ohPISRPViR4jxOZz8znWZ9I3InOYCrfMOMCCp1SYwkaRHBtz6+efnx8kp//2vfwftGVfIEPXznMz4+/d/NCy/mCRNCLsqZJ611OUyywWxDcXIdqyEa1RPc410dwmReYCu6aRgLjPcJglun/1i0KOBIOCNxCTdIjufrVt6zuSASppH9b147sXNPP14nWDTAkYPivyG4iQ1eFOM1H8IOoRp37MEQxJe7clWDWoxYny4tRVzGgtgV5+ZCVMqf19fOXI8p+e6DjcwdggSNgIdqjJmjJY5zWfm4/Q6zRJI6TlngOm+8HTdeERd6MuPcD4j2Lex1YHUYnpNh+wHl9PIk2EJqreidFcAQZw8mgg7z+FEBAduM32SEJMKRmYgXlstswtfk6cTOeweO6ieY7nU8zzd1e8F3s0pnqpOpiW766rmmduhviuCgcQIKfzMY+RXPqhtLFXqSp60DiJzzp9oJ0qSQ4hvDGojnchW1+idKANz85lMq4Lb3aZKZdlps7FkrwZntRNA4nmeEw9HjtRUlNtQzTTEO0ISG23p06KGzInZacomjHAuHP6jsRbtlp48Kbz0PZ9nbw0i3in6zAGHfRRDP2nDU/53G+oy4CWK3aq+cPvUo7yx3m+AidVb+ZpUdWFcgp5dlC1z0wzrjXnUrBr1TTJ7ghwSVChOHNjHGHTdkltpjS/YML8kIJDuKjWCDxdeDMY559Zd+F7dM5xz+lePjQxmCyIwRvkkhj4c3/mWQX5pwRH79jb04nroismwYwiD6uec7mslwDnZhfVqxzoSe8LRmLS6v3cSlxcvOFZHg8m1sASBuO3aYjWg6vPktCZkBCieyAC6yncwZlTjapi9wHHybHacsiyYEM2wNrNsCcsuqIZqQYwSxRPvfbMGpewbbteXfpuE0ZuXvALUSIopWotZguF9ce2ltT7GLm/2CQAuKrxGYesbcJaeuYj9WyV4NYIKYsb9+1cSZi89NcqRBfJo+sCZtDcBG2uXMUy8b5cLmAgpwRo4tyijkfcqp8lBk/eDnN3bK+6OhX5m5BxBnowxQCfj1hVU9QEEz0Rt1zuNhJk+DSoz3e7HquynPWZHEu3wzogVGpoFSf9aA6nQ9n9WtVFw3xcZAWbkWV3dec7KTtuAjqSgfWxlE4yqCuSvFmAUNoO6Rtg71U9jSXu7ROH3jHlL4RcjlnSeHDZ6hFQ/z0kb4FAM3p0HZCba454OmzEyvDfsrKrXdYhouFkNxcnuMloqILcijpOtGxlEvDaPwxw5+fK6plf2kxZM4lO3MZrqa6igu/PYc6byBOTlvZaHU13OAMYcYCy41TVrnxyQBxBEw670TP9JS3XLHF7EuCNO2mT697h9k/pqGCT1KUggquo2zvNjOYFVg1BbyZecc7h7nkwUaqkFGYkjbck9vVjdS0Ilgknvt4K0ZikhBlqdJz004nRQ9oVwDDFP/MDsHsPZXHMwTYScTnVD6ufziYhZdmpdpkpQq6/ay7Hv9Tb7bimZJ4/azbMAYTio1vGkBAU+9yazd46ecTKPlm3jf3qZFDvytBWGT7Lbs5vbRMWsfvV4SF6mB4ywZjGJsbWBkeUWp0T+DnvWsGUlOPR4u0z3WjJeh8vduVudeZLRQoY9v2YzWdN+AslIRja6VAiidCIVpnM6i0NQVffeXKnSSkoBkTtRSAP9JqopVKrkcY2hHhYC5TBCeB3lrE4hXzjppH07dggX7h45BCmA3u9ng3wEw4DvdjxmYvmcDsWBL4XixRXaNcH8FjdD5h0wbabUXNfHloWnVsM0IWZueYglUaiqCrNVnl9xCgE8mZAJwNLtoGU3I7LRAAGKsJRWYUmISVFeo2SEdM0Abl8PYsvGyREkTyQR1VVVpvuExd9TR2pejmDq1R4tAmxgeCXzsXFV442DUT3GtBJzJsPrZ8LsICwhxqspQ5IZZRG5y7UXLB6nEcbqiSNCuvrlcunUyEXzAAAgAElEQVT5e2+b+oUSdqTheZCBEjKufJbInVkqIvKMxHQYxGavNuTXFHEOtsXC2JuQ8C3T7XIyI02KN0Vm1pkK3ZQQCJS6dN2Yn/MjjC42bMWGCIS8/6OG5tyExOruVfwAePLJOLc+3bq/MDZ3CcOKFY04kLRaSLMVYGBZkoVCgI2MKF23+2P5sYAyIWfmGmeJ2H1sxsAD4F3r4F4ftkbILPFY9mvk4jAtde9EH2FwSicf2OxbJTXPM/5oUDeqWoWuarWJpVCbffzFH8ngoQ9g3x4F1aGoquc82CD5Tn+9H8vbhAYnXC27drLYfd/j3re74A2WHLbf7ZYFZOd5rJ7xaH9ZZJi5aY/s46qAdMOevyqiFSnpHWWtnjIdLnz6WnWeMyMcf20hGM/z062+17/y1i3HeJertm52A4h+K9OTOewNAGrT/F3zJ8Nq3ec8PQs2Ri+S5nB4j0iB0qcu1zFPNrF/Ke2kbTeMRGOW2umcnDlzl2o351HD1N+86QY386QrkEHoJtO57fCOGQPrvQu3zkmnm9htLr68P+cZQld3fvedDOWCkX7jTTXaPucYjmDee304CgJzC2Y8z3N7AW+M/5YCDT15+A6QrIdqu1hB3Ut9uFI3Ba7le2wNA7TgD2Eo1rpn7Wj/NUK3dohgN4JewjE9S9K7td1sJTc01ue2SsQ5Jyd8ZkQaPtvK0x8oX4sYcxEGUVSfyG49XpjEEVsbOEKcah0mjCEIlvyCVnC6YnRc7beP9g1daBuaAcGWuzF6YRgoiDxDJJp35MdHerjrqrTcXb1jiPpq9yXVyUezyWwT8vRXHFoNB9M73hYmkNFUqQNA7swFs9uG3BGC0SvEMj/sKsFtbN/Kjr5rPtJLXPDqrSn+Sa4vILx5T/AQzWOYB+TLQJqc4qZGxf2B1cUgrbQ0O3hoGIC/4aw4nprWg2pPYoZ4oQhGqY1g8GXp7btzjwnRM8577TH1dYmIVc4IqnY17heqXx1or5CuyvskXIAt9SFfaa8IwDsaq1oad88ZV7Fl1MfwT/W99Zzn+XlouDczlsBX9Wmxa2WKEr0NUX6Nu8jNx8zWnemd8zq2ICDNH8/Icx4aND/pyVyueW/N8m1d1c9zAHmy2PW5dUnvmyszRiNjaYgDelOwWdGMStS0++iaTwKvrdmgjyQzMzYDYvnH/mJV99bHwLPAPCf/9a9/dffPnz/nPGYX+lVEROaBDTq7JmP9Glj1EtCe8+NLy3XSxC5vAQZwHGCIKLV9qF1uxMDDIiLPCEWrvCZ93L64s5TXdXr2OswYXAAspj5mwPV3FEkOa+yt+A0we5W9CyGA916bj4KRIyBgRFZbqjkDi/XHH8K1f8U5Z6T4XAHHLC429abMMPW7afX9p1rZ6nhvGjEXpms6uDkJHFW1j7kHKlPUThcaEbzqsR0wHDF0+C9r7y3mk9kF27bpl17BXpMOwT2+xqCd5SMgfa5ri4xg5tC1fD3uLds+/f180rtnNdUkgsjY225Xivh8CpK90c2TyvRab09lKTUinufxo9MO6LrqdnkltU2ZEXrn1RHxt25EGCAOotd21ifwHwQuh/9dQvactQJz58hwGP55Hkbuke8hS2IJoqRaeYZ1a59lLJb8PCugDqNRjocZ54hu1RI0UcUmPaz78aetuhYHSEDQVyLPCcxeE3O9e3ResHw7M855qurl+sSa+fhmrUu7LaMJYO0XgWWyAF4j/MU4jEJpGQS+leSIVWOFZOoFSdeWMk/OVHNbZAGvbdEdd7Vh3LglJf2vjBbBPxlCZnyhH3sKr7jX5cU5x02RzQI9jptk9nvizK8wGAh1mcExJa/5Ry8Df4URcyqGibPL6jj4feyvIHnvGBa/yCZ2oOKALK9yJVeRoO1nN+7bEmQUHpN3pYFMtanvjau/gSEHB/9pk1IHou1sExbZUpL/JCI8NM3ZyobMsKy+Z6WY07BZD5jv9a468LcbdtuIu7UN0EB+jnXzJ7PjAS6Ud5QxLk4jLpm75lzjE2L2mZ/PCytAOLteexgf0ItavBkqIqBNTBQ5zcMbP/f3Dm2wQW0Wi5U7njDza7aOdNv0js41uYA1rabyOcXLjZqL+AX49rREHEPba2xiCqEbXWmVN/LuoiVJOT255av9vfvqEZFdIx1zHn+/qe91MLjShI1ifh2LBGWs7eH8092Z55zsGn5xjIzXc6aj5Yzz5d3YKocpoe7HNyu5K7WB2Obct5JLcfdbOGe0Jr5lGdnVbxk62Z+7oWv9Oss9+sj4ZsL3HiGfz4hxgcAwEF0NB1qOXZrR9RtbJn4TwIpEgwYlpfXS3biKJfXMzd1SjKSmrKHrY/+3w7LEcnm0x+PLk8q89z4c0qIzr9BEnmfzDq03/UREzSdPFzsMukvH241syPCdfrXhpDMe6vNaOa+h1lLgmDMFX86piTnhnYcgjwdCzBqTrrC7nO+IFUKeqs5ckHLM9E/rLvtu+7ZPnPTRmlksXiapZj+To7dp+POR/BP4/cr+IY6zE5DVquocV1LlxqvvP0RbPgK0LdEY6t7vPkxzDbl4Nl64QcArjQRa5Sa/VwAMgyAermy38z7mL+NshLxfW7MINyoClJnbdLGq7i0/Af9970Y4z4n5hBOdN4FqSY4buHZVAFY5dM4x9gEpPGwLG4DQgSNmqDbGuIV9Mu3Bv6dWh6S2shpUuOVFcPb2bWl2C63R0yZfB58KMvP0lwk4z6q7q+XqJE7mbNJyLphrOqMUMmd7jXOHQSgAE0P8rjHs2lGfTBZYDovm+07yAmFQ75WL9cssG8KgQjOMmL9QFRlgVNXxlkW1UxK4m1SWm+nxheSy8U18kDSwY0Qyqitt2oAJREOFEUwsm5tL77ypATTRAp58JEgdoJ3BI/DEyXywM9eG3s1Axh36ljP38v3T/ka1IcsyDdfAHlK+SXYiqgmh7+Sg2xyu6g6mRx3BIQD9Spe+10HnDsxKFR8Yc+Jhvuo3oU/TvnFyXxOzVoj8Pts3TcztWx5Ad43AjgCwa2BaQO4BsOr0nfP8vkdcHfZe/qnrSIsRh7ZpQE4qmsy8+JGvD6B8jmECDWfF1exIxMjxivw5P13tyxRhk0UTToLmHWRysSB5FkDkeaT3ubWk2VHxdo5LLJw3G6juGbjOUCRsxoHwUCwtVcRE6aq6Eytc3NR0xDINAWszuSHYZ9jGaxu9IeF58k09wOgFGfCejC3QZsR+Z8z8DfthhCRiKBSF3SWpr9Tgy/LeZDF7XMRf6NuG5fnsL+szIk6ec8zFcb3zhll1d/AheeuDAajHjcB9q6DneepWdbWNZdq7MD8alz9O7ZGn0RxnArwKuZe51d2S6YBnT2NGhFPSN7O8rdaXj6w3+/RQYbxTsFYisIzXr+umf6WsqpnSdB7gMhqNRe5u0zm31X4KYSM+9fM8plMEOaWF3/i4Tfrk7DRou3W/aLcA3vo25JVVsXxf2RCZwxKHfXc2BYwB3aaDqIm3+4/PCUeW/a3lLHp4KzdJs6GHNHvAT+CuIhCElyyalXjvXx8eT3xMIXVdvKS0qfSAefU+M05Usi+KS6CgPEvY09vVbyGR63gJzEborRkGue6qzHPOeE2r+lV1794+vp4O7TkTYFPTqgqvxp06+ettsIgZ315pnvzCJSTNT/ZiRe3mLNKw6ty+t2eJ4bq95DMBL2Tx4vJzQsrfFPZwzqnM577uNsR47BIdawXhef44E3FmIUafehST2rZiZKZr/PDGjcE6uMz6tweMiLoCPWQFethCVQXxpMW7pOcpk1r42tm9d+7b5wLf2iZcTUVktL6qpuk+zKynh+av68Pzdqtv3/oeIZeIflYmGrp/8YH0Z/MqW0dpO/c9z2NlkmbUOnwgH3tyMBB73PnNjRlaTNFV6k9XqZ98ttTvVYnNc3YG9GeoKnJ2Z8KGdX71Ed6Ftr2D9GqLX+xl6gW8ladPrM3Lf9VmLLtJO1VELF7qu+++wIx+mSr363d9GW/7AwZHilXYYctc7jmxg8Xnft4vu3UynudBsrvR5abv85lIcu+n1VVakeImiHOM/VlHDRFbmUhaoGs06GY5SzrhdQlJBrZriD2xVbd2Lc2sCxT++7//O//1v/+9eWJefiDtB52ZJxOS/bKBWityquQek4s9UiKUcQZN5LBrAzZ8B10+hhF8N+CpvlbJVpf9Jf0gbItmHp+XYGuWRcO0YuaYsXBb36RdIzlm/zZHnPEk3275GF2RN7Hg3nIlL5iEHoXi7EbzD45f9QkjcvYcDI1gsT/AvnICTpyYmOAJMglmPu2hH1/RsWzPJ2076D8OMuY3MoIcIHVZ59Z7ngG0hUL517f5NdN+aZxLI9t2kGLkiciMZ9IJSUTd4trIqHrnn3xbRIj3zqZcAkH0NYMP0rAytUeNwFBXMlrXTL1dTBoR6SGKeRsRDyOr/vrL5gmblVmbns+BXVlgcoiqChlPZMD+aEyDbs64jG4EcOwzFZCYkWY7auMmSbvmYW61q3C9Phs9TdHsLos4Zg9RkXkyKZmPa1ECzLAYk8BYzkhf2sh16B97jkmesMyoqrvqRBCdQW9vt2D2b/31mIhkRHKXAc4v8o7lSbPTuDqdB6OrMkb1ElR3vSCUP7A3jTq4Sb65S0ocqz6XTec1cCBCgtYbR/YhgTzvnc82pv+Z6dKamR4PT3UawTDr0LwJIWASaU7Y3dWFGEKS77/3T9Q7YRrKnvu9jK4PgOccdSfTKOQu31PyEJyVpA5KrkHne1u3tBUzN13KBxRVjcyGHULfv+bERpLqTvoq5xTp5ji4VjQRe4s5RizBkuc5zhN0JTWlA6fbHzodm2xg3iFtHEEgZCeOzQFt9A6MQCB8Kox0+2m7IWGE2LevxiRxK7CxMrMGDFg2Yt+qexmew00OMn825pPAcdY9r1+MCIaqmzEzV0gZtAyC8xo8xk7sLHXggPezg4K3ocpsnXPOvR8jXBFx8iFjB9jmiZOEWRJWftAfLGxeKjK8RgaS2T0tMc6WfCh3RE4NfWXdsW2UvBij20S1lp7nSZdolMZGjdxm2zHcsrl5UCA5ghuSgezqsH7IC0s1uUtdtcZE+CW6x5og6nUt9dxoaxLq7eico9l1IWP9MwSKPOSseDqZz/PUmEhgzlV3QY2x6R+Jwriydav8LWbO5IfeTCbnJrmUJC2lnGnNV3pf42wl81NanrhnWFJuD6BBE2yaDJCtcmXixkBSYOOVyf+G0dUBJo8BM23D330R8J6b6k8ejwxm5JaRmtEOWl4dj+c5AdvshLngdjt9sXXvq6zdXzfwX5erpCmFPelBe7cUOFQQG9iUKe5gnsfjkJ79NOfz92NBibfXZJyxwNlKPWyBIkQMTStcFTTzxHQgU71ojhMCkQIb4yjKHRwSqVEG8a10y92O/0LQU6jpkVZS3N3YQekO5yPy+APwxBPJBcuMtHZ58YPPr8G9mrCbGViziFsR7hO2piefGDvRLtvBx6auL+4WEffeSOurBgSJiN18OJz0nesQo80XyduXzlOLud97P5+PLAkHoB5pru8yHNEiIpp9nrMOdLIG1mZiwbA+wgQDir5nhzj5ON66FW+1jRNHSmEGt/cshIcroZZd2F87UAMcVVVwjzwIO8TnPMmkeHLWV1j9Ji8XjVi3PJPY9P6dlqx6rP5cCEH3gfYQj0wfF6PycKlMNlS61WUV14AJ4nOeiT8eUaPNiJSksaf77ddvWn1XXTJz8ak9J5BGvJgxe3GdJ1RNuA7vLeca0PHDGk+q7U3MOzYsHhGRdZUZirGjtI2U942RcA2jrokk0KdmW6neQB2zSmei8W5dhmrFML6YLN1ez70nTpCfz/8AbL9UM7XBzLNTsgLkrUf+FzPTbqIt2UTA39FD1gwzzUzD9tZ7ZB6vVZkFth60R5SUmATUX2l/rxIcJjCxaWIMMA1Q9UCuAiIQQWsdViqLCIbFEBrVlN4ec7R0W4n6oU1TqdFlqq1g42SF0PhQtdrFQuSTb/4CnBegXWtlLbir48wDA+pUOLMbUQ3XwaouwwmqHlDMPFmsJ104tsP/VxjAbuhcO0mKr2WcVQXGL11CyHoyYLqoeNduqWDsYJxPw9xMTmEaQi2InIcJhh8/sda4wjjGQvJhGyDHrZIj8AwU21hM/lh9uwQeAjrnuEdoVKteiNBoTXiXaSRWVmqSyfxWjBTsiQyvNCALHeeYPLcKtgbEWUpZEQsjkgJuVXU/GbmAsqRlvRinZo8+FVbJEIFyFdcIpjtf5lwiTxMzGfa2FrYmns5J8Zwfa9GrJVT3takFkOobwZM/5zy3mgyvTLLnk1N/Faolq+rznRc6iLlsI4n82aVBOzgxNOP3rkX7b12Sz8+f7u66Ac5UwC0KjSQbn5oXGsE1ejJh1RygOHFe1/u1FJPVUYtdGtcbPyxfyMhM78BDPM9P18e/KE/u4FOf7nTPW7erfp6fGK+n3uucGFkSudubjc1oK0Cof54z/BvieX48I7r3cowq6PrQf9Nw/0zjh0u5mWt3WUWkIXKnwVv18+c/esqK2wUzZrSaM+wulkyL5GrVgQKo8jI/NREIyac6qDZ/Y8c0mruPWTYO6on41Efqkl2F/EgE+7pAc/qmM6xZ0yoNxLdM1iHPaW5Qhm26RXNBGBZ1nfMQlm15xjYJaNQ2EhFe0AgSrWGWaQzcg2PRaSUZMMW+v9d5hnQLLERr6URmt8o2fRvQSdwN+Fuyfj02XxcNTGtkEwDwO3IYOD72js2fA/3LwdugRRy7FMvjF5VsdM91zfWfTpu00hYH0tuyR3ldgwxvE+Oy0Ow6bzef9z4MjDgZIeB50iTaatnWPyJIVV3KyxAc8O1/EFrF9nZGswdrgJEFpmZWsbSY2egEOCkuIcAVFKt7tiPo+lAJ1bNS09TJI8mVp8NRMjHWeWkElQPAdmaYW93VPz9/AkZ74+1hBwu1znL+EckaMg1djMgNqaeKMWM5h2eJ0qQOkzV814wM2PqVoyLlmxOt6d/5B91IDpuKHGObaV/cEYTX4xlfMkxiwwAy0MiXy+0cZpo/Me1DDHZovKVaYJ48rkMYGZY7FFQafIwxW1HdK9EyL50YotJL15i7MNiyZ8wmv87XjIhzzr23ZWqSeVRP5vn0bckkLVFAB+Y8AKPINxs4cjxU/ZLOOaU75ZOJm1SGLUOMM9uht1xK1S0BHphInqzVXBFr383gR5/z/Dz/QcZ5kkGTn/K//vUvLouz6laVGuccEN6gHV751Q0o40RGWWdHvMAQd65Ims7W3eOdd+v6VkSOdsrY30B9/pw7SHfRrFcGvMAoB22YP7r3vkOhWE9P7CxoSsbdyeCQsYqPeYgQP5/PgPLTMhu2MCjswuv51J1ruYP9iDCrDuu7pyV6T4EFkDz5y0vOoBF474fB5zk5m7gzxoMoMnJ3UihiPBP2u+/1/UUTeH9pDQRDvKsvyAhPRwvbBxDpislbml+JvYSfnx9wxmLh8W6+I269chhhDA3n0r5ltAp8ecfy3vPuFhuOxYDRzPUmNWvVxMCoz2cl1wMoV3V12ZJCY/GZsdXak4dkzZYUbGTwuq148YWM/Pz9jPKgF1z+8lgnB+4Dd7h80172Jn6jMNVd64jlQDaRPfg8j74DVX8JKyhJfN20/UHddVzrgcZLy7MBcAwcY8qCiPSYhOxm9Ze9OxMFSN1vhcWl5+zHmAm/uTw5wN2yBUnO0qFwpfnaiZi54z0ZEyByGLt+btLA2XaLh3+OxwmMW6uwV1dV93VF8P4cM9k/dRMcOvOCp1W2X9lz6du9m0K4Pv6xw15YUUSMH947WN5nMldJAJqxNr47+d8sPgl+rzAwqnZjSO7e2JLtpGdubLAC+3NMccs5fv1LteD2G2sSGjOemXAUw09vABMKwo5M07e5robLUVKzpUBktOPPgrbpTR7WdQ+mlmNMuKVY7IOJ8P7aeB8Uh1fihDc0hwlNx2E9yLB8742H1q1XVeZRe5ZBaVjkvl+5ngna6f1MkdXw3Gh3ePiv2bnS/wI4K6diTKXeUW6cc+7nE8Hq4lqXYig5kxeWkTrmZpjiswGoO5hrLJBcB1C82HFP/RcvpWtr7ZNnIE7tmp8Zt3z5bjNxmyc/zVWsrJUz/YkY5qmwS8C224EHfb8L6+/NXh6cC0ePxfYV58iAYfEr/H2N49y6ZtlUVWNXaQ123La1cz71qK8+l6StljRxz4mJPz8/zvg9ydrfuu/oapeKbxYn6MW/X4YgaY2UVsdWNf7mn89nh8GOP44P4ZhpV1NsMMIUaJrzAiz/iOrrq1ejO2RkqGH0W8s1G16Yvo90O58ZrOKbLeLXCRwbIv+JFa8TV52zYxVRjpxBAL4p9KZxYUPfLD2mUFVcv/6I6Cq9Q/GxzWyQY8DlVgrDkHLkMSHAwMf7HV+DaTLeOeHIQwcEmQbAxc+bVt5K4HkeYnAZDQQ8+z9IrgXQVCqxLHvRE72ZwUR8dYGtS+SeXPqc2BkZM+OPPIfLsq+ZRw6/dSOJa5XYmx4m0/Q0IRURkafHx7kZbG+DwAzbvCB3WdIet04ef3P93Drp5zwxyhivIpwb4TNRVVgnjh6PDm3eBMmuy+kzR4E2c+r2sM33O+LlrRvHdO08W6k8R/aQ7D7Pg2Vp1e7EsjMSI797O8rN4ZbHjok5PHGSy0TtYL6xHcO0QkQ0XzNDJYylhiQmgbTboPkj996Xt6thBL+sDtwqAMOCzFFLGxjVsOFmuDWxwxCaCKfg4PmlQzIxJyK7bnhTDoOArZOmPn9OtTdIf4s9fov2YVm+4cpZTFCc3FZ8PkoEZ3G0lWwDhOvn+flF9wstb11LLJg7/k0i9AY/o3nkkJZ61/ya+7Y72OZjV5XfktNA5rxfzdRxbF4wwXF24L33JcgYbes1eK9u5vTAqvave6sUS6kR8+4yU92lqYHnq5jdeRzYvZHIaqS/VqNov34sZzZi448ojPrZja4fkiPwjgx9Pv1eRjHwKwJ7aHAyzy2vRDK0+jLW0eqqes7jXXFzLCX3sJz+5TU+Gjrt6AUgW9Vd9e3y3xTKGMdhBvix3ZCo5f1xBzLvefOpmCpolVJTZf36az/nIb8d660+5+GWkZNJJWkMHuWKFB4W8ZB2MbWKt0fpdVzkuFyf8zg4Rd1723B46+Tx/qTM07tUmRgQ2Z3C1K4YF6BNDWSyWkN02q8UwgrHp1pbtZbLxS+X81ZFxIm0E0Bt4x8R58sF9mMcON4lelX7gE9NNStGtyIAlk8ab4LzvRjFyVoavicc4jvAkGASNoA4Se9Zr6bheJsReZkqJwopaF4md41Tqbs+914FW6KGveuBmKcO+EUW3iw8V8xZbpBX2mA9HDXmOY/q+nspTNmJgcUBqauWZfmtVbA1A/b/xS6XdlW62YdcxUl3jw8+wYyp+ZLnJGzqMEdiFJnrgeHdxSgvVl3FnoMh33y3PrHd1Wq+dGy3rUsndxS6uzITQxsdGZ9V+1PULUnCZ+PTF6Q5ZoMXYfPu26ylVVPWckPS53MBuEwNxnMOOCb5LyVuoronwhYlecFDBBMeUKm7fBi6kVndsTgypoLCOHakY4Lxa6OEK6gSuvWcP747I18QzAR2NCZpj7HvDTpnYVZK3mIUBs2BjuDYU3u5y0BCbn5HlchFuhyavMcFevcmMpYg6GPEnir83bX5BrF941/+in7nx3/+ExHiVGvv31lMbEsyDIGgZaZLnc1N4axK2APjeR5f7RdmNSTYvxxoI8JbTPyN/CccBup7VL8tc2ZO9vRBWuZNd2sPc0Qsa3iuI8khUrw9C+mcJU0R6HzqgPX1PtnL6loCmMmDP8nQkoJuf0h+6m9VfT4fq36w6ed9F2GYroXA2e+GxXnCPkI+OTVsWn/md1eNJBdIv/MUf+k1heZ4k+rt/t6qpls+RNjCiYYu82UN4t6P/cae5/FQBtObf9WHkD1Ov/21a7j5kHPg1p3Fu8H2RAU5sSTAV6P3C454D2fZWoND+Ig1LVgCVggr7foV1a1/mpM/Kr3pNPGrPJDexzhRBcDrlvUWZu9f7p7cBzsokE8+nF6vI3DSrUqZZuTeqldf688QC60DqGsQMqru+ke53LBTRe/T1IucZi5+4hO7bjSZKfTn8/FnyP/973+rx6O/9+DmLKKBm9YZ+2MQHHxNElHmCL+EC1sWbqYEAPSt7uXqZsAlBGVVjtkf68AlvMNSSWmmjSc/aAJdld5TtH8tPAduZATi69TsosTEE3Xf+zlxNNNXw15B0H5Cvl1SEbuJoPHKukta3ZMA0/RG7jTsp4w5ERwOe5cJvRinMTOaX/bfFtMWmm8Q9wE6VZ/h6nBuXQM0v0g9qxlMlgwYnTm0xfP2aiN9YeYDU+yHZF5S3/sxCgrz32mOfJAhQSF5O4JFdYxvShbOoTff9ko4SCBDnsO7LoFsqo5gxOnuRrcUeSBToUXkySe5Jq1xggmZVynJzl+BxsmTMaxmBwRJNWuXKE4hGRx0t9U0nTNc/A29K37Z0TRYrRjdkyeZxKtz8Oh2ksqArRlfFJrbLBFNDMd2mHWrdQXG+IXhXMvMIGFbgDynVedJN8/HvpCRoureiAjwz/OzwEFCiiTQY88VcavIE4ym93b+o06tqo/b+MjIsU2wDQXRaovoLeqe8prU8xy1pLZjfnuQO2MztryoiicfWxzwpAFitKNqEDzJtG2fzwKY+Uht9emUO5O8g7RQIdHlfjsZMDfZDznH3gFTGS9uOmoJX1tEpJdgCjg/z+2P6Z7OW3li3DCX/5gZ8/naFQxX5QPCGkNa4lOWvEEwZZTm7o1u6a1iHVV6/mNEHoBVfaxRck8YnETNkJU5AdsLMmhpfBMIWwp20sVZAra04V0AzvGVDNiqGAKGsHfHD7RnYMYIJkXzRg2OVFUw2PtjSEqx4AU3QUqKN4tkMFOIrgbHd95oJiRvE+qxcZtxWjIJto0sF7IehDAAACAASURBVAMF9oavMQuEk9k9o9zMcRVrKcCuzjgQON6L06h4/uebRbLuzXhMl8yIjLj1oeFNLZQTDgw7Dx6UyQ/GJnuuJHT7Y9c+jxNIA9M5E1Kn5O6TaV7YiRhdp3YXCNZ2U0uXS9osAEvHm/1R3RnHyTfC+2bohk0vNKk3LsHyhqnRx17l2z1qtQj+7m9unYngsDDqnJ+pZjhieS6W+Q7JADz5Y/aQC5q3xHV1xRgHEkmj2IB+7Be5Vk5oDpUjvRY1wiWk30EGzKPRDEQznoj0R5qrGgMiSMrdYwmsVZFtMdSv9RZh7uqE+nv/mqfj8tksGHQHo8qKyThM7/XqNV/a5srhZc7zeX5asm12o83mdv3zJlDMUpz2bqrcoZGFjvOcFTPReIcZrh1nYOMdD+bm+yVlRNb9G9sqEDrPtI5w+w84OETEm7O4ewXMS1J1dTEJKneu0JrhVqNPTj1j3cCWBOPCSZJxuvW3Pn6pEbuS15xc23Ko4e1Njk0e5iG9WUIDcQmcbQSt7r6BOJl5HskNhk1qIp/z9/NpdZwEPN4L+royRv0xBVsT4ioeAHy6GVnjsT5UZbeFfCd5A+jsqMDUNtisTFfGBdyTKH7Z4mHRYxJ//vwRZNuN7h5wzSVXmE1Yc0B8Br2aG2RwVziqSyeTQ0gfAlfGcdIExwwN279F5F3BuLG9PA9gu4Ut5DEmKffe7qr2jq7tuWREDJwpJsHuadUmGALqrhOPuigYYyo1Z2OXAXrzxxURzztdGPKXMckh/cm+shxSnjQ1WIuZR70WDf6mGYzsEicZVQQNAXgTAN4HJxnxp1c+CJlZbadvyquHgD8/P2/jF0h3whACJnDcKXliKOCE/N+PDmETW9C3Y+z1Z1mYUNJ3z6yK468y5Cd5MOOCOuAa+cknGGgwj8DPLTdqfjycKTwRGm6xm4y1QLn3Vvc0gV2kTVyNFJt3SoxAZQjTGWcoh+SJtL7z5RQQYBzAe7VHPOz9ZB5JumsT+pwErVpIJyUuoG+O53m8BK6Mut/6uLbKeAxxxzDuRdJOoX7KnlV0t/3in/Oo4SfQk+6dpHjO4zYvYvxhuLhtl1UpaZCdtCc7vFOH9LiEbl8YI/dxzK/dCK/d7AX/Fgry9QvOAlv//IEBAjYTsEdEO/7LDj+zsckdfpGmWbtC8JyAtFR3rsPzog9EeiwgFJH+RK6fJTwnzvpLzFlibts+i/EAePRB6MnTVW18/LEezzt7Z3eaJtfPxNk/eLz70cyxc1y06EveCqQaGadu2zqj0A2llcxhVpOR2ZRAicETqTK5YeZhtz98CcNTSAwJTIIhzq62JWx3Y9Ro1XXzPBFRKpsSRUShBd2+IE4+5zzoPnlmq9B0jvEiZbcrDzPiZEYSFnKpZky3eKsLO46oi5k5as0ReQNAZt5ub4glX9xtO8vAVX3uZyMCMGhm3PvX+IkkG6m5dc1MMQF7yOQgM3zratn+SLubp1rcbfCzkcKkk/ZG3DMCRywv2Ld1DvC3Vp+47YHxtA1mPgkeTlQhWLegQfqYATqdSbaMlqbUjCOAgTwJr2ebRV8EdPL0K9XcUvlFts7zwOqfXfeq2o2Dh3b7IL4GR4GwkDoi1mIFUuU5guOY75G8OYnhPeq80moADWxMX5MR1or9rb+Cgqm3lCpE8N47oorun+cEeGfvy3hn0ASFXbQFhoPVceaK7CrvOWCk31pi3umqeNVVr3Q1mDkyESsJuZvV9si+GD2aEIal144hPRCWN+11A5ExTuIcvgSA2+hB/jQwKBu0hd4gh9yGRYuVncivtHu92re9AH71my844+j2Bq5caJW/vHGwfJQZ6riG6/I9O+e8vaGHf7FWRT5mXJsgkN33pJ98/Hme+/m71EG4PskM70p0Yrq6hM7J9jIwtZqtcqH15+cPJApds4Z2i3hiFdKmuXCuHoAlMdkbEP2cE8TZ8Zi57RlJZ3/Qs9YZMBsj/PbXnRlVV91uLZ5zzqwYsm/1pgaH725Mzk3hBdY3M5KjYve2gPk9ZmwPzdf3d9+jR5uy9ujeC+hExBg2zq6XxWfbpUdbTwPnR2wj27A5e0YiaCvLLcLObGhXYayKmvIPrBY9rgCk0XlAw56Hxi9oftHrbCxY5wDuOjpqxmn++YCkBN2E9vJNb3ejMLoT5YlkdnUeK1CSCB+wF+nVa5Xs9XoDkyO+9C8raE3IKJP1386UtlxDUIyIc86v7Q7Kc7AjwVvG1RuQByS+e60hcJPws3ewa3XkqfpMlRrR7pEjAON+JcgYtobIApDPz1P3YxuGz/07NBGo7if/67/+K5Pdfe81dt+joHm1Y5DrgGmp2nxoqw4bNpOPDWGWgH0VCf5ux8S9VVTnEkW5bKkpp0hYih7DLXr3MXid7zCIOSEmImS2u+bUxteRzfAAMgJU5okt9AHez80ZZPUMdugdi0lf3WVDGxvI9OZhzw9dXNL/mVzHhp0T/m7yRy/8yzGN5L3Xgy69dtK7L8sYOl9Q0mw1XUkikmFKcjKWTYGZc8geQb7qTnpmyjhJ4524eqiwnJp9BHvTDBx0z9qoiNGI+XBXdSStiTpx9EqibEKtzRNAnBxPuky7Wvmkvv62JsC8SpehMKjvvTPSEPeHeZUo1kymbxfHC09svQKIuZNdjNiFnJQQTGGRKdqwJXZaOV+a4/bY8/C44/FluHD943qF/Nj2o6qwcI//sn81J698xYCmWaGtP00YCXNEs28V9DzHd9ANT498eCrD2GEvERkhqt9iKKZU9YTc3206eELCPhCfunx1Fd7uDqlaHiBd7QhnvqwLfee4r7x7op5JgrY+czHYGlkiwMjuisyvB+uMZ1ymUGa83NmnOoYH++GxFdzUSXzJlQL4ys2mopn3BQkcGsvol4XeUt5fm6gGYG+TzGx1bCDaO6uIecXY+bwBLA+KOVrwHUR/dyfhvTJ+I3dx3iFHcKy07r1Yb82YTm9mA7MMXC504P9tgAEbrLi6cNLvLvVQ6d2bGTuMiB1T68WCd/L8ZWe/l8HRvrfpdUxUl2Qjtnn88toV+7r6+Xg2LJFoITPqtqfc/KX0AiaL/L6zkp6fY9JVMu/n4znB+xccY50+fh/yWFrEifE/9X9lvifJjAPQVjNb4Bqazq3eNiRs3DOPg+P0Ft4ax12QBbANYUxB7Htt2WN1FxjWyRM0D2jow9KvOmyeuctfwAAC2p98dwPordf91VZvFC/fdnKGu4tRm/kLwbDL/C18YVbTc7iSvvkKXz5vVa9DcZhSYI7/m9Pf0/77P7fJffPNvpkuGCfDk/uyBb9k/0pJZjnZwdEMCKt3HRSf5/hp1K7+NmG1u38xKJ2LPSY0sdrvC61eEJLJ6LpCaEgcBGQ3OUlpBn7rN+sfm1j17Yc4PdbSFArf+z5n7xfT51UptUk48GcM7zEwKXL8QDdujtmuJrT6ob1kxEEupn/1l/V+qeJY5axBPDGco/6ek5HeYyoBAK9zR0RgmeYRsRXgIGdTHqzodTjy06jx/ZvLVptrbgnOifS2WP+17rZ5xE5t5AtkkLoFUl4CydcemnSr5u9SXZqmKHMnH47M/jnnOb47XL2FRetubsn3PDvU8Z1F/Q77fuN+bhk/Z8AUvTimhd+uNjOz7OAn3S4DMX6jW2G8932oORvwIyLDvOOwLlBvGM6IYJrsMFl1VDW7jBcAUPXJWf/gGkm/7EpEss1GTzKDBt9NL/XGsm8skoH1/PXxMDX81NLOf5CS+TrD2Kt95tmO71986tV6259hPQr4HsCJEsnoW04iJO9yjYHl48Cgv0sCiRgjAnzJ084Y9sHYrOHfpR3MrwstU0N6ja4VMdFsm9hFiG8YGz7XJNNfpHK/QidYgf7qNANp1ym/OMIb+d8a2J+hf5Hy3nfhe2QPcR/RkSzYPGp+jp2jhz/7VlYFBSlbcnj0aPVqOyzsYRriZ28+9eDB8Wq45IbTiEHxMJ4wc9/fDHU/H//MVzczh/O2l2f40dnQRtL7DbxeGatuwQJJTqDvt/Zvf3fn+OltcTsajg3Cc/ojYvSIIne/kV+ZMdBpIxe7ERFCSzng6fuLhjoNzBgMWHq+4FHr5vE5J/OuBzr0wH6IX/T9kdyRaVwhxjkagE0HNTHf4oMLyyWxfOApQ01mrN/PwT/5bTZNqdFAnNndXX2OSdCOLbC9PDlGK9sXzLmdd72Ddo4fV+jXP0EG8k2d/hPk1MDV43EqqerLGbcsxd/Fn71veWRogME4pacTb9U30cM7b2Zbj/8rxUmzYsuzbvHtlQA8sd0Wtnnf2KLtngB40QCm9h5Dwiqv/RNmW0NJbfLc+8ZrZLIKIRk2XfFBHTKNphns7s/nf5zjyBma7sn34QEZRI7cfw1hMh8X6M6h++obVLfO+XnfCDCL/RYQ4BDs9qtPTfJquWCqGxSDfvw6/pyZtPMd+Z6u6R6u+y/rzyc/mue3YWaVWKvM7u51VmHVJ1Zr4p3zGheHrxOOv9H+h5eCPWzfHpv+uT6BYaD7O2aOOQS+7QM3pfZbvwnMEcSop/F0xoHGo98cLlfLcHfrcnQeesMsQCfSk9lTnvl6DWPIh2RroRkAnJ1SvE9+i/ypMK0FfCtSwBtrapupaYgma4zod5jm2PJynLh255A0IEGtF7sj/HtO3nreFFWDhiQh+w7dWLa1WgyeM941fjs5uyHnIuyrfCFs5D/dSt6sym1LyVGQvzjMr58/ASHeN+qIsnXRHFD5Zd29X4MQ+otaC8DdAcbRtH3RsPm6UwMLgCiTYgh8Pp+IeJ6fYO5+Vu4TFCyL728l+b6Lt6udUm+EpO76JcBEYTLeja1YzIXx9oOOb56MvgLEOQ9fYMS/HTuuMMBIK8nyl6QDb2TeGDJZ+t2UaVfnyZ7AgFHmWACZj39OVWsoO02irt2YcxAhjjBpf+0XxN++BAD0S0diMFv1Lch82qsrxv7OtqcN8eQzw2+/rK2Ic1ElDfddUm0NgL2i3BV6qur0VgbHT5iLjr1T+zYBoU96jGICU3xjndxPvSaH7df3PD+A6ZBDe9qHLi7+zK1FBzv9FRnei4Ae+CkWPX4rCl+Zn5+feafw6HRut+G7zORLnN6aHNvMqtZjDXKtQnpTck0ETkK4dzZW5q8SNFaDm//5n//LZ/GcHwGLmOCFciTR7nBYNx5/jDG0Qtm+jd33coVFGWH2ioUL/mLu7d/pQkQI9RIbfcckZhpgjfn3VjYREUSS8bkfc6UAUFQbaRvUJeJoBMUuXJpBuwWZBrt1FM0Wnzs2GoyUBx6+XSYxEqrKyOn/MV7q/omOwjuBf+9nXXuAyEAe7WmFdNCKExlWFLZ9ydPjk3s/ACKza0BPH4XptxeV62HcA0BdE95m1QA5rjGzpGtjO8wWVFtgLXg/G6S+8gZ2R1gne9tBltDB4yrOHPZu1WDu9rjwAqFRqLgLzUzVTbKrauiomKRmNFN8zil7LtlnQ6r+PPn4xZk5C6BUztOSwiYkPsEmSHCaYYBlt8SxxvpGcNrv0UcBCDJHo+yX5RLKhMMN9DSY4jZmdTBbiEfgBW19cKsbq7khWdBJu2/NBIgKIj53BFPGa6qK6wdNQl1oNdW3AKpGdjdzvhZl/q1HWERXoT/3ur63D12ppWtSZka0xjcZYCPySVWdc5JHg5KPBhZQO0GbPBEB6Wf9wajJLoOXqd6LQ9I81s/9RIRZn2TmeebcdhlofvWeu62ksRzbE4f2vleZtQETgj6Vu1BrWzfrByfmv2/ZSBiGWRzdPWj/GOBKLY+Fe9jQU9tZhOhxHUmb/84MfPB7B+U6Y/EsAnmySZHeZkR4qgxuU+dA6ix+FzeM3cPR1er2UYsdrPotD4yvvcvhR8VuCEUbuE3DRZQ2PhDg8ZxqOqWpaVRlY9kpNoEnHzSSwWDphlX+NOcZNuAf580FrB2Ox6lJyvFhBMnS5fhVOJJ77KplwaC91Dr8RXdgwGGhwn5fIBAA82zl9I6oJSDO48MT3WrKMQdA8njxDwYjwy0x8KXPQlvySTZGYAqU2i/dGdadJIzOWYP8grxeUQVvXeuRSGBQ7Heo5pLvxFRyjAMyGN1XQ5SD35SPBGC7FWl3uraKBCgvh5BRcq+RYGBVUiDnSY5o6utLjpl8FM2GGCAUeR5PWQIa2y4CmDvihY02kpF7LUSYEQxxxSJbBe6eJM5qjud5hI5ZHH37eucb3KZYT+BZIl7owgXNNjlWbHTZvWEMK7r15DNg35Tfql5OCsbN5J/FzeAX3Z2RVsuZg0EGpIwDuEJKtQ1VARKtW7VUfTnERhy3c2MDQo6kbOEnD6XMTVZfDHthjNfGaRRt4GaqPImR5q0bjhgaPkJgnLAVTEaAGcxuMbR3ilUuhImIW39B5sllKcrnJ+xqFQEEVkDta9u7ATh5uhXLkJXwGsLSZj7QjNt92jM+XQjEiXG3Q7tqq77VxfXaPif7n361pAR1XaltlRA5tAMQbmsFWgTQ3TFBALcmNM28B3hVWQs0h3q8qrXU/q6e4r4V5HPOItS4qq5Z6zLd1HcZg49kxhSCMww456Sy+lZdCeccWbgItJFh6O/nE8g8TxsaA7lgqCxsAiGUCtsaoZmR01i7pM9oybxmG2NYNThMBaN4Y79g0dshQXR4uW4c4x8/P4+6T54Tsxe8Whi6erpVP2bD7YBZKvuorpoQEm59ADNPwbALQJORv0C9VnkQmkG0khGRVbfVcQ6RADzSGHLDu3YWzI3ObkZUS06kzE22codIdFnKjF3aNPl+FJCD55ITVwAoWN2OORYP5w5pTmRGaso8g7ll4Zt9mvX+QARFOxrPLpD1p3LOojn4pEv9ZGTwU2XEJSJLE2eTM7TYBYYkaS69FZlr3TZOcHy1jItMEKNFA9r2Pt1T66qGwu+aNmL1zWYqULlLKgEhqFmhyQahkNBo1/8CTjzG9v2jxsNwRziNaKGFahG9xfJof942VZKpKeOIPC2x1K+fhoAGvGwiGGbd2s4FnGHqaMVqGU5+JmbVmQm77NQdapIe+HkMMOOl4dlN20zOWntI3MWnausSGJGwBhQi+cTj8iEZgZz90TBb1l3yzkVEaOADBUGWKoNetrpl6vjsr/T2O270u47I8U1rnDwvOO52HTu6sCX5NCNIiNUiI5+fHnuQeAe9C9/MiuDZxdr1/DzvYK6Bn+cHTmRTKQ6tNGa+UhGjjETzOQ+8XoiHrhqndmpCGXYDenFAtveKkVU3guYCv4TFiLRrvkueHZlR+O4JeN+dfZuJPOf53M/zPF23u8ytiaC39KG/mY5gIM55BpWaHbwOgQGLODPGE0KFBD3JNhnZ6166CGmTq3tkkk3drv/P1dcuSZLkuAGkR40eV9Kt7lZvftPpJPUDYGSN2mSyvZmeqswId36AAFg7m6egWhNW54lDQEfcfURwTO4h1YaMVDGmr2l0ERFds/5UePKHCEyNdaw6NuZOLRFwJ1vA5hHyS5mS4acEG2CEX7BCuX3/W50qiR3uR4R1S6qUJXXDrpWeQZpSqZ3ArQMaEt4BwMgMORTCw05WhVYGiojq0sKVPKnL8Q6Quu+2je5rfKOkp1nlHMlAJJPYLYP+xCEUpfvim+U9m0RKYzTdYOQE7R3VdfJ4y/RJsPPoh3RVyU26f1M2vQVBOLt7r+6W+ysnnHChpTKu1dlT09q9pIfh4SgzIj99Acwg80hTdTx0KSlnALT9ik2l9+gps6TqWE50f/1k8kXVhJnIeg5bYSuxZZi3MUDNPHas7Zd3dGdaS/W6I61MDYojH69kjkcWbchfuKfI8pAq1DOv8FQe88pBguw7j5dkaGVgNkD5xkNCIko1SJN+Bi/rdNHYtzZY4ALmuEjtZ6JSVn3OSTCo9V3h8d7YGSBinX6f8ygM9yBPShp7vZ1rprtua8cVnXX2JhmwADVR2HAHFxKYMkeTwHjJx6jJjO1/gL5TLZy6HbGUT2kzIhUD/ff9xBEonDPdM6CX4ApbIXmC09114ZjBgDoO+NO6G5qIZEbfCgaMuCrmdCbDNlO5V860G40AqYbIV4ME5NaA3vY5hF95FY1hZ2M7GcNRXpbvK9oLCTgnHrugmztRMRRdoDy9C7BDrdZrO69RQlcwbO4aGGiDhYXCVQW5xWX2ver1uahO8oT8u/Q7GFOaik231HtaKtwe1IFkNKrewVV74VnNiEYvoIeIYN6+A7vAL5q/YM4MuqZF+NAvrKWaU/dLQzCBewEScnec7pZ6gxIHN5hqXQsCsqcjhgTH1BaSESZeC44waX0kHDHRRHEeZA+7xxa+jAHzv/79r5mWiyP4y09Ni54sYuDIBrf7pCUnbotfngjmyRMZ+A7oPLPV9I8LG8n5UUa24onia44vya2CwuwISwlmF68JeabpSfjOo2ZseyHp2cxMgOdERCKYzKo9dpiZsbOtir9Q7+cp2Rhpsl8VUAwkhZMay4hlQ+umrScvIuJTNg8VUKtrBmVxcRe3EG8D9MBK+2nZe1RVrw2L7sz72cL0Mb8EgDUdQQRrurvAnK7xAH5mGTQLhFFefuJz6WwGNUCcEym5PW0qaVubXgKaPceX5aGveUwXmu1G7MmYtDRwxoj2OSeYXUXMOQd8AxkyEgR3XQc841l0bukYvbpILSl6qTsbzqIpQ5LZUts/gZK+bojHd6L2WhvhNylAf2HcNWiq1L/SFgAtOfFG6RPPvZ94hdUz1NmomZnzWP4ZEcx4nif2wJAUGC3rjEfDGwRM6fvmS31ra7SD9G7tCU/kR35zdOd+Ph+vdx+wqiHqWbuHLFTwCN9RbgBQgryFISog2mrj+6Y4elnUWxsjp6yZ7n7kAfcuBcnEmPv2K1y+fC5XZhneZ471sgxmVQ1xnhOvtm5Ps8p60Yva+WOc14ET5teTxO4ic6IHrhdpDoCJ3V+S2fLVdQ26pnUqMSRc1ZvFq7sSoSjH1Ch73byhQGeA5NzfywbmDXQ6yFocZ55yT5h2vYgVpbj5nsyWF8e7FgLfofr37JHnV4iTE+77d1R6nvT18VGfCdqDPtczMZdV/WpxFrB4H6chEjKqLkOp16dCf1XHMV7WifxG4XXBjBB+112MlzlSvaOE6RqXcD2ce6+HeWsJ5euwuh+M/SXeNZVjo7PwjCvPfHPEkTz8UMsk51XmxjqVx0up3qEatsTHUlA3EwFmF3aeo3r7ebxhdbAiqdnjPwOPMfCet5dY+kKB4qBhbxDgPvM3fbW7M/Oc51du8jN529FkvsgF3dnO+C/6YZlTI4WN4pXzIACToOmRhm9HRMhxUs3h8yP+FMIcT+0H8QE2ty5c+6tkUb5ojPZvctBztwKxfaoKagQzWHVX7TTV2v3O2qnGzPjm7LuQF0rucjzZIll1NH7mVdVd8r9WUSZ+eqxPQa6tMMk3bwIGyjdVkfJckgORT59zBmVucMzLG9utaZzmCGlHRW+4UXfOmTk/P+8ZwK8NASPylIJpzclTd97kYpbojmPxNsAqXhtTvbfY/iq9bbBqvE/XzHw+H+UsvbuZ4To5jCZZjOUu6cUatqiqcyxDbKDqKg9mZjCJhV+tUroZMcDJvFUjVpIcuv98rOMcEfHMttZpH2i+268oYdcaCWHppMmwb0jXE87M8WXJMvjY0gUmD4mplnJIpAFNTWUga1xV9nohGP3reqyoq/+tzdvdDUQwz3ngfB186fLTYmyE5kMbhO/nOhQE4UOo9MSqYojlfZQCxmIU/Pefv0lOa9mFMsW839oj8L4zr98TXimkX1aJ5fRL0yPprUCJ+HJL36SDTL3/uo2JRj/pDyaAdU0kvvfljdGZqeXDIoKoYZZVWNJ+XEt5XrtIzdGDr343Iq5IDgii3+fvGLtrJ2I7ZAHuPbMOFhtqevKka7ye/c3+mlZcDRu89cFuG6rusypqh/kRcQ90wIHGPFhFLBaPpLY3M5RZRJKoKguFvn1HRhzMaID07kXo1oiurM+D84XqFgD0yjdetZQCxb67gvT1VN600GvMwJN1jdXEtedoqrT3SK1EZh6L4HefBHTOVUWYTNejfW8vl9BMNe4U9s1GvR4pNtzTezcOOwDOefql9K5pj2v1oEqssI/8/O5tY0fdrzpN/6JuASP1FWHbAQa6kTwYhJwEVvYXsQr1djcHmFmhIl8nfVOnmke6it2GyIvH4GA7YwDIbfDI+oNd0A2aXd/KQea5974QoVLNZpzZvoYzTi5jPv7PTPe18yFfOtfugdMdIc32wPRndwborZ2TCzGrBOqldlkiOfIrg66PAZXl1GtU8IcGHEMPFrtmfqV6Qs6ctvqXVEVQp+Itt4/OzN6OTH9TP6CqhUor3pYZDV/9jSqrIwudQJwjFZqr95ExjuHUGVu8zsztr2pzZmJB+SV/DOe7XTPWWBKwf+69dc6TJ8d7y2ftpxSyfjHivSNhCOZ5tjgkMFoF+jatm9/N18xfXvnv7fZnnpHJ3hshP58/b1EBkcz8EvgCHYzoUkBwANeV1X2v+xH9Qu7/VSWQUbu6e/pWJbO7vfALv2KIfZ4pnRPlnTI9g5+fH5dP4wc1M6K8bOX5xW0kbxV4hUH3lXoehqTwlsoDyRzRUzMY7mKqPfmA6Auurr3tAMMj8kdjnXsN6fUVGUVG2lQFaDU4MmNNS8yPk3YWgO3H12kAgFymY3AiuXsQVZ06S34JlJ7kaUemPs85R64eL4L0zyC5tDwvIfie4dnV9BFRbU3/G/N9ZaApFDPz8/no7a52rXttwXqm711Med6ymWSvHN55kF7caP54NeyToPgvfp4qK6VOZQSRpfAibO8nfL+jj8F2ZR5tjpBiRRV/9dytVH44kC/upvtMa5jwevEVKR7JF5vy7983MjNS6siSaBGmb03+G9ex0t39VL4vRHUFte9X5jb6CQ0RPVcrqXHUrmDZi06G3PrQcnf00yEpgq8i6cgKzMoVtd+q5HXi3TWEhwo6fkY/FOG73s7KdgAAIABJREFUvt/IVdk/dnGHaE/6mSGwEhiRYmt2RuLFe1I0qlfHRgldXG5f0zbuUyr8egYo4zrkTWfmvaqahFYdMYnl4PTNs2YP6KiYLQdMLPYyW+sK2dg3KKoTuqu6z0nbjgEnz/zaqbPbAfE8z3i40ghIwSZC+YbTJn1WV3wT77c2Cmrqv6svnd735EvC21fuMnHyTFcc78jZnQpQa4nQVGYAmMeJb+LW85kZ353Nqu+ESRF1fW6SZNfXZyL/97/+18z0cBncsde7sbPH1k8HdjcAwfg+3zYWrwGpXAS4O8H1X+gRKLoJuzFSD591RwQp9LRQyGMoGeP0/jYwWPKNkvB2l7xihxPARDLAjBwUBQQg+EuKCNHrEG9vT2/oQ0YwqGXFIuPTRXwAIWq18UWGZ4yiKWXMtNKkqyg54qF7Wi6rIjurvdfeeVnbYYOpPehlhURZAh6NKjH8eX6SeeLoV2iUsO2QbRnlzxgRDZeyorIiDB9MuXGSFV9mnmSsg4PDA2am6yMf25rpzC9tN5k/z5OR1drqKT9fzjQjMN4gfacl7hMpWuFACIqCi2oPtVLi7JhHbBMJDOw+NouQbQV7tgHGUtKdPsldHGeiPwsz9KxPBmr6lqIB3ZIGLRWkMrJHW8iU+EeKODGqTqT5ktOaGRHWMwE4mbDhI8G5n0tSOzhU0rrqNRgz3aWCL8D7+ainOfmMsdHouoQPP1zXznbxOQs4kjTLhqRN6FIzzW7duxORGdFVd+q2VoGRcuuIA6D6nnwE0dsYpJRR3vSJQUewb003wquPM77f7t76Bt1prH5L6oqd3ps7PptWhef7Yg7u62MDZByJaSISW1sArFuyB8TW+gv3U0jTOcerJvTIGg5Ejd1Di4hERjWm+sSBTXkD4LJg1gJ5i5aXSKBCNXXyhxGn6oKo6qTow2jidtXKF7T/GqRcdxRWZtrW2GoaF66JCPkoiP0Usu0mMHN4JHvK3SBaa+q3uZyjwre/oRUrNtQr+CX+iOnJ0J4Gz7EVG74j5BJld4vzIJmRqRLkI+8scgBZjY9ZyaJmGZCqqjjn/RldpV/a0zOoqzc7iHOr0VctRG/Bdu+N5bic50dQZj5nDIh8jf2tuhcnbqs0nQ76pM1MT6DuEHGrJWrMTHn7uo2eOhF/ynsdt3qu9bftnjnx0I7teMfhAPSuIL/anpn51BV1SP/tzJyMCKt/ZkFDAJgi33ykkDl4i1PBcbPfWkKDum+HKfRfssN3YheQ8auVlDuJsQ1FMKc7yQyU+LxE/vPkzD/h7Flc3ExD8E4HQtujNRCZ+S6i4KZFnem6oy7b5SNRXdruJTaiItLtEoN+NDAW0qaHaiDYhV28QlrgXV8pro10qfSeaozYlMDYSCH69pbCYjZnREyw0V0ljnN3ySo3Yj04AO5N6br2dRwNBRMDZoCjEYgLOIJupUbHUFfbwFkapIjdbqqMPGCEDV5U6e+T1O0u1VvWgo33QP/8/MxM1cyg+p5zgqOQFtvAcJsQ2eJl5gCRWXNvXdUtVu3A/FW8YYfR/S5NEvRAb0qM4EzQlAiVzBIyDigO6VuJhWWai/hjB+H61hEz7FEVzuk5cc55MlVWzSZGTkwcKZp9lycoc6SZSZ48Aj4eyLo2j84I6ba/lw06M5/Pn2BkPJ4NowRRTc9zzgLRGoANqR0P6+/vTzqKddTSgqBgviaHiEWgAIChmdM7DmewaWDdHW8wjBb1azKTmdMI5pv7ZkYe9GLhCdQ5edIOn4Pm0UqkGYHFrueDPQttdzf2fjEiY6rn3eOqCa6tvcSW+CqKSOq/bZHKsL3ocGY+fXsmA4ujPesAq1ui3MBlCGFmIpk8J87tq9ddmNv1RaNdNvwa/c50ldrC5znddw0nNZ/I8EZi3PtnpsPWhcgIdAe2Il+OVGlrCpXaajTm6cFM3TvTsYZRbglmAkKXFV9lXCvIZpv2jEScTCGv/TYBJCSRN+kbJHoaXG8ufAfMvVYP74PT/jDhP+OxqeBOs93I1UraW7y6ZX2Jgn0FRbwdoPpqhUNVhydozDXoeyUBgBaJpxnTzM9VZeu1EyM7f8p78644D8Ourp/nx03HiByAiGhgNz12obUTQh5BU20HRQQR02p5YG63rZxmBs/z03ZK8dkwJqJ+7VhEG9SKaapfV5w1LrANCWBrNYluac54vUfOmVQOvkk5ju6MZpK5MwsnUK8zqeGK4F31NXTfFwidF6ZnQFBZd7nvVHnBMbltpqt+k6WWE62QzPefp1bCqWN1XhVg4QVXEG3oZXSNwFxMBBeCfsdIIhakCOpOj4PgItlIkO6sJbWZ7gqkuEe6N0IMubAU0BG0lhrREKWgzjmZieG9l4FM3vpEip1NmS2EdiLGUHvMfsUWRVvhuaSsGRpjzEhwZ3I7x5ruWZARZExN0KBPk546RAQkHd7bDnA6GKp3qu69d3+78rsiFmtwS/HSRwBgoYam9VRdfd+qYmYsitIGNPWo/Or1C3TghefM9L3eaEVfsfHbTIuECo3G5/PJjMxDGanTaBRJwT6EQXdhwRJSbymEez8TO2+YKUxPC3OYmbpXBBpZckREY31cZyYofjNd4nDQtz7hebau51Td1/c3MyS5iszF/XnvhySaEadrMk6QEQzwWYeJzEcUaKmWdnzrJOIs/07nxoTInRKJuaCEma01bIN9U58F60OClT+fPyRtflj30z3NYP7k8+Sjdx3GAkg7zyhug1oIxIzIHpj92dqnFSS12xb9BTpJAlGlAV4wKJSWpLzgNZBTTzFVBFXW/a7H6I5CVUARE0yK3UwOIBwPXU4zkVhbxUbdKtEDAPa9AXZVPo8y5sms3i5+fWtf+g7fYXMM+KVoqDCXSUyE44MLPAw9Y+NUiyAhtzrn7pI7TcI2tuju+2majhBvfR7M1lJlplwGxmso2TM/Pz8cdNWtPxRFeISxZoDTc7tBJXllkOYMMXZc0PzVDEFxovo1CnAZY5hL9YbJB+ccRQqhuEREnDwxM2cxXDKkA9sK0MulTdPDuK9vnJME1KH8PD8hxqGCFPxftHZ6fTtnURWIwUj0CICs+szI+GNuffQDVGN3X5Fj9Aoc2lQcOqOBZFfB3lqR1NYKi5675+Q5cWa+ZH99nvhllpgnwDlx9Djx0mGVO1pfbjIPJ7zktbr7OqwltNNIHgqj7Xo9PHnrMtgody+cQG7Rvgab0qyba2+NvnYBwN0lqy4CmK66WsZgUo4pg5mRNbzVmQJPsDg8EVndsPWW5katc4J3EEKCiSW7qy0XrQLgebING1KPj0lx2lemtmSEHsxQm/P6O8t36CN9wzGia+wAYsPGl5/4OsfOEH//+ZP/8a//kGII4Kgt8nij0XPvPecwTgRFkJl1Onp/vFgk//iFMOVEk7reMsXxYlyzjb32eMcg8DvQo+oDIpaLrfHOlfDEcyGcV//OiYhbXkgYEXXX9yrQ3nnzDxYqoG403moSb5f7fowd/GKmqu4tcjmAGw6U5uPlkJoT9xi/WKa2vE1pzfb6xnIBXDLX7xu7vU38vng5jN99TVPdmuSfkzJx3Q8MDVpVTClef81b+T3cgl9OpqZkm8tf+HQE03Dbfg0GVpDupRGjCAGXcS46uTZhEAAx+vm5ezj6lgcP0ra5TaJACgA90JqaCGr2qx8YO90lbV7mKQy/zKBZicb3DW4400eMiJ7JkxjMPi7o8yghBc/5cbpFpDStEVOtjneP/ZluTAwQcawOATLicz+zltZKYXvFQDLjOXmmb9+Sq3Xdq6v+mghhYVjqYCzz5YUklJL7O1nxvkb9n71+hd3ON9jBu0G9Nl0i8wQxtG/a98AvIrlcvD1eyiTL/KIlrtIeaoVXQLslF9xZAohPrGfsmpeeA/SSCRwfTC40ReLMmM2H6XNOpEayGZFeVOX+CXz/t5s6S6N0kv2lIuANdU2CSMKD/Xc2Dryj7AZiT47OgLlUeibTkhs6jQncqTt5znhBqHkNvxRawUGX5klfB2Qdzs+fjzK9mgr96e57P8Kpn3N2nveWANO/pvr7zwSXF2Zu2ZD6ZWe8GHf8015A3z23R9TP5342wt3grdL5rL6xrEAV4ssWaf3ReRUzIneF6Whv9rblRiEPSd5pb26YNpvjpDbyyeUwXBBqgmKQ9FZr77G+/p+PwbWN9vqavaBAA0Bac4al5VaXCsf3dehIO24D55z0hkPfpu7OSGYoLb5SBmV5AXC6C7ODQB8GRhxHm90L4rstlvHMeHWqAxreEnzxh6BgzYXzAD7PQ7LKy6lOnpnS23/HGARMJ6OCvN3nMlP6cCk5AjEr5uNGrveoYJV54irqc0pzoLf/cht3YL1XRuiqsCGaKUP7h3p1zcyEn2RtX+dDO7vE1ceRpKGijIi1/nBvocB+79VRGvOVvr63vQrQlzUTy8jG6gVXANTdzV9V1eu4qrv/ZpaTZ634gGU3kgTXLBOQ5WwIwdHDD62i0dzxy1UJL4ie1kR25oXyYULDCOOQzYLUTgJfVoLgT/utQ8DnebaoaY61XG/06BZi1S8N8N6r2kNBez71nAd6TRvT9OfNOwrebY2Cou5kJjJrOn+9AsmfTUzbXne2o2DE/Xy6+t7bVT/niV+8sIXeDMzJ1gwbFm+XIvnPeWqH1mI1/qOwhlo+zXiHkdhK4/Wp7t7mcP/krtKZLclehY0RezO4TQLQV2viMVnYw4B3m6uc9Rny2MWJl2kokOsIgBHIAh+AFICslyVqi572z89Pt/rltt7ZiWJet/d579GuHtF3rG1XxGAhvRlFPjwCp6SB2MmQK5NZ54J7a1Y2aqkTqKFr2GpMEgV1rXgrBPfsof751BR751pck5yNJyL76x+mG7bYKKuaHFui/z6fTpHdmhbHo4J5ReWZycwYvNRjpTD9VCWL/OUWrGbgjSf6yblCPczM12VYIWhEb3D+VcuaR383MwNWRBl/qdpz5d/57jbjWKU0310+fh2Kj726E/6K3r8dgfUZMkMmKWna7jYL3n0iNE64tr+twMbYDW3vpAzA5xa0hnHz3VhOpBEamG9csjd9t4xYNeK1QtojLisd33e6nPo20Y1aoh6xElU95BKp5d3+AvdwRdkgLIWORmkdwR123LQOkVuZb+e874Urcn0r9ve3K4VocuMZ7tpFvrWZKHL+If6+X8j4/6vGv1/B2uJvVaapctoDmntgTYybX9DDxiUzH895eqpbO2/O/gqN5JEpQ3yftzR7Q7SfkYXLiEhBU0Vl+/PmGguKZ0yQ9q1R0JjneTS4Um+7eN+mS8en3YVgQ7zelC3J48vL8curLYk3PkutpQowMzNC3IuXXOwdMO8R7ZYvBdvs+Hyf5/vXIPw4Ar/ueC4gSPJ+7slMB9WoKp7A7lqwarC8686XdHcdUzrjKquWI1yT6Dlsa/atrtW6Rmp1ls5Y7s6bWFcGvdsqe47zdexWXAruHk0CRgm2+gMAmUkKIW2PHIw4xds1ZOY5qsNrn1h7laNFW28Pm3lU2voBalvkjK//7u/d5si5MiIyBGV8mdE9fF8oMHKX4mqLuTfwBax0BgD8/Dyj+XpEd5+T3ZowHsclP6KjEZHxaHW4I3GVSC/4fD5veId8862k9AYjvSYGI/JJ9/haDtzeo3PeJZHeRmPf1Oz2KpB7rxGrCIzVIdPNcKrK1DHIFx/MfPGEN73LgDNkcPS2zFjs61XvKQzq8+v8kPTqzLoR8TxyWUB31y3VA7Py/czUXkB5VCihKDbOjsccwfYaYjsRxbw3YYX5/hBwbLpATHdhkbeqAhH7tDX7fG0/sYCkkUVtR6OXS8l1bWhxzInj/bcz76IpRYZecFy/Vw9GeikGI2J6YNPFMBTrsO0MAoD2QlA0+UZsgCoraLfDeOdeEaH9cC3QXGrv8UIpurZXrMDeKYUvQ2fCEn2d33CnRSktIPGxB+Yhv0F4Uy/kxOBdpJooq8vWk9FG3qo+59UA/WpPaJ13WVlu7G5mPOa0q0HqBL7eOUf7vfJbwGxq/mK5Akb0aunq8Xddqi8R71enpJskd8P5y/2NOBPfElQDHlv676fVe+xuARKbEbJ3G+UirpgZrTw06SRSCun3HL4VYHd9+cFV3fU8f+m98pdyYgO+Y9qmeFCzg7UYnSUlLAVf1SCq7NH0VrZYzCGZu79kKTIuPwjNlyJeH4vu9hhbf2282zLjvMXqzHTVrcp//Z//DBH2TUkIgs/zKJ0r+CoOqo4RqIvmyOk1j8oyodh9C1MvmkbSDsK7jhUA4/yyA5JgkJmWSTJC1JL3iIstDgiUyO45x1MBBXFwMLIs5FsHiMMobm+39hBp9hLV2oyghC2JlleZm2QIzyDVd57MGv0ijY9I+2GCBANNtFh+iuXa5BgxXe44Yz0HGkQMtLtSgRXdzfaajntvtzpcD9zLG6UCmmYBM+ZnYeYkT8rqEz0VPLO2DL3SEMAL8boJRqNsugD2vfqZra2xgyMAOJ/u0RDknB8KrAR6cJe7WgMx4GfmOSFeOgddHtuOB3LvEjnVAaUdG2KjgJi6WqJ470cR4sqmxnGKAD6fvyMoJteY+mDRNEOLSa19sxuu5qXEsGMYtg4Ygf3dfd3NZskqrW93qZWaXXzX3T1a7EAT7elND5lHvxuEjN2VIm7dW8XhTJGC/BxwA/jcm+mldl0+rxHnPLnYYsxALGBw+FqHkasLCU0S3AkDCGLmMM/udBJRKsxzmYiomVtiDGnVRzhx3msGTJUwZuf+5VKHBjDVb4lRIhzmMfwnbl+40D/nHBPb594PdmtLhD6RH9p48XIGRHBF18grME7u4ppWqhzr85yEsE5cWKAxkLPemVPDEftjRgRqxnuSwSbVo3po0Y3uTsPNNTsnl6tKwiabAmUUTAF4QzPdWilKfasZ4t5PvGITMjU3XhuWqaY8FoNb01g8mPFEZPV0+5a15+SiDQ2pue/nW5/pum9v9iqIZ74+P2suz+nOczKzurZPnkLXpyLCrqMiGkBdX5GcYFdJSDczg2bKUZ+LKY+46pF5zilApOPMowJAfVtYE7nThZCAlzWFjJ3H4Dwp7UXmCYQC8esxcaflOhoT01XTM31ixw+qOCRe0X+R8ZHtUosaGQP2/VT3TJ+TJx+RDAjOMPNMTak7XsRKFd+tbUAzlgft3Zh3enZXSkaMyRrIPEfHXNqQGm2mPZFmg6p4fUvYbrmgijKiUjN2Gj0zjONCFiC6lczCK6yrZqoZlE/JjJ6wXlHLKtCsyW70iAW6jAYtfR0/R85gIrNnIh9zISe+hw0+DJqMqqw450yNltNGhNx84CXMMeMCSM9TIKbeb2Fq+n7+Bubn+UHPLbUT/RbE0OpCSjQx3SIJvraGYt7FDKT94i//qG004531nngy4h0k0OUvCvJ5japKBge3KvNoqKPiREtug1FKakG3lNNcfbQ7Q784zQmmCbEqBx2ZJptKNSJXNJpBLdrgANV1TmpEFN4RNcB8/v6j2Rv8OwSSLzag86AkpxI3csgnf17kSECFGIKN/vvP3+NEpnIuQ8ImMb4zxCJMGcUGT8Yu7dTfNEV2Zl6FTSZ7MFiNyOjiIs/Zfd0MTSGAqc5wYTOQgwtSG0RmANwu5UENUJjP+68cz6syec7P1jSuoUfUTfchciIGIOhcdEN5/ifQd8qTY4wwowCfv34GA1oaeFUHbPvkrIFQOZd5OJDy+/n5EbgjxWF+iQITIc9pmohO4Av+grKmcWtE3RH1l8/z3OnqWyOp0iCYiOm+U3FS9U/Qno5jwOXo6cVJjWy7u7a2L1XU0154oGgzyMg4NOnzy4Kn4EUMp4cRd2oI4ZUUf1It30TICsJCAe5qZ8N5+r4NeGi6IffePx4ZGr4e5Sp5pru5AiIzMqvb3lnd3WqtOzOTMY1MYNq2nAFAuy5CFauu6keMPL2bMv6NwQo4Lt3JDhoZIfZ93TrHG/5OHAulMKBMznzrY8Uo9amf54cb/iwp0vlUgANQo95OQqiT/v8H658DAWg9pvwraQ8wkWfEHTY0s4Oz7q4rfllGTr/6AJxzVqKx8t9pKV+fk8lAa+Bm+y8fdk7YjkBmegNoL8je36l9zgaV5KcfmZL3qZ3KSFEkw2Bxz7z+1FKcRPcESKZ4VD3Taqd3aDprIxMRsvzSrwgSROa53TUXukwGM2KESCA07Zp/THHsrbr9oIAewwpvlaiirmmngcxo722SvDXT7yuMY+4CUnIi8LkfFdObBw1eq5IN7V7SYmcxhJa16npKafHXkPvjcKzNZ3fniPqcrs8NtI1H1wBlmRgRt9uAHRrgicSgp8852oSDgfCRmRYNhR6tlew3hcxmpoKFihxAxiYfnfiuFgu7a2ZahC0hH0zmF+ukVoGoDcG0Kiuu5Y5SKjDnr59y7VQL3GgrVSQMNqG1dFfPYbrreY6mIBEUSzdShgpKyQFIK6MIkasFoX7aAFZcINSgcCdVz/Oop7j3ajblfryBmef50VhFfv7WapFg11TJ9djOeE7gAEcs5HUMmzWE0HG6qAkXe356iK6S8t4MdA34GQxW3XMOxzwJDk6cfdePRuz6prW0T+WEeT9AYzmEDan5CUw3x0ydMBHw1keyqud59PHkfyn/g6o557G2UkygmJpChMyzh8MMJqdauxxmnw8NW0MrZkT9Ub23sbSFLM+ih4qcqtUwID0H1SByRmzuOdpoGlnVE7Yz6Xf3NXOm6xa85nAcu0KmmxDTXHrQGQSP2qiMTCtjPmo2yS2ItoSIQPVsQSR0ShFUrDjJuEIWQwtZu4m/90PP0wloI4x98OXf0Etl2Kl29C0MBmU4mKeA6um+S+dMkL10VYKi0PZMS8fjDUbnz+dzTpK0WmtKdznzUWhdRwHPQt4MO30tXsesP75OkGJv36mSrQrxuffn/JxzpESv6ZoaS+VQXZLUyppsAufnaSt4PMicZs+NoLZZuIpzSK/3keoUWd61BMGZOSclpp8ZPzdgcYAWjBORDUa4KA0RyCc0Fp6mZ6fhfQBqqwMmkgdpWryYK3EAW5Frhw3a09ylU0KvD2mS6cIRUIWwfPAvBwKIe4vBvz8fkmfvpktvkzO0AbHdunu5YHTfF3zI1Rzz5MkERhuh1WLUaAxJ9JJ42uLdiBjrfQ1bcwdgaNatnq7S+rBUi+0naeqPAbqZudVahqE2QEAJBicfne129lNPFS1qFONzP8LBBnOr7HCzcV4MFiFYItCugQKlua3yKFrxVnogUPT6K2fv5/mLjI+MPaQSzgPwT/2Rn0FNUblJJMshALPDup/nqc/HFZSmPFqXuX/0yqzKE75UNS1vmp6Z53m42BAAU3yQ0+MOJgUkMjIUaxWIbn9EY+yu8dCLAHpuJLWpJ3fodRbwh83ZpqsCec6T//6//9YFeadh3AnJLBeAS3R9w3qGLJ80r+vvgMWrab6aACFZM9+55Rea10oKmDXqqWbor+n7fPnUmvXdq3bo6/Gk+kl8z1hnQIXCt3Af2aGILe/PFspSNbXnet7WDjuLxgyJe697HJcRsliR6hygkc7gO84K56wVGCoUzG704svc8mOTHNXPJ/PMVv9KNsYs3Ad7jURmalqoIrumZ+YnH0E6v9+3BzWAdDw6kdqlIRc28MvJen+vBktivXg1ouAe0UE9LFWiglje4jOot4zMdOfjIbPogGIKTM1znsF0X7mP+cbo+RgofMv9fumBmbtA55+qDj327vUGNqVqAC3U8pkM+4foAmOrYUklMpcgv+O7Ca2QxW7ReJn7u6VdYB/JaqtnMvPkUWzESo9nIEmpcGy/90F45b3YKHxvDbw+OuZNUVqeY488kBTypRKmMbEGguIK6eRnnnNOkHmONiUMRwMGFWdhiBgim6jTyDhKDOE46z89/dfzA3w/oaTrt+4LAopZc+9HYEpmWqK7VDgF6JlJJnb8HEymGzAdK2rDUruY3lkPlO+5y2BH5URjPA90qesiu3snhmrGlmC+r0+LnPRzyF/EMZXjg+/JNKgaIHe92LflWK7Nd7oecoJW/Ex5uTiEhregfaXx70K/FMfK8VQXghFxzjPTDH+qWSGCjsfebmA/q15HLBvoPecbMCfscT/dE3ly6e0AdGnJMMhuDBkEqy/QccQxgSkwb/SHkrl3Y3g2A9zuAH9+rAr6HcfSDAVpB/RUokV9abfEO/h5dyNjUdA+51gK9npELEwwpjXJsZe9VqohDeP0STOsNbNVoaCBHLEGJv5aeMUZ8Wo+Vlug8N1fexNjax4B0n2cnGGEU7cZ8e9CDh2SVU7AQwiocERt+6qsRN0FnXPNsb7iiZrneSJz9gGuy6t+nHKQfJABeBeQ1HKekK2APK1NEQA3WIm9Vjo/aZ2cJjsb5YZkyPt+B5yQFuEcDSQ0+63qc87WiP08D8JF9sv5qukZqGl53W+fyO7xmjem8peAP6+lCp4T+t+pPS5qLDnvd7dfZKZoyzPlmOy7b87vYzR/iX6OG0WuVymQkQzeLrs2L324qrCsdkXvnolQFa4pYL+5KYyt0tcP4EQKK2zNb+KFMHRCulvMa/HXvEhCaPhq/PM5izzC40mYGOHSzjWJ/7G/UebLfBSkqCJdyGHCEaz955eeVSMEy58iUzxFsVI8dxnBruIczEb6iCCqKlLStNjo6lLwxJluORE/zteyTDFZuKps/wW1QFLLud873lK4hDg5qHps73yKbehaXjRK8YQciFRXzDsf2xJfdKsqV6Sk3GD0BEhSF/neT2YqvGooEHZMdq8fZyU+oUGRsxjgabvIaIwYNU4v1WTwRntpdl0D94ivOjNiJJznkKz7iQhGaL/RzIjMMUFt19BHABRuvT+GaxLyNuojHsPmRTeIQV2zeImQMz/nwYzaRVNrtzvoXXk3g14yvsydAJNYVePpzioeBhnH0SZil1gaAlbDcvy5tl3f6t0M9N5dzYo8S4eSQt/vUa/p/e6ByGNbfu9FtSv1AAAgAElEQVTAlNETIjNriVn4ZYvBTeHLMqGAJ8BRcZPmxMk3+Sbo50xPCmc7L32Lvb89M7oXPYuGb7zdC+50H+GlqQu/epXFrIJ8OJ97+3YqfES8J/DF8bX7OpmxOhJ465JyOt+3MB6ZqwYwTOO6inxVAvgCJH7sLy9ShZUY2bU/R19rywpx2G2AbsaxLH3Cn8c1QEZENtThK6XnzLwFM5FvJYY1ANmSQ0DzwsqDhkup9zuGFLHP0UnTeX3fFJkRZ2akBf/13eeO+vb3qHDm7YNMpmMKLpqS6eGe8DuyCKN7KnJHkkaX4TL524breetUdPvuL8s7ulF9Uyr2LRhWIkiS3ic0HYxYivTb15Mvm/IrE1Ty3ZxlZVXgCMTiIgCw91fUXADneQ5O3Q+DNWYZ6eecPL9qy7j3M26lYwZxYoAD29Xr9+72l3ZeXnYqvypk3ayv9ncJDQLaRh3Ee79mti/DKHXhV3a2H8uolwOAEH5zQp//PZaiZ+1C2jiZRvIHBJ5MwqfFGVZzKGDefSS/Ct3bVwKN9x+ab7vPob9SYx1DvdOsK73+Efl098p8/8iPQddDOiG/ZT1VKQJ7wkk50EPtUYytVabBODwA84TqIpoXNdr1uKM1882U2gQl9JIV1hZErO2vIpyOPP+Yu3w+HxmhvJla91HfCfBw/cWRlSXf4k2vUkqCfLK7pT6xrmKgq6rPHXrca6yncxLM111gy0lm5lTXvVjsa2YUUsxl6EtyZFZrezutNN7hmaRBViy/4X1RHd9Zxx/ab/2rMNPClTcaV60CYOWGQky6e+1mnS9mZlqakuLqX6SxyKNooK0bgEaBcviMILWtjW/qOs8zi2msVzuFfczqtp2ppxlotmcm67JQPbLiBHAYyRMus5Xf9dkQAR3LtNPXjHtwq+3DxEFGRM0g5jmnuw0Wv0306ss1/ZYYRHSf6tLVF6r+PEfBvFSZ1H2jDZFvUN72Gm9cMp2ar3Dku1hR/T6C936wfWjsYsU9z87pjSJh0HwpWVyNxayGWiqEiIjkLe+uW14zSc7SXGYtN9UEbeLbNQlyhhAIE3x8p0BmZs7bYc5r9+J9SFQ1i02qmHerQVVlnO7euXsHc+cDqhlUNhzjz6sz2/NqzF1Na3ioP6Hr5tovVcjrfejmWoIQp3aY0e0VzcqkAtPfehvr3KOlbl73CGeNKjtjfz5XzHuSmu7r8OsM22xGrhhQ7piqu5aMvVoWUtJ8We7/U+qtCJ+Z0/3dKqFhFT0bV5fb3Zx/bNVlRF05ebzkJ3eRitVSO7XtnurNKcuH8fNXdFGBFWbw4zkPI/I//vf/VKVCMGJSxqEI0eWt8ADIscQ1lMFztFtE1Y8Fq1ZuDooWvoARn73k7wx51tODKr68yMJmteMXPJ/bYNxb8nzINTaJOGLB+wxHahwU8QVkw80k86TWImkhObszsnr2hjbEYgja70tNZ8QJkzLASebJpHpyEbPaG89n8OSPtrEFSK3hlo49YiWttq3FphwixvQKJaTQcY6MPKG/JKOVXMffLQpFlJ7ZnVqeGXY/z6O+kwRjVKQGMoYSJEpdUW2m+efz97iDkuNzQiRB8slH2qXneTKkOP4uuau9cqrzYyQL+jnx+niyZ+SkfM7BujjSH2QUrrpvVT3nRMROOEX7bIj9FIEuTV8yIs+jeQ2oNiwDDMatT3cV1kDTz6c4sduTWhbSG5TryTyR2iIlZXhEICVlJTVApzuyyLxV0nC4ks8AEwx5rfb0kyd4wnglIjjLzqQk2/seNWlXKKy+JJrI53V2dr0e5ox05AkNDPDeKQ24Xbkoote0ei9LTy19kg4OXouifYONmSJR3T9//TXbh1QVx40yYaBBfWPGKlq2MJrB8/zIxPat7bp7gn2re558xFDUKui3JK26Svw7tVZl5FHZBKuQqUIhADAfBHrmx2P2jrBxgp7XL3b8i/q7aFVVnZk9nScjcmqNTcYy7UwpQswas+2DYLAd0aO31xmVPhqCMYzCuy8lR4RtLRHpnUpmxmCC+a5ldodeHWmTcbhwqZ+fR6PwmTJJLEIXUA1A9c00w11YzDhi2fpGHzi/xc22T0StqhRaEq5nGJRLo4wDZntgTNcufaXBQM5oV1S6o15E6S2lNboHIEEQe37Oo4KJv4pa0HKQWccfMem0sdAggf7t7lycmWEjrMtOs0gA2K6HJsDm9sWjcWZ7I+j4pXDo3TMZado+mtqNzAXpKOyBY4/jsP2X4xjd+mQqCrEwIKvsLt1oBrE0FiHVHuFsr2eKb8aATdS0kNwgVe91Xx9lmkAx4lSokCdn5mSCEHH4OQ9Jk01M2cF7PRXWNE8Ns02RmZGaUlu/b1SuFE35Rz6Shpuzd63i3r4BiF7tPSh03L7tkb9AKIidCmACCPT0YLTj5P75I4BDC5ar6snz8zyiYFtlay5wcF3IRb2NjHOOmypMHk5Kdi9+mUAfwpzEGGiP4s5uGcG496pRSZ4Qb6JbqguxEV18g6WNDFU9F5zqOXsG9FRlg6sbfZ5HE42Th9oEK5m1S6uNezPQgnQPGrUrtRpjZGB0pzT0mr/++qtH1tiKG+YK1bosRkSeg10sg8bO7pf6F9FV2qMOhviqDOGhmPUN7/X95OD4/Kd2BsyM8nuqh6HjbXcPJpIcPOfpKtNLM5583AQs3eRkLFsPIxSTANn30i0xkcGIJ5y/u5vDPM9M7UgHwAiBykytkGYk18LBtrhtTB+AoqvhcWNwo3aU6NpxbXeHPIsxNYx8GHkyultr0e6nYWYiJnD7KpYuuOBJRsvpG0EZexpM/0ifR/euHXb7H2AyH9W9AD6fPwCec9YgtZ9zposzz3mePH2t/dbaAzUn+RzVkNDrMHAZigk6Y7IXY1q2z0FEfD6yNedLDX4bzq3bYxNOzqxAdiCTJj3nJ5JjEbrukY34vaVNEg0PA04GbVkM4UfxorHaK8AXzlZvaAq2onHXZ6YDOOe5InDJicuDB2JMgnmHkcqq6a2zzDgnHyKe8wBe9cQFWvJkDz6fPymjP7nrAs/5ZRPRd/1hptCamaGnWl0Vz3nEs/ON7J2BRXCiR/SF6FleMcBIRvR0dcljGkbC8qTtwqQR1zYgbcnS/5tfg5xBROagqi+4NrjvNE7VBbXr1xWO0oROqUaRGaE+HCQtShs1IGm+p3xalJ0zmENxujqCIU9UdY3fPz0iLCWqi7GJ3nu+tTWK6ArSXMye4y24hoO/+NXKIHrm+XnOc2bmnOwZ2SKpbhmCXrgQ5sEvXQNw6AZASuWWQibXHpaWJwKybO9CTxlPhbV6GITuV56XfKCv1sDYeztOPMGQmzMnpmWWlWZZok1EDagY7iqx4iIi48AUPYmYIJnZiDfTmJaOWREoMp82uzxsk3I0r4sXaRWE0UCj2vbuA0z1DCZPnOcEBH8vSuVypGWrWP1R7za/LHHe+9WDbojONTMaKhi+6c7nTFuhfOtmRDIhIQMpm1PHh2WeAjzx7A5pqQPB8Z6amla7eJ6/FrZeGpbw4swtyoAegucJYIlZiUHLOQAcNfgZsRQEZFACUL2diSEE0wyReR6gJcsQTM9FbPUWSj25vMgFDJU5p5kn46geB2DrrWpMq6bSV5ipez9PnidNSQlL2+Uq8ZCBKZBgy+enbY1L7X6zxshF4yhkEdDdkcK1XABQtuppI193odJw7D6eOPFwPPrCDkRpAM7FG2iUY74LnCVz0Vvql5Sp6jczk2cGkSJ4QYsGe6b6MkRzGiQbvf71kH41M6s+ixRRcdhkEeNM7JoIcy4V9xUfM7M+ZcBf5GiBOzMIymZgc6rG65iZeE5GTntE2t7EO+JsiK6emdA1x6wx3WLZuk6YkqHcytxJhzhQ278FK+PEQz0Q9RvAEoKNSAIAcR53NyrvM9ldokNFpNqHQWtkqVXbfT9BUK87kiFy2Jfa4Jo3ciSy0GZTNaH05HjBK+03cz0ZmK4bJ56fwzg6IwDP8zDi1p+egrw9krfLIxw1QJSTPmIYytej6xMDjUKF6UWeU/W5orCPNi3YM0pQXHiq3UFIrDzNwAIWKnp2bpcS8dLolpiLUncJgMfO76e7qwLaC6iVXE1OT8nYWQQqqpTx1IFV1TN5smemu8r7LMcmCi06i0FTYIkasVPl4UyQz/MD4N1Ioe/AyEEZhQiZ+rZYHRMzmESkRGwCHMakEaZNCgzdBP/UFQ8IwEe7vlSuQTY7ulkYFDjk9HSGaROfWyDk0WqJzFA7wgFqQ48Whs6MyB/g5KviIY/70yC8GUjjKEgM7p76RcAXlAfzuEdrtGb63Z0y/1csDfWo9ghhhBQtT54pa22VVfPEOQchrw5MmWE/O7yPyEg2cVLy8XCvaj6B/SiYsl82xWqdQiYjiDkR8lBVGxFhJo69QCJ7JKRmoz71sXeOLzlCPgcvmQO6+BFrul73c86TL8MDvP3BIvMigZnj4hOmNlSoaImw5zNP3LqiS33ux9XR9J/7J//97/9a1HV6SthfTwtGPGafsbu2GdDjEBs0N3eANMqgUioiugbB8osRwOFcxnfCptCi5gU7iXXunNd//+03dn6Qa/oRtEdVRNC+2KKBRIAt6cfbK46JVxjJZ2NIPuK0xhuyFwjeGZshODhY7zDGPeSSO2anC0tZnbKqUdD2ljEJlr31T1jeAC8xM0AmuvFdI9H9Y2jesK8qez1MHQKBAsbkAM21+GtE4b8spYV1GLHvRTxGmzsJXkx1wgbx/AC1/pqLYkR8H5Q//BI/t5JzjoPdY9Vgm7nZfVfa/HWyU5DKSBuCrvmkPeN2dc+MjbBUzEx3nBjw2MfcwKt+L7WEeaEToKUhaeL1WbttccP9fHQYNERtLZFTVYEp9AxOPh7UU5BfcLnJSsG+1fwequ3Pm4TUEv4tth/ZQncrYJGGxoCIfBTCZ/s1fQpvT1WUf1+0/q1WUuu3VF21f72asYivpcCvLfD21ZUqsZcB57uwBZAKptfS9H0jNOJrfpn8WyNChnfmucjbUZKudYm93dASKuhmTuuJk0IcxhaljyIedr6ykNn6ntOeeu/dmallQXoFd+/6GkKcmt1ho3e2eJ61MoPP5yM0X5Nevy+D457NZKZixckfyZDVj3Y3A8/zdM1rKCS50sw859HszYDdLEyKFu74Ejlvm/U8wF3RD8ZxSuV+rAe9FSrve9mJfETIOd3/OQF78nN1i84oxuv17nbqoLqRa3yzz8oDDC4v7K/np92i2xDDnlEz8id1vIJpP7c+AKp2GaOktW55+eYaUrsTgV3ijeDyGa0+ESyiC7vbaJoC5SMELYE8YXvrZHzqnnPevX/bua1TJEQulR9dirjxbrUR4dpF89qyC53m2meLIicgSQXQ3u8v06cF0yzadatOnF/ncGmJolwvlbj3z8lDG7Ccho+WpmxWjcO+QCOoZHWEC7qppu1zjlg8XSrLzBHGWu4qTwloc6We9nTW5ZOqr7tbkvY1u1D0Nq9y+Uq+cMOZOuc8T6oMbXMxXj5pZ+TZAYkKWp+uVWspp8xoJ3PXtPZbSFYP7IAbULvf3TqTDpXK4JQV+ctVt+vuhMOQDuc5h7CrJEgsM5oR2rsCIHbhoUrwl7V371Ue1u3uQd2Sv/D+dgCvsAvv6kvz+HYphWJmxGuOHKJ+x5LHEayqzzqhYaZbMMAbNqE1a5YmyK84doAKEkvJFDIdPrFN9oxE62asyyhjX+i7BcpA7XAw8eQG138UWr1MHHkKN0cgmsb5ueID7LJNFc8ZmVpLoH+7U1gpYmdxFgCDXjskz0aAIWYXCYpB9l75FwdiY37yyL/leZ7q2tpaXIhpGYjzMALTPO+766AJvPDEdIXzLTeJf0qXrJUcAuXALjtgqKpUCj7njExa6Cnb8ij3lY1sH6G/sxBN1BfpgziD9vC1ooj60l1y2IeuXs+u0yA1enmen7PKKn1BWO/iIZ+CSUZoueZoTdfr1Wva1yEw08zgTMBD8Te3Cqh6Hw625ukp09U10WdI8qWArEEpeiKyPUt0ArrXVFYdqunJkz/PT3e/roZfJmO57a8qfn3nag8tgKnSP1GU+0bI921ChlR6rqPQE2K779PIb6PhHMqXOx1LpRpi76AH7tQMaeZVUJl5G7F883n7iNjKBMvyy/ym6Saev378XwVefG31jufeK+vITxeAn/NDhmou/9J3B+ybf/3zY2/6vDBN2lkbCkUq41UybbwVP0ypzvHjm9P3xyl8zI4nf59VlcwkI/j4/a6RQvWeMZ1eIiB/Z7VLXYRpfDaJUgEQTHlzu3kMNAcwr1x1JhEL02IhbH01OgoC8L4i140QFhjeGyEG6+6QcHgUnRloWxyiZ8tU0+LzvNEDg5PnHYFwObaDb7stlCAzz3lUyQHqpN6p0gB4nmx0DGzHZzuaiAixWb+gxV5GpxfTZLW1RbmSbzeNmQht9Pno1zUKQFOdGEj2nYyorroSzAUj1NwpP34+Hw3msQlUd0LBj0AwlvIPaFg+ePdmiQWMXzrjLfYo6oZG8hqawgF1WdWCOx2j5D0NgtUfnpPMmXlrLHUxeRISylTVvW8wfPuvbcgRESF7GdU2gyrvC+GWKAAYsiznW/8oMqjVeiOV2oq2zb3LLcVwmOZlMn5VZWRNy9LEIPA29FwiAofVHcsrr92lJztKubWMTm77euoFOQwNUsaewFvi6tnWuu+qUI+IZHQNQ8agXJoyiK9y6IWtdbXep2FFsu2DRL1S3dX7ILFzQHzqznSbXuUtO5KPfy1ISJLvot0UWBiUh7DDrPZmhX407vQ5Z9rtgxghquz+8eEzrGPLpVFvSRAYpmNI7CuYtyb7dVv11YLajdSORVv/6KdxB7F6FUoHyn0Aznnk6PUWY+c5IkdWfQzWf39jV3eefLvvt/fBWB7yvhfV1Px1Vl8XkIgY9E5B8v0ue6QV+kAPVk1Niog85ivIoiJ5FDkGXdsa6z3aimpEXH6L61ioSjWntlbcrWHU7wcDmXHL5AMXGOER0kZFkB4gaVnwBu3e4229qdX3gx3MNPDiinx/1MxcsQ2EBkhJH84gLe75HmKSaid/RTCDpb2qR3gq7rJW1fX+Wq+w6m4kqup5Hs7gtQNRXAVnarbNfD+n/ollhvvn3lu3ATmC0jDku2rRGwEn4vu6dQIX7PWnfXXIb6DAPi+PJjercud56b3KOn7rE+Oz1qN9P7DuCutBst8UEakRoI+O3LHNy1KXgMzUmoDgw62yZGc3I/aAyI5SZjMiPvfDDJl2uqhA06YaC+5xSCpWh100GEGPf0rV4IrDZtLQKADWLysOkYqw8NHZ1iPWplvRXjnirYsyU5NzAH1FniZWIZcZIz6cnjwMOy8OJiMbzgzNnnHTp2LpnJPndHf+6z//0y57JJOfLoxYe09EQp56EXme+vRL+UJEHtsyiGtNKMl9xt63Hom3CpQJgIXS5wJ6At+gIoJhT5AqYogMpg4reupe/ToBeerNk1yB8KnhIBqF3WZZmGrZ3uJWaV04EXGCEQeHnBN6ra2J18wQUoyuKwgJ67N20ZTzNdXBBOllscLghOzvBhtVqIIj27XFHU7Mb30ryHiX1Onni2lC8/SjqSev0MkMm4ly1V66hMcmwkoyncz0XEQ1sZYftOBUjXSefEJMfC0bAEkV/VslQJ79lilxYsz403KLrmqNg99gB1KeOeeEu7GeiAzxesSpqY7Mv//+74nAELt3pYl3KBGQdWBX3dBqJmpDXXxLivrQpgxusqQp5rinmmDZJsc8Gh11YWNkqEgS0bDXMSMyGi3DU87YY5U457T3UA2ntdPADnESL9ZVJspzDPdTpYYSEvWb0oYkDtGK9S6FpXXhmS5Q/2F21/JsSFK+qHrCVyIM8NAlQtUHGLgwUIk/EZRvuLSYaDn8sm4pBomWJDfB7iJEwYZiPbcJVBqoqkJ97kUwn2BkdU91Zqqm15m8/YkkWr2fpp0U9GDz9FF8Q3nVc8wqJ2jyFALjjcSi+vl0pOKLwlFwVjmkCkX/UCKSbx5UFWXbS1giLdKx0pxyTPtyI2QQvBXKWZaQwuBuOyhgMk7d6zpiM1XNxQ5Np5qr89uG/JyjGNv7Rpbv4P2anYfnPAj++Xx4UhaTuubyh7337rGHDDFg+Tkhq9i1nqBM+gACJY9m40eK6Xo7gxm7SIPif3FnRWGjs8k83eCuYUye6TEgdQtyOyEJPHmaExDLJjAdpDStApKSp/oysl2+UYR6WqnfFo3TJYUmcpr2lSvaiAi0SuyrWKwqt7tpJNYFIJnnHPTIpV0s1H3yiDBv2kTIDK+aAAD+j+cHYvhqmG9G4/bzY35T1a26waMzhgXsgEagZmqaGed5ZlfYiTWkiuqJPPkEY7xzZa1HFNcaI+fQBZi+jURERNz66Itw3ChVFxld09UYT8dHQ9DlsYoPJSf96QrvmEGeFKPtWHMBFRXUHMtP4mUzgWb0IALnpHJKd0nb0ZhnN+VwIpnHqNY8zzPRPb3vSiS7A2BiAujuJ3cI2JL+EGDXFRqvk9zd1zavE6awpTlfwXs/YvhqvKV+9dUHKGTF5oj2tFXVpkCTOef4GBIMSgmhikpsRG3T1dqh7iaSUnbzBPNKqTl6KSiVlRh68XITXHttd1ZVH1VikVBeIzA9dS/GxZSVSwQRXJzXoLmgGS3HRkSmeJoSzjMIehRyq4QSvB3Lnk8AGFQTzGjIuxPDyXNIPCdlAPLyNIwMEEzeuutSIuaa+J5o+aqDmHkeKbRUL/ntV5dese6Fndch4cIwTF/S9M6pJEOm9yHqUCRmXlPRd5yp9sxKUDmaRnSP1+xKtDrzZIqJacTPZALKmKnrtsZaMVi4KIKo3sXgaq4ohtRoCcHYb1BypYbgGVImgXaXxJ0JaCPOV/Oacex5sDIjIkIqkxlgnucnyNt3NuZXlfhRjOip74uRDw+nuyTNmplHi80g5Pd5ziN8RyZ1Ybs5tzeKya611PkuMZPb+VEyArr9JjDsCFZPow8jgjo5yoBdrU5TDXSXBXav/anCz/QwDsDPR2p6rShnt4gjcBspUJiY9Y3V7LztHPjiNW99kIio7mpbWEhK1XbveQeHng2EeLuUNOq35KIVwwzr7GrZd1WPtPOKHup+STZY3YwxEzo4iDyPquuTMVMDBT1TNRmyNgxg7r3V9SrZ5fHdt8WxASh3cN36FZ+4dZwlBmGmb4nVrnAqB/YT5G4I0z+HWxvDJZo5KovNEF3TfbUEeCUmM6MdFSUbkLUa0IKEnjn5AoIIJCV3oVhrdOlowIXnPB5VUw1F63dghsFzHvE3Ix/AHaUf+7gAQwR6rNoEyGxCtqYLh7NG9nqIAJJquY5EFpg0WtXcPq60LHBmBnc6+UrPZPrMqQu+nsUtoE2AiTARusmbF74EOI0T8eQJIjPOySP5dVd3cSa4pR40fY+pZirEWdoL4MQh8C4zb7oUCcbzPH/qj1iQ+va7d8GLPadm2kSue691FVWylW/hqFiAppH5iG+g3iLU4M/MaBO8ckqfc4xlI2ZAmhU0VibyyhufgLOVe14hqgKL7shtfEieBZv0rvtqQC5Ap7RdZof03yH0ghqIiHtFrhLTLokYNqQtWpahpOX33jhZkIAtPTf18xNGbJu1lcWQ4gtzApl5tETdayckbjYy1z118slMer+d8YTCDNhD7E6jY7MB16JO2V686frzVgkwAvjz86PTlflw/bDOee53jOc/8wLfHNkYSP6XJ2XT4dAR3l0Rkna91rVwSgcovA5e8TK6nl0TiaqL7umK/8fVt25J0ty4AWRkz76uLe167Se3poKkfwDMavk7e3RZzXRXZUbwAgJgplV05AvAmEXtJSUvL8EdyjlnR3q+3UEyzwCjLYZe7zCzZ+xEdhVCBgxLtg+bAQ4izpFK/nl+9Lv0xcGRU7TsLgeQ+fDM3KqaK8zbs13inEcdSs/9WQf/mTrnmSAmIiFggf4YCIgFBQ4zoK2K5/xIEStpSVLqfzcXAKfvTGv7nZ+LN5LqCTZm0vZxQ8aJJKhdNTsqANa4zzR+VfXKeoNgmMs5I4s5ktIoy2dXZhJE5/LBaTOEmG7tEYw16YVR5befc5uT6WpZ9nG5Vp+YSESS1aWrp6osMtUezkwcT2fJ0XYUecePdTzu4rTyp6dFotdnkQY9I7RptWVApwJeEcn9jhyWBmt8vW2mjXf0kH+eH/mJzvsngCQjUrlYl+GdSeiLZ+bHa8yDZJcQVhWb011ab66ZJyZOnk/fAWARs0oU84EEY9EkJA+BxMORQ4zr7Jg8NpgSAKZzTo2HMHlS3bHMmmRZ8JMPB+p3JJzSG1yEcoBJYl7Bn+AM1FDmS4BCjSJCMDJ3MFa6BVJCiDKCGcREcrQoNDioeO0O06S0xSeZEfAOnhl5QXMURtWb63mqGtFQdjATk4hkfOoTsY4mdfn1LdeGuYDQP4ZWvGjYSLnRTJ+XSBF88qxxEFTJaNmhOI4zBXMWPf01aNPT3grEzAcjKNiSgrpGQfNJcO6tE0HRWbZ3e3OB/nmxhRkNvFrlhRZvCJXV9syXIZGZ3RO05nU7hnbBTwTS45UZAV6t/YszM/Nznq4+eTDI//Xf/w00ITkwBog8Zes2AdOdmQHzlXxlfu3Z6LKfTHcLxn1FMyoBya1bDMAhncbUPNgAhDtlkrFpywwaU7ew/nFYSEWMZgCR2SCplUqTYdrdwpAJgKtSmZn2YjoNcsvcxbHboJU17Vk6bJTiLyC+85MPONoP4zu+8Dr5kpi4HebuxXJA2cLZBQMtohOT1HNCC0/U+6innB6xAASKeYP1/t7XZh1g9z3nVLVtieJ71NTqiN2j0kEX6Vb9/fshkefQ2IK6ICOq4lyI79CjwN0z+Pn5sbWugO++4sJnHuEW1AjqyP/XbNnMDI+FOYAtLDSBX/nCdJ84mG6YSUTVLr+eLYDp0iC6q0IiN9qD+L1nfqEriUgAACAASURBVODhzgiqFkmuE1lsC6R22oEpYsqLu6s/KtNnRiz7J+StrGapn+f5CsV08LS55A1zkbo73f08j0zxek33ZMLrQhPQxLWXcaakU11BxvqMb+zuNHU9JdASQeneT+x2E7grxnQbbgN+nkfPZrYz0OLlacTRolofDBIRqYL1eX4QmMG99/mjtN2Co8M9jHiwFq8w8pzUFPT17lhk2IHsO00mpX8OEmwm3G/5/jIpubeT5cz0lPwoSbNQ1buMyXHhhKq57jk02849zb2dkeYNKta569vFmvMNzdj53/8Xvs8jA+UvyPJmeqzeUMOhbTjxPE/QFPiaO6vX0Zsi/QEtLFBYyBfrA5pqR8PkJhdJKy9xSTEzDEqtmbtJQv9T7rSAovRuEOyun+dHcuxaFsNbFNIEH0MzizqN/OsH32J07ykiom91d1cnDXDQBgLs0ew2wInMjNNocgimlrmN+SBiAShibzWu+Egy1PMDELL8pgmSGI11JM6QBYcSQfdyorG8qllgTm+tvOmHM5P4gh1teuPLwcRLWpm2uBveQvmrKQqxiiMiMFEl3ahDjWCOmJ3gwcOPcO3PkG3lNs86tFyhkmJjLenGnAurhXIMm2zjze/v5SLowLsfDxLSKiy+J4rrPf2tYFxOzkuL8EWa+5YaRITGqjuHGIuHvnsd3AlPX9lL7VX1c+i6XYqMKgnIaGn1p/UZ3t1Lz/Mozx7mq2B7P/asZzfXUDIZ6ls3B9nMSlHxeZ63ZBe1rbqFMGqjRsEVEvILPWi6NjPP83SP3mP3MC3gs1UskCc/XeB3grsfQPfCxZw/D+yq/96sc869t4x7EsDrtHrvtZ8ytNk0MJPnmba/6q2Pnvw5B9pFq4GrPn+cCOuc4CmFaXrd/fw8E6AAGrHsra/xh9PEJX753ZPgeG217ss5KUvG87j/eVYV9B7pFg90qws6RxhD+Y38RsTVbd0/2WZruqza4ZkRWP2k+2k1dx6x6tb3zTzUax3rF0XySsNT2VM9VqZaoifCvvSL9HILqRBUbHzqM4NHey/vDfK3+9x8y5VVoUk5cc6ITaOdK/aodeS595pbFwDmRN76EIizzJLzmsWPAaBxT6usNDvgT0b17e5b93n+Q28kn7O8e2dAPb2w8xC13ZJwXthO7CvBnJkMBtPVe1jsT8Sfn6e7pH3RUOFluLw5esSXVNgYD/l0yzQO1WTlTc3xNidkS/mXBpEyom6/ERsmZL0IIGA1pybdnGX15lrJ57vMAxCXQhWOosGraYvQzts/6msWzovMkMUKluc4a83V3bEe9EI0ZvWXHsAEbl9xG+GyDTA8MW95gy9B2L1MRFSrnJ6X1XdMGPJf1PHW02bsjpnBKGKM8CaSTigkBE4JvcUK/CNM2TG9bUHA90ZPo6osCt3ZPIBaq7QX5GJEHovXsWKFmVm1nF/QfJVw6wwgfv3LsXDloNYaR+DKToDoobjZo8BIHUuF0yDA8IC8wi0E4Z7RT1JQTYCCYIhhEFJ/4ss9d88CG70qYr/P39dNigraLgPwyF9vnETVR/R80dt90XZrFIjPvYjoz+eco5+jMhhrmPDWTt2vySjVXw93sNc9nifoFLV6NMCznMKcIEfMaFXd0hRbhal8J4T/PUtCIrXQVV2MnceFr3ofnmplR8jznNnJAVcFCAs0df4xY6WRv2xLP/dVC0kcaR4oI8KLuLEA+lsJv5BZdz8LSlZVnlSCxr/JZOPn5weaBQH3U9b9/2IfA1j+hXd79tqRibVaU+ec+WXZpDsbqRgogph7VQATINKKVkK1BBO/imRHXf+cINhEnHMwi8tkCiB71eczMzbguq/SyPFtXpLr2274fs14wXh8K+p+/6IP7WAfAMjhMugzUqWahn+uCnbM1hjKNyWiq9IkrXhpueqjY23u3rCsNqcHz/N87t/dQdrf0oEcA22LLs/MIPOAcuyEXEmfR0L5d66sd6EYwJ7qKYDvu9OrD1GfBn3rTnUPM37Wu3VmMsPbzzgxSMbt6lWHxNY3M+/4BHh3K67OLyK6JtZnjLuJTXetqhwhrYvSDxaOcWXhIrJm5tv8OvEttd+5fh+S5tEx3WDKRd5Z+K1YrNydGS+Q03vptv/t74ATEdY9tV++8nLV+kYQ58huejKf7obI726N/UNICN9TASPqAFeNQXJHGtq143O49gdYSFAf4mjp8WYlf9gdVCh6f/dMrE20d6bC8L3+ImZQ1W6g2PzVp8AX4hXj+WjJWHjEPwPqlnsxumvQjdZBw2pPgdUPLfkdPgavlGTP/i+bAS4Og+CwMfx8PipK4Orn+zfD3VZmqj2PY5MbCkdd/y4/B2CkYs+Iz73aNKYcfTYXvNpHSNcOiK2fJ88J4ujU084xIghLbRAL8BQDXH2Afu8XA9maEIAVsePlXvNqdrkrgmj4qLUC4LyeMS37xpPPZjSpUt+pWHe3F1lTfKx0mQ0LSPrdDA/sQMKJ63fQnkXnIw4gprNWYyYIAd0KL0PMVHNMFl+/lnNOvm43ZEQ8kXKdwQYf5ZQZRMZbU0l3goFID95ZvZU8du/AG2CDrHZd+jsj1HbKmXky770um//3//nve+90gw1EDw7P9BQKAclmAymeL8LDx+pqzoDVHV4zOBhMDW3WtKVbO6PoGftwU5IA+K57eiwyENTiA6DGtEHG8YSKOYP12YcO6MhPE9P1oZeqMb6xVY5ptgncI8VGSal44sxgwZUOmvy+52IcqxG9fgJ4GXA0766nGRLONMCqiTx9Belylvp6MvO11FBl1sqsfjuqAe6VRsxHeX2Go7uZhGkpjgIBZjwanGgNbFWdc3oDqudDI1ghpuZVrI8d7PmOjrhUmnMOZSxzP8TYz6dbllMLFs05h0i4pNORZE8bLre9SsNe27MMKUlpJiOT0dVHPsv5o6rRxdGY0yRpPyhYI7r7zh0ugBUvcaQbfc5DIOJ017HPdUNb4L2HVown1q2MB5xzzqc/G1lUanfmke8nOD0liooX+s1WtHZZnZmSgHJWkjYzQh+wU+HqqhXT5HnQ9gCRU8WYgjeASQXNYUZN9UykfSGwwLnewb0fiUJ6BsjhqD/gLih2WkKIyFF9dbN0aNtLTehdPZzuPpHymKeByUCEwjYZVR8k0zxooJERXS0wqnsa8/dfl8T7gWX0AYwc/SIDfBccQdnKd9mdni1fxI+ExlTLCBsDcLp/sYOTECgGvEFmXgN6/ios3KhIB0OM98dAFYBCR9uwK3qGIbtSWxZK4hMRw44M6TNq7qvfnIV3n+dH7O+RMGVYt3bkEPfeWVEDmXlSFDE1v5CX62sJFKMSBCP/s5CIWLNLiVGwpeEbGXpsVuuK7KQHva6CNbq85C8KQDAQiuUhn18I3VaTI3c4+RSGLXSq9JEjQvdFDokMfj6fTJ6MoO2mNMDDDhZdCyT37Q8w7KnS5Kw9tLPQgiqLC2Dk3OaY/yV6AcNOFFtRnfFmNgEfkjHWHRkQoT43T55zPq11nWf3OpFkCjTUnLuL0DoRJM+0BhWEV4n43LpFmAmytF2NpInIQ2jIQbGrksmhC6xbchHu7qkiJtRtT2Bo5fnGJlGXztojtHcO6SFrGNmkNbNmwJFtDiCAmmmYRas6lVhwSjm6t+MtzInvjI0TwYC2YqwenvowgGkHiPYuq56WagGYSbLrjpc9GDEX6NZjv/IgJZJ7izN5UjPYmE99fo+I8muzdtsb1J+qqbqrYGtAexeOOThTyj4RoUsXpkPe6gtyIFdfpPVPQcZ4kQYjTxw2OpiaZvYMeYSnKC9ExHSpp4pU7eFm75wzqLfiBB1+7XCF7zaVlQlCLvxcOXaXiKoN+WTlgiPVt1wy5vkZ4ByNmiLCq0LVojS6p6QAO/r6GnJnZp7CRGpMKm90WVWMpxw2UNNJAO0VtF2ZZsHn6UFVa7Q8NsT/FZbbgLIUVypMI7NH7XEXQE9c7MBTsn0PckcL3FkpdoCHKUyL++vuUGwVM9GirUsdJaCTz7xtmaW2o9gV1PDjO4fLzFmkZ1txynsa80beWfjJqYZyFtWwDXzCi0mec/RXUt5BWh1lgtuE9FhAME2pJu/9IDDDn58/ktiqgVfhG2RX3fq0thx12aReFbJ2DEB6bemJvxPHXZpK3dnIvDWScTSnMZ+6jXYRTvO4Ocx8KBfEe7tL+TeAWxdo5AKsgmlBWZYlc8RrwZe/dm/NSB6qaCeJulvhmlqyVEkXqkEjZsRNWwnIWxJLPKT89SyP2wSmyGcMfQ0zBnh+nupWJNfvPCcB7Tk41fLx8GXp7t2wCwDKC5p99i0MdlCXMwOLUthddzoZmY/KqjvmC+uwvhsInz8PBkR2dVcfHu2qiaRsvydigFKo5MQOKTCdcuwmw/tdHM+FDc3MeQQBRBC3/p6MzBPeXRxnbZQK85zUBESw7DmPWagmZs4L2bzzGNq3s5fBijJp0j9ZBMlk6LB5pK5v5RGpFD9r+4O+9wNGnpyezFSs6KnuorRNc19KgcRSijPV6HUGUGEj/StGvDyXgYArvSAyCLL6wxfRBnopIPqs0wumMDW5DwYaecLViygIokUzZyBraDWQvuYmhGnYNjPgWTAJJsro4YoX3DaTkbdezuBvfWhUY/Ikw+AOA5/6SMR/nh9VLi+UY5Zoy5yEJ46coVQPisMrt9fznIgg5XERGGuvpX6gOE88I9sBrSrb/fb6dTbcWRFSQxYxre0GlqnZsmMwsijqcLJpUQeAxjAZJ4jpQoMYTV6YRpTAaSQT04pvVXWnbhcNlySpAjJu31ulZ6gw0p7y8pwcMCLq3l6TWxV141q6XweJ0G7Zk+K295QGLkivcBtALHhpu8mXKKbJA6UxGptJzoljq1h7bdlFDUD1rap5rcS3l3xRiLcdFvR8zo+mD8YzBmhGZlWL0LMMrZnSHk6RVem3gDqmDQAwjcB9U3MaOhseIEB8YRlbSUwsBEMzmJRaYabXbAdVH9Jl/8xIVuKGQ2QmLu9HM8Vx7uaOV/1BXlRkMSW1xS1ibbe2/Jw8yUwmQU1vMAo9EZETr2zBPzkz0qoOsfh7g55+Sze1w7gjVQYrp9gtaqbjJKYx3TDHQu33nWvmvZVbpk3c+sQ7rlOh3ka9u3uCt6/6pRO59ddot4Qu6cmfiNRS3LFncmu+qIaup1VBqWZeLE6FzRkf8BAlVO2yrpqagvPzM0afPC3QwxHdVr75TocR+HqJE+uPdMsmjSaszPQqUX69vp0DUdIxve6493rXicusTvodkQxEN+wE4JLgS6FwidOVmhdO0EuneM6596PfrkLd0Mc5EWdnojqkczJoJC2qZnFt6ZwiRPFMzQ9k9S51otoZ4Qoa8BQAkbAXXpSEvVKiNFjnek523Wvb6hMIKUJkky3xqBDOfxuAeRoRb88+dYmvLaqKqIW5IR3UdBOQ4sGuG9sfzUDuIwCu9pM5q+JkPic5QcTJ5+f5sZRE+Zyh+iHz2OMB+XN+5BCjhfbqcZzrZ85JNUcimvjz45eaRN2GXwsjsvpDO5CTzG/lAZqEYT1o9GAQtz7nOdr3oBwEDww0Xk/KpqLluDWNFjfdQPXSKWrm9oc8PWCi0cZMdf6lmn0nj0BEaN/nzp+0ZSHzxCjV6QUNPvcvLK17ZkbTBaq5115Pff3dHaKC4ed5qDnHzGudxN0pAGb3NOQ0A/GgM7L7EmMtCAAZCeyH9Eq0kR9PkhEIpQipAgDGOdqkkXnkTtE1K0aM5zkzk//5X//Uh2klrbClhMT1nlZVz/Stfs8kvi/SysfqkrE4yYHt1wuqC3ubjXEjxlxejC8G1oTu5BPvHgwikue4KI8IV59b52kjaMMM06nCzM/zfGE2xKyG4MQ5mXKRU3kW9lPG6071NpD6XvuZW7981QwKdfqm5NpnV7Uq++5lVOX5No2rMv7VnFivQFB6t15/Jz9dvGEOJKdxzhEDgkv8zDyEHVWwY49zfu4tcaagS979+Xz0Q80NsP29RgshEbfeJAMnn6qiwha+zBeXg0YVrJe3KcJOtDSTx5Ipeg2/vLQgAOBTDfJk6uIpZkC6LK3oITUPVBG5Chs76QtGiGW60QSXSe/bkJDQyUbJUj7vgho9QoDwghrgjqk3BgUytZcG6BWcKMbghNqy7z4SLsNaA0Ar5ph3Kp+jJ5Pm7ABgV+fzM989e5TQ2FHGhSMaUMO/oLnQDH2Kun2FpORr70J6PrmuykJIuyzhNkc+Ra6Uh9XzfgbsNPWR4GAbiZ7SNrn3Twq/E71iyoIMAgSrBLcgzL36zlp0BsJU8ZpdMqkzJiO12PpDBT0AfofzAghq/2uqItF53qgbvTqJN9oogekVajikZlVQ9dgVXdodtqvwPRxfzqBucQZ11yTvMgwEwHzhmVkzxF9Z3x/DnrnA8kHBYKF0dWwNx1hUK+/noxlpVckUi+rAKSFLVUlGfeaVRv4mZwX1wdQUaUb1Dta3A6GsOd63PzMlzcHYT/BtUDUwJ12bAqNMEKvXiU1g+u2+IAhwBHY4lNkGkWbKwSQIZ1bEyFhDZ36G2H0JIgwSijCv0A3KiREzdloiee86UnnkOXZbpdfhOsJrfAWzKjx6fDuZNrK/LxIANCg12ZZ57wezdpwebAjVXXGWn7CSkhinhvm0FYYkR81e4Ot7qO0gqtH3GFvS/eZch1a9OHm/tlfkTZepAGLwzW6VeM3i8D3bX9bSClNwpyllwOa5GTvubCjAxl5z+nQLIKcUBAO2hIHHwyTPk4QeF0mec06eUFdNPuePSswIPs+PjjTJyDPooKxUvXPF/yuUC/Kcn7GCmCdj2Uac1h4UzoxcmJMZ/k5Wp+qnXeNbOtl6Uxxypm/Vmu6oRyTcyKVnnuhzTjCmWlH839kuhgdBKmJoZChPsL7d3YLD9DzDyjM/6sz8fP4SCJ+9IXnry9V6k9E5Z/s63vtRzeuTA3ZrH4DrKM146PiPiHjyfP7+3SsvM9DKl/oUe7uUdlvXEwrgI9HvqpeqWse0qn6eZ6R7XltpAIrDu4hIubjFkcG67qp+2LxjT6Tc0Ro3vOo86G5yd4oIXZN0d0EKyOrNEcNK0JF9jZinv3/dO6FXi/K+TV9zZryAYLfe+MxcRbe1+9U8Vhm5br0amnhz3GaZiKi6994dGeaMl4opAJXHt5yZc5Qr6/cVjsznecYpZkR/0yHZMSG+0U2hMbWPSsk6GWJmNJKfz8fvXXMyBQGOKT1ghLhvqpNVl1zIE/HdzNE3Qu/Op9SJQH4+6xtO7rY2xXLXxZ4VjQ/DJs7ZamT9r/ilinutbhk8Zd1PdYOQxVlEtplF9pB09KM3iosBPTPvLjGY5mwP96BO4KIy8G7zBbzmef4IUpRTaN/Sq6lu4RSlWRSorKmZmgJ7T6HfzdgQ7UeCLXGQVZZnnOrG9HQ/P8Yiz/PcWzPa5Ix7r6SKn8+H7DzhJUctDGAyQq6gMjE7kSLGC+W9tzD95+dP+Pp/m5FPfUJT3+UkarTwVj706IPu7wz6Nfl68AgXSMFhv1Ku/632hNCasKhdG4YFPWkIdbSLNlasFqEBlg7DW8BQL1mKoohoKH04jGTmuKdwPUzOOfn2BTKkS6+0SayQISO0XghAgJlPrdrmrRykGJt/I/1Y4aR4xR0AYLlSYX+kdrXg8ybdjI6gVfvnHPEibt1YBv1CZMw863btbq1uLbd39myPTFN13qsbkF9xZZzMM6Olo9+GTh6nmD7Po6s9i3qPOl+9waD0t7DyNXK9B/TEFKDwflzyfj50lKKcAb2llVB1xIWQFhnRb2/Ft17Y3UDeJq7uTpneet8h9N27Wz7sdiVUuvSgThSo+dY8IMIdog7AVWnNgPYtZdIn0Oece7jpeNh68hGh+vBYne9ArdPeqxu2/wHcf/6qwb56DqiaAkj7SI/lfS30hru4YiyNUsQGEFh7N+tvNiYKqDcO6vcx5LvvZLYjs33CLZNKMhPdKVBv5tGwSnG1K8hj6yF29885BuuBrVvmnAMRWwfkrklffu6LwzznqRLK1qSx8rcecE7/nRrI7n7ymfXBl5TJLgUYBKfaZjMqHtYlUu+xFvYBZCNkz4A3MJ7zDKa6tabybj0jqo3eYWbiO0LDxpzfqmJPakeYwszPeepe/qIMO3mP6hYo1xgb2R5wU1t/FTwSz7r/1ZN5HVzfej4j4njtio8NyaVaKieL3GKN7FsErjJgq5EvD/qrE9ps+z3PAN5eXghmV6nvbPnF2NWPM/3alCXFw3CCGCFIgGBNjQo0hty2SH/E+m9d4V9dz/e53fsRVVRaFhF2xxqLb1GqnC6/e/HnFM+f5zGf7N/qLPVu+i5vfqEzoLqPe7HVpgrLLT4lvVVIwy/7CtF0wuY9PpyvVSP0u7o79mooYmAfux798zz4te7ufS+zO5BIEyFfSBJryhRE1XVRJr1X5AxuffR8VHUnqI1HY7u82fLGpg6CIyQQ31r9m1D2SRrdkp6sZdMcfIdk7zEbc1ixcApm+DyP+g672tb1fj7yN7ast7XzuSGJYL+xd11PXlq26n/tY7c4CqD42d/eZIsecLxzVAUuQMrStqpeltKJh7YNvfguq5vGu77Fd/neOk6pY5xNvOeXVeBu2lK64OGqNoU5KzKcDDGTIr4K7zfOa2poTk+c9/yssmTec6UF4ypLqBL0P//rH4rFonrVlJ5UY4JHMmpTHT2h8ea3ILsuppG8fV9r0Z7RXvJAYGfRttCZhtaYGJaOvi0MpmDZvSM3bcvq97JV4FRNd419/6HiHlomCIEUiuaiV9/qmYlj4GZmIP59dcumkyGvyT30OmcDDGxpQUCggIZCoqtcEYu8zIA5nMhEBDRGFZ8aaOD2lTEpvBmS//pcMAD2gGGVkO7yrDTbpUPPyQMDbXPvR0RBmDfH4E6a/IyFsx/5MwAKYanOzExkJ7M6GYS4EpQ5tfooMogkY3q62qV5AMDJH5gxXeIvpGdFOYPSwHNBZg2W2y7GgHcg18ycPOIjchu/2zJHU40iJ8A6dliGCALk3JbyEMCcTOWNQqkpjUgVZIGQi0VmMljGRsPpUyMrTyNbyGGEPR3oz883EXY3wW5kHhIvoZMTsvvPUMLGRvkwFaKEeMat7ump/nme8/Po9n66AqrpZQUN30Ryts/otl2+TL1q5lYFA68FithS0IqLmq6697VNd1Fi+T8bHcDM1atzOhn8/PkjROLwWCeu3t4jGQp8XwZKqmlRZCYhzlbmT2jFIoMhalVUd2Tk8Z5bSW4H1P76tnCKQwQP0C8P8eTzopkxsucVE40isQmK2KCixmy2aNvf9Sq8xnEMAOP0SqT6CrWUGBywDFxDKbt1uZiAGYdCqXQ2xFaolyeFFwdpJPtedXWbRONtojScGxS1sma7d8Wx6m5oazQ+n08TMQTDrtC3AghGRoqO42FV6Oeg5reJ1rQFY4N1ps51TNJvPM8TMLQJiCw5duGPIFFToFjvEQRsTR7U5Azsga6bfFCMIzLnBZgxA/RchkYyIbPBOBEBU80NN8vOy+VvRHZLcKoXxQFfL3sdFTWHKmXaPVc3qTlnZIrO//fv9TEYYqbLh2n0dVRJq3HtVlsbEaUzqTKOg5Tpeev2KcNq9JJMMqon86Q7U3Dwo+UN2liGsYuCPgZR1bHbKcjUqc1DUR3l3Qx+eT5WtIiZ7l8dM2izHntFci6Cz/NE6BtN2e1QZKvpKp32NrqVml950v6yYzgi5tvwQCFvSZnvGM/Vq/dbqF7P58/pqWl2TZhqvS1Ze/Vidd/PhRUG5iDM4Jyfz+fWyGKrppE20nHLN4OqCi3eUyJWK8JBxgASvTqh4QXX8lN3bFLRd+xsq4gUeK01T+QBWoOGd2sIAaBvV08R+YhI0Z9UAh53p90d5wFDBmUINsHMfn3YERHZqirWt2fZ5dZ1vXi91hWcOGoG6CDooPEbeZ81V/F/aJVVLXRSETN3UaTihkgkGm5V1bH3uQ3fYBEhscA9GoRcgFqqYbwahb3FIlYPdIwBjPwKaBX7vJNIofFaOCI6AIkAtgrqt4V4nj8AFWfEMjOFwsZlUFGp+UVG9Fx5hmaeqamumY4nhvzUDTIyf87pKkjXa5spgHHrmvIABPOcR2BiIDU3o7xTutbG0HrNn5+ftk3B5Mk82d1XW5EGoUHsYhgMyuucQPWn6nqaRp48WLlkHD75TE+eqLrOd4GIqaueTS/Xm4Q8xmIO7aS0LB/KtP1XM6a9663GY7TeRkbW+Qw6Ie2D1DMNyJRypqfq7oJWHYByPUqCAUaec2WpFzx5qpYCXxMMhAMsdzA/m1+7e+oKS/2UYeGuCuU7SLDMQdgEg1qMRdo91gsPNDNYOyDlsoXJ5FQ5DcsrsQnRPg8kNRTXVhubqWpCHZIudY+3eQvnWLhEd+coMcQ7CUsAU6NNCfjJDC+fN0ri24w++XPEJVRRQxl+EmWMlRFWMCgDDLuHVhnOpysye14z1vC4FxGye4JurmJOpNoW32iVtmZJCx/qmozsNUqa6ZBB9jAib6NdtnFm7YnXghlgQpIAKaePmYlch5yviyC7W9CkiHPaRxUi2a2MVbLeAbQItKoU6qsb1kJ8QWfdtiaARBO0LbUK1g1Zo58ZmeoNq2cop5TZ+YmIMu3RF6k20oNxUeWnIiKQM7Svsdij+h2+kjPTgZhu1TAeOahIxIYcicMiRD63Ose5fgT965CKmq1ZOADvQYk450clspYPL7EgSEoyAf/D9/8Y0YPqWm93SQ1Dy5okXBJrQg+3+kaSkBoA9366i2vVJWCsraYedNetI69to6YKDBEJW8xt26zzkJlxHtUZLc4fGIyJqQX0Z3DO493vHCY+dZ/nKA6cOJq5z4DmXHtzWKE169Ah7Z57S5Wj4pivpbT4PEFn//outZ7koWF0cC37IKZ5mUh3P39VMSsq99KNkxmZeqcUv0EQv1ZTZuDfnDGSo9Xqycia27DzGU0cmgAAIABJREFUl+vCVg8QV8vPKHCFLecptUTcOSqs3phfzH0ZGYi3Z57ojlf5/hmPYFFVfYtgq5kbdPfzI+hqVekDaHGgUPKe7g7ieR5/Fi3vjKyprktAtmQ6ORKtBSg1YTB7SvWGKp6tn1v/Jdzm0l2mEpvY5YNC12ghlpt3mDEMgFqGpLuphR8t6lRkD+IESK1DUK2CmkCcSITMb+IlC87MratSeQbJ+HmelVlOrDWzUdoxKN8YhgUNYbDMIBJFh5LdDjwjqfF30D0SqU6MRDTynKpPoVda6rbRdZe4R7Ndgz6cufAj/UyQNfY+kyG8fl1qK2xr0esZuFmINb1QKMGAoLRl3FJHv6VntKtBrznddhri727tkskMgp9PZ5zjYV1X1QRAvhSWE48aK2megMiMez+xtVCVyYgRoYr9rOn3DOTp71mNuG1f8N3zhvefLS5SG4Oc1pHD0fIkSY1nutpWPPrH0i+jSTsekyOJk3lYRRcxXtoUZwVMGg65xt7b3DuV2T7LCk4izkohudi86h+Spsr7OyqqCP/0ajf0CHgapRU59XhQIVB2YPxWCx1ZcwcNzbZlvlJX+oPMEwIQhs/z49Y7BdCp0lFJfGYwrXMfmUfYjoSnOnV3eua1yCN0grt6OlMHhJ/P363C9H5Lz7zQ1W3/hJnpNaca8wW7VIp4ii9Vk250y+uRkS9fciewwQhOoz2faw74KPcZD+zuqurtht611ZGp74JtV/fTAco1qm0wffJ4hEkMzMU59mxhV6dWf+TBDMSz8CcWwik8ygwVN+Byt0IFT0Rq70jE0ZQrIqTrlbh4dSR4M5dwopnJfAZz7zXmVpMyqZ8xX//2/VT+45//w3+JVP9Ea9E5kDOmveb36rrC8P3JvF68PK3rTo95VRX2yELhdLsw1aWC/XmDaEb0TH2uarHP56NwwxCH9EuCNpn81+REMFcJhoXXx3NnLxmHEdqXq8Lp9hVenLvrabrni+2Cu4lox189M1wKvzhl8AuL+7k8J/Pc+25pH0EcJj6Qcu4SL1X0tJMpikGsp8e772FmqmwVEprY7O6BN8i94WP8+QrgOY+EtyT3J3iM/DLRXLet99w5Rzmmzb73lxJzFtt0ceddaqUWcbBnotpjTcki8/P5yC5JoIDdXV8hwlo9aPN791T5gHr4tEu6uAk7drMu0NdSknOeBz3i2wFiAeCR6YEGRe0i9f38GoEoZNvVzp4/MwvC0jff1Jg3taiHeXgwwHreBTafLligUookl4HyDskVFjNCgOvfurWJeWb6Xu4kw712BHePRK4liH5yRHgpdAZWucL1uVO+ly5n/yfNVxaG3vmzfpYOEBxrJ700spwA9tiosMOUcG2oXQ+GqiuzMASJhheWbtHw/RhVY51NP89j5N1VULzK3fES7H4zP747Tih5rgeO1q7FZurlx4kttS9Y/y/sgZabSlWRE0zA7GZuEaDPKXatPsyINbZqDJLDLc7GVbXYNLGwrESpuQaa/rgzs/Xme+bfd0G6CYkUzu3tCw7O2uxqxNDr7ndY+BqU8YVp1JIg+JxT+zBXLYQ3+kU8OjjnZHXJMt5bQMS7gXRyvUNeP0hviUzL0qXA0NXgCWr0CEKLBFUE2cUvuofJLYshHwCAmBhbFrw9sM+2MGTMCLTKzIwU/U1QqcDivdbA8sWwh0ODp00iCaCn3rikQkpnsh0fxHPUeDlcnGSs1bw8IvO1x6lPm19Ce1NuxUOSf//+S8WHpguawr0XUJ9Zj3vmvg3e3mvfAnIn/WZo6r6nB//TU6tGVwwhr4wm21FFZ+ANjP0ya4jDbOHmy4fTQSXjZIpm+m8KDx9qvMno/fP3lvO7WvE4yvX2Yd4NQJ/7UXLv6mVUhZo4ZcbM2M//YqPmiUw1xkZSGzadJpSzu+WZ0G9s1HMQmP5GP/TkORlmg3a3n08YlxxZk+nMm0tSmSftZUyGFCFx78W7D+k5vu/oPAmgxgRyh3RyaAug+LXpROzF3mGqj3dPZrb29JD3Uz3VYz7+G/PHw435xofeJY0ZDoZj9g3JqquuBqHdsDXVd7lyapWNZfkm4o1XftbL+p9flBmdz6qCLfvDZ6m/uy7eWC+WU5rcYJwxbLfiKgigDRUzxfEX7vf5/NW9UHyWn/XrvGydhAxzG0HmSSY1l3rOufcqt971oM/nx3lqIJ8HrD+slBBQsaBN6b4A2MQUPS3TAF3Nt3wSZcGkBPJ+Pgq/HmYPM7OkylqG78zqOgkSGUc6NlUSQmxkHSNyhuJ/mCkcsO92i+/aJh3zXV+jHsAzoEjFKwX5wUSkZnPEBFCNGZx4IsTYGrE+b1dm/pyf8mKGL4Msd6uNDjhXRuOjHRQ6/O2E4VJMoenJhyTClGN9kjffgcwUQ0Ifxufu/WndzZM///HnrYKMQmrz88su3MFYRIxck+pN1lxLvUkJbYGhd8XMsh2xHUKvZrdfRZ0VJ8t5RL8xRFdelqcNRMTVSr3pYD7pAfCo85ZoUX+XtiXjcFDdHUdto8n7f+uj+lBAzMAWpV4dqUpVxQXECRjXKkB9rh5+VZlsEdqCO3///ksRYEtclYViIxLSyW/KUIjwSHP8XwGc5Ug+z6O8L3SgPc7WOBPKcRGh+ehMn7M2s8o8QzvBYuZbJiAYjwwYgYh8ntx3fbqbwwhvRVoEffb69gIseiGKYzgy5BIpSbiPI0ymzueYADTC0AU3WmBXelnhtRYOVO3NLlfyj1g+IDn3c+PbvQoIbBAYVpV64dbWHP2V2UQML9JY1akahNI5wQKRK5VcAdbyi9/rsHdBDPfIeFREk9oUOyK6vcvMAlS/pm4Br2xVs4r6aLrw5IO3mLCfvjvTX/VM9lsYzwxAe0yL4eTP5oNLpK7C100LjZ5fq6dCYPObusZBwHMyy+YWKPSntlJHg7c3MliJtSsPSftWijSqcx87BKLu3Sr140ufNw3CF0QE1Suj/oEdbp39Sw4Nqh4V0MrQXs+8kTaWaS7IImVS7/2UmOnqeR4x+YIxkYx4fdJHy5CXkamqqaFSfIarGOAqC9c1SN9xImSJh5DxqQGhd1I7QZ+xe+9GBmXq/Hw+s+9GY5JIomcDBmZwryMqwE9dnfS2R1CfczIOpgdzIquuZhjdrW1/bayDVSXrEzJmkMtinsHt+1bC2DKHZCjgtA4Mqvr+LTJqtG9SZkSy1FP5O0HqDISFrl+IDI26bZ7eiitJhmzbgqrK1OKRXDxNd1yt0Ht7REaW8bpxlVUSyF3D46w8R5bCsbXuS8PXBX8xIqE6+u0vW39anah/5gYHrzaRvbC+HbcGem+irxIZQa1Md7jIBFu/5VZHegz1fjvfNeCql1wfkZlRNKY8LeIAnNmjO94FopdCRksR6KEMpfVfEbpGsI9HSGHwVEkN6yc5091ydXZNK3m07D1nZqSQQBRaw+HXjO5N8bo1PSIZeLSgCPNLbWP7aG7xjNnR/Oqr5tX/Bd/6571N1mPt5yQ58Nrn94foe2lK+ob3t+MQafuthQBEHow4r3wlr1x1++vLNChTLT22zHcHz+87lfbOnqp647/+Z73lbgtTevNU9w1Kh69yNvsXJhC2Yrbq2ka7EbsMw3MIF5MqaHenI5eY5d8OCNmdjV8CdoSFql97+OzXBLxxQSHRaz90f4W5zeJI5b1c8SZpHS23jSJ9bi8cjBdjiVW/7TPERma8V+y9Uy8Rtro5fHeEjC3dZoSfAOMdbO++lrXR02yjdSTKlalQ8R1avL99ezfVOyPVvtxZFIXulvSkZ1f5j3/+zxe8aHHBFowi5vdX2qMzJvWHOSyp2ZPqRzC16ovcN6Kn63YJbVd1BWXB+tWV+82GiEwxg6ByLfgNlFr0CkmYnyqvsEimim5l39ulPkxWFbb+9JULDc3O82iCGrmDzFz3W3B6tDxqAm03LkcRknIrHoCr/ZSD2xM5wUZP7x7zLnnGCbCLjZpcADQjpzFd054wJilzLj3QQWec10u9UVr8oNpP1nM6yjMzpY89d2qs5ypgkjk9keJbtU1uQcT4Ba7GSvGyu4KY6ZPRdV/buBlTJxwclNiCij5dN4hPTeRZtwzAlhSuZ1ui/mFXY/Ccp/tW3el+zgPGTHXfQYtxA07LXQFIf/OYmSejPp+wn0/R3QWma3UDbM39ZrwKZxkWqip6d9bNjNjfvorqQHoFHwKQGHKmwyCoAsIl5GDkvz8zydRilgj5p+M8595bdc9JhrSKI+VKGBEfRobZaB0JbC8RJNi04fv60jgX2hbMaaxrpkX303cdQIwkWMXWu8MVO1DvFV0AQF2p27rqejWif7LnSUIMT2aK15NPMLqvWx0E5HkaBCaQ91MthDSW51w9w3PkCIVtWoKyC1+kkj0nslH3flTm6MZTtvha2gPHMJe0Ltwpyqpp9v4zxluF0OkRqHoghxEMCqwUL9IgBX39Y7e/KP/JXmzYo1ARfOS50UMg8ljTuSg/W1408hp+TfHImOoLKCnGjH1FRVIwM+VtjmY0V9AAVdVgRAykPIOCrmopNyT8ilLNxygVi9CKGrw/GYqrIpnV5pHtLsJZnOSrLRuAMY2+dT99axqBE/nz8wP534WY4N1VsIuF9GIREBHD63As+jOhg2nw48UpCLWO6KnKiE/dmQnEn+cPKZNfdPenq6YfeRb3ZJ6TWfcGMvXH9ABXmvbaF8xyt4kOSlZRzACZPD0ysTkxobM9tfLq9g6eu2Mz2r1BhIQYOQOIXdPNPOLSn/MATCbQVTdJ2KgEmsgrOmUQCnvytlrpwg7M9FM10NIn6e5Co6rm10AtE5oCq6IQxqxDfrXPM4xuH50o+oy+Q4YEOatkYpDR2NEs1rYixHCfyBhtGZWA6bbMi4BhxpvQVbqpNBZAZjm2jWcYwSZuVdhcEj+7cpbLkts7JhuWnME5Z8SMnkjaYU91Z3c9z6PWiwKRS9yNCFLnx+nKwzNuqRRUoROPJjVkTDMRTFTf4JnG7Xt2FeTzPLJb2WpMpMRwf7i6KADBk4jb0wNb8Un1hczz6PPvqY0e1O2aynP05TOzbwlHVxMgi6RtdbawdssyJsYOJf7rNYoBMOsOdc4ReeXJY9LDxoomB6xuWcLOIHWVKFZmqDLodpEQYEbSM/LVoHFH8yKkIdLqcgFmAcrmdQc883LMv689EF1q2qe6z3MyeaciWN3yEyCjaxgpwDQzwQlEfa7xVjnnvKtTFuyrmchk5HO0iytIdun9iiqnqKjG0nG6SluwKMde57JBV//584iHqKULXPrLrb/KyCVFBRnaJMwB8Zw/UAgYtzoK6QIXNJXuuTRiIj6aJ7Vy36i6BH6eP8l88ukeP5mkOOpOmT0WfuhfNUKLVA1PUhuULCAPUxQiUltksECerFTwdvZyzsTAFUJ+7kejlDE/XSalSn/oQkTGTK4TdFAHtU9m7txX/0NmyugMomaLDJ3How8ORyhMWKoMuU1+cZ9+WxMNtATbgScSDqBUE/ScM6juun2f51h8U33yDFW3xDmnGs/Pj2UTTDXt0ryqBhbpT8WwPH9h5qcEK4NuDro79AqDg5d7V/WpEXvdBEJ39doEbln6MPIAEUyCh9EEurpUwKstZxoQBDkkbknJRBICnhiZ52GAQe022M7FGDBURiKCU/ej7XFhto8RTS5gUehU/wAwscRZisV3701awq/qwvhFWeupxDgtKypVgCWOsoXV7K4R0jYljq1n2DOcXkZkGKL13pEZ2lIDM1Owb8YTR/iEDm9VT++qj29vf7q10wUB7e5CwBwjM8SdfzmBvpWZdy6TplrI3VSLnUXSl3k1CAR6QGgqPJzwhiOmSU6aNmV31/KDBENB9qrdEXm8iVQAEEWZd+EnBfCOJyJ4pwbDyFsFi/4IeGdbxsnMW5/neeR2HYhkdkEat1XLhAE7GToHxJyL3UsPEfsC6j9nhxal4spVTpzzMNBdUhl+6msVrecMrE/peKCOgWQzAaI55T+gvjgyRDRWVI6XldmTjIGYeQLOJiJ4gsk1f5sF6/TWUlD2EZ5lH0Cc82TwZJphaLeGowtxzk9ETEmLOZ+67++KiPMcTBFzq/KInWozvUHNSHsTYaKA1rMNARnQnUhK0+z9utfTjAwylIuqKzJt7Q2rIqbGlJEIkPX5G8nMR/Tc6abyLGe6f/78xyKJoaFCz51pDUrz5ASf76ZQjNIYte1v8hy3J4KRudD5oKYyT9jz3YN22pjB5Z6iJHdQIVVW1VU4J1nQVptAJCM49Zzc5RbU8xk/c/QtLTzIzCU2BxX5wW68O2A1XE8Pm5lxbBveIngNOKuw9wg8GOs0w6pm/JsXX2zfmswBqu402eRok4pScNy5EkoCQEhapGm9WL9CsfOcR9XU2JYNi0SrjLWPYl/hOkljsjs8sCWXdvZI+VFYYsOY2KRJZTMolTqpUGm3SVWYowzrhOw6Ws/E+OxUV4liO2BNjWa6t1f15fH5yyNOlaRd9J7U5HhZ0sgtQ4Ntaq4wmjwJ8iUpPDsju0fbOBTrerVBwrm7vzvh9z/kRIAx3Z/PpxvdXTM1ZbJMT54E3gVjyidD8pxz50qLAVFmI7C6KKU9uTgAHEnUpjWvDR7hS4YU5cfVPY10LUq1AzQ+v9xEJaYMzVqJrw2RT9BLFRrvB+b7j3O7/thx30fCI/nvcFfIgD67wE3tYBgw88QWJ4BfkuqEQslSBtqYRcIDyMQqXQbjHBrk8kR3sBaDfs52ZCNwVQcEE1waWb5jgO4OLXvQ1HD3Ko7wezglnXO6r2sRpLbRdBuaGydBDSCiacHR7OL3Ge/x1mDgeHyssGas1UwOe+5lCGdLwyRCVgDkca1k2/DkCKbAFr2gnEUAyGczTkILsXaGFHvsW/REwk/Y7wLnPF6QAE2q0Ea5170j7Fuz9myQQpHBc7LujQ1imSczXstx0otewia9DcxzHpD5n//1jxn7NymkYtn93Amh6E47tHQbrjRwu6cLGTNzTI03B/ylFVLZRuENWKJBfZO23v9SDBSm9Y/4XIrIM8LhZYNhlHT9+wRgfsatl0em8ukWI8bMZUvz7CCmv+m5JRDrdtoLPC0NmgCSKnpSjXCvKNLjMhVkc7tLrI35NW5StG1Pp/tFGtU8B9UAc8RiMJ0/634ys+trrb7Rl6Qupx/fe+UUYfbwe9GZfJ+1/BNShdtjusVgd5wiUq6I3GHpfn49N+5UacF6/8XfzAVGZmbXBdA92rLwxl/bpyD2sRhs8JHzfFVl3Ne/2IfBUyJy0FPP8+MZrxj0Rof0TpWXudYvseNufN9IJgytNnOlQDOcAGwhq+BTU4fR6+TH9QEc4Z+GkERSQspsl9QpWgefN2atn51teUb5TMzemdFcdD/yyPcJ33Pu55ww1htrpKMM9bKu9oEvYJz5up1GhFxKg2svO8Pdjq6iXwWHLsVrJ/fOkEHqdr/0bV8EcvZ0UX0sgE1m061+e5ye5pX8637pQsmYWFi/G28IVN+hnCZ0JrsI1+A7gHnTqpT1ftcA079lv++8gxnlnZcF7UhT/nxqVD5dAZZika11nAUhHEiDEKWHTckA12R8hNSleBxO+fFGBuPHaiSWuqMXF4OkAreMUI6kP2rHeqZtKDQqCO7apPr5wFubVCWfc1rpHAD073Pv3/56oTrcOTS9ReRs9iJHFB4vHog/f/5wH+yLuKlddNaIN/OpgvBXjyO4rUmGfXiWv/HeU2mqUGH/GLO36nPf55bEVOEXj2NByXgLtem7ZApYkYMX09wZsxmUIJlxRuG/54UXVDS8N8sdl4uwnXOt5s/nTfM6eZW8f8IwrHc/tPrjX47qOgICN10sjrvZN59yiauS8sya45FmKD8/dsup3c67Njmmz0/84vCuMg9Az7JskLE+aPpd3VuvrTexrnZvDBSI73OyVlcAp3ulVIrKLp4yTkQIrekplb935ISjdQ2ueEltS5o3d7TZr7nnBdqtt/JwnV6dGR/pLbIztd/4lzERjdmJAl8bhDnTQVa/hQB+8hlxfDJ0XLbPJ2aqKs+ZqtL8leQwMhot03EOtHUGBv4IILfIIRnUwq7SQRHt5ZwzvxidvqS3zjkpFe0WXN09UxKhEvZNzghNmrcf6bfv7e61RBObfhn0M9qf4RQ86MVEUmPEDYLvmXzznc62zkxV2fS2Jo9Zcq7N9hpqLg+gV4+1Me3XqpWNisEUuSo0/4vQknQZrjiKCrvJrFsKN38/f9/4r1L4lwTKnL6RpBh80hSEsS7W6MBYZu4b90ZIkti9Pq74tx4Q+zW/eB8AlBdIxrFqE9hUuJ7poHacLwft5+dHmQucawspS0KBkAmnccOhEtjzHJlN+QFKY+cYMu/TwAry3ne3cZRkrNpSOkUBlu4R1NT5z8Uv+L77aDu3aM6QHZY9kQpz4mxPyzHdL8RjBXDvV6TraL/kuHn5XPA9vffyazEksUiPYWwN3edWKenAUn0fabU84cp2vQKcBD0wnpFKGOd59F705zWPXy8vmOyClg9kVc2o0FK1bLbKOTm2iTMLjK8aYERS8S1QZFtNDyVZf9UMHOcbsTdWKiRudQOIiQi2dHt0RS9GvrTOb70T2kNeg7VG5BcGR4S3HupB6b5vZk7nVrMsXdt3SYoHXxMCIc5WrMXZ7rfQGDJzfrHZfO7070kQJRI0qWiM1xx5VTsnIjTrslZP8d+gQ2yFqaY5bNahmzWtlnKtYzCtmgGG5FxV/uqRtW/PQRHiL9kpxd2Kh+We/RoxiYzufvJZy5BYfFzBvMMkdHlUeo8xgyonZrxXSf2sXUy8RU+jZWf596bkmlzH0k5bGgj7MvOtvtoXLWfmeM/Eu59DNt94yT2AHJkX5svIzF4X/llwIohu5MnX1YSa0A7eKbvW5s1M1faACADiM9hdnZ5qxq7snu9SFlcUG2DFEj1v9tc3Ejfzjs1T9cJ1cSS2xfaMzlOwJuCNilxOgOCbWE8b5XHFcD/JlxkE0b1iZgvjFfxxz95Xj+LraPZ3ruxMFm2xCKBgX5F2IZAL6BLRZAi0dpKv1zmA+7nq8QHo22wnKPzkV3/tavylvoFWHDoPfh/CSOp9M/M5PwCqb56j+SjdYUVmFnqAJx9y8nB29Yhe2nvGVJ/MzNZc2zRtRSThlV0obp2T91MkTj7mT8Q+JXW1wnxqgizDiO7VIlIQW1d5j9J7hFRszOwBEygc56WyKWRF7OkKfeVXCbHv/hXEfAOaBlqRIUeY5Ya7ryVsWSkEU3O7jIiMwsSxPdkeSL75cY+lcCSrGd5v5HJCvRVDJ6gNNSTWZeGt93rEzcVbqdip2F/kW7CtmkR/cN4bBIiY79UOQh4ys+pacav9thRpNgj8/Px50QYshrOuCe1M4ep907MKeuIltQjneLUIwFy5sH7/jn9yrzdDvGx6cy31N0PlBGnw2hQlzQ/00LQVGvj1k7khjuiWkfXWh340vSqNMcpLMtQY7e8m4C7v+9mAzGgrh7w5/K0Y/VWFxohQ6AwY3zC04tH3Q2LbnN8/I+yC8LZ34yV8b5X4/Wn0v/ZkPvouXVe1JeAeUyL9trbGescXy/X8e3fAVFXVJ4Jjd+JZjCDbtjEkuQgqmFF1FfIUteRWFEaQsrvtxb9yvb0jK+mIQIgOcl4p5OjAL4YTZCC1f+j9Xvvo5klBBDhMNe+ex3m1j22aFJBn5FMZPRW0bxUo271xxBgCULwypc/c7m913TAgT5IT3baf3U0koLqnENWP9bnSvvRiOG8Y0ScLqWDCPhy6sL65V/1CzxIC9gjxjQ87Y8Mv8Ypd5QHkP//zH5kZccqQvZlZqpZyK6eCgFduNR4ACt0whDpNuXA3R/uCT9p8I1woxyJwfesjR1cxX/Rp5ZisIkyzlxrpRhmMQelLmhvvk+PQ86kaNrz1EeecO50RItxfwwqevWPK29MVrNeWi4PRFmwKt53VwVEzan19vR4ORcOPXxPA0AwInK4gTj7hw6FhOzIytUxM9UmIQNZDzfpB8u/no0A8Mxx2TWOq2/R98BXv3ynBqEC0Ldm4Q38LRHhSS0l6PF3QKVGEfK/KojBZn0+AHAi26Bl4LbhABNqH1tCtrO6aE1jAguDJbLDWJZoxV+tzY4HgX9pm9xucQYtVumu91dqxa06kXhslxQjb7xISBAwDjLhdwxGTSMe9a/SmttUJsWwEdd17ifl8PsxQpe+y3uHEira+ih0nUjP8rm6GxBatu3018gKq531W1NY+YJiMHPbtaxpNg97DyRrndMlZgjE98qJtcSTWwiuREqPAFCvx8Vvc5JRFdLC75P8rk5/4uoiIm6l8KutXTwLjcLxTHrCd0ZisGlGWJgQZ935Ga6LJPJnn6WkNrTUBUHNyzqm+ehSKMJHHfhvUYD9NiB5AJ1wxtxnB21dFTK6HoDTYQTXOM0EbwcBFzyYh4z4wQHDKPGt0T2HGelvTBI1qKSCOAUd4XYqh5HA/IZ4I7uJvCfOuBmKZKbiCkriCg3q5DMK9GFs3L4QBUWhFhSNOanUHA5nMEwcmGb+bDByHdEfECFO3FOFpktCJY/K+toi75YYJLEPE0cbLtphjWWhqKiYzZQbCLf1thRAEcM6z/rOpoubz+ZA0CYIhEnr1lY9X7H4OFdkjj0Vd+gVhsTWra5od7pKKcob+t7N//4XyfMQ60VfVSQbtW7X//4UA5N0E2YGgSlIh1ROyvGSVd6PrhmIZcwpYioM6daIZkmbWdbchZ5Ip2Kszo6sz4tOfT32MN/Q858hvFz1SPjFc/t4qDci7W0Mjpf+W+ANB0ZbjPfk45+ctakVWl6/CzGScyBOBT1dGVF+3ju4QzK/J55lqDJInwMZEcgqRp/oOBtPGuNbX6cXsJB0tTKOmvb6SMW5q1tnJqxsof6GAxKHThSn7D3pgrCsyar4xkpXe7ifPr4r5XUSxVTJ0il7UBgbTyXvvHfGfWm2WZtAzE3E4ohZLnwtBhC2lAAAgAElEQVSFVtHxts0dcKSSUTlYdad6qiCVYZ4dEufn86npc3TxJNZqs19U9ulYBu/9nIwM3ntfIOzkI2hpZj79gW7Ketpi5/EAZH2gIVw3auAG2B+6F6mMXsfCRs10JM3u7zmZvfbNis8zIxMe5dlADhjBx+ppt69qnOzRP63iADPiv6viX/miTBQ5bYAMS37f2Z5q4NZUneQET6j3+FAy0DHg/rkfTfszz52+VWwks293tX6jNZrQt3ZsnJknT5DV3i2c6zmZGcAcPXe/qG7Cy7R9kqjz0JhbJdCXEYMYt+8IRlcR2TWN1nm5VQP2CIjJ5+fZCtYWTECI/1BVJ6zxBV/7mg6GrAPabYKogQ+A//v5YEaTzJkORnwXxXezb92aYvKcH0Mm22aMJCQCe4AJqoYUru6mDqUiXCXi2NrYTVT3TWsJvua/AunmCziaWZmZn5pg1v3rru/royWgDWge+xNWob3KKGIwIVJjyMtbCrCTkQOAqPo0pjEBQz+SReq9nNCc45V+u1YxY3NGC0gU0Eh+6gMqwZsyJVASIJmySek7ybwGUwRPCzlDnowd35IxMT0tkf6V25Wm24Y8SnKlmTn5012wCvZVpei7H5Ey/3X/zr5ArUPIPBGpUkeO7tN3zJ5IMgdtrZsGMwJyBcu6i+DUpDGCudO3q1FGh6Wjan9oEXVtUXKOz5uKvXOU3rjkUAEf2gcgXoJ+jvxVncdnxJh+ziMgW3YxamfKjP7U4k0ypKbcjXp44jh0RYARiOc8QXTdl7GgGkaF/cmjdO6eH/M8j57Pcw5XAFpiyUaAtnxUheheL48WMzB4Ilf1jl0oSB2JqVHCijwApyShfid4ayy2g6tBi18I4uVLCq7Mk7NeWwP2zNFelvFpIaKn0mY5I13C9Jd7kcmqa5JBVxD+BohkciLd2Y0y/okUFtAznBEnCpiefQOxtiGLgmQc1wTmqAUju0y56LVrc3YecsmXOgq3rrQmQeq7vDuim2g0ZGyCaQxz92BxBnPyyTyf/rRXXAyJO8V1gwA4U5tmh9ThBADtM8vzYIXy3VcFf2ZMaGJMcUtig1tYVTxqi9SDaNiz5T0WvJUOUrU0I/4fV9+2JUmS4waQ5lna79Wsdo9+XJoKI6EHkB7Z6oc53TVVWRHuZryAABhI3vpA/S7ySeYskFRZpeqh5tg0dXff4Q6CU6SQt+r1Gd8F13SdvqyR97O4H0R3ZcR4+6xsqGr8WDizP22d08x0BfWx82F3V3kFet2uKqHD3iC7TSoQLZnwAb3OM+NCHnEM42IAEte6xUE5DbrpnEym3PpF5IrqjMD7RPnp5j6iJcnQ+XQUDOSJ8wa3Hp0WqSGEZUbVZc9QRTsmyvOQkL3U3a/ubQV2sgo2eHIm1gBsofkShjQrgj8MjHovAhijhRiTv6ncqj+Kwf0zjlVYeY7EaiOrqfaHqqqPFxnk2ACkLJkBtAQ14N1bIC3R2K5n01ID6v7UDZsLRIDJiBqyM2Qg5ruVsCIifplouS3zTAkab/PMLKdb9u37c/6Q8e/P3WRBM5dGkOSg7xtkJrlaXfn8xPqeuakwgdKagG6c5/Fr2fBSVY3xI0Wk4/Y7rIJmJo39xdcRYVykjGoOuw7DJzMI+84qTPLG7H7gC9/bVwRQOl+QEfh8Pk6Y5wSsVuf8iBjZGumIiX6FgnYH4shuwB19edcvNHQWezEYUdwgM7CPPw9Bk+XtmyKUw7SNM+aPzKCLWgTVXcB7D53aXRPScdRN1hA7DECnbEH2/kwH2VIuOmpLVdiovAu0pQ0YimU7+WhImDYcPfpIDwUx6WphmUCb0pwNwxV+QYVps10mlXvD857JvlW3un9+fky/676F/skMoqvipDsyF5PS9oRz4OFiYAdReSLUXV1LXkTMLhmcXAIcDIGOgr/qo521fpmq6iCfcwwDrj8BABTUqrPK3SBdH46XSgiUNZHdCrJRJrhkJtBBeO5i7IWZvTQ1x8NrhZnGk8AccoZBUZf8diUd4UFLPz8/xtJjl2GsNXQI+j//9//m//qv/+x++T748+ePhmBoFsMUuIxRRBpeBmYbukYXBmJXpzPWk90l8EjePHXRpvNt2PxUB4Pzo8xM82XA2TLqUfH7M/GLNcZ3dbN3FbicNRj3QpYWXs4KoFWvv3yc3/6J2BHMLyTr3ZeLHYW9fzbW+/gtnqZYGRYbsZNP32RzIpafQoezObDboZnUAC/j7rmoDgFTnMW2LgQQ1YhR7bUTW1VlDqW/MUAex+pEvyPsfl06QEsKLx6cxlLVPRPsnVVn5q1PZhok0vh+kozPbOmQ1hjEiOj7i65Nn+fh1LsWKxwA3v3ivkWw3GRmnm7vyVCXWhE0vf5XUT6uMlU1ezNs4Gin9U2uvcTpmKXHnWcky/fCg66lzDAD5citF/QcBTRmV4TnHHTQ1MiC/mw0plWW5gtYtjxsUP5++CAZeVz1ON107X4OtFa0DugwJqlhayxYUmPfFWAjqso7Y/lu55v8t5MGj/fssh2rlhikZ20fYjGClwUWy18wYdbGl/4ePbjGsGbS0m8Jgiclrio04ZJblIwwwovyYijwaHScyHPMgaWvthVO415nkWOamOEvvZf0leNYsQZgxGSFBsaP2H977aA1hqps64fcC2KMzDwjLSCCLUIREXU/E4mBt8pxNdzT8CbjN42Cvz7qlxcw0a9XdKlxQXVY/vz9i/ev1ZAIpk/LeA1eBH38hC3Z80TIIN39RKbIz9+y3/3uRf0qXXoXTrxkB+5Tep6nd5eGJK/+LPvSSq4mNzaOpLkt/J+w89VGxFi4hB/prFWx09N3P+2X51VVT66GJtO8434XN82iVEADdDqaqhFM0IMiesCwbFNWdT4Hq4aJGA/ctSzzGTB/bT5kQ+azdJX/Xr0sJ/uz8y2tYuCJX1tMn+en+1Lwue4un+1eUxF3r28enAS3p9udH3YCZIsIczm7G2SVrCMUYJoY7D5kiC3SQ0x71mwGi64SV08wkDGwHjvLUIi3EB8e3S874+k9SJLuV6Zeksmwwy4RMJI41wZ7eOd1Pyfy2Vofv21k3o/xRnL+GkFFmEw6UzH8omq+P9wpdVqX4UbY9jeIWWU8S/zqZswp0sAEg5H5bs4ACazZod1+PTZHUguai/BG+7eC9K+7sn3fAIU3Jv/KxXyfFeybRR7rPIatM1+wu11fYfkBpjidZRbj21kJwPPnRyhunNLvQEx+zUxXa8yXlVlfyTOA8j7iDXm99TQX+d6mxYItO/7Zv9gGAvarMbKM913DBnqRMLU8/dVNShhbQg7ChaVwSsTzPFP6A3/+/DE4e0ZFukuJyJmxO2/W6Bn9f03efJ+V9+lSDObJ5LToDoi1z/YNVq6fM8aCYIPMZH+PP/eBIZ7j8QXgIwDNJpUY5vXvGOj+lZmZ3oO1E5G5Qd2jvjl5Wlcjq9UYiGyNsakWspLo5RS/3ve+a4SZraO2iawqpv/66PJiveE87gUZRMnsp1/Tvp5OWeJadWWmSwbvZ/NAZm9r051CpizNTEo2Ph2KlhOES+VRCbRjDlrNE/8IIN2Yyie61TU7PJ7nid2T8fPnR/zVTWw9aRFqQas2cFulJlWtMXoeTtCWHPmeCmyMmn+JGE/872otRH7BzfcFTfXA8Lv2UOPv56/TOIarVJRd9QSw7v2W9N5a54rdvvOZjLD7ZYz7dmnAOJl2YJjD69CcOCY6meKHb9u/tLD5tJLGuoF+QSbaY4P06nrnscQrMrLCrOr+nOcdmlqJwu3FrGzzw3KH/F5QH1T/TsuaA/x8/p7zuO0yCcl3nyPbH7jNtZNZElyFysn0wY8YK9Q5SHm4yUhloP8bG990Q0bdezxPjqz7mRxn2timW7OqYnlYWHXa+6P2wNQL3r0HyX5BMZuZGBH3Gubj5HeXzgO+TOT3GBsz/sOGBKs4OJ31brk750DULMyT1vLFdZdU5Hc7jvPyKiwnz06O6znVU3yYk1c30+70PV0tttEgvYrZ93p/SN97d+P0/GY4H+U/PMcDoVUqd+MkRZwxOA2YuBPmlEzW5t4j926fz1+NZQfq1xv5HTkRlGZ/yRbhX6mCs2eO9e6kmcw0k9G10Pwc7d3vLgM9C9FlZsap7dSc7Ub1tR/ENcD3+OWpndycfLDWTGNb0fXNxbPwY2oG9/iSDKINJzoC33jbks55/N33gQyXZ+rMrnNsbaTzjO2wVh1o7Mj34LWu53Y9XI3CS5gVJpg4f8Ue7mBal2al8L2fqXa8CnsO9ped7VitGYgOav3nz5/7KfMIybBjhIkOrWHvuadQmTvo0uu4qzFE+LuSnEi0w9dbxdVg+TvmOlW8LQAG9okacmuTZt5tdIppq98WcyJxei41ASFNY7WXZnD196N4G11OpOkac+tbb+UwUmOSX63PVAJ+hJlZW+o1ipvPYxr5d4Hf4Ak+9jGCxQX1rG4chUTn7N6bosvQ2LUT5ki4vnsrMRpWnXNqIWkA3sf27qR8+4i3vv3+un3WPbPUP7j87zl54+tb5wNQ7H13f7EuT+8v4puPBnvZ2tsOJR1knoD7ndeGdIfrpi32boEd/NN4vjNaJKaGSU4FGGS8xH/gNZf2m8WrX9+z9yLgeOtnruh58t6ckLeNmssYI/HvvYaD401zNTk95i9H26lr/67prbAoAb61TUwsPdHa9fX7CSW52onZFIIXAsU89u9d8BzKfYr/FlMIpJECcMGiLdv6ZdbvCNb0k7CuS7thVOrz/k4v3P5lSzXn9hcI7IPR6MTXkS8y4nluVwzQgff3u+SuqlnopaGb6X18nOZoT2kAyIwpdYwG7JphjJJ7JkivJhUxOyUA5Il776iadt+n74jxCv9FmWmcfJXNcxxjLX97rXr464/IFDTGiBu2eX3PkqTP55P/+p//ghA8Zny40zDEup4fEMze89S0JV0t7SrCS2/ANnn8ZAZM+nYAhggv43XMtzOfH/o56Sy4B5FgY/lK6FcCKTXuZ7mEU3J1t5dDwul5C1lrkfAzBdOeDJ+b4O1KHiPOJWtvQY4rwqgbIAt7aUKBCdRfVu8uZQI/fz8eivz7U7Ypj30NDVRP0x5xMk9XG5rpsSluN6s+uIUyoTwZBDJCRJ5c53C8mIyPlx8HEaWOhNdJt62f2D3yDgF4TlK0n69h/QK8JfjeG3E4fMOOOO7wBUPb8G5bhPWxqq6N6Z5uuh0yksqYlcIaLvbwNP1mwuc3VstyP39dy5ImGswKjyTMnhcjzWN2p43cqSiq694r9TnZqKrK+UstLDIpQDkSyFkP7cL9U39JdClNivma9ch2fo4xAqtLRIvWwLpmOR6AxdDg6pakE5ERjX3+PoSZHn2UyrS7NHkJKkt/XCyC3EZdEoOeKEa+I2jaorHXnwRAoQUFec7xWVL1cx6H7xXTgUC1RV8kosdiNbHuPYtpOhTm6+7ii5ZJb80658ecppcu0N0vFgu7W9GzjcAmm/k5wFXZdzVoQut49A9/AvrzY4m3yyE958cvou69H68ncQ0cpcvZOuDbPgUxx4WlZeafC3cIu1klCW++ep7n2pgfMwp+W0poWGNXrarYb4okI9B2B/KbBWBxAS2lf3P8WMEscKx5Pdx2nUvdm6D3C9CHF1LlOWic9NBrzO9cfztSohsaMjJmkhJ+41XFbqnrGvqZ7O6P7eoHwInHGmehGAdQZP6tv8wUcSaFjJbzjd4zBpQas/8m1jxnawZ1lydGrgu6a53/IiIs6Wkiz2NNg0HxqQyoSNoz2t/FLJJ7TQk/30xhnun9eCVlDWaHacBzF/qRZM5X8S0PRManL8KbMHvH1j3dy3b/Lt672/5auatrz3NiGMYZzDHV3I3rmU+3EKBg328DW/5/nyff3NpQswXdWx5tYFZ8cZeEzKbfE4mEcUwznvJkBk8+Np3DKHaTkRat9DumYtSkGz3nOFRLnlAqI+w+6WbpJAlbCjDPI+k5T3ff+znnmJcZswWhpTb3iAw7cQBAFYWCTgQQKg967YC5rX5LdsCXeL5S0EgwkO71e2g6ewARwom0CoF4eaBwznJEGVEfY+kiRuZ8PC7F55yzbAvtOgo3291ltwQourrLa0QHQMH8jS4+rHFknnOe5zk/6iv1vbe6DY5v+c2I4YiPQ9EOxp4BnW3L7pYSzoYg5FizeBnRXQrOiAmYmXp740g8RFRfw8NTZ6utJBOdjCzVskyYFlREzE4I6wZczu7AwwEcmWkg6XksrGSZNmHT87cGGINN7J+dt6bBESIj1Lj3tgfPtjaSxy1p10uAmuVnI4/w2XakFbzMBef541YrIoJJUVXQWI29YciZZaDS5Yvky7wDIXWZPIe+ZepCDu/PAjdXLCk7uXd393lOI+rahtjOsPyZ3TYsmU8KEpFnRK2g/Qy7q291o+rakUoD3KRcgACNznMsdQeQka6Tud1vVTUl6v79C+h2Pc+zNyjOE5H89/0gkLMmOUL4Oc/UrrbIC8ZqYV92SzKO14UYQEw2puHxHjWGeMZYr1tV9Tw/077ReyZsOIJgdkndXR2Rz/PIHY4qg31n+XyQSZwIjOFwVVd1I9m+Sorn+QG26yZHMcCBo11NREYNXXKPzUYG28tv7hhC1sBYLqW6Q0HwqkDe/lCq6mRQeM4xg+eqQUZGaxzSn8xCt3Qynepu3YHF5l11hD3HOs/ZTDzbaJvDGLFr31XVZBLt0HeKkhijMAvyfGEHcQeJgGdAgVApKHWhh2nNSbJdw1k13jyXxM2n1onCZECaNQyrkweKd1TKPHOeacO0061rU4gTDJuryJtOnElvf35xD8CWpRI7rlbE+GVjLFPsBVzdJaipRsfxkj3PGddhdXv4UoezM1B1MZ6uHCjHP7kuMbI7LTlgBEm3upoMCE3eamrks0GqvBDCUdegsILI8y4UXXh0PIXObD/urrLXQUiorsx0Cfrp68XI60sMKgxac1Gtqg8gZCIsMU0FW6o7Mg7JdKvxHm51q5MnmBnhpe2x8lPsdu6wjhbmLGAP1dDjHAesL3Qd5XksNq28AwbHjcjwT1gCH6eMHk0XMHvU+qQDws612Vx4tFr5nIg856nPZyrb1+J8el563QWkkLUTk7/nIFv7DT3xTrgD4IkDqe41h9dLAHbwEy6aTuZznhdi+3tbVH0+L3xJoO5VhKC6HyxJyEoyJ0yfJbdpTUUmW89Y1eu9cV4xSXJ2D2DvAcehzZsVML12Suoa66fuydNSlWTlq/dkOBjKXOJgqxjHBX+rVXrOuR9vbKKn71VlTh8U5zzT8y0zgUtiI1pQVcc59+/fIOteAufM6kyh/Jn1i7w45p9qtJqNACLlSgPs+7FUTFKhnMMxMubqX7WESQtub31tm2Lwef5HDzJFG/jPWqEIEKWKDKGTRJwFnNjdtzvCSCvkgQoso+eJZypVLqkaaAM43iciXV0Q6nqe08J5nkIJHQuuYTbuaImp/Hw+3tkTee76H/S+b0rJ7GoZ+1r7nJwAqQA/99rrzyM7uAaQTdWmGs9MdN/7cTXuEZ7LtjwP7NCx8KVBfMcuM5dJvcMqdWWwVECjrLCR1G/HCng+16YRDFv/UOgTh6SxoZ9zglS5ZSxAkUfSydGXSEYwxpx5cMxIgWUaCixAsa/J+mg5ftBVX++E7rVE8xKxjNxNiaSXAAJGgyW2A0ChEbxVII0XdSs025i8TSR22RfGwiu6L4lP6e3//SsLgou22NWodDEExFEpmRWhrVHtUDPV7lSv6G+MHVq1lsczmqcZMTp3+G8BMQUJhrIzf0oSfo1lBezsFu+T96fdUES/WWdPykL1hpCjaRsPnxf08AHD/AsF5gopADczprePnQnE5/nBu15m8k5vfz850bmKYMQhZ4frkz/Qtw6cYSSQO+WKTEhh5qsxat9poa64nFG/qRmjwumAAHcjJq3a6R3qO3ZpS+LP5xPEOefkA/uYcQiw5ob5weYz/sM+q1wlQS4PNSLyUOohFE4DqCE8ShJLi7wQpb5XCNS9Xg8Wuz3UcLvHipPp0FKf84NVHsygaOhun4zw/aruKQ6BAH87BAKo+ry+wYApki6HvC/QiqKhqL4oYv7rX/8ZO+2fllVTQ0gWnPTuRcDLMgjPRrzJwIKsVS0s2EeYHbZzLOcuz2n3BH9bwe9/coqYGFdo/P7N/pywbHkHZOZTA5aED52KbebdzFsYsyrz2ud9FOBF8jgQmMO7J9uRLnZrtL8El+OpPXMDzpo1ycjI5KLqmS/fRLMWI31YXm9lq0AmmmAUOONu/Gui+Moq566uF+RazMe7IKXt1hrzrPxtjp1ewMhZgJOZNCYonfODHe06vOKf9uuMLRn3+TtP7+BkSAdv0npXZr0lQtf9+fMHgFdZArj3A8gA6BQNqwzo7jAANXWouMwpH1RL4NbIC93txVDmzhoaqOo0dWutJBz4sAy1lp44mcGIzDj5M1Edw2RxvJuHGDGhX8qMkYQzqstMZEe5zNNY2e6+geWfjvjQxQFfi4ylw9B3aGOlIAif+7dXlfICuBN5TTbcabMfC+fUDQz6Pn8wfs7znofMZ443F10i7THle2eHrndK34OczlTvzRla9C3mVIBrHuqWddKP0VrsngzPuKT3SkdE/3Kfr1Zm2l5j0+oskbMwiQHfwZMJL8uaoNm0woDpCq2FFaWSREack/eOQ5BXiaZVfq33e5mdAjI2IpMUaB8sAnkOAduvLxb9z7czcEAnzwY0w1XHkcftdu/Dz12m7Uait3nmIJ96lQTkzHtmf4yf6vs2MasmXoPP53n+/v3LITv3yScy0Rpvt2DrljmeXsaY4XRLx58VbO0jAWcDzZYqpJXPc5FBAc/zaNc4D8POHwkUkZFG47X/vMc4rIVC7Bl2tyrgPS4u5joz615x9m1iN7e7aOZIYYTxAy1Earo1m8vNky91xjv8RpA2Kbr3QhCXrbDU9fdbx9pnSbMiyMKjzGd/w2DW2zR2d9texx+JQJ6kP9LiopIin9hF8Q7yBqT8W5547r2mXdsDan0ihKDaPM0YikfMTgtuNPC/33vPeapKVbZInirHsNG0IUOvHa9nDgM0V0rck80HFOeySn0ymYEg2nD/t3D26574aM8rYCjhKudovhQbCTM/Q+5rHUKHvnnKn9aur5EzkHXp5g64u4SKMFL59vrfE+WFmYa61O8CD3b3f/zHf/gr5URLgBFMT/tkorR076eqnp+fqjLz5aTpmuuvuu3TeR4uQYGb1KWuXhIKIGEsnqtM4yBMwfbiR4eUL7drRG8Z78Ejx7I93G97mWDESTOtzF2Ne++8i0igd/mkpZkPRmI11nld+lR5cOi4PdRC34uNflp+IpwL5+yJceC/OueelndaRhBUufn02JKrH8LLJ52st5xBrqcqGVVFqMoGC+MEpbWhqSq7tzlM3c+NlblgNBYiI+OrAuTCZy4D1LVc3Qqm51bjVO5eZXwbvE/N3HM7mMXbOAXDA+Nuc8k9FikAx13xxOzhIP9+nr7O1e0die9P9m4ec7RplaSK5N+6af/m2FgqAbj3b6uMIvPdNG6q2hbhEWFBcWTSFKIxBE+Q3eXxnvnm/99tilXxRszOBsfP6UWBz+fjLuBduTxVEmFoYJ7eLyHdz/mZs0SaOPLuBZmyNkL8fuxcxrpWTPZ+Emcbh1+3lJ/P3+oWYVhkFpNBBJ7nJ6ad0fIHg5GjUrIibE43W7JAxo/cSqNzzJdPAZGMzVzuAu6qnSR5cMJ1Qnx7sfcCAjBSbk7uiQSREbV0bP+pTfTlPsvsDWQk01ttSGg86D1so09R/EYxMlS6t2PQ15fCYgHY3J3S1P+aSfYQ1uve9j6nOQxjTDQUA028BTC5+JovshBS2iVmIJLImAC4VkIvg/s9eNOrRnAPsxW9uz3+HQ+Hxpve32tdvLV8XQIZE1QMzVebctfLKyeH6czvfNpHa9zw615D6N/1Hm/4mtQYjZrsuvL1bi+djX8oI60VXg23o4sv8mtL9TLw/Nf5jrjwwJZfczl3U9f3V3xn3cXHeOD8f4oKt/nnq/zgO2CIV/W7LQnf8ftk/IHX0uM3TYPmS1N1jRh87gXG40We3GQypmR9nsfvNyxmNo1hPXzi1bgLQX5uZb7b+CaGjOSU35VRpKePkXmaALRUrjlUZaF8vJ4BQZ9MTGR+M687UGfIiLQCz6PDsuf+vgLOFsbrJJOH3z1vEFwvyW9kaZH+hN2xkdaDd9Jz334990eiZ0hhEoo0RsHymK273wHAmw191+r636u7HxM+BlyJeXfkOU9uhPnz58+Wh6Yh9vOc/RX27PlwM1XWBztXAnxRSQDP+WnbAFvhRsPQyF/ndn05hoPvsjbXAWKZ7F/49VWS+Yi+HgC3qldVfHKo916pcs5TXc/zpNXeXcETv0nrLXLqrr/3b0Scya3Z3UzSEPbU/OZ2TnyYI+dbE8de1/6ZVmObeCGJAb4TGm3Y9Evf0eBzHgBdt1TA7iglQdx73c4vEVVu5yPi8/FGzK6q8d8e589BmZwapmx+Yx1a3RE8jzle1znCK+73IcMs6fv5VF1sJGkXY6vNBTD3faFVEh42YOnCXP80Z2eOtTLvvZaev6+4l3k8xOnRJX9fug9vdS1H5e2mI4IIq4UyIhCo7iCf55GHgpOr35pz9JruXjXSUqvYE1vzDDztOtAd7bSlM9/Vug50tfEZfTGQN3h+BRZvXnj//Q3Xnvy+TTdJGu4PvrBo/NJLjfgPxO+VGwv6vf/+/hX7YwcOkhWoXbG4FuLr0/7+kQ2NeDPC1jDzh3qXaXNHCs7pm6NfOmDsganX7YPk5/PXJdI6hE8H+jYLkkithfsJoqvHkrq/X9kMiWGT931vikdQ7su2G39D0Ga6BbNzXS6GFtwSOWwSter1fZkdbGfh1piSz7tayz9na5LNPlCpawH2q3Zgc7HB2XBgN1R/+C/64a/T/cZ5LVmq1XEAACAASURBVJY7qHuO8hU+gWfWNQGYISxWy9W7p8GyLd84zwIjXo/H+bOL+X+pun5i+d///b+nNuqriaHIjDZzXGPqIlWrzKP3XqZM7zq3k2d7QeA6t44vvDGpdSR8D2O2YAFvnMcp9n2FYd1QjyaOEcHzPD8IhEVtMzWHpUGjividVIST+eSj132T7WA3fJdAdb36HTDk7UEMKAZaFD0q0EhK36YPeR5HxIywg3b3JWdZX9fNOF4DNZm08CofneY9YLDfhd6ISaCUeSxvHB76fCFi22kHuBMPNrDq64utd+JFx7mWqjxqbuF5fnq3fd6/nwC56X7jQlzdRgdczQlmLsQEbSrMoDJDLZizobA9Eu3IHNNdlQt6jKGQvUQ64kg91Vx6g+LxN/Gt8wcnTVRfgbbf4Kj+bgR/fv6HhIBaFWZSNAJxbYL5nOrK9BC1q24POA4AkTznoEEaTe6ED7NmSYYUcao67UVYH4ZpDibFTpMWAMHMh8SnS8Rxl4OQYFdWvTI0sj5XtlT0KfTEw9fz1y5orLMEh7tLSVc3Msbwz5qMapcjmelJb6kYkXGqmkScZPDv55NkhN0Jbz4/vgsbgGLL2ck7ZJoryyn44HIqR0greg+HEBn0KgCzDBTq7iqpZr+2i3QXcOZZW7pCKr7/IZl9gkZL75DJ4Fpk8M95TE8Zc25G2O9bI0PzFFOYBnbgYA+xxyZrVqnLW93izIY8AUA3/Exyd6X6K/OQ0POciLweuqNOxolT6u7L4HSgrnN8MkLt6WHE0BP70qtd9PJHXFBSkveXTNMb75KxwnSJIOnBgyyW5HCcWwqEoJolrmZ3eoGqE5sYJitxwhqas0522XPJ53kAgiiNpKO7qfb0BXLf5fQfAVnZ7brXp8c50nnZrXdrbFsyMkSKeR5D0CNIpKrKO0WsE4qFKTdxzCl9ex0/4Yw0yZXD+7CfiR1CBrTt7u6bq/2Pc0rX5baoUrNXH5Y5HvFg5jHzfdLwW00S9957r1v0oX9shb2FznF+swmJA0tEgPHk6SovQnTL5lIAVhcKBJPH48nYJdI1i62m2pFEHs1KFIxVDswBhKEcoZ9IdX15i2QkS2VW+5UF+1j59qz1zkxqnr9paBJ5jhsSt0bo/nke50eYGG4+4NZGJEu36mYc/wbgnS58AeJJ035MGtZbRkDlr2nuIzD2I9zplP+4p8uS1t+H22xIGus8rOB6OGXrUTd/udoGetV36hxjnR5glkQY1RJ08lRVrwerpM/nnjwSPvdDquv62WJgOL8X8eTP85hiRkbf8ao5z48ZG4FQ97ZY0yxl5JB8v/M0ewrbB9wgnbn2XKg6qmqEZSMXYzBGaG8oQVLw8Yw2U62TaRDcycqM5Nb08AomD2fWZKJk36p3b4Gq/bi4lk2OSK5WPIiUZPK7y5vP16/mbXLgZh6AUXsZUbVhpnGX8iYtm29FVzMPKBhro87JSQp5np+fATIDXg0e44PyhSOr6jkPSdP8Y1ZVw4fGwhHnkvfMjELXDqdI0kwFN+Szeah1b324ZjABevH6iSSQMUjDres8e0562W+AwQxE0HsRzdbRgO+A3OW7ScixhX2eB636XCAyDyG0MK73cN0Cjya77+eD1oQtJsDZ4WoYFDNMJpk8EGv8sHZo3337E3SNKalymsDIMaz7ZIY1FjMF2J6OpIO5T2nr5i6Fuve2+jx/SPQ2AC5BM89r4/5k2Bx/GkgM3O+QpVZNEItulcGp8f/x2cvuhvdWDJtwGBGefoG8Kkd7r3065yTwnGPnCgsKDXmcYRDrRRhHwYVwZdStlS44vjWAv/XhSwwvgLpdd9Yh4CcPV82D9mqbJGEOXXC+fmZSHYQz/RRrsv4jMryTrBdMnwAKrJX7Wm9/+327ca7iRJINYACpm8T5GZZJzHZNb4oKWFo2dHUAGo/QblUlw8MPmuoRY2DluORK1dAPppoYENMd+uwj0aiFIgKcynghZaoZTAQigbXPmvWhkPpmnicfgo1mMPLAQ+fIt9w+6+VVs2DTTPlu9XmOqWTnHIYZAHqxGAOaoHFtAhhTvUE8QLL6G/d6zh4kpdeGrXGKLZMys1AazFUeY6/4Mro1nZ2g9rKzWUNYn4+XPrcvXgYjGrrXnqrt6DGVwNoYbgqeKwAgRudtumOcnI9QdcmQPUk0a4SdC8w9ioj2UISYgnWVaz5pXLPwd8GP/zGomscsnFnC19VQf/7+ldUbPRS3F7DwiHGqsoxaaNJSsS60yhWrKxmNdUiBLwWK1R+3ma26MnWqJEvGvTvSo0rTvwigwPP8zGqK2bjQmcFzDB9Iej17M4+9jWg5F1M9RhwNZ1jSW1urBiyiGrL9gmvjwiwdT6Y905fZ2qBf6VjRYhrnJhnPaSnUgbj3GmOMoMeHYreUwy73nENpb3MocmBBcqCL8jpMJ4nIrd1YXjpt48aIcx55pUdkTJw04Z3jHkE1F5OVNmiS5Dk/Mauhbk6vodteUi2TkV0SxNdGb0bXtrCve5/M2+UTHUzX/O/JrE+ZY/qpK9iCWDE9ka66Uc6v7kxAVFcin1+2OcabWl7Tct1rK7D7Lx2vdeI5+ZhVnXHOOd6+gmbGaa9UkeMrgmkU5Y+dw9vG4GPH9/l8gKHm3yqFoXawUWMxInN7XC3mcFlARNnndnrMRsanbt8G0MB5Hi9jt80AguFSSTJsetXHzvYzaCWRPnmRHoJ5EDVUzr/1OdZ3WtksyEqLSGOXz/P4qlnN6QLdRaDBqoio+tjdrq/UlccG1Pb9ntsfEZrSy7MHm6oNFPii0gDuva7VX6hY0lhgsD1cGWM9L7DtTrA0hi0xG1fdMCeAXb4Hkmoa+TrH3aLQnNAEkGfbtRnv2Fd7wfftiQChMgNKDqLEt1Hiy/yAxokIy/UCayG8jGcTi8z4oVewbLvlaOml4m4LfhFVzQLJF3ednYgLcn4hdS7WHp4zvo5Zzt8RK3bkyDWm4H5/jx+OuPTZIRf2iXjFc08ejEeLO63jx9+u7uYEuF7jvXf+oGLcGTAZ3t/N1mGcV2kcVZGcgGZci/L2jp2CyAvMrGIJmKc2q7qChMrtlwUMQX7uXxIu1O6O60qgcM4D6tbHRIS6n+lVvxMdArj30xDj9HRDtJ3luORlWupEEmIApZsZoXjymSbZ7r6e6w95w80OSWbO4XdGq75OGo3xTwgyn6da63oiX+Eplt99J75B1x7zQx3b1IwyFmcshVH1hfol5X/9139P+Qe9imlJJk4a7M7zDqZiFoN0lzz713ufNNDVHMqJ9Ys6vQyLvfffKQoWXZUWNpjGePwiu29ZyrqeerUbun1ptUT4eBuVFzGd/3cqJGeReC/Tfp6pIHtvJuAoywiD7JN930npXGB/XzyPGQTlVhCcniTz+XkeT6givLWjh8G3dHXsXGQ+sL6JjYhu2gQj9tmSVFfbAHohVfeEveIGTxdip7k2IfccW0JEWg3nPNG2VrDnVzhR+EE6inhYN6zq/OVnRQONu1viheRiPRz83LDDcyeGz2cn7Uz76vrPvslkZ3qG4cdF1/SFed3SptUGkYx8zgtevyuyI9Jp8t67XTW72zskTuQCYZztDrBbJ6u7bjM4V46ytFlS1b333tbgv0YD1DXef9Oa+8lMg9S7MmiuK5e20C92+tKdZmmYZZVqaXArdKP1nPRcxOH7fdov291clQhTWzwTGj1+VXnc4QuEDTGGUTyuTWaXWt4sPsfpnFle6ufA9V7s6rm/1l54MiFZqBDBl9ZvINu3Js8pm1GuK1x8nfv83yv1sNQUVJc/t5PwmMz1olDWtAJuaOJlG7WcnLgEandomCWHknSGj5/VTQ03NpZ2Ks5v8Co/Ac9E1aZGt5KY/Pd9++g8Z1L1MnfOORi00b/uiYQ/Nd0+WyXGaaKGcxRpP1OIMz1+wzdp75QgB0QliVZknsivtzjjBcTNn8qdWjMHZ2npLqD2ni0MV2BIB24jPTanvh/UzLsem46d2J0z4sqW2fo2tnEq7W50PzlPyTc97THV3xn4SLISEfSYEzsKvfcyeM6JafBmtw3eafxy6ES2ri+XXp4OAuu3a/Arlj5gXOPz+fhnfjwMNqc785zjAtH3rnUxOccvct8N5tJhcZhbZVjtDZ6xvsD2w3Wx+64WN+Lgj+0l8zVydUygzjSLJONEZlN4meaS1jl0wakp0CLi/v3oy5Gc8fZ7WsZHO0YDIeksz4gjmTdNe+LVJh1/XEVEWKFpBbL/RwKG/KevDtrawaLImN25MbfblycgzEy5NNvIg8n4eZ6XaPlySd5i0TF2PtiKBf1mcrYZ5y9om0a2OFyXcUOedzTS0bKnE5cqYrISds+Y6yUjl4BNpoFeO2kNm8nUtlZXvebYSejV/E2MjfCosbvOmd6+56vNGC+GMMHkzHJdPLie4fp8j8pwTTZnWMIpvrobwao+51nR2LhdnTi2/GL8rlKyNDVeV/2c5y2W8AXxtZ0UQShoLYt/foB5ktO6z5n3Q//G/BxCOrAMi9eCP3OQQgslfQdLks4zuitHvLNuzhRtyvE9MIxjAIsDgugfBptT5/Q4PXKHeY7S4bpYGigqIhdVSWSMT5r51OT9WIc3YJCfjz1YP5/PrCUrF3XfKQiXSGhTMknPeSLi1bC+tejLYvbJBbCDbbwqHM53x1tHbRGFzGxMfH7yGG8z+mh1rJXOPgI2DDEW+fmsXf7ybf079R04TZtqbYixhqHp+60NxYER6W09pU4GOcbEVdeCevJLaQzmvdfl6WgfRmdpvgCdg94v7nfkzHVySnezjD3Bvb0cN+l5HnoGNkPUobu+nX+sgdp75geOnARnNeH8lohogV4SsELA7TyGF+JoA1I9IpWejR0hKjNPmitqiMRO5fxVZ+o9CRgYRVrbHADvzp73N7wX9v08LcWeh+P9k7bjd2MJqL48RO+xeKu+rQ+fEwmtMklTifkkvMHBYlJ8VcHhsEak0WDtAMl5f0IKQOCWZgbMHXJ4qGkemhDWd7bOyamGWi3b4k+mc5zJtVOfB+BVapHMaI5iQLLcEvin/SPf0ParaoUIyGfSZeXzc4akSd6+b+/gMsHwwVlOuusfklauz/kg3gw+YsT3vJGzB2V2vykzAzbEC4AxFsk9eV9rl7FYg7+Fvot8ihvlfL/sguvHI1Ddn1s2ijFv4PXInum/xyHLvNZqj7a7CZdY5p/jzaGzK8IlQQLfoGGvCQD5a6OS92B5jO7kslnO93pmmy6n7ZcHQJQ1ytg1PxGGxwfn9ic8mTLRfsVhfgnnnBPH6L7NZ+x2PemNYxz3qxACpK5m2P+aZNy6VeVzdfJr4WDFqMNrPo+6zdS2++jP82MwNyKXojt4yGpE+J7D3vb5DOPQBdLknh4GxuA5WlMESXnOIhWReT6fD7Cu1DHjk3/+4ykkbXXofAHA8y9fETNpTp7S9VWaEwLAwJI6x9bSsOA7vZNTe/x679oagDs2xurnnMsyAkTuUxrqzzAacZ7gbHCZ4xnz1nDMQhhOx7d0t7PCm4jfX48YkiLXpu/Jx58kgsE5V5LeXUGfz4dhLe779CwHORyQquE6cKMl95+dsNKBIREA/t6/SyZhbB01uQAcZoDLbLcYagE/54dk3WtBijSbCLm0MEnD5iZP5sJlVnscv5eqVvc5ryLZh3egIq3mADBzPL+vrLvHO27WNbva5zjOGxg0kIpz0m7S+OUfELPVzIf4OyvdePMVJ/nnW9WhXynPGuU8q+7CkrSqvGYpzN2RtktVd4fOy3F1ZC7g3k+MaMoEYgVzXwK6e3LB9v5vHRJbG0ia7ILYOC/T59/kqMUwf1d9wvebTy7bcuKf4X0tWGLQWuCtP+ceOFh+8d5fec0fqQsZx2rIxosHyz01tkbiqFXekUJM2fAdTlDyWh75MZlzGvv6znls46/RZLPWDC1n1Xm65RT0+es9r8jM5/nZspbbPWHO9sBWWmLZ97G5Vx8dWM+xioi6FTunWRza1ePrVSCA55zc0iUzMw7gtoBlqfH+RZJ8r2P3Z7xvZ/q4ZDfuxwvYGJEWrPNdYbuF4pD/rHZY9WSCyROR+9ymjLYrY+ZgvHjxfQmCLR6Mu3J3S/htvquq/AaNO+VYwpTJr69DPhfXfX4eoGMfppYJYuF4/ut//QtOy5Zpz/+a2l3TiAoSVL8KmjiBaHRmfuWTWHTY3Bnv3BhbFEcQf3o6AUQe1cW7MS+MNJkhPzHHX37/vQORkSdPzOjeyFe0aALKMDFJU56Cx0WHIoiYhhUKEa1ABkKKfeNDhWaiu2xuMxE8bIdt16PyN2x1X2lFixG0DiEzM7KrhZgWcQ5MVV/Q2FB+DVJgwuDCrJGRWX1/pRXc7owExjMOAF9EqQWi4WYMJL60l/eolzJG4+jiMnm47tJmjT15GNFdyWmbHYYsUnBK8KQdX/dXarb7mgQ8r2vUdaWM8/P8ceuDt0nb17+4r1NSAVKguk6czDxx0B5QzXFw9RARfQV12zFw8R1HQLvu2m/GZ6jJNyM9dhR1VLKh02Dzcyv6VrN9CwicZ7TPh288pBhPMi12yDxriBEcyB7jgTOFS4MWXAe89mfQyWSYq+X3MOwASOvvuaubQYrMk+uLwwTo1b4ZR0LrRk4fDqpVVFjX9pZcNm/xTSbz5+eP4H2/XunWq7WA3BUr3uQ6VRVRVcMyYxs6GMifc/3pBRvy7NzkUM3oGACyZ4I2C9NG/LKwIIFgdPPeeieUgSXpeP6tbgbN9AcEIRBkoZzaJiVAUNvx3TyHKSkiphmzECfS3pfO1UukhUuH4THMuPFGHKwwLc1W6IHZgTaSD4RIqdQjYnXoo9BdBrzoFt2uvihtbcStgE8+dkeNRWPDtgmBtsu0rVv1lh0xHpcmiTAj0tyoW3aHtMJ9QO0pMeyKpo5gYxaDt53BAgi2+ud5qu6r2n7/nNeoEcNmmlmDJpdR40Mq1aCx8B7UUHuS7fryKmCi4NAWnErBba4imN3q/mQGRFNKbfQEWaYz0lQOZZ4YYoGWvyLP8xIeyXDOX6LNSOkpKLGTgzeJnsjnHNcFg2XTPaGqbvhOfV/flP7OIIMhwGT548QYpPUWENXykmGo7bGugd2lLlOzsRsRw7gqyQifgZYQsKXVpz5guASMeXzgupEa3kfw3hvUiQPh5LNGnD2BYXOB1/pN7Zts9MmUYZQcCsNzTptBaZaHGUZg34qIY18Fb4uTiACKkLm9psA6tw6mGTtuA3oAcIMbI30lkXnsakdQut1lqZXvbN9rMb+a419U4yfz3iDAMrgrezrmOefhSqDs129CFoSMsLXOhP5ZoRkRoxem9Ub1LUw5wEFyPXPknQzq8zwjjBDOeWZWQklDIKXp8w74yKqK4K3Wgqdv9lyEX116TmamR2XNbuDJp1ynRmQc/1GTwmjuIWkoijl9OzJK3ahZxuuh7JByf09uMMLTsH2O3qGRpEBasNJd6tEQiLOajwvuZ6aPpqPoWILQcwWdJ2u5CGdlqVoRp7b8dZxxdotIcthwpTV9Hpcv3Lov78E+0fbB8b3j3NeUkPFAZp53TL/LyT/Qiu0YYyzr9I1bV2orCWIxCmv7uJcwGJlpc4+wj3CPB33dKdscQzKfc55G98qxuz+wGiz4t25DKd7P9eBtn6uhkJxK1dYcNBVvvuOnrWjhz3l2vUUDMpvMBd07wGaggddu9HmeHGj+/K363DrhuGdXsSMhxtdiAK/JEYzqj9+yvcJ+fn6uJeRbWgOQrcCnVm2VyxIatsYEIrZZIDHNIccKZSgdEcHBTbJbFNVvOAapWx+Mt984dwGITGeZzEykzTanJREjk3SZSjK06zc3ZoYVhFZwGgdwdIL92ew7OaMQkqy+vUYBIWBNeBmWb5qhCWn300wCG3ZUjMJJDdyqhqz/7u6r+2uw6L8wq7Tw8etoweDLiyQxUFd3xzkM3r9/ITjqWDhCxUqQ7as+ASiGcuc2tUEeM6gGyRfJw0FASrbA3qmjR3e683UBSkE+z48k0dSQwdbaVpZhtjWqb6vAwY/vvfMcWhHxrC3VUsW8B80eRN5oRFBCjy2eHSxd+Whq8S3POM/fflguLVzc7tDOGcs/wXj78/M4VHbPWvKTJ8CuGXJPnFymVFVRzMhCue659fEuE1POFjwqv7PIOL+YFmqvxg2K1WAjyefktZcdNfIyT/xnbPIib9PPvPzZVi/ujwhknq5rVOU8z1glk8lZKqsqF82ZZ+bcux0d1o7IP5NecoyXcEDW7S4hUuCtD8jzHKFi6FBexptDAeNUQzlAjGJrO1PDXX1yEj0b+g5fCWbUvXj3tULdtQMdAhJl4bzVkHbmuqqYUhhVdc4zYJaoWQ9mXwElE0JGZmSjPBUgaRAwMoA+mXtO0areZSoQIlMi/PRO2qolZDxkgTunS8EoioBmixBVay9zGDOci3OrBLbw9/7lyB8F6TxPgG89L8Ais5+fP1O6MgVE8GSOWt0GdAVj0Jkn8xF17z0nrJD2+VH1z/Mz4JwW+obSZBFwwz4ghl3+KTLvLSSr+9BuPIXMkrya6N2IaZO6QQ9kUpCJU/3u5CMS4uf+2wWk2AAi8Ry/ipSUMlGgc/VJTx5IASbD7fBVBWGBM9FBVKtbqvYGIzen74RszdCDVrbez9acNoECAz/PIxmsauw0zHiRpFnIhGFnZuaz3CMER3kAEkqmC5k5+hgc/ZyTmepLKBDV3V1W49Vs5B6doig7tHR367bKEPqTx8MCCTMx2vrHoth443C1pQ/kiNgaBUYwgHhTnqaHngPclDAK2vKcDDjn9L2LUc8x03jbeh9UDPK28/IJjKYkfVmnruRpuo//diuKQOVzaqzhwyzGHeefmUY2fN62oLLnvveDbsjteuxP65veY284IHXNPuTg8NC9NyUZzzm+I7fKNi0c/wW12sW2afInx8TPdb8/S6GHlYwx67RmccKDAhqqqObOGTnz43fRwi7Eyb32NLF4R1oDuer7j/OaYPTDl5YEPIIqqXMmRny7J/+YATTweqjOphPVjAutAqcLTWmy6AiOXxR+VrVHRFWtBW6oBfZ5zPetOM+gQGw08nwtVWW1eItidfnxZTwAI/mZ0lonHluyMAa1sDTVMqMgg6GuY/AQ1kNEfT4ZJvlVtX5+fm6NHS4FdWXEicMRLgOwt1iRHPDKwZcZEa2SbHfso3cIG4DkrBCN6EbGkn3/YUPn8a3XZSHi3dzOXFTQIxCTw2YgIdx78xxJt/4yaLePWZ8wXfgM+SRTP0ecyjgjzWEnuWPNYeZMMopHjfzP//7vasPNQ9Dx0MYlUzAznW8imBKsX61b5pNjb/VcnjueVnmOp/Fb3cbMLWOKNgefaSvilQJMYF2AAU7SZi1JEwdMzsoz9EBDde+A8NbLvyAjYJGO1fKE9XQUyOERWMHoizTtN+Gp0WTczJbOOTMhGhBtsNjMmGssdV3za2Z4ayS1r/9zPvZuBdBKDVzkmSn/vdgQSIH3XniK5UfkymBK2AZo44L5esPNiRPeIBL+bT/PH2lAiiHLj1zpOwG2YHSLWm/q+EikomsSzMi7qAUW2e9OqJ0fDqNk+elm09wlAhs1trvUFrn1PM+wd41eDRFEv8r3BHTvlerEj9P25hhPeobj5nKwuz8f2xDHp8ZX1OW4/WdoHwPJH4wl4yU5ayuZJ/z2IuKM5NXviHnO8cJMjgNOhOFd/EMBk8fmFeJ4yzo9t/Tz80MhAkMThhPYtr87Z948Cj+TiFSLr+qWA3XKkO47qzSVYArckfedcwCLy26MvmRwDa/ydsbCNsTQwPGeB2mWW0iDFcIwRMx4rwD0L8/ZvXyrzsksdb8LfExAHK4lpeZmOUnAYFcAct8al0HvZN96H/Lwy/RK9yYmrQmd+vsxJkiwrV1YNHnEfW86/TX/jy/XEhFeV+VFA/BLiDC6N5V9RNQEvfEH3y817yL2V/yA/O5eOFtL2TA3oVeQ5F8sj6Lnw054jFzuhuFkjk9xd6PbjkkZYbOXaVTU1fNjbWPSO/X063M16Gd769pUZIO2KwhaL+OpZ3cbG42Ie69vh77Gj4Jm5udH8ZzH5FCrp3ew4dM1MITjCV9p2gKCLjLMuiWHbHJ+OUu6hXa5s5+ZWBP/Nzhr8dyDeP/s+xvee4QZwQ4j/i2+7i1BBdB2j34bW129zE1JMcHHOTRiPUbNup3v5fqMbEglLC/4vU0AMO5oJiNYE3YNt/VLEDOzIyLAmdxhioOMDHrkACLuvYbDehk9GxNmohgnXR4aXXkzV1Vx813mgamjmj/1BT6Wmf6e9uVEOj5rcXvMmY+FdRyZ7RG+352vJsnmKsvmi6CXXHCntjLiDBgl7BWp9PgYxPtJjD7W2BKaegFnnKXzfy+FCZiDbtd4FXoIMdnTaFE3wfM8/pDdbXDZVa9PTo93KjS26hP/ew3BZqEmYMsXqygWW5/7Kwn9Uup08jCYJz+fv+jBVlxHSZO4Z9/9WDV6axQiAnGGTsXXxDxm6zgwl0jDE3QUzXzFanbvZcSZmxvoHlWifdjd98aeKzNA35NgX4OZ+cnpdHyfPBzPfBbSHVXQxnzDqSEtZoHpo/z/xGs2uGninDTzFyPDafsnLHxDrSVmLA7C96wOC8ld94JzeoPM1Lckl977+kWM9cH7IV0Hwlp+A6eZIqpH1zK16MQi12z2zybJqUbCr2Z3uy3T2a3g9OHjfJKk7WLi5OmyEx671V1xHrYxDptbqbuDueVQSkoM6+je64vujPD5/HVTXVVW3nxrV2D4iRhmgG0f6O1T79B0UCHRa9iX48axIGAtQ8Lp1TtmYjc0/DJrPn7+LvzcCtgbdJnRE1SdWaqvZIYEWmU4mKL3CqT7kbbE59ceL/VL7TcKWfd61cFOSb2a7tyywFvQ2BMBuFXYkD7NSrg/dMEWS77xxcOQbNbHebK8+t4rmeMJAE8eSaLtWZwaajLODIrk8wAAIABJREFUqG1G2bMVsm1GhvOL7lYFQ99Zb0R6q5sz+NLqnVall/UvLQTaFmm5bZm44RzRgNR5Mhj2z3fxMjnKtsLCYnMhlU1cgulLQE5zxIzP59Pdz+NZ4Ny7BF23BYYF3PX1x/WltmuB69im13d9+z6Hdy1JYoOnjl0W3b+YIv+Lh+jPvCS89Qe1qVhX5rwgP1Wux/1bh77Z7Zzz8/NDaEvoc744+Fu+wgNta2GdXxw66pbRVYo/Pz8no9sYluK7SGWYy9i0y1UgTewtL0DCvXcbEAc6jrHXfPh51B/nR4P4RmTr8jUN15zt8TnwHaediL5oIILraTM8LQwRfouunlHi1p3hnXsAYijw63veHTGthABmuIdd241wauEs/jlISiaBDpwXXuvqrWZtKPAmPRwCAwtuGBnGeY6+y1Ejhug29aH/9pP5+fxbKg6owu2KJk5ObQ/UqgF6exyB3uatqba0OAYbnk9i4n/sLj2Ns401aKNuXhIDSSNibs3v/fime4C0ZYms2rdrglUyszMS/ApBYEEhJxrv+yXCPsQRhFC3DH8HM8Y1egelW2wtRYAGwXJux2hlpiAcov2utHQ4laHqQYct4nEf3brYOj/913oo6Mb2q2GVr7C3mjnRYGukGp9evW8q8vjtT5al2Qj1PGfRCSnYVeBYtpLULrD14h43wn7U5ju768lxRf529M7ma93VNpfDuAUY+K43L5gGugX8qN88eggDf1KNX7wVvb9A+dFLuTK/rrTxJfqYqtBvnzIkYCGGh9SDennJjbFsyxa6HXI9ByqzoCRI5cP/GpHdcYrvYeUMp9HhO0bF2GsHvwZ0/e0N95B8Y/g0FMLLfttYBLwST0E7Wexuk82mdOTJXzs2vgxTf+C3ivAUAC89K70bL/g6QmE1BKP2zt/t6raxy6aeR/5+I3PuA1FdMwXQ7985vSG2Vpy0sjn/1/8Stg3kbDJbXdwXC+Kq8zlgMbw8fPLj7EmNquvXevLp7nNybFrJFQD7Y85J4Cp/5wpOCqCE/FU/1y5X8D++g/PdABLex+Nn5Yo91glmQUPDIpMRtuChyXl/P//2+UcMkvLj9c4GkMy8WoWl/9z3OZsHLdktWZIdO/x3eqPhkCoyg+HAouFw74rK2ARAvmYGGad1u6+dDPCLD93dP+f4r+OqDfirv4ZQ9dkyzzZl6cfy+Xw2DbWBh+d5hrRxxhj2F839O+bU2KKY0grHrnPOyRi9NwHwtkWNY9/N6bXHCMGHICLyP//zf7r5dKjAOnHaRi2Y++gVZGYIumXBKt4+ASvQmw689bvzeQ+xtccMVlfbMgMAcXU9radcmHoeNR9UUJ4pJqbk8a93qwdbMSaqERbovIDyXMXOwZ1rZtTNdXSPsUQQhg4sQThx3rlorGDhd3zx/0YyMmeK3L30uPagbtgQWHZo2zAgVuM5XB6PcMy80IhxmicFeMV6NbTrkc1sfePFG6HOeTxKevLkvClCqrrnHLOAQVb1iZORohk2/aKoeUaxaV9Fz7QRsXI/AQOPBgF2kNXXfxz23owYVrJ6QuogCYMje90cMKzGqo+W2TSlBlOt3d/Q937AjMyq6nGtlcZmYZrwc86A7SCBPE+Eu5QVWlKAEiE7ZEV06eSTkd11u4B2QWmHPgBob1EPdeeu03H1j9n04ytenra4IJgAt/pVeQ928lkv+NZ1vIaZg1acsbdXSk/jFcw4Uqsa6OBRw4Zzb+QF1dVm0GTGiadrLYwUJx+ERihgPWbGyHi8II7QApojgbQNI3LM2CZzbbs4MwY7G9qmM3pusDyUe/twF4uY8kCuMS0VD/HdzPzpK0+rGYBc4WUmLBs0/3WEb/aa9xePL2/z93hM32gzw9ERFzpKmpM4r8djN1/GW+Ofw+3GI4JMjQ9bK9CDKpIRjBkyT5LeBTjGoSTESUnV45J5yCShJjPzOFQZBANe5R3sw23fEFn+1XzOz5KGHt+QWTBKXl+9BcJsV0fSsz+HJOvMXh0Kya5LIvKB0TqMgYz9T40/hmwdLjoJ/HK3fAsRyzzXzmIc2DOTVAQZFu557OsY78WbeosY+/wmI0cna/VPbEKZ6cJcnG7EyGi0skGDnaO/saGFygRqf54IogrmdszAAmhlpJ03W/0nTyDq1tQ4TgPD1W5uAfc7l2U+noIJ5IYLIxW0Mx5BxlZXcGc1Q4Vfy8oGlFyJtAadITG00zdCtr/1QPN3dCtJ0lX7CLojIoQA+3YwI5EZHjV5NZzvctd0iRolbA9Apje4e5bfx9Lu6i2TbRFOe/J62NaCm3bXoM/z9MCptsyyFNRs3YTofdb+S95zFWFi7Ffq+3o7aGqAMDbyuVfWArV+/vyo29ATSTLXV+r9BgPsSlp2jGECI6fYmg+/l6tDi8TlKAAWsBOA5Ammqyehqu+wfvaLgMT488f8zjU4MiN774i3RIRQUMwucFKisKwougCN+bFA31F8+tckxaGh0iWig7OLwtlI+sUAILiLoAcY6hZUdyFviJlHNcWGh+LcmhZ2H54Vu5np2Ba33cBqeFNEnHhhcNCP4zsUNMpgZ2xr+CLORFQg0/s/M88BI+IEc8VR9dq2xlBGHIOPWeR+LiW1/E5nLL0VcJlT/KJCDQk2737lB74UJWnITMI5x8ZW4Z56+hOMhKV7mV/e2WCyqF1uj3vYW9cVkRcj2TPZho3P8ydiFtuGi0ZC0q0r+K6E4U4CzznbbgWWV9NE9ZhOTOgAmbPJBoPJuY4dbMI16DkP3CBHmstfXm4xz5cnMuMUqlQUnudhoKpVXtfh6NcGxm8VvBctXI7N1ND14TnP/OCVgil467baW7g88DozhpzJ6DeyuToiGHH/fnaSjmRkPNV1r/dbVDKCsK/Jn+eBWa9xBMbuG4Diu+9kjJvy1s3Mc44gtDKOwTVjdJDmlA4hYHoQQHnSh18Al+S1amgArJo1J4HMM/nOG0B6jM5Ot6zpdWX4RHYV7Q6P0d90FxEnTyBPHk/JHJpinZ7Q7W/qUHoiZXUm4RuNUsAG8WEAt+pWWx0emfE8T3WNsf95WpfBmO0X2EphBsNGnE7kUNqn7U/XVz3ioYSYSAJ9312Rg/uorLz0IJOA5NmkWHURaYCrVikysAJ4mAEGmIEM+kxOD4V4zrPZuYMW0OjFoK3EBeDdwjGX1K6kA488s8yMRtNMkPcztKs4XFuO/Lp/NYzMzOTxMbaK/WWsG27E2Ah8poNoGbWJOEAYJvD16TW4iIx763ketSdV5+XetpUQAez0+la7X3Y16+FEz0Zo7wbQRI/qzMx8fISCkyNUbg0qM1R2ThuGBBBWe5znAYmuPenz/Ugej5cFylslKiPe1ZcyXdisZMR5DsD6fOqOnNfestPFo9wnuuRqEo2I8/eWlaCzc25ZQYOcCZAC0Y3e1cGC5yibTlZxjIY1DMEww0MSxed54v9x9W5bshw7jiBAmoc+d2ZNdXX/epfCSM4DQI+s0sNZOlJqZ4S7GS8gAPLHFH4rT00mxcQiuJz0l10xhRaUoOyZHtJNfbWxgN13IsEIhJZrPI+aOAjxSpXQC0ICiOCdG6Kqkghq4AovRcMv9spmo4tESnozI9KJesnqshPEyDQ/IqLvd7qkmxd2/tY2pNF0BSJHnt2jq5qKNH1cSdkTtEjNBocj4VpAOwmwiypDh7zuPXne0pej1j/ZfPKxaUL39G1O1TxxnpP/3svUq5vRNspZBwzNWeaFZ/Qu+nM+pvukGkHh2mJ/Puc8+vuTWtMU1kNCfI6ia9TOCFGS/zRHq4jMZ3YYIJEGuhnmfZNIxIk88RjWGI/DdxI23TV9t2Wp1BW2/1VIaSQigZttEIOyXs1j8tmiIiA7+3xrDFENXo1FBL59xec7u1heApknPzV14uitZYbXtK/VMEAGe6SRcn6dlUmRnk1mpsiI3YVGjfRVUoFopJ1rZKAIoPAFOZUxIB/X/ONxp4M5jcwju+tG8eWVDTCweTWHGG16IPk8jzR/NFwPYwCA7BGIeDK9fPvvgEHtUqnhDZopxZpBmK0PmnikTKlhQ3dHmmytQVaQiiEzESmbVkYcvqZ87YJ5ETJBOOlz5SbXxqrvkEOIXNX927grKTCsoHVM+cGH3LabQqtJ3ikEzn4YF2VeyFSKb121Tb3E+XGec9cPHBs2qa02U7PsPb27pLeKShqk8KFmk2HBXSrgqH2R0DZTHahgqB3TeDCDndOQmqqiu+AtlQdDye6FsE9NmNNA8w3wS2FcUykquyyqnPE8j3I62gu0MPzp3YXsCckZTC6YbOl88G1v5Y5w8uhsaLBkGiM7kg6+ymvjNmWmYA201G8jfmZmMrK6BE3o9Za3wjzbEIWxaI11UTOdPLMwpHglTKqnmPUPkMXZtqJyYAshYu8OG80RTDIIfu+/+b//z/9W+uwpGl9T89kOfPPzVYdXxhvlOatKwytd35pAZh/vqxJPQUss/fIWgNSNjNBGVi5m7jHa+9cbwcV3y3VJ3nymiMelhHsIYavCxTJCe8H8HQnhDsqge/RFQLv3Lkfyz14KNbHcImlGO/fWh87/4ysV4bsULv1VnSggCoCobv43N7T3c4YgeCNOGnr9AfjUuCpwaI2bqgGAL91JVILc3YmAl48JXRKQ9DwfvaPP51MW1bp1v1WK9PWtc47YUbFzGrH99KyqW4t5ezUoAFbjHNrATBJ24f8zecqXBO2dqJlCCuJ3TH+XXH0mZ5lEfz+wf3h5K8KUd+DZM7PaFEMj8FRZRTZVzHXXOQdaYMmeNc3X697FQX+sVI5BIjU8wLwHQT8fEdX31Wi394hYQ0RSc9eq/sMaMENBHzyCavr1mYmMYKRL57UrAbSqQWxBytvXMpCQvrJl7IMt3jyZ5E4gLQPceeEvDRCatcYPxP8DpvyZtHMpujOTeX4/IwgmeM75PB8uYmtoFSnbXBWyM8bLdurrROhSJWLe7nRz4/u3L+lbB+ZFxmfhr22M/VjoaeJs3zVv2JmxaiiC4g/sKPUPvd2zJjATq5PIzF6HKwDnBTuXse7P8Cc2hnkKfwZyZr2R5O6ecfNMlzqUCLXFLPAXN/dNd0XsdWXLvUrUQEJ8t8a7FMdfzpsnr5vJ7rqrQvvztE1s2Fi0X2fJLLFz733gTKmPg6X8qkuNfu+RB0vzeyD8by8ZcbK7rlbj7tfJnTtm5lnURlwpWFw3Epvs5F/77swigManYc6Fm+olTPhTPec9FfoDM1exQY2QJ8jGOOvqh7cQAVwTv0+4F8l9nxKmM6JKPkMjT42qcvtKw4LM0IDBeuDwO8ACsjP4eFPoe/yUWwdg3a97Ab04IAI6kopCjJC/tnkorT5kluri5O5hhk+hkYJfXh68RhC25phejut+XD1b2QppoLURSbderAq/hv35l1kDD6hURht3tjN4eAgBTTEoGcSvjOglkoiEXlv0zUzot8AJV7UENAfu/n5382RNyPZUAauRJ+ypOkv2J7tu5tH51Cf0v3otAxrlvRf6/7Q5ytrU7Nbn/nw+kFpFgmulwPcFzy68RVR7CbOsLB12erjbp5MHjPv9VyxIR0MFC1qsqt/FTTcOdBZsdaZWF/abdkVQUBPlXDMD7addfv3U9G1pQHsp5wp4mavZBLk2jAx8Ph+VUDOovl0jWJa7YkeWNoLhVIRwcff3e8nmdVYVMTOZEXEys69Z2Mp0JhPplG7eHM1pORly3lL1YqYeN5nqjiu/axGjglf8lolsTtyhkX7LL1NLU7kOBlqr/v4KOZ/6RQR/MVzBx7tnNDATsCTa+Di/k/dWVUMkV7crug7kyj2dHULt04njZ6JAI4n3dOvtAzwKNZiqwkpjx7qRUEvzRmm9R51JSd1JTrCt8ra1rFrfWPqGEl9h1GVUlY5xd8ujQKBqRnJ1LWomn/Ng1YR743hvaX5Q9zqehEzV6XHOLX0KqHKmuwN/mFvvSLJ3wnfvfR81zcAQRwRvsFLBv61ZPHGS8syFvd2DJJMxfefFC7D6LSMg/ZJA5dMyqxSJnRM7Qcsqyk/MxDeLWsSYoQfh772D8OxMseF8r71i13YB4kP9LfO0i6i7Z/qIE73OLUTuXkpi86DK4u62snZnTYpj23GL4jDdV39zzgfWrpUSrFirAFBmyndZJUNPpXsQwaOoOzOKOR4CiRcp0zZEd0/vxBEzVQNknsOo+6UFf9Fb1WAVUVs0RGbeqQGOQ+4v92mI+6YxWd7pnXb3O6YSw1683aqKPN3SUIe+r1R0u8UttVWodofNPmeNUgo77McyV9477hdunmkAfFnqGFN5uivOjuTdqeGc42c+czLvlWLpTzexsv6M9QSHcRZA/vLwrs5BZn7vfa9E3wt4TY6cusNP+MUQfU4C0TPlQWnoISie5TJDzzm1+Iy+cWYe2Tx2q4pfI1m/QJ3AqnrOc54HC9I5lfdaewXf/1bVjkBhl6wZM3PnavPu6PFlnEjGvNhCVR1xPInMo/miOfuZ6iXFxM2gHCC2FJ7mIAws6n9nvf53iK6UYTBR30L7aoPRZRuWzNPbg6iOAVC33OhEkAr+fzL4RjMI8CW7+mSGFoHkOd45Fy+fo7s1uKpVlPZgcZKMiFt3z6cP0nP+eWnXUz3A7YqIYz/V3XxrGwGrvTO2Idm/zGjrek4GT90SFC/eAKmYG939Tk/gxTxGD4C592JRpt8bx4T2Ws+87O/3kgJ4dUV7De8bN4TFiRyTERxlqNx643fGAFR/CeaTAvhE9qX51P1mf6NqJSq08A2lXR9A1Q9SvF27mZlME8um3lTQeY6O4r3XTGQhG5pZj0HDCM6oaMy7m9j1BJRb/Rr+3C9s98ydQJ/INK08HCfVpunqSVV2exG16N2d8/dizowqKBjNqMak98iSiy6Gm0EbFvmQzPz7/Te0En5CNokvppErCZpW9Luv+kEhrgYLaAHrbnTs8eAKKxZLeb3sp61ExWpMPQhTR8MkUfPnJL9Be2ZHQSofNXL23XkLgPdRzI4ZNssbLn8Ps7Sz27zjfUfisnDxogFmwbrZwblqNZUgJ4/oZaS4dD9EfgwfqfUr52eKoNlqEiTQ+QWBv+OH1TbpcHJ3FLm2XL0dDNT7O3b/Thp/UgnjEfoXOiT6k3+tFPBOHTbQxQsFyHL2/WpaJi9NT1pNW7faBtRCyTJhYQoXZK5z5ELfqif1u0UB1J+mforGM23UOTNHGJrNM5wXuEoUvK2TxkiLm+UuEZj5aQu2elzDcCw2kjkWbhKY6kkT7NBdkajbGnQoynFhgek+53lzfe7iKMXD/H/+4/8dmDqqAbUSudjo83Zcycij+i5Wv7YDRHdSgAuySCQ55YKDXg5pmeW4mUdCQVN1qBgopz1vJFaiVdOMuF1axCp2mobyVc0I03uhSjVmkKFVnCawASPkNsi6yuI/sdG9/wZhbgvxPKdGfqgWuGHlh7ZI9lxummNHV1kmYvD6GyiQSjwoewFgulVlkQTcXKxZBLUVo8qMyCA/z/P9/qv+f423iojnfCTIVX017XWLwLvzB2+/JBdL2WYIpKBSnZeAqcHqrrtFqgBXNYcnyNjUpXsEDNEYMHKGWmhpcvHUTPetPCcCec76aX6bk0g05BSvIU19v9RcEZR8TIsN/q27jZA50SeOqsxCf84/oekoxMXWNQQYw6i532+p2uHWHidPI0ZkNaDmdld1xdEeVEvy8qSHqGHbH9dxe9pVsIU5QdDyYYHpBgSDenivE05oMXwcEmMY2ifv2KLUwWDs5hnGiMVkIUYOv5GZaUNu97TxNmaYrroe8EDSCqfDiOhqjIdSDSuF7FOkhSsrIIgQ/UHjK3bL9HC4+JeiJTHw+mXqxokDopsrEDYiSrWeJMzQJiV8v/+KF3biJPME69at78xg4mROi+G1iJFSMAl0U4XdQpbUlOJvphFCGAC5Ce95HrncMlP+FrFcJz2PNSj7odprAVShokHhOGLKroUCpxx8CcC7Osipqe6SVgBDsWsAqxC+fXtGHvpWL2l7LQLDjDOtX892/d9vceDv9QcCQBBIve4YLoS7pniQgahac9ZtrMbILZ++G8Svsc9N8mxuZvBkHEVRRVjQelvnWjfNuVZp+relAUhoCL0AX6+DmJhTAqchnxm3ii5lVPowoVoEwEw/57wF4ltaOc9S4HkwMo8XFJPidZiQEg4GxmpHK4bsK/0q4WJm8jk9rdjSLQiNikib6EZUS76X2Th6SPbnt6OVPHG6ejNRRKTf+3RaN7SU85mu7upcdvY7ZgukTL1kmwOTZ51b2XprMdPx6jqH2hQKzDmh9Tndb3qluAz+LcAyGpbc8Ro0eRXeqWq/7WDqnq7sWpMbqaa8OSaTlgXqUkKICOSivMapkRi0TDIGzdBvSUClvxFCs4RQIKb6nNNblrvr0ZSfIW/xoHYPSI+vMk7bbcSAJSCb5tCGN/TP5shVKTAhOvmAyHPyPOc540EJMzW4nZMfDy5LMoTxt26Dts/zDAqYuv2rv/WcG68zHsCJmGoV962Ch2a753kyE0wwumoBo1FIX/Ip0G47x/+6Gdi7ZUAQM5QbcTJi4bYBWtIZMHog5ylaREnjRiAkxZlqmXnNaFHSEAyw4VqvqntVrVzmjPR2NBy9KCd1yBvBPClGqhQDha6u8+stfSM4fM5HxNX63p4e6Y4mzpPamKank7GM2nd9evfLrK/G7RlOmvIt7kfAutIB+cJYVd/pVtKU8Q0t4nVbldp8078hijxljL32RBx5s6rqcyej/RMGYWVNqySjuxaCBtJOFDBLi9ieMxo9QPUd7dFx3YtBZJ6qfp4PegJ8nn+EGLdavC6trPN7OflqUTKTx9kjEJrFVtWTD6zVm9tTPc+TO95g23qIVUVV0Uydku/3+xWAK3EMQ1TWjOhb9uUQIU5Fp5iG58T5VI/4ffW9GaFzIsvKlnVn5JB1v9IIrgddd1/to1bbVtUgPv/8I4b+OQcpEM0QkhKHlmXoqQ5aUkOVGOfkL/x3M4+UGb8NWT7kGumJ7S8NRDyp2YC0zirqS0oCjcl9R+49ar603rA7iLql+JbnIQMJGVMNmE/ibTVFV3WphoiYGDSq6nn+IV/ZAQqTDICf89gLNClfVU0QM58n46V+k7j3u8SREtK1CIVtABWFl/Kl3jAy3oDfJPI8sEX2bO0az/MZWaQyKIMqhFZBqcilKxCKdw9pl2MXuQcAnDzSrogfNDPVF5iMk3kkjxPNUqcrl+muKvFqeS8ZozVCjs/9K00QQfmGi80P9L3fNErX3T0RQ4hs/JyPxgYvUanQSTDydWFKhq4kMCRSK4X52n0OT05fEqURUa5OJSQu8dYu0RSA6J81RmdKsUSw/RRBKY+tJDACJoi6ITZ3HloN0Iuiot640J3nsRAYC3FOM5awORMR93spm1bIvEXVNSHi2hJlAj9rF20q4nLJKfGbABF/55xBTz/Pc+IImRx0iOJ2UsJfMr/fizAfp1DDmVsn8t/6RiaCw3jiPPlwIhCFzudMm7tQGP1eHQztGGg1XOpU/YQFXXgZlh5lGGEdTAdxTqr/kXpPEH5tDcZBrum59kEqa4i4wZ0uRIQWhm3rBcCyTdUYkDarS/2ceFgytecKrag1gRHf+xXpAl2YPp9HSc3zyAzdUI2TsSLkDEYekt++6AmecUc4Jx+bj7uB6j3MT48OPM55tsKMW0ZyhAqryYq9xurrYE5JCI7X6lIhksrOmEGLVMvP83T15zkEvGAFs+LLxOA5jzRVJKvu2GJylukY51iIsIMZeYjHKo20hTWmKhi7HKUn2HU1JlcliZk8NrXbA8IAIqkORSyNqiZwp2WkrjgcP7MXIXpxTnZNd4PRhGFzqyLan7WLeRgpDxFigRoRN1+0OnwwZVeAX1/dVdVEA2K7yFnlarwKTGtprXlh6mi81U/DOaYrFiDyqGgc/ezuWFI9r/Y8VKUPyOAwd7qgGABrzUlK1QRgvmt4N8uZmBnHH8Z0uUN1x6TKtV0GhRXtXIhcS1OUv05kILxVcSBanj+KpllAPnICtCnTIubqr2WLZ0uFz3kWTCuJXkhmPD/DnOn7vZuABJ2TkYOCDh9sauI/Zz0S8CMEzLZuMbXlKr2/E+xzclWEjtEyFIqffSX+Rw/omKNUmHTf6NLU/TjdrsfuDR51T5/zudrwHG8Z3K9uIB4ZXgKWdLQCKcDp1kqDjZehGmtGdnxDTEZOtzZSiBb5ErLP+fB9C/OuW9yPqUegHY0y+2TkSVUFkVmYME+aowJ9K5bFtaGelAGpxAQS+DmPUDSo8/1BIoyRd0Wec7K70zOaUphXH1pyUwIynrcLkN2Zt6DBbGgOg3MyhCjK2SmgDR9felWlGg2VXx5aeHMMM4JyRB0gdnigoGf5U1XdK6K5boE1VcrXfqjDSPUmXWNviFvgj1imIzD1G+Zo8pT/6//8J4DHXlRqlCcy+521QerU+X5vnFRVx20aTXXUZxEbwv8WZsMJjBCImqfRkGhrItZ8Rpcnrb9Yc/BuRVw9MjvbLlMYsC0IFk9ZZssSH9xhT8QO6DTAXxakR2ZjHbcLOoMLvPeKFtHqESXahevCAcSk6PHCpmk/+vQi0CBdSaSmdnIyMQ/7fHfvR67FM4ndatEWkfzsPklO+qoHNny8QRNGmloA1lsXUm8khC3uxGmGNP1fcVDetR4RBRkeiCntCfoRucnAYihsPUMXfEuTqdjmApzn+dz7Fag6ZvAZvtnEw815VT+8rG9/I/LJj6bxYotMFxQ4RS/rVftmtkQPefRpddXOOTQQrwuVM1P3koNFVWLpgYuT4snz7/dOtwZsv15Jk3zTQ8ap3nsLsnvM+lyOxntoNZm89/v+Vy7p9/WJlTMzlHmRp5catruOYcSYJKQgVT1jiaLFX+GifO+CiuPpHxlH70jrT1Xez8/glVqUt5NVrUGG+l6N9/Xnv2xHepEy309Vu+tC96u73fgZGsNwNYZiAAAgAElEQVS9t75e3/Qyu+/3S/LVXrx1Khd08+UVAqWZ57qdpISZHjCoJJ33Ip+wdKZXvfEOivQrateY+7eMgyOAPKdu6TdWmW+lovP9+fhDUZyfgsFrw1sr1+wz7gjccnomific8ysE96/ugRkiAchzsP/cF/P0q75SI7EniL6+d/vqqWcyFp+JVxgiSMqqKNwN+r8SYbYl52/MaOA6MD3B30gcK+7vmpeM7InPOyLgzFD2IC2rMDeN5+RyB+LvGFx/iLHINWFQE5V57jRHGo6cmcz8OVA/2d3e8KGpHme2RWzjf1648udEKbsOyTz5krJtEbPMDqyi6P3Pfud/CfhC8MeUPWfAyIP9DPijTnMhZnZG7Doc/uLCPsT9jUPkyXQFBKjnQY/M+zOCo41BQfDWV7h/RDDNkiHAkXWmkCNf0l71AL3/wBVld79x490KoxSv0+gJTTfJ5/OZmZNHSF/a8lZqwqvhhD4SlpO+ddxsTFKUOL3JQWxlXWUBQ/rncc69tQCKLzTJ5dJipjTaeT2RSWKaS1lwSe0xiYm9f09yy81A12HkM+u/BOlTxqD+Qvrz9aIaMydN5chM2uFNnnPiZ+kTpP7b1zJo3DJogZ+9d/UJqzQ4Bug66t9//8USkwWXVNXa9zkyxzKJDFwqwgwBxInZ0uC9sO/fiC371jlcVqMRnpmB9i7My+nXA4mxCWqkU+pynSJegXBXd8tES4A7yUifPW6tPFiNiWkuEo87p6wF0IonBgL8NQ/onp6q+nbdRnfXlLupFZSY2Qfg3hsyIQ0LjXu/5ciNl8ouImYKMjv6Sr+aIczZeb+R/QMAvPUbe8155FpmUpiDpZj4J++9GxXxzz//7JpWnS4N6gFAtMfuppcrZqSJYGEuvJPga0O/0VXCTWHjvfMJxzQdkNG6S8ArOBqz/DgrD2aA5a9InWBzCbl46xOaIgMSkfVnQCJgF1ulqJmMd/14EJhX5bxMcxKI+LGJu1pQsgZRmfk8Hw0nXs4pMuRGah9yhlAFN95vj82/H2ax5q/wMg8IAxTrVt9dDPGxANSxVK0v/lg3YFNI9XWwmBnrbjWCit71feEtL6ydHXpMKBxmrd7UWcxMldmN+pzYqubV582MGQ9Yj52GalFslklGIKRK+cs7c6KPZPziQ1U9z6PbYT93q1WqMfAUcrA9Dne/wlth/vvvfwFYLjxheVjT2OJIxVvdkdHTRLrOJ0zCCM7MP8/HXpab6TTTEqitLW7i+ujPzHMw2rRBBndqm/GaSqgUJFT/WylIid3p/DIr5STvvdqNsZwSZ1kyVWLJz6RuzcytryKwblxNiccxVnRB8fDeb4kiGmdm1Dl++3b3P59/YrHCqpq2ddueMUYsVzdyMMGwzRegiLRqZkdX3SnFE8c62Aoj81Q3vASSkZ7Cul5abGIwZ5dpj5WsfI8KFhnfxBr3Xku4XVGXRpUk63uDvPUlNRTwsE0lgeIeQww51ckhEK37lmzrSMre/R2fWS+IkDUHjOPHccUOaHveAMzM27e7tW9DE6NXEpR2bhlZcS7BC7rI7+1z/grfrBeYu/Wd3SpRbrG5T8gKlY1F8TZu2DnN71bGTtdAQquAJYz4rfZBmzKIMeE9jCHIHW49bMkQH0gi4G7Qytpe1YJSTlWpvxaLfMAq2yUQ8zxHKszMM41d/Ft459MMkl2lCKpvWvZGrtzPQ7JUWSHGTL8BkZkgq7rrqiISMPKco1B68pw8IibqWHbX/d6tYfD9frEzm7e8FtXhFRzohek79m6D2OpyxuwHqaWFlhhbNGDiE55/93jx575giTwjtl/QEIElOVrm63dNUQNNHGmVU8RPsKL7m9stvJkutSFPK4UyZRqTGVJuwQJuagvGi9RXlSJkt8vZvjciJljdxz2Cc65qPNecIbeD/Pfff7FYrivhbVLotE17qvzxmN1o6Sz8Bo5ZvxBuUaX/pDnnnFxA7P0PaYKknpuFZepu9qiIwdIv/0O/uneJlwublSy/+R37Y+aTeRwxm9lxjkZZfnqfzz9AH/tw3O7St5bWUN/vWBbm7/ucA0bZX2j022GoKnZ9o0svxjom7V/68OJg/EVOsGxYlbFU+b4VKf0bfSzf/91GCa9Orm5psxS3Pd+47o/HBbu1OWMsmLCa6s34aifltqmy4Za3zUnEI1arPuxA3LjxMG+dXbtb28jJADRHXxN+G18jwmYeYezo5wCBv8cy9FgiUgbHfPvP9wT+CciO4avU1338+dn02xN1V/fzPGILPs8jdOREZMrZWfYSbhyUZ92w1Oq9tj5/78Vek4kIpRZL8LtnRntf3s+Tu03hnCPiyTlHz7AXm+puTWa5j6ZXZbXNlJPae5b+VLPehxRG1SCliyKzQrtqhtn1WvrG+Z//+b8sQFyxlW0D0QyvF9Nmr3/O41rkHI3EdQNjYceeGVO32bKICqsa9Y0a0mUI85+qC5++1ixQusbU3mTj451xMlIaQQGvBuAYkbKIosQ3wwbnifM3ZtuznGh5dJum3zC621pLo0LnOSfPZ9aixBMRAOQQIwIMtM9gQzzNiIQ+haQx0haAcr3YFQ/iy8rF1XVIoXo6yYXp5zkiQ81MJ1NqA4E+eeThADliyfwHwoN0lUmuepjq8YIlUED/XJNeFQG+XcPUlRMEMs1hHDBqbqNvXSZ75Htwcos27FBBTDcAUzZdUWq87sT6yU9GclZ1NXbr66p4r1DE8yQyr+IXcPK8Qbnr6m05jnuBpFAr58sgpmsax+SF3lzCGchsUqBHitXpAKJcleecGA2WPX5ycJfEBDGciKgxZaW93B3v2jassY/m8AZ5u3zKZvKcGcjJF762CZjd//tqEfJIVW2am0Khtzk+mWodz3N0/GWcRFL+vJoKECEC0aIzPV1HdcbMt76Rwcg2ok1TsAN1v7AwXMhgznqR00VhbeRBEOKfghSzYOuwzDzoGjhc2MgqMzPtVDcN4DkfMmjXVh3e2TIFExJXCUWd6aEERo6EfKfHaWKQ2GoxY6MANXuYwDAin+ezo3hu/7DTR1cbGdIkqYhXoBMZ+wfMq0mZwgxxnoeevgUcB0OkoVn5XmaOCibNz63l0vzVteqfpE593Ko6bmGd2lT3CE7q6nMizVDDDuM1MZ8BqgtaykITciF664KwmTmBd+RJTfX0G1vBbWQ6c35KzJAMXrOaLTpDKX5hD9kxWRT0TgvO+cx4VEyjI73YxyBgXh7q1ZnhzcJSn0xV3WlN1FjY4UmuLSFTK+zoRbaqgYOgHOST2qFdfwoshT8zgPaYU1GfQGggn8lBZKrEhWch4lzg7d/H9oU/26vW1GGKlDSPM8g4CNU0iuLNiCrP60FGKJs0MFI46aR8PomZDHZpX6VLsWO3kAcRqlBbwsZxO30y2y6CQu09arLpxk/YIUJi/Rl8zEB7mHb9uMhxGv6hILol0B7ELlmBYTMW9x4DTgyVDEdKEcatnogqgJFPvnM8hSY1Zt3IOM6AKZWSG55M6zNUNng1365fUbn7sjf0hU4+BP/r/hvkOVROmEU/XSXcMh/cbSc1/NBiw6rOn6yTsXsgzeaY0eSrugEZBnpkqJIqyBme8wgYAYyfRshSzO/oPJ/dDjpTXm70PI/EH7LXk4HmRHyrktH3XTEXV2UAgGmKSUcYPgi2AeUQ6Jn5ANKLxHill3O9dMFBNx7V9fn8o/uroBk01PWnmec5Z0eVbxUl4qGApPA8SCfs7SEJAJ/P5zmH82s7SRb6hNcmO1x4ml5ddxkATc6JoBZuaagwJtoFUxvzMnOkkg3OzOf8M4N7/52Ai2YV/VLqVJMR+USenhpM5BMLkWiGhfFMd2YYv0HC/MwvXYjodsPjtPHMOWSUHHfNkUmKv7OTo6MLtKQrGKXSCkrO4wVmaoRGlO5vX33z3T7t1bWD5slAPs8nM+69gYT7HKJx4oiqziDQJx5C7JNGpGc/byG0X/Kck6+3IIlAZjz5ZCbRz0npvpzFRg9h3WPLZuuqbDWK8yI94t7L3bteV0u2GKRUj0qOurYMXjWl0nlqqjH9PIekrh5VZXSjcSK7KiOSMdUItwmZ+cQhw574L2E/QrOSk49otgS6J/NQAzxzxuRuoQJsSPBorh8nZaCPiBRSparj+nsJfwQZZesryuS9u++t3tnV54QEC6oZ1BuU4FqkfKs3MFqlISE/Pcg8997pDkZ1RcSTR2+cvw5z+u3Udhre3UqIkak2k+TtW22Kf/XtNuOv+vv9/msSu2yFvl+PrMmI31wc8FyqZQig9NQdyNcj5GeDECEQecwCG7y+mG5D9L5aq8Jn/9o729MdR05BAs0flfokZHD/omWjSQcD3c85d0qc6jg51TNzR6ZCs+CyzKM74zzn4y3ffTMPdng/M8vrdWsjPLG6DHRqTxhDCk1G6iQoE2mX2Ajl95aOqnvlYmNCg5EEZWqxU+U67WIlYs82QzNCiAVcd3owLCPq7OsBngaRkceNPGz5K27aHe26nEGrgwv7QrjcfbEbmWXd+lciSGZMQGIy/UD/IQbx95khyrUmW5m5LuFLzMSMmR49nOARJVeEeW41tbQeCSSH5Mkz1elTrsKuAaHKNUTNNOxoxP2r0PomKjYVSBvdmLJNf5TG4DTI2/teSu8UlOhzZqaZxyOW1ce6xwkEhxxKLnuYkOQvDrrRsg/w99XV/dk/BwEZNOUAOu0asqiWIHjOYfDey5n7/Y56hJGoUfD6FU16C7PLwAYxArkbGZNiti7AN+vQJQ3rWgcXgz2MPJxeKh8bwyVlCcHVybR6Q3efHlKSVJyRBk7tQN8GWCPKRc4ak95S+5CZcc7RmsY3RKgR4Aj060ytrjACxpFHqQPWzHw+n1lTlEKFS3ahnSmZQr9LlUesfzkxWLc6HvUrHIU17Jj3qzutaHeL8ZMtkLZZHEK2EdZ2L7VUjQPMBKbQWD1W27TG+I8JsicjeKSBbwpvOJ/Q4gd11sf+hVXFiNHUSFRaD6XWOth1fkRkMjAKaIbv3/ALAInBWPHjfxij1DlWJHCINiYuv9Fc4BU7gH+jyszIrx/+i+t5ZTcUxYpSGeaNF4DGYEtIsvdO235QrLttzR3yMo+r0HB52d09dv0awSO24O880dUy3foBmNonqxBncVnAprLbJqFBnjgjwnumajATJVVJeg9TALhyYJJHLpAnqyoN/W8q2+oRQKaYxIJwf7pbjSvC7877D2ZQqDiOfTpOSXOJMrNvY4YuyE/muXXvvUvXm2UemPjxcuZIBrFub0s3pNOivOI1AtR3hGz0HIesfNKOpVHh1Rq+HgOaa5pXYj8MMCPGtdp5YSldBVTS+kKdcNKL7lXcr4NCz/TJB4OqrzZj7U2b1zQikzPUZGKbD48YOSHmnNjpXMZSSDioblHBYcTRbM1Q+NKuBHvOq9woiV+0puLeb9VtdPU8eTKi64axDj+NFlfvBTroeY/S9HmeqgpMMKr7fjsi8zzB2VYxMZoT63Z46KI3PGaITf7H//oPXZwZIwhgCAjb4spD1FjW6tadxP8IGfvK36SI4LX2cVKefTO537OXwQTakgxAitrcEz9IImK3XfHPcvC/U70gbe0DW15opDlKtlDlmudsEFn2aGbmeQKh5r+7gykJyz+fz8zUus0oYFV1aJ9toLut5pa/M35LbrF2OmpL7q0J3hox5gRM63xj+pizLFPaB2O+UlXJW0OhNpfrF6YmvPXjb8bj6b3Z5ZOZbX2G+AU3M+XgrxseEbWjQkEDg4lj1sY7dlMVovcIAkmQ6FG27ltLjtPAwDPMP0ZpjDexSSM1PYPnOd2KvBDwN6A0epotj9kx/73BdnotMZ7+zsa3FJAJLPbDGyCLNcaZYXcR3UZ+uxVE7KqJGezuJvXxUuN0VTESwWDYHt0NCekq6j2cU7dJ//nSCK69kd8gfrYkQzUSezgxBpNynR/V8noEvSwatfFqmt5LrnNldtjaB4lzl7lLIBkAVlAV9Igk6oql2NxWkj5+OV5dyr8nfJEk6Dxg/OHMGlAqqotBHtE8M3dr0MbNlzYLgdQvU+D9RWahClR5ra31F2L8Y6rLZu+dYS97MtJouPj0bmWXO//GFkE83Jj7xmLNPWL1Lv7NA0aUx1t3pqc8G5vlIgXj+/3q85hyqE/cdtwhiVFM633UDnGQOl9R11570IcRv8DrcNosToOqg8jQYPxFqfAD7+Lv2etlP6n8zUxU57JOOJKhhN6V/sC3gFX+eO/mIoiyKNUtcM03jtSvvhUzc7//vkXnnqs9S7CfkZTSoDbrWFGh/KN/2568dkTU0qPkOhqRYaqgDpUbAO0Y7549T5yg1Dqbud73bpjiTXB+kt0tt71FbQR3al4brrMtxa0q17j+coICfeOYL10lSO22DbN+AhIR6kdn281xrVa6KRGZ+dSSlaxdczoQR1KWQSBZy+Zux3b3fsqx76XmztnGA2zBB2LlEzBbzeAOxieUzsSSlI49Tx/Rp/bUvKoCATbLiNz/POP49wIRcXdVw/J5sb83G11VaJAQw15G0JEUosRdeKskJhAhI791xcFXSecmK3KwmZ5kepWFm+Gqwdx7My1m1wUXwwAzFL2FEPdqc4q5MHJX+DFKXsqh35fjt5hBDshiQ0/PoLuP9xiFKi4BuBqhgXHvTfWTZETc71fFuoyhq5t/OU3H29EDbBQwU7PLgV5/xa9+nWKFmYzLJ9VL+bPqyYUHtxSUYymWtiZSNgzqbU2EIdI7Kl3e5Aub4i0hNhe0FSq2MZzuzIACiMpRTcWkJA7nu7OyaP2Mrl7Iex0jaPX5fGiFE7q70BHh9lIA3/LdYH4MlTu4+4fuvbe+AIh+qa/m3LTLhrRVq73X/TRMPw5G3PsFIP5RZn6/X/0NyNGaX3qRJW2h4Nq42wzEufe9TYRIWuLwTgTFF4aNmGKIzNBWxBk7F2uVC1fH3bZSoVjY20VXZkYe/YBa+6MdhhGxNCiHylfHoGfrGfbUq981M9GDWN3HXuO15/kAkKnU0WRuL51UxRrji156v9dD7pnqSsaKXHUJKuNU1ffeN4PPrv7rfb9OVfFOnUnrduRlJmRtftkKoy7wVxWECTTaIPqeE/39cNmX9LtTmgkX4I5wmTGDf+tymOdIdWQ20GjhT5CyoHv/K/+uHXZGaqV84GWleUD+405CLQAw3++3nc0TYPUd10vzGA13nArnZNc/e0O1onBP14ytbGSptGx6ned7b8YhXStatluqV0XD+vU1Tgd63wINW9t6VQh4ajIzESciQG07+DGR479173+e82CA9v4APJ/H3TUlpPCaAR/p5aLaCFQ/t0tTfXYjpIeTudOsaJ4kLQfU2filwt6iRTWeYmC/HuJmUsfIuqT7XUVDxsu9xR8MRa59m4zc4pkPjv1pACZ/uP6c7ejleJDn6Jfr1Z08Gd6N5xrY41rW/d30NcDU/0zKj5T2yov1736Pq7z+It5PBK1PoFmhnjh975cqBJmOhzMxQ/ESh0FtoOmIMACk4T2dauL1Sife0zIQzhXk3P7OdEZkeNPJzGjtrnsxQjM34XkB9trui2ynDuXkESE1ghp1cChIu1tOwoKXEjJClV/0n5ZKuLNQyFgdUsrCkbHV/qgHynxkIFF7JrVhSF/wVbEAzON6+s3yqupdhS6IVkZ1zE79xYeIATQFfKnlgx5Yc0lGa0+r+NTxx2thv90IHc4M/lTRxn/c5/L7/b6Kxtl1evs33d0ZKZWqSBUa4N26ygJclZv2l0ykRun2BaJN0uS+iA3avQM/xR9sfQv4Ks20zjl9Z69KtZkRveN7v2roIsx51Y04cgt4bVXe9KBaXexR3WGjeN8UQEMBVg5Z486Lv1oIQhUVAu02+W4f2bcMgZS6tQyuXgAn1eTFBO+9n/OQHuoDIoWcF4FZRjye5xkZZzG+//XlGu/sO9rL77tGnavuViGqOP/+2+4WH23fgk5Okt4KKYskP6vX8TJzUcdXttIRqq6nqgI4me+6tdmCWbXl5zzd/Z7D95O+sJXJQyOEOgBUd6/oTfEfwNRUVd1vrAGJ5pX6jrf6eWTbvlYNYmZ/HhAaZlTfzNQQumwlumtlDZx738A7JAZgwvvUW2fiT1369ol+Yj2z2CBXnhgL577fRfdU9byP7iYgxUl9ked58ILIuVTaebvjdT6VC4J2kIytn2YGM1515l/d8l7d2P9LiO12ft0X9i+S997XuE+XINeq95XCA5o7+SxR4KrAkLT7jiYxDBvWZ2TVd2a0cdXlnP6on+ZT5aJqCb7PjZ756Wm3DuzM1PdfWea+owWjx9KlQVMlFoSHW41U5QggFuN7WeAWKTaPo2u24QstqVb/FWvvQTIyqq7qdmELAOdPZqe++5bu78OfxStUdc1+qYgIrWGWtr7u7M5m7H4sG12S3fV//+//zf/9f/4TwASqixmqMPSKsEiZLqRALrtYggQ0vnuLhoHnJ/oB2AVsLB6ZzmBQ7SsDPLIRsJQiwOGWR5LNvIsu90EbYNLLePJR2UtMo0l59+ntjzgmJw7sR0FC7F1KYarWK09aErs8u+/3354O0VPpBXeJXI4GBDXWFIL1bQzjRJ4Uk50Riw7KLYv9s7yXc6RgRCu4MqNvd/V0UwylnqreQaPvYxAZz4xYUZBs4Z/nH2WS2p2cYktp33PLItk8hQEnkoOmrR5y9pTr8doDMZLQiM38CJl/3XvJyT18Y9rHTtRlpQJfxoioaZBiK8vzHdT2HI18AeJbV1iKAu4EUcMJmi3pBSMAIh9xPP84DMSLkG7HnmRg5L6XAjo3NAwaGYdQc6fSv0+mS3+wC631fms6TfKcxwCTCdqdzxHe6mHa4OQhUKikM4qm6FpFOET11Q9r8IOGtsZv4PWiznfAQLKnFvJrfS/PgSYSgdR0R8cAYuqpLnGL1d6yyICFNMEeb68GbCuhkgttjmZz5ENFJXKmkNSN2fDdRm60pRmCHBLjpd8cCOdPKT1cJ9HcBEYAXWhgns8RdbpFlWptI2B6zVKvtZzF7CS3aA4ylDA3w6G78k9JKkXGHZmvI8+B6OgYBgb2569u0NptbPJbdbLmENYfZUTG6Sp6k4WlczMTovxH0nQEyAtVQ/jtaoQsUIUCILuvgTU02kTy0jH8Kl0sUnNQD9tJBmO0AvQc7xhY6cb0MN8HBUBcb0utpst8bA1xkYPO0HzoVTXhnM/2JKXKXmWi37We+YCcyLMDr1l8AADkny7fdv4U3yp/66QFW+RGeE2UW/S3AEgvRYMN443SjvDWzYGdJrODMRnJttJMRnUZ2dVy6/4xgKTJAGYqGNITbYE1unGpDEaJJEQX1G09PhxcIxfgrOOTeKawtY4klngxJLlhgsal9NjiqElD8mRk5JnpsUkdsGi1mwrDqe7ooFH1nhtFPHXomkWILyI+SOYzwLC5VrUYfD6f7sbEtNZTY2elWjJEGb6J05frJNNW+KVAn4jQdQJCKg3rtN4KSSW7q9YOygy6wLldjX6x9ZDCbxdk6X1p4aEUin3lrB38jaakYIvMBLFu+571MtRv6KNYHb9Zr6u8pEHF+K8fJlT24NVn0DdcFBWBOgAwpc8pdu7Wware3LTnAQORCsKiVB9VLD3VhiRSO3NINxIZcRwKMdrnkU/m0duUDULt2m0VYGq5JcR5nkfVkE7mOZ8a1FREBMSQKNUkVa259AnbxUYEkj1d3wtAh75nGPNO2UhOQabnM9MlCxdZMDuAQl7DQS8ci6Gd01NXvzFgD/g2ct1XdvT751MbelLP3FyeJyJtE2cgUu9XmLM4ApwGM7rkZ5myHajr8SQoo27rTzHaAuKhhZbinkyF8mpNuaxdHCAia+Zb/1JBrxszKT+6P8aD6YkOxVQKEQ0GoJw8fC+Ui588gle7m5wIemWoBkWL1UfKYLlrWmRFgYg1Q0eXEWRQsM2FHGwzMNPf+w0tKqjOlJ/A2VzZ0A621EMBwxdbCoUIyrIgyIx4ziEo3j3JJhASb74axMQO1Mj/5oqQ3pc+qw/o7lLkj5T9N+79EnPOUzI1FiME1H6TBmfqVmmyR0dXcbHryUPj2jGioyvfrnybYNALe8TXk4P2mzixMkFBeypUBGh2l1ZMKd9rUnhOJo800bPkGMg3WYox6o0iDXqOiuJC18g/X23zuVL4jUoy3y8ysDaq3vyW1PAjmS8Xxv7s0GxeniFPtwEvfR6DJloiKiBeeX26pspdWwKMARG2WR8Ttkh2edB7nidle5iiaDg6ZR6hE2GpiZpeaoQtxvTb2YrRrM8ZyxJX9TUe4jAitoMlmMM458GyPmXlKt6idoE0oWG5ikclPAUlnT0GtUpGCU6tuXtDIT5ikMl2jG5ue4Y9hxE7gVbxUnW9yD0ZGWjHE5BwJczeYY9b5ilSRKuRdwtAqaZ85Ab5ZPW1bdQIOPVgW19LjV5kLgFrfBm7Tz5p77hOJmFCJHa6A4TNCEYgFz6fh0BXV39NUV/7L5K3v6Y4eAAPEg25WBwuv8YPzcKa2TQNckrLIoOf8+lR0S/tx7wAmfpT4X6ZqdD05Ccibn+B4WgZiSbD2maRy3FhBjSp1GMKRjI4rpSsvwdvyypdQU87PKjK/Pa3Z5xAI7s99EJXwJQUVQjy/VPDSg2DWzKR7KoJq0PaTVhmnOOH1NIYChjV9pTqb3efc845HGBaRnmSueiifs4/hG2FpqfqK4WoyGR6zjWXwTxPeMAEqVHHYPpM9+tEp+Si2nt6EHKNxmgcktmcW1fuz0v7IxEnH9iWYGzexCC8c04ySt1xtziBl7UmIDgEzDk0CBhR/SZABgBaXycjGb2eoiqNGPn9fp/z3G7tDvl8Pq60I5ORxnrs8CPLYoW+b7dkZDRqj+f5aIg88q7oRutRhJZvtUsUuQKoT6Sekr/42nQrpzz5k6eowiJaRGMZQSi4tDg4OyxffokIl+FOy6ANa/F1jQdEdkJN/SAAACAASURBVHw+n+u1c1N103CvzJUPwGEXuqfcm5gP3mpW7tzhxITSLhjPOTMjKkZkqg0ERrvNuq46DI/KvAKvtbBw4UUN+0VCEm5TM13fr3QwaUMV4ygGuAUicarnRAbPbmHHm5d1hMwbuxczwhk08swjT3yj3roQETHr+yTGx8mEBc4llgBghc24dhLE3KrzI8QAq3LBLo8sDCozxAD4fD7dgp4+ESm/hN1vlG3bK9vaaEiW50Nz9aop7b4n7Oqg+XoxTW1f0BoYZ4qJNdTeIj/S0A2qEd/i53xIpPg3JMu0hgCoLYmEhLYt9gkD8nt/YQSphK7WB8zorq1tzunfC5qZCaCnvJmJ5zkPNVqVhaoCBQPAt7/VhcGtGpTGAHQ1dc45ksOptlHjJHWUamPu/I7GXBERDIvKuuH9lM71mkUFCckB9C7LQLOWiOxMCwyv+34NH1KOTdjhpK6mU2MwLPtoTCMSXu7SEXnOozpRV326xgCdvKhkQApXJtMqRkjWXBAnHwC37/3ebpPp9gm8JGidkwHn+XykXyGJ4TlnyAHPc66afZAUfERCGz1jQeoc42SmEeSbxJex4alV5uAdMv3WKUXw3q/JUv/rP/8jFsyLCJltcCdmM5OZNozzwjEPUenIaItBeV+uFyca5jGNJh4bIxYdZptNwxYGQ46Zbs5AMDD1jkilct3R6JgeUvUFPO3hgOsulOeEMxrEdtfxF+q6VCGq4SSpbkEeuPKpF+3aZQ4ojp5WB4/wdSSRNtzHL/XOO/NSuYcX1bK0xxHTs8fCqt74h7Wn+a2S1i0zCjV96JcI7APgGBURV1YwoRd3ZhphmpN+6WFwcDKlxEOyrf1Jc289hfvLowFaEW/g/d6WlHJNWvSl8iWoQv1z7JPwP9SfS3F+z1kpIlybxDmZM1gdtidvpJnvsBB4ebh/PNz1u3aUNT2l8e+8k+Edyb7sCWkm1KthVD5xZrRATIL3qioUAgh2fSPi6rfvdGH2kZm3LCRIvuEWY5n7EC/nUQl4RJBJAOLrvTb6sTjXMiBN73VhJhbVLhvUP24D9/MWN7luNr5uS5s9GwUAaOFbMDE1GCY41EQ9MsXIkBt2WBlIMmFL89BtB9CcWV42zCJRAz/vpQhG68g6QflMmqk0f0uHF+clEet+4GFb24NCQ6kfWrER44dmcnDv3QESIDLCKqjwU665qzcrUGW3VMa2nPqxMvU0GOJMQc9Q3bOarhlnZEbq1b+MZv75dgqvyxkUXxIz46l1F9yl+yR4aaQBhxd6dsPg26oC1PdrTr4dF3KDth6XZi6EBhjC1Ha8AlujXmkXxtn0eR6LGIaZ1tNEeLjIBYJ92wVArwe7RLWRyT8Dv7AzpqX9JEm5Cpqcp387M9N4NwGY3YCuaQ5H1UPSzdWMXpbuycyA9i+rnWVuceCkEvHb8Nk7yTfMLQKskDIXVTpm+jAWGGq6sIfWpzGs3vAD17lUYHqpIrr7Go2nPZ2LiOorsrz/qBfC2LP0QrfwbHXqakWQTZ/evSxK/BFcVy24oXtbUbHC8zEWMFaS7TmRmZLg0x/7/o3PYG9FnieyvO3AUfH38zQjGPgds+6rOy/Qflk2XVXup7b8aotLaBnBPpB8l7KuZ7SK/sxseil37sL5d4kfF4BRYoygOKg8/83qdMQBrCYppsCJo9sXb5oWDQxQsBRrXqfrZZ8BkJnEeF0oDPiKH8cRYtvd8wdewT69+O+msR6D4Uc5eQ9D7n032Bfv8VQSjAiZ4PN7r0/knoDMQ93TZQ0rkutBRMRVikcrEs78viig8hthrZ5e7y/qegyz3z1C5kuCr9Uc7qjMocxvCmYT7585juE6XPN6leqEwNFPAca5Km1KbhfLwDlH+wPOOQRfnhTWYUyh4/gZGiP7fr+MOOdU3UcURW32lELuVq4mSY+luy0qEiJQ/b4LLssvflQpP0OqVtTV+8HTJpm+7+Xea9ASECKZXrm8nuBbY8hWRLoE+a9oXERrwn7DNu2IyudU9+f5VFWekGL1nGMWZOZMecHvzAxe8rXPS4R24ZDsW2bdroupbhXgsUou0xNvZq/JPOd5BKgB0JTUhZkbEspNTAOPzJR75+7J0OcBgPPugYBjmlOw95G4UP8fJbqiqKCFiBAUSHCXRuZvKB66PpIL+LTYGARQhn7J2QD0M0J44aVWoyJzZqYLM+nmGYDXfUkt3VWqGM45VpNH7GFruT5Wl67TOYE/7OBZReavptrlFplpoGTnhdCvWG68shIZ9r/c7GbGdKQmo1ViE61QCrs84weeWtOm0+zcAcmPr4bHEQj5de7QGuzIc+tqfHoe10LyxmkOfw/Y0YNLBtQ39XvUWEQ/MDtOfGvgsMxzthzV0s4ljv5+cv7+mWqqX5vcmVsdwWQioxUkxcBzl3p9/V1CWKvkz7ml4zgd5/7eVsR7i3l1auVtHHiLW/2xDdZcbEBTzJwxh89K2R0V7CfhtM9yRCgOuOykaDqhkHvOuf0VhQhbLde9zHeQwPct/4L/MnbbcqKuhSCFNk94vGpOcZjtK7TCUQWd+awkAYeRWoU9IoSZ5FHLyYh1LXMh6s7AeRBbn8hLXbde3UpVq+uM3HZ1yzqFqpMhPOStzEOiB6ORM62n7SH6SxZWeXnOSW0y6AnS48zdWKCYn5nBkxnT9f1+l+CF37U18Q60EIrUUlGP1qrXUUqHMDS57SuekD720mt+VetoE1u86q4/tf0yiqCf+UG3JKPud2kN7n2MISlzid/NfM/zQs/uBX4/v1nP7JZuMm43Y9EDwRcxVVdAuYY0WKH2snS3bZ4hLD+d1cQsFhGRB2veMOIgz6h28jO34urXYf2PtlopPiJkkmaEAdgwssCOv2O+79dVseDtqu6W47Ekem37BAZTNKiZH9Dh+LliOOEMqqu0BygzTfV4EQP1OPuUYtXSos5jFRsZ2Stq6e7+Xq4GXc1yd6/aSenjkIzfPkvrTvx9lea7Ed5AoFxJMw/2+pA9Iia6pd35ELum6gqIr93hpxMT22V42mLQM6+4R78VC0Jy6q2dSH6/3w3Fca9R3UixZHz29AZ7enbhbSzKpNtEcHcZLv3ZwDS/32/5+bOq3r1HWiR+731WL9KIMADSAGWKtH9xZsLANe20QQTjZI7P8LwxTR1Mr3hRv1fx9teeIwYu3dWNGm+xfkJvZN4+4s3pv+/3NhQbVWKdVHvItSf1e9ntjzIp1T/UyGF/EuR2ok6D8zyPoHYjcwNhAm//+DMOIeWzMnp2OghrICGSq35Xq91XinUSjn4DAjmC9f/sK7UPrAOjMdb329HkGAV2/SdGDN5w+n6SWFB0IGxQ72JaNd8Mpl5oXh/D9cZ4iAUAw6rvoAa9QzuIHfI3gJNxjk3w3jN/8jnH+7SVEdTJvhVij7aGJL35Zk/zEgpFddKf+V4QwFe1rhXqio1vrneT/p//+f91iRLIpRrZzYq0hYtvM5ORIjeI1sLQp1FS0mUAMCtOzIiUU0kyTuQWbT2NxjBSpaolQoyIFDsgKZ64GHORmRNRPVg7Z/lIRgRTY6bsPVZjQJOcEIqhj2+TrwzSC1VesrGnsTIoDHYj06vPIqhtUu0RLsgFtCLgqXW/F/LsQve3zWBIOrC+kGhoViliGFOITWTOsHuYKY0qxeLMyDxCWWeG1oH6ypkm7PoA4j9yNdTYPBwDkzgibE2Nak5McGlT3/uvZqG0BVgKUixpz1O1cunctsg1+Zj6vQOYX+mTXutw7I0TYlLbTuQcDXIiwuYKDFMGxPLuAaa7kKpRlOVa7RQ89QGaA1T17XGwBhiyoFEytqOCGmNmitx4699A3mqd00S0UQtwZiub6JnzZESwC4hzHswEeTQARUfwTkPOobNpVV3ZlG8sXHyOHeRb++uVhEiiW4jGOzuZYQTlZ4pfreBiRbc/IwcylmdN1VL5Tjwi8MYOYwpyVEecrBowMNQJV+XlJMo4kYxlSfgCepw9Mxo9vWS0CTTQM/dWIDTVAeecx9MBONNkZvXI5DQyQa0DME9TMTrTvpzCRKuakd1f6QxgwyB0l1L7TAekSZgke0r0pCCJxm5KF1q0M4SWB+5b7Iodn3ZOC4hv+wMm5vsuu6fjSGa+JQHJqYrQeD53vEGVVtMj7nMB9pqOXS6nwYZrrHAOye2JZtJ+2eb/KhFsuxhUoH9ZLbMTvszlj8uybPDTug0AWdYowctMZqYxU62vPyHOgmbiglR0JLrEhYenLMr1AgpFsqhpr7jpd2FyZN3v23wNIDtayYAMYK5UvzzxUdugb6nbRFe9Jj7QXAZwkQIP+JA5+zM9PSiN5mb2OM5EQjwCZcQZF0Bh1131V3JP9jJe9STrYO7QKgBXeU1lRJoE6fzS3X375NGotXY7sXriyHDlRgDmy4x3QfOcowFDtxyHR8s8AJwnvvWNIDgInMebV7ruuv14F4U3As4aJrrwWrypYP8uAtYzRUhaLtTX3zT0IZUZdRFOJAaR2FLD4kpdkNfxc2akJqEBwbdllfCRsn+qGkycyKQNELp0v5zH1SRUeVhoWTFqaCtT3x+8mzxQ39rpgkgnF2QTjPQ8k13dYlu3i2IYF26lMxnpxG35jydmqlyU16wnRoSM0QSjqIB+peqNiV0OgcFEymFwwO4aTDoI/Cq4YSNUKscA1V3tpRwho6fAiRzMf/3XfzWR5/RC2Bmxtg+ELICMoIqdcO0vHCEdgtidZFiYNEJGLJ3uKjXAEu16/N69fC7pBQWHTZd0Yvo2bjUlQQ5jIpxp6VbHY5ICsYIJmT7Zp1hvH5gRw0Cmxj2MnGkB/ZlhkHqMkEqfniYHpOnlVVpEyeCt68Iag2FjtKAIGvb8AUClF1mcghHZ9e2qLv+W7pavvyRfXXiej4GAvWsRcZ5/Ah5u2T9X1HIb4inNEp71zvoOAZhQ6ZPBn1Ik9gPKcJKEuxoNhxQjIiLyDMYLSyPo5OLbBHTm4SDjWWEESQ6Ru/AtDV5Nd5m5JCsmdFWVWBGSRSYbXdONkQe9oNUFXITem7byRoD5M8zr8X2iJzq+EFPGiWosU9PAQzQxaU+u90JRj6xEWybwKzCo4kSPC5Aryy8vjHN6I8z1U16m7bB6ZP7ozC4Jxch2yVsi2ExyDOJHeIxh3vcgmGJ9qvK5U4PFbxvTk2bveuVGxNEvs67RkhSTW5NBKGxqohaNvl12YbSRpk3bVB8G9Ls6/uwrJs3G8dxCz7/n7WBvfcG5338x/XkeyAF5sRpgsDQy3VTP/BonU15B613uvgk2SBWRf24VMIHIyGV167yx3lvdnbYWRnVTAqEMjcmntNNIgrYcMxYHzYwT4lA0z8IBXdW9XaLg5kR1+a1tJeYdcapG/L9QMZ88AauUBIZKAxcUSmKHUAEHAUxwMMGcAWV4Xi39EQbByDhcU8oIPpn3+yUh3385wgnvx4wkA3qSkmg0pJdp6I+L0DCsyoWmKqaZUbfuGCUdKig9ljY2j9WWvhcZmZGqWoNx7eD3To7VLwt/iRoQDdl3AXSVJFYiMk9zEOzB83y6OwSFt0ezeDFusjBHcX7haT0u/Yda+auCt/qKd3DybHURJKpLTF9RqlVSo0dFMSeSOXVPhsYMt3qm00xCffp8J/TnPAC7vhgbx4WH0A8Nby2WY3dWa16ZcSifvUH3cx7+6FZJeofiLHDG3amunCixY/IQcfLcajIajOCt0rBcYKteK5za4nk+M0Ck3ObUcTuPtBMOT/aU6EKq9SWmPJGAWWVNExyViUQKFmm6azIff84eCf1VDETEKjtF+/Dsn9uKaIrOZLXBMhDfqlt1pAy7/6pCKPR58t1RV1VpatfErhoe1YeFrqs/X91rxCPvOpLnORExdZ9zTp5akzrXhiUO4uxkeV7i12xHIHl3MLW4C0Ni9EzVOzznsRGiO9M4shmnNpvOyt3daQMIwdMcz2jHIF0Qiuo6nEFCyzzyASju80KQO6H0KK0CnOpVD5OMaqiVkCFHd18LP119pMmmHobNFMAYhPg03RG/aPn2qljSm+A5GZEMZJDrEPhC0jzRKFfy6xLG/WsprT8quFR3q/1C1Vd4V5BdpYaia4MqraDFDtGXTBnvmH+mRqI0oUZwHBPoT3IkjmYPR7ly6QhiSBRfdw4MB7GrbmdaStk8qY4PzGbLivmc1CwlvbrvaJJ07408J1OaibPbmGC9C2cmGV1XTauAMim9BirWoRMiMFDVzRKYhuQbTHwwtIrVo+uR70XXN9RmaSxn+qfca379qfpy/VCe097elDMQzwJ/uBR6wIY2BrD4qgd4nv+fqndbkmS7cQVBcnmW5ndPq2Uz/91m06pYJM4DQI9UPsi29q7K8HBfzgsIgM9S0tVuNQLn/CTW5CeKBCqaV8CEDDwjs+cjlbN7Mb0CEQQTnJ6dHNSe/NDhg61EMiJzXy51q5lFLapyvQr2DG9mfK7N3mdGHgzWJQgDVCmLDKwtvBIrFL0Vbz1HnJnLe+fq/preJqcZeAvIkELkwltgBZt1SLugtJ+JUPVb3/oNOcOQ6svOedpoTNG+924T7GkJni1vih2daryt7UGq+CWgfz9FO4HOeSLqHRKrQzx18j/4T5L0eXfj5/Opf/3rnzAuZv9KvS0rUXR1AgCRPR+ayWiukAqXzCQXJFXIE5sDaPazMqdZQkFGZfnWSPOrinboCarZbewU1CgQTbqVDXiCgYwLaYIkbMRMrnhb5ZA8z0I+R0gltogleHqRiBTT9f4zloOpIlXwom6f9OxDeyyc88j2Rg0z5JKU6X0ABYh08xVwaXqJ2w3IXvbs22kA9P2Tj7eLYJUBJAmzVuX/WBGoPGOf351P+X9+Td0HYgBh2Y4OCpFhNRmEGb3M8YwUhLD9rQKQGFLgykpgondqriujg51orZnaUulnd697Koi408eBOzZauXhTQkLiqpGu8rRwp3WxpyIzM71gLevUywTWdxEkxBFtxVSsysri3Mhcn8EnMu10kYrffF+H957P9IQnjbmzk9iHMmHR+/t1nJYEN++LDaDqP4hIqlWxvYGeo8OWNhKXM3NmSqFCw8eGlTUVb2MrxT0zQqXD4dbcUmkaPPxTh+9lrSP9J4GjL2VuePqCFc7cjcjP1bO1yDTPb5+mzohBeXhbveXPcsz/coK+LQeMbHxnyy8a4tpof478v4ZVoSWcZoa+oqLUQjA+9SMIfmPVl3n35mWCLV+1TPWN+TIyvifTjJtASDgkoUBfDSa/3N5AwKsy1oOIX1Z+LEcVq1/J1wA6IhGyyNRpfwfI8apQ3f0GRFkSRmFlhgaKUvL6BM4K3j0GSMqOMCJs1PCrTNGdVwLTciqsGikiZjduVdWyRL//dVEkbt+FlypohZ4oDFImxdnW9VfTZa8eaLqg/4jtRQOhDrmhFZAxuxMyItaXcJ9d7D4Sqtk+KhRai+/IO23Wr/UcwfnlNQk7qsyudI9fLEhf0nDaywN8SAEAH7GDK78xJHHOMdvLgKw3qSp/ZZYK5e6pkoGSP+sjNduWa/q+ww6koE+hIVW1zxoO1wb4MKauZHfjneIsq8iWdG8o+CoP3lfSBl+rgTXxP/cpv+cTAtcUkcPsHOcg9Wipi6lcB88hxTCKsLh4sL58gByGVUaN5RqZmfXrXdiBrsNoeeXG1Cnho1WlbWz+nVVEKz3N7k0hefsjq6XuqYA2IWemHeD4jahYCaBOOF+YWF3BbruKCFjBVtgxSQYkl4x6E6Xis3JNzTDzq9d0kFL3iy+5aHfnOKfce8l5nifWQ+nV54UzPaTwy0wyPp8PdrWDel3dZw4fOWjpY/V9N0Mpm7/so73572hKaGy+j0PDyJdNE06Cx9jxniLsszlHiDwiMs+pzJmbOzXXryXZ99o1xWWhVXEZovJpQKWHK7BdzMR8o7quT0lNowU9yk1G+TyPiuyf58Hundv4HxFx6nnrJS436ni76QB8nkc7AHQnFAaFGWbkawtzOXkKg+4Bcc7paUFsVRVOIkMyzmlaYWCTH1Uv2nnm6RpDhasUYxBdOO79VJ3K/JhpDgBxSud2mip/deWWyLyOt5B1Twx5ImP1WG8WTolcZ6cn30O69As6++RGmIjINDNX1q4wi8ie4/NOJlz73azSJENUDzWb1nBI9BBvwfANXACWAFoiwmtuQ5LLnD3nxN5uHQQNupQXXHHxnTo/OisRKbXBxjoNSu9eSXhcgzcRlnzbt12UqriHOAvk/fz8iHWXtvvXraNj9e4hF6kIwoEdBOLeSyKObcTmzhsl1EEoFav2mN0LIimM33HVIQBmAib06NjrO84v/aj6qeUn6lTYiIykllXmzqrDUAhPFewmHB4nS7y4JXsLzI03k8c53jAnclgI5h5R7VzACf4IcTOHJOo5XhGqeibfdCYsMipEdAoAqpa3zMBbj/ldYPTthZR1jAvY6LHJsrU1alc3QF6P6z73u1zPTL0jsn/ku4Fs73PtnlIdXMVeAGMXzXiZStSeRgf20s8bkd4bCSAYd25YoKMDJrXKrxy9vEt477TCCzE8VXUeLNAA4DnHCUXXZzWkQznJayV6arrwlrjbcX/3ZERmrU/dXY2UcpmuPzPrPLf77et1rpQeDaVpURkgfECgYXiCqK1vZp7qaFWd2nVBUj1arBwBiPvVbyTR9bgBDf758ydW4tnd9WvviFix3Vd9cWyFv+xguETZgfR7HxQG38zS3afk6KM8+C7MmHPO9dijursqs87M3G4VWXK0tyqIPt5ilukOvJx6aM4gAmL6pawq0z0EIGAq8zmPcRrg3vsO3fc86x38apT9100pwr5qAEMZ5O3iA3ztQRSTTxTIqHhyx+UAICNK7cSmECOTcEVeXH+8fOV+v1RrikKixm8tNxHR96omrPV2n/WaV9b4VparXto2KiqrOTIoB/H2Dsf7BZWLj+hnjg9v7ZHnzVAwv1C4tHcj6Vs4I7/faJngOj/10qqNKkiN4ZOZmSJRbMAgNLBCgKznlNdEddVRaf4iUQqHJGXV8vfvvzPTmrxvjHrRFUWzEj0jIj79qbIWWT3IK6MCcB53Vc/z3Bm6m4Pxvb1Jb+XAX6po/e/zo81Vp6reZfJAnOcZXoEo/XkJXjYOEszs6Yt3mNls7d67CI+mPjL8zJmJl2LIBrTCB98cPZlV9GRKXZ4SIEkqik73zJw6hHRXkwuZyYXY04jM3AozI3smT2mpskrd17gfQIYYe/4XenW59fDzPC4PAGDPs07N2LN0sEPBU1zCuDqtKGO5AI+cNncRS6xaRR88wky2HuCa3JIsTZ6Ev+u76VH6K7iqgXy7QDuvIKJyII1k1hb/M7/8J3Qq/HD5vkeRkI4tV3iUlWlaZYDISg1PXD/dKSnLORGekubKxI/NgX3X1BfMjPoC/FKEvKOp7yktPV+FerWKsYcaAKbllnbeqbYd0tyV0w81rX1/3zK7s7i2/A8/jwiNYPNUdvs8q6XKzJk7q5qkq5Zvjz9LdN4ml+u1NW8N837KmxNJantfWa5X937qn//1X68aYMg4mnGlZjUzTPM9A7T/IDGga2sFoBBVBNgjZy54RExvMx8hLgbM9MRM97YfOmIvlIBdH5eZ8udpXg2KwLE+uVSVqhq4jUFoSikG59vB7mJb23YTKkMyLFz1imZtuuuQW0/Uqm4mMjKORqT9rkcjII/+iL4fiP3RYhm3uvQeMrBUXJGtmZlDSfxMvxw2PMCQTV8LdyBZcWR0qLd3zGurEJYn1iEyYVapYm+JiKKY3BOQbb9SV0P+hkiITxRxW5PbiJC4gQvDZa11UtapCAwTmUhu8igpOrNA3rlDct5JvjmAd15Uy2oYJUjRedJIK576UWGnf/NXfaY2SRk1VlKd21ez6Yg850SIVKGC0TB6pmDMl0/6DazneTTPrNI2MxdbOoQyZJ9uNYv1H9tl2eg7dzj6sgCePJ4vKikrdYlNLyP+ncybMDFbWIMi4o0hUUUvMbBIkMHtHfwjlq5CqkQAdzpXgftIKZPQ03yXwu/M1px9YIU+a4JR9Xjy2BzEy3FDBIJ10rx7lSY7mBUb00wDvZA7G4pIscwA3CYizzHA2iJbWWlr2kL+AnoSBWJXJzj7k3aL/tsTiOf5Ab0efCJl1jNAFJrjWWoDhECZa+sGd9ERuJzcqYo41lx0OH9BS2y+9Zmm8ac8fKXysya6whYRZv9/J2QuMCqOeCjGBY0DR2h5uxTDhFh4UrZjHaulp46tsTLCBf0im/IKdDKDgvnRS+YGb3MS3dWgeTPPphV5XkOGqusZPADmjljGExJFtgoevutqIwj0tIiHO1SYiJQot9lc264AYiiWDdBLx0HI9jFMekREojJldLPQhosQ/XlG5Ir9UZlsIipo5y1gh6YwNYMI7w55cd7My35+fqY/xKBKA87Y8cx+oCc6XLZmMEDcvjIx53CsUVG+lVhlUzwm40h7TgM6XkGWkh0oBrrHC65c19btwM/PDwGiFW+zDintYEbkvYbjt7y2wDJcxasuCY2UhNWGncxDeqbn+UkzqhYR8FwT4rxo/IstfHV6PSaTEIGYmaoHO7NEBNjd2pH7fOa+KONs8I8FelIU6JieLuBUtnjKiDx2JGDPOT+6vIpDTuAXb3EQVNYva9hcSAxERM5KiOjZ01divojzq02L7nbcIEgeDU054PycP/9xIl7bPYmDxwNFmjuMPM/z8+fkEYCp01d1Ko74plA6SlhkBCDj3r8Ak1/G773T3nVxNNfdCJBK3dRa1JlzfoBojA6lpoy1kPl5ijYQHnHidPERyJRXcgRQGZxxNMm83bHzpwneMTqp1wEVmLHRQUaWF0EBwaGjo4VDEIFdp/BzP1XaX5fkoNJa7i1qZYOUVRrCEazKZt+5MtAIxyjpLGN3Udy/nw9fLn+VgDMfZ8iu2EvSEIuQjnjAqLRTudh/gukzT1RB0KQAgnw4WLVr5C4FxbLXR2m3SgAAIABJREFUdcgzs56DiM/nvrXHsEV0ykzVJ2OquBrQiBAnqGyZ5TwqgtUB0HMzYwaoiMx7O6tmCWFiEE8kEfbNkRHtHQTbKskXElVmHIANAjVciZI079COAUQl+jv01etd9Tz1YOTp66+s2mww6bF9jt91G9rKFV88udJNqCNLCOFDYxZY2pqADnrP+ZPhJXD3/h2fZoMjgWDf5zwBEKMPC/nmez4gLq1k+wVGnkclXWXJoft5/sRrf0RWZIMat6tK3B7PmJoGeIoVMgdf9UkCuJ9L9U5uEHfMiMysQGBLPj39RWLjZLElSeqNTY6c3EUyPmmJnqu3IyIkGciU7S+VQmODVIIAs9RwCJmXG4eU05zxwh2sHYdWhmZVIsXWR0RL7rA/TnIz8uaOzIj83I8yQJwSsr5/RqQlpj2jPYk3TtfybJRJVMHbbiG18hCaOHUPlHIj4q08rWk2BcQzfIisnlkx0yO/cd7UVgaKJswAniO8M3vuWplr4cs7H517P1J/immuVRDqK88xrQ8mPIYH/6plsv6cRzpX7nLR6SbjjXt2UGOElG2iO+y7Lx8TaoxFjC1fBmK0poqmBMLra1s5ts55TLCTYilyILgZ7s5CcPMJxMzNjG59ZWMrwq6EsLw4uEILQY2lAZueqSqe7gA0/bpN2d8ASORJLW/Jkw8Y063ZcVVhIpCOwCETU1mfVcAqLsgtIIGM4VAGNfgCOuGRdmA4c00uqZLxkSaGaQMAkPh8rvxv9ZQTgqoLUA9C9eDe21hHAs+zagBvr0El0tvjMgSsqCp4Z3IyoMBEhqeWtRE419JnQWPNZhLBcs3Pez/GWNzYa9aVpO9VpLT1NsEYTPcNMHe8q+EKtuVQVMSgtCeerDwZmTC3ZoR7mCYGbSDrdnMropuaxciQEjEy7xfOyYwSUykQQgkF60Ro+Cxqs3lXqhIkD6mnbo+613RLCeC1vOK9HVndk/bFqdhvBtgd4qmHc2n7uOy5AG+zleQ8ETyfzyVxTmqEbVAnPZJQbBR4h0CdY6aUB+RNsudjecxXFKU1hCNGsHw5KNp76KR8EXDbshOapZHMo25QRy53zofmJDIjzvNk1t/71/1l5JDnnEp035j9zRERBfPkQM6/PxfIqhMclW6LSSKr1NuGJOZQ4RyypueMWPzCkIw7yLRw90iNiYg7P1u0gA1itItCyWvYAQ8knC4topW4PR6jFh49ujZQDEmEqogoCR44/fPz9CrFu1v948mKwJ1LUrcuZKNSj4uuCMbgXWmLwFr/1corw3oOqnrpe9dbP2RE8N7qc85igxkZcvU/53nrAdvtzgWHYf4rV/PNvgFGuaeY6QzErx2lamVNMJG1htAMmr6sMareNSx0E5G7OlAvrqDL/IW3ELbXjreFUcGCrXcAuU3YvHQ0Djk2rdLAo8lBO8aeFOSICEJwQQgnB6x3mBgkxgqzyZQKrWgMVgCUrvN03/AQ2Wh9t0h+FsFIxKIPTAQ4YHDI4aItBKSFvsOJqHVSNfAo1+Jk6gtKJmIilEbpkffzAdmt/D51Srs0sG+b6mOpskgqMbMnI08EFHoyB5JHMAKSzCZTWhYtigDZ/XE3lAyty+6WvVV3ywDt9l+JkpzzebVjVTUeZzKPoSTll1ND+RlMsyNDtAz4bBhXyXxJpeTqhrEl9Mu2xOtPm9m8CumVlVm5ZX9zPvdv/fO//g+BGdTzNGZmKs4s9Kz2VQe0+z7Pk+C8XnXhBjJ2jqRMT/NCDmECh0aCEBPhF4+Ju3j9DUy+dP1X+3kJ6dTCSWsIlARIvcZ3Yjlxg2Oyz+yYSzccizDy/fSF/v3zPE8kPp8rPXXvuLWqKk/3h8CfP3/0VKY7bYg/ajbcaYVXEEfEUPSor9Of33YwEGVLN784QsEy4vaHY9LWep+sf3qmXIntoKKIIGJyX30uX7bF5jwAHHB7daUBRe33lGQU16tOfc3zPItZ2jyKBGYyvCzljWXyAhPvTFsT88sWwYzJgApdfe876La8OsiJrCUO0y7Mdgb1uGZi/fErT9UBBUIBayz7HGEKiSVzwRIAXafLRADDEeeR5L0fF9Nk80Zk8B1cS5qD98yE0lQmyZ86tFrW3uWxbAJ3yRHvC7LpyqVdriTtVZZInSSGVLxcZ4ggIND7tW73lPs36K/pgh+l7tJ3w0zObcGfj/qt/UbhfQk78VF6KYHV8SVYcSm6IoDsNYc7h73Ry+zTEG7eob2ZO1NVFkOqXPv1e5ZBIyNssTn8ZatKi3pCDCPZSYiYdiqiCHmISRApdrymlV890DujScGRAcnlONhhGOXK018j/u+geHtgkyD8lnEiUCUHqnrTJ73wWSuS5uSTMoLf2lThe6Q6zKShhP3dHtkux2c2JKoiEMFwwY5atSCXCnpHvqsiI9/3+NHjK7Ng4xedqp6j4mPcPCz+q4tQEuCrPfq+TXJogZ2aLDUrh4DS+sH3uD4KWaS9TTUGQM7MuxEhQgrQEEamy173BF8elrrukBhbWnl2Sd09NwbymdB0Ff63er4zIyUQx6YWBqG+39Gweyw7LldNNXNp338Bzz4/5EugiIgYvrsuljHiskax3fKC2BLw95hN39dU9rQyDIvL7MRw9jLR15RDQZMz31LgjUHvd4sIFTfP8/P+l8AWoyX83ZIaHxL7n8b7TtFDmkEgkff2y+Du+YDovhWlUgPAWrV+3VGIAROXETEQIwZVlXW6W3v8hPggqu9F4N5rYy5lfJ0uJ8nCaisVK7qvKlGSojzkCm6UHYDIEvSQEfHz8wOgSj4BtrZXqMmdMGlxns6S8yy/jywFnin78H1tpTeAzGcciJT5YYPCoVCDqigteLzTWrO2Yw/rvqtyumUQpF9VVVKm6x4q7J81SevWEulUWVNv+gBVlS2zfqSP0vXee8XF4zaLsRtN9Ymqo7OyMsfLZo7172u0lb+4ty+SojHY2C72CEhNxIvPisVY5wAGKwF8llMmOddXmi3pVbesMnU+3+uc3XwTGkJ7HvYdA8Qv+tXCPcqnnamO3hSZWQdntf15rBDyqqdhlOX/WPNZ3bmUMvvL+GZmcEAy68uyd6UVkQnPUMBvoytmVhiuuj1cbcE7N1Lxw6Wanl1frDHj8/zoq91730BxzjHtbQmlypvK0c/z6CbHmDU5M5V11hJBf2OmY78IifruGtXLPuLxvbDj+2g2uQn0TI1dYyuEmZm2DbR3vJNka/OqKn99vo6WCkuTBwE244UqfxW6rqs3VCn25mt2urrhe2+osMhnlVLxduazSiMn1dWpxhZjfmPAiOj7jXuxJ1ODDz14vOID9SAIlbtqLFX02oR6uy2VZCI/kvz5+UmUNPhwx+ises7hzEs3qaq+DXiWHKHBK5TxZX+ieFiZn74q5Vs7OdZieLa2q6wsxaiKePv8wPLrv/jvescLKKEkRev+rF97F3rjPotv3lHhNqOYrNv38zyp/SjmD6bP40zEGU+3jINnFoFKuyc7j6lmGO2VwVslvW/fmulvDPnmcOmbd+M00LtTMLdeKJ2rEEspSUbpDuuICr9VHV5vHoH3xQCO8993XH9tj6vbyZH16G5IErNkBcHUKVLdQJiBeW+LgcetnWTJkKUpIwVhaKPSnmc3Vt09bY3LW5/HcljqF/WENDvh3cyn8NvdOnxL71N80yJ6PQDHou5WL6n6v3v+/fmohuaMxAH1lky5HBqyfBgrFipTE6XnojLV2WE32ZEUY1ZXPj1Vebs1bMZuJtN3GY5S55sb38HOqyd7Sb5fEUmr75KCgYr/vw6PTlQAuJ/OCg7lFfPW9j3TXgW3jDRaCReh6dSQDRs+74TVrGY59cX73Wu3jnH5cy4amYPxICQivNmIwu6UZQR7SV8C74ozYVlRfbeS2TJiYW7/jKiSwHB+fn7ee3Wq9Bxrg/aKDEjKk0fjz9PtxdqzW+KghfBAeqstI6LElSjdsVR1pPDOHcca11pkrarE2sHWeHiJI/kuV3/xJb/Jwhbz1OsJ4XL3FIZCLfV9VfTrvqhBEJQZEfUo8+Yuugg9uxFRs5mZ041gRfbu33o7tfIe0NgoTWqxvErHyF8jcmY5ZopasUkNXG99Z+14mzJEpdzbt2ix24c+/9Xo4D+aNWMZKqC6r7ykpOpTWGgHNxu7he1qnLxCF6Y4ME1O5QOgTt57sVzyiPjcT3dLELxTKcMXXpGltKvR8k795bmkf1jupg6N9TfvNbhnVLm4EqIXKwBx73RPvq4MQoxV+/n8uNbSYTjneCimKmI0Qb8k5Wsv3H9hAJnSeGup7v8uw9i9IMusikX/dJ9V/9uzSglUnMoVA23hnSQ/86HgEfXm/OJaWPupgHfuyt1BHvmwbV2ri4S/p6b1q92E+2XVFTPjvVObCLpbFDpYZ1kRQNap1L/AyxM1Osf9rYiAYmxmmXb8nur9ydAzSaQicgiBKYQct9yFZermt9ICaXzV6Vhje9VsJn+/kVaDFqgve560Bsh2f6qiB5OLSrFdheqD6tgpO1KlEVQU1dH4x0ZY+SvHRYF7RCNixu4demROH7vs4D0bR4QJ17EjK3sA2m//qmdocV61DWbfqfl+RKy8OMOudJn3fm73//7v/1///O9/DUAm04D77TFFlziyil4ra+ioDTLNPMpwyR5B6WG1CU0WyrcVqT0349rbAbi8zX7y6NebuzGjLcSaGc4OGPRrZzwsg3wtUdPUYCcjMK3JjF5CDSe8oMHcWCDBwOBV7ujFy0AwODPTkxF6h57n6JdkpkY0rhjigPj5ebobgXs/Jbad/SsRWb7+aZORFeMy5/M3SwsssO33VBbHw4jhQI4lBIfNJmY4ECelTvNGxr0fJgbTcz0+RxAxYujUE5kiR/mgyCHcOqn8eX5C8Y5pFDtZeQwSa09EJimVpWTOzfTLa/OXYXpZSvcasFYd/Z6RAm+8NGbrIQ5RKXfNHNjin+KVgzIpFAntyVPONJ7lGEzvBnkiNQacWWaxa6QObfnYlmA1Qa9LNNywjcQaXqEZESUDaCIimkRSbFADdZgIIIrETz0nDyBRVapJaLPjgwH1dRHRa/Gh+O4h2fF6AGC+Ix8t2TrVPem1B9ObfAWqB/OkKDPmUESZuTBXTN9Rd6qILlY+SZtfk7AqsKocsGJ73TEjdTBUrYMIzg0rvF1/W7WgSfestsYthWB946g2EPAgFDJ/oMh06sTo6h6EikuoxtFFYKAl8IQIRKThUZVx0oKIZHGeQ3Z4XMLM7Gv1hmIIbC0aYZEgSXgdVsRboGfE9CBKcrDYPkr+b3RIptYbAloCYqBEYidADvuWpQMAvRNJuVlEzt2xzBMVSGqkSz8OApFH3BZdVWgx6RY3yka5vZzm6rfbCyc4sVxjO/aGUBCnK4am3IksHyTaODsF1Cr0BZ6fA6Toos/zE78iJwPdDVp1rtod2uEDxFDGM+Rs2U0iKlMKbBrzqR3OqTDKz+0smXTpBuRgEiFRSmSO/SIJ4J2H6AyreU13qp4ucUzuIDma4ffNjGnSVMEKZEVJFiYve8PCBixcOE/LjtO4nCHD5rt+QV+kwnQMxNzuquq5l4OUkIHvH/YjCR2fGY72BCBKZtHDERSOHRjoerSRwg1JFt9+O0IZuWwWNCreSL8Xa18Sjgbf/RD6lKx1WswIDCtORuo7cg0dAehcJRCV4qohTOiu8pqcjFSxNei0zBZ6TDLnnhm7SkeBuMOso80l7JaBVR6bdwswlCXKdEeG1y2Owlf3vYg45+gtCMSpo0buM82w3pcIjag1Qepu/hrgfRc86hU1RR5GjlRdRSaitW5XjidSWviXzGVzZB56VdbRsKkpYsp3KtbGFX/sLr2mJFyRJzOoHRKivLmTICcY93O99UElVGo5U8XuZBV8JWFHacuFcdqhVkxXyMSFve5AnhDgchjQRh/JOpZVVEDAhXtjdaKqZ9rBTh98lPMdXwG19BPDIFu9M39kTj10mx117xW/np7vPhlZYQIB1zCqeRGcvtpsRjLr+Xl+ZCzw9n4RgVSL22uMw9Q4RIlK710UiU//be2SiXRAI86pATO1MEZeWyLewM2wuB8hbkHZaYisqJ/nkU1BQlhAUiC1akKg8oi9q1lF90We8zzxy4zuPD9DshvEsMuOEMnbqmqfqtpVH4l4gV0IHKkU+/Lv50PRlpchOHxdiCxd1z6qzBDVTKpcqezfXxiWYpgbEpRQhyfyawAtpcIRQSEirSSeFZ7E7kKAB4uW+WPZqqHlG+e4hV8P3LRVlJc8Y9Wx6vMlsd22f3N2RKzkTmfxfj4LO77EiOvzFsteqtq+z7inft/zPME49agEGnaE4+Fnrrrd53lCIRqtATY8IpaGZmk0YrCKSEhOT69c5nJOPZkVJ3uhKBfSupJG1hF8xmmE+yY5/DoEeAuOZQMjXY62p2SFQH8DLoanRJzTiPfnPEtk+5IA4pSXnMkmsYqIIT///t+AFqVQJqxBnDrqaJutqQjJjLPKT2iOQ7epw5Q3W+8TVe+g2mky7CnsjmAd54/0K6RXeuYZ8vP5S+Lk0e5A+clsCjVHYWfvrIyM88prwkg9yGGLRavRrCp8rzvQT+bRugmwZ/rn/IC0jiRjQMkOAPseCtAM8N///vefP3/0eJ7zMPCZK9dwkPKy/PQd8HVCVbfyZiupmX6en7kG/YNYLceo8ufOwYaaTGd/rhsKyyixPwxakXbySGZUWRGjdWUZpznnOVI8qFhqtuaib6h3p3wyQHdko5yOl2j/cpm6P0qOopafrJTeS13Vgh0Ao8KyEGEqWjJwp+q8IOmuoQ71gD6xSMCqoInomR+N5HtOScDyi3cS1Ppo4/j2wdWgVtOvVm9VWfIjAiFPngCe8weM34QG3dm17QKIYWj+9da93FQNQOoiRNQ5n/t5fn70uYpnT/1kpPpWkVqmxz5I30dATr8nOdwVReT3SX8x01gxIsdo0ZIVpFDcBjjctAz17mThnAomZTLRHSn+vYeLr94CpA8SIlCnHgl9dJj/3tsr+EiA37FHkrK453lOT8tuSK07qYm1WefKJrVDpjGdOUhqUTC7DeIqzqwmXlvuCK8GzUwpSym/Pkyvuqv7Q3EIIj5//61zdZ4HyG4e7Sxhd19M1DkRecr+76KRZaX3PJCYqDpmRqVYNQPEzFVvPhzpMLTRUiV1VVxxGpCyvijFUneBWVV5StCGqNnTrTGnIAXGvBZ24PT0uzaU5HPOdAdjehirpidnWFEzt/te8jkHiAq7m0g3gBdzGHqy86VQgGR6l2zuzoA7wqM1k9eoZqs+4zN6M3bCdaqyHmXrAMJrU3PRp0ogQa1xG0xmnC2PJZ4gp84TQLMzcfIMBzNb4UdGEWjepnoWv8DP8+fd3xMyrLBRSD7PUXTWigUrs3VtRN8WGq6i+KTHaQPOyPVeczFjNhEhEoBCkqqyl92Yq0YyeAMAY/XbyuiFbQA6rUtVjKpzdCu3BxQkoiTICEhrTpuXnDSYPsq1dZ4ViK+a24FRHTEyLTgK9zPlHB/fCBKhZVU8eRLBFT01qP1zbvo9HBohTikPwm4LgJCB4NxX4KHpqQDiyl888hTxqEjbESMw02FyNjO+Fj3Yknun0cLgursj6zw/gRJGg2FUrQNi6hIzqE6cDEIbWM/tS0jc1hOUkLK0EURP1vBoZ6CiPOsO0Lth7HSaoQV+wolU0efaTro8zYjKJ2BT8UETPHU8giAk/hCer7H6TGfBlFBS48mqUjNS6wwmzNBDui0Fm3KFDc2oAEz3595z8t77jz9/pqf+67//mZl2EsMr90ZTq6jExnZO0tRLMvOIKI9O5T4m3FbYhUSgs/wOimH3/p4q8ZxQUWn2ov/9UlQ0BRLTUxOY3//e3oskI/E89hfOCCIq4x2BgozKmUGt7knvKm2BooycWbe9gH5GkE6+9bQz1uZj0ceIkfWhXhsVcy95QcBfQBdPU0J1vN9Z3qAyI9F9M59c9q6ovs6U69miGQNgMRRXzlYnSuPAeO1l8xfhS+qPcO0S5NppjUSdYGQOemYwWvyigU1euxP6D//9/NWyr8w0y0n8azRpX3I7/nvC5jCa+Y6ggtqmokewQBjwH/5amrZ1N3xgrAipTNmGJKryQCKo7fNJcjrgbwdAOAjJvpckEi8IoqsScSnsb2s3baHYAPLEWx0umyAjkmGxJRRSw7Lu2527GUJPzZ6DgVhzW0sUA4Ho6c/noyLb0Kd3gpt05hl7SCYpGsSApuRxd7cqWGe8e8sdzXXMKquv2dYSPeykGjNWr+dqLTSnMbS6XAYdn1ePBiDahBoulYxAJCMwt42/MQLZ13ouAL3Xj1f+vwqGbyEuH+ThoD28idetyG2Sh7Rti/Ncx/y+n7Ux2Kjk3XiC/875OuV9634zB2e0/ugFZYZqhqyv0tWq1F6d4o4eQ2tOIwBpkrQxb0dDbnvepgsbVTK/zUdEqJgCpq1hR4peBX9rOdWsPgxc5svMvHa9gKHkXN6ZzjwAMQsceSQDDyBDM8hEIGZHidLBJLViwUOIXYKwrpQ6Y0pU78d51FdLMySdJAYL5MTxAkyNwQsA8XYU0EvyuxzRCYyyw48DO4yR7eHNzJSO7dh/z46K7+0yv8Zez5I3FhFtvpI8Ld6iDXVK44Rfl+K/WFVER0RF0eaGh+RWyTHNyPAgygwOwiSCgoY9b+cPM081D7nX7GkTY/YnIpjxboOvfSm4ohYRmrqbv3SBtGOYjW6xJyqWCsrlxwGRp0a4yPpQ80XW9KZ74u6bon8+WbD0p8LEE4fL8lqmXmbtVxFvr5sIs2BUoDtZgPcXDZDgMuxOus8GbCMnaS1f883Y37PZRx2mgPiTx99hI48b6T3bmwgwbn60w8rFD8G5HSWwWzIjwe4QLGiCYTj26ovyi3DqjtXeec8T3visP69zlZWCo2J1abpNGocJIsxTWHpdd4+rmgLMqXzD5lulCPg+9VDSk3yp6IJEo8653Z/PJzIBnJShxNfzdMzcFJTD703uXww4c6k0EnEFGe+PBXYPlo27tZxJ8fq+AP72FZC3aL6JIxb2SNpc+UYMzVHu/Wjk7UNVRZpWIkZOejeGDyHAhaX8P93fiO2KWqL4yjrZwwnxbHKBPJyT4+8uGlG/C9k0rNW3+0yrKnjq7Du18V9zcYBjceuexmXpgpmpgeVT5/P37xZd+Z5egfIiievMtJjyKBJ24oaWOWuV6Deb08pIPOcML4DnlAlW+8rEhl+/s66PcPtmZqFio5nYowKedqmjQKgv6IaNgRLrEEOfzyXl/efaBh0i3dufnz/dn8+9BI3ag1xXpliO1ZvRRv7O72/eMJKm6Jrt+OfPn0BofvnGK1Uav3+tAvPfv3+Vg1RjcHUwP+cHGlncq55pyVIQ3VUziXNMZ/H91HtFSqXRHL2bQ/Rc57sIAJ+P9vpIRGuCgyzFIgRZWQep9GTl7qzSaAYIzdrK7grI14X/zY+/fjYqzjlnwN2tDdiv34kz05RYAfF9tQZ2ZuZ2A3i8LgUALKZFaE4pX9kQwysjiddzMzMxdL+JwPYv2E0bMqgCVywS6PFqlozQNgTF2O7+zNXeNQCZ2lehIPnlhu8p9Ql5nueFPCKCiM/nE4tiCNR4l2FsxIXVEgBnrLzZUBwRbpeEF5Q2VPPV8aQ8MPfonkqqJM3g78ima7byTMYyYuP2OU954Oe4feoodovQC/KkeSFV5VfDLF3btQMvMig7+JHHPaXad8VoOsJ44ZYVA7kaaH3TzAyEZjx7n9UdmDWoSLLsXd3t3etjQb9heQ0wx+7YB0Ck1rf0W/m8UUtxWGO8cyoYJz2O1cXQveQ7jnwtECOXeA9nT+8k47o4GGgT1UkJxO9sjy3dTJZ/dv+torQKyPffvBesJ/WLM2d9wL03wh7circREXAY/8YQ21/q7qkvCQ3KYvvrN9Z9M/LG84xAsCoZOJFiiIPU0630NnadBxmJSKlpTwVVL3XuvZyrpR0zUycQXAVnKi8oqCos5wKpArYAb+ZjRI+XRb3oUM+cc+QLr3pmuiuLmHv7revAEBGWQAROFoFTT3sNqXPQ3X8mWSEds80BzvHgc7nh354Ur4g/VrzuRyBlZATCZQnT450MwVDCaM3wdDWKN80Jhsos7WMWr0tDrACGI4suFea5PY7xookIWUIZSsGwTslByMbYPcggp+An/lomxtqve6cdp/sj7M4QubjbkvyakwtRYEmaMOReAxHx+Xw2/vOdUuuNS8htCLKxomOC8yzkEbLqWDtSgJknK7onbVOpjunq8JOMwDkvo5+R6wdnPNAkM30quVdLVFZkyMJ1bHRGxxbHecfu9w0y0QERSHI+n0/VQca9H+0s/NYYxje2WgKivFEsBFJGRhp70Wg/IiRS8XhuhYCqEN48viMK5f3vWkRVuQ4GpY5YQca5AICuMDNeHR73BpAgOxdiDlvM2VFHvolkLyc+uJPs7QXuS73tFXLpj7W30PHkUcPMNWMMD1yRmafqq5jsnpnYnQHA69wwM0PLywhoZ8zZkKYao7h77972V7/iDX5p4vJEyP9YC2d5nkdQfC5RiZmc7p5TiXVaJtlsVf56BxXf8AvEV8p7+5Rfx3VpZvju5gkxEpwUMrOk9lOMdZwBhbXOzPP83P4YQrGAKWam5WrLDIu6sEWs1SEbbZywQFu8yBpGX3kRTb33Jb3Xhj68vFIdoWltDpPysiKy/utf/+2yjWTIWZJVmriqEEkuSdb+FWQwFv+FbqEq68BGNZCczRolJsjlaEkRSWgvrpsrLfPJddugFn8tSljP82PKSMj9WSG1uj9KpQGQoc11b2VMyhY8DG/Ay9Oqiv3qXjcABU+en3Omp9mVUXmUdjL0fh1kffqDSHrtLxJ1zjNhtmNELA/UU//np8gRzepF1QSDDiffSbJY8BXA2NdsJstbjdJ+sqpfZKRwEKjIijrnJzRc8VwfVafJKAzqtKGNAAAgAElEQVQnKmEPT0pyIaWGDWIUgjMi2JQtIuqIvJOvCkl8ilPHe7oFArLJsYUF4nkeTKs6hID3CDEFaOdzEPbNVZHU0xHx1CFZJ24r6j2JAubOSECgCXZE3PmASEZGXNuuO2xlplbq7TCjyLgzo7WKsr+RZ1m3JdiQrjbiC5FccvpzJVF8zpGhupbfmgrk6bpiX7zIF0ILKoLYxUfypdV4cQWVAK92c0SFSexYoKSyUg6qPZaFSt6unRynKhKaiA5bFUrFOas9/45B4K4s61ETJjYxSaLFZl4A3rz7e/+ecyIqz1FInSXWZFbaJAQk0+2DZps9Mz9PeYJ6FlrcwKA4xrU5i4w6qQE5gtNzzo9wSb4rB2IbuVMIc/dIfkXomWEPx24wvcx5nNGBzLqq1PmCjKNu8TlH5dB5tFLP0VNNufVVL6wY8Ty1sLt6v8qsxoSFoZHhQ5BKIdB0uT79yUoQVVXPz+xgAyn+pi5ZhgBGlxU+yrPpxHqIM1BZOmP5nIyXHJ6RbrY3GQzB5+eR/7VxWNmdGnyMkEgzoj1rpO5DRrnazETa/kUk39szM885kkEpr79llqIEhpV56iBKlWd6Hp1B+wboYJgPCESsijy1V8ZTa4FfuiU+qOlrP+c5Cr98f4mxwpnBsIzrGynhILOanVX4bWf0HISdAU5mWsqqtsEKlRmmtvJkZknOrOLSj0bA5ReLSXozT6We5o5NCRBRUuYp37y1Isy9Qrpkp1aMAhx6EO6oEsFAcwbW/Oo0KqFkHWVqFZfwsC0qnsCaRMfrE/jqReo8D2V2Ds40E80eUonDGVIUtXgT/gQwLXAfEWkPaGv/AA6IE2mmW2QgTpbuoPJdMNS8b/OwESMiKBprLOuKgTglXYTeOnPGYQ/GqPPIg9L3JEVgRGQqy2RUMLS/QZOOCWraoxa8osSLKd1nAaZavjcoKdvUVKjl0LWJ6BIhsb+PqZ5goqc3X8gKKc952HdFD4ec8JY5V4HMjCzs/KOq6pzIEvlTjniuIjwlmglUnIhEUvlm+grWEQtDkIFCjuqovleWFPIPJiG2ml7JrOd5fhLeHyuNJkk95LQHjnoPYMngGBnfiXfrqEtbTzSbe7+U9xJYvvrcrCIozcRP/cz0cGbuc57lJI4ySEVyWKV95vP6tcxccWzj7VlLAc1DMg2AoFFZaATb0w2QgZ7eHQkuNwgMqfMRGUfz7Dgi42MgxPCy8cLnbNvv1smISvGtjWvrKDD0ojkwTLsqGHY+x+2QxnItZOoYj6GBJE24P+N9X5nJTDq/I7Uv/BQBtfcqoXs+hASi+f/8/EMn6Y5JRYF6ETZtNNQudbEQZE2gFy1f0mu6YZaaluL1K6MxtTksIm5fdREEtDlGxZArH8dIKgaQzO+UB3li9mUjKJ28XhlEEGYZn/NT5wgYP+fhoPLYEWLbJGWTtIDMiECUZ74i9+x9NiIAx+gGQlsWCM5MnArm5/7tazVAQIRRtdmoSGR97o11mlOHMu11MMpo0Mw+XCNK0CQNmiY0zznvGPipB8JyVG3K0zzAILRlTQCxramb0xpEZZXysIpGRBBxuzXLyU09bm7tM6iu50gr3HO7bd7ynJzxFrdgnOdolAXyVMohRIWlVqyPeMGBrBBYLDWCuptVomjSnFVIFEee16Etoy75IAQhSEMGERVlvrAAYoD6sreb3cKryVEwFNuaNgnJYyP+t7Wtc54otdlvnTCZJ7P0FQSIqDIPUCWLxh2VuWU81vzJBZLuT1AZS7C77PLr87l3Lu3fa22lF+30vEDSk8+p1FDk6Oif0uSWpuXKSAKR1IzjnKPORuiG3Ock4BY68FK+YKTUlM/n+WOtIyIy3IQe5VOC+Pn5Y5qGRy8lmK/q2EzQ2b1IEGgxOwMTsLR2WndvNxkUGFGn6oghriZRNjjKeg1yc5yJn+E3seonQoyl7J7n+YG940hXvMwsA0wJUnvwWrl1qfDSfItplGswFWIfy+tCPPNFlASZGvPgkkhGEckbdTIiK7SRyMCiWNU9Vx8wHLJPah3xrTSLXJ8+MQyIbniH8nSNUAPf5/lD4tQRi7yq+nM5/POPP1ChoK4+0DHNzpDiXBznqUr1tmFqpnynA1CzFhh2NxjnPDThXAD31bSfqpF783Imp60dbw/hRmCu8SBEBgI9fKmZ5gGwK0Oe9S5xsoAY2zau2Xd3f6Z7Zp9X2KaSRKy3bQgIk1Cm8gx5TkWo9Vq6BwKIc55MlYVVWS9JJRBm1EshTXWXyyIKIiG213c4MC2bd1XztuHKnJm//YEUQC/t9f0UatmWFFqsqNDYlbxsmmdGhAI/FIWq9CjHXpCMeamuiZ5r0bL1YfB8fAO1pOoyz0kkB1p0ydYW4oN87fiRWdqD0iO3LpAQoQ0jMJokT2mClZkpwj4Xzayq7g/AYAr4qSr2qFm43fTAGPH1mJVggUNx57Xt0cNLxa3I/Nz7ggxVJQcIqv/gmhWQWYUseRo+50cv48/PT39uIh3uIQazaiGJPCEifIT4ln55XZu4njcE3K/breVl2mslN/ywqbSSLwm2dtEAxgyrjiCjmbEV0nwiTDFUoLYe3RVUZNo6TCM9v6BsgAbKRf2pesdpYQWeBV6Z1Whqq2uWq7KIk95deqrYM7fLO+d7iPsZFZFXGx2aEuYKsURE8479Ea26IeWGKlphSaOgvuOOpomhjjKquucEsNMyQfMn1mow4pyfCLVfcX6OUnyEp8uIQERWTrfACb02pEExt4+VlIusio1t7rTLkmupF+vucM7JRPdVuXDO0Zrf7tY9PHEqwjuNIuuYLAYOd64wAeGTgC28PEXm1C46kipmlrYOSFvgrtdiEbvsiGRg/OfUkUrVKD1kWLeQMYnkeQrUpCFe4rhumEY74m+9lIuItzzbnR9WimDN7SMivKQYhFhcpYUC5tvVP//1r9fKM7xdyoQmlfyxUyrud1ZwVO0iIsC9t+9EZmXK2uCV/IYp2KNi6+WkaGyi6ehJyTpV8XiJ0PtZ1m5gMrPv9B0VatQgxH7WwfkSSAEsGQ5x7LCs+6HwXWL5yWABOXNn/QTl48Zl5KW6NbrlUDh+fn5cCiAzUz40fz+daz3YfZfaTayg+z/H1KAKOGCdBMju2nmyPporm9BvkLRNzQCHtz9VFXy3Vc+0Xfs9GtYhx45fy7abSja61MggcK8n1T9yth2oOkHE9HDTvk6CimzpGPDt3US5E0EDBGauSj1PG4aReZZgPqM6MtdjXaHbU7hh94wynFLvzHz6U3WmRQpDZO5K29D8UEaxVU+Edr6rLDNzE6CkZ9hMds6R3+K+0mo/SvZcG/vIaVGBdLgqvJWeblHksKbkAdXilBPKW3+Ib06+LuoRea/hp2URLlFxXd5qGUBVFcRT59MXzjf2t8Wrq/Vs2RD8LJ9R7+8s416+c7V4FgA7m4U4UzqfvJRaUy4tU1KrjNfWxS+2RWbCfBkR9KL7ShUETlZF+vaeczK9zFahqpZJ2vT3nTWS4zKY6JHVl3QDMVWrGiM4nOSW8gmgrSmL92/BQJQ0GVSwXi9Iv5V+VKt9j5CiwjwplcKx2P9ir+YJ6lN0JUDce4XHxsKt8IoIA3MbRROwKkIFcf5iOmTYl1ygNDI+YuuQSK2xir0q72hy+jSvtgmc5/i8/eLLZ1QvbSdWDZYGLmM3To6rf0Ay8Pv51PFeXKVzFX9DZBZ+GcVyGmmcgdb6S/4UM3drxRQFY4nbWBZM6B1xkbr39s5FQMpXLltBd4DuAXbMIDpe1pAZ2d3P0QBMVmYqjlnPOp9GRGb3JwIeZkG72qDwiH3KNuvbVlMCQX1rTwH0AVvlyHOjojKDTd8EiEeG/dnqYVk2FRulRYrcfmg4GvKlUxFeRkkuhc1OkfqOL9RPz7C4fPP3E2cYX0mdLEdsa+VgtdwZ7e0VTIuQD2++T23s0o49VBkzKsgDXxWGsTMyKBTdK8rf9zrkr0NWZUZxfeoXnNLZ+0REa7q7jCdTq0I1CwC+RVJmVj1+SaWdCrde+sQ3io6ZoQLsjqDNqupxGxIZ3UJluZ87xqr2QfB9zXy6UqzD2k0P4IjsjNVP1O7aep5Ha1Tzm5Jsbmuw/vU2Jj+fz71Xm/cUxxRFYz1VVU5RAg7RHu8VrOOhjudFEki9vj5EZJXdrrSJQb+QOzfL5bLphNPmb5I3c2GC1xz2Kqvqniiq0L0zlXrckFeKgQuC6Od59H3PEf7lqBgRJGS20n1VcpR8LqG+y1FRBAgdSH0jpOh3KTZlZRmE1fnMfJ5nVsCaBW02uvduk4bP52oBpv5K0wxK/ddVLfjUc0lYCK9+XVZRqNlQZJ6Zt2zQUx75g48zuEBSnQcv0V34crTbkJwrfnPcez0qqBIBbbq576wq+SERde8ns7R0IZdVGoyZFiVKPbTbrVWPPc/DXwonrn6O12IJ2UGCHLD7DswMXbKtR4bKd/A8PcIDRykCdYVvpAITJ83WVPzfCieWAYDYRBZ7t8dNOBxhzJES+gbV0qee7lb7sLWiopz+VgKYRkhaLmjTa3si1qfY5XlVBGbmtn5zzkxp7adM51YsW1USLGi3p17EyFjmm1YQg8QaPfssvc0YF3xXRe3txGnrGD07T3MrxfalaS4qEtYz861gd8fAlkJBxSJxGL2Jjd2dMm7Sn54tKkyV4HYWQqQpKijgO6mqWJSwqKQl/EGIe14KJvBLbb1Oqlre5w7g+fOHu1JlbEbaA2s+MlGVO56RpNJKaHMXAC1vyMwISs+gI+ozDLzKDIEvfUc9CxY702lR6tV4br6ubvWez/fA9rTa+9stKsBYiCznK/FVeceYTmT+/PxQQ2eI4loA2kxqN+mlbEXYVuhXn967ukMlAwAxDcOFrDp9/VmTC/W6xP64+4i1mICjk3Vg3R6RbQpmyi9Nu9NmO4UYTk9rnflW0NwPg87GZc8apq9WICMkbrBiLDIRw9YGl9ijgq2u3cKTIzKqWWEijAi7kVePM7UBSeyXFlhPmejSPPrcceM+0517vZ2X8FxDLi4MMlP1mKLxAn9WIZAktDsntIMBgOzFqgqY6dbusHPOmsHaET4iKBM2fGcStB3xrmdQtiVpKvvKtUnRwtRDLejpilECA01V773vtFUMJzX5m399w39/3O6tzPctiK0J3zpff0lSO/3/VeDtQdyDIVVcErkbMVXPn8rmxK7F1ZmsKoGAMOFMtWXJQ1s/M8Ptv7gGTbXC33h5vnqKIVu7yMxVupCkGdlRpATaWkQuOMt/TPidoqVsS9epHL/qqATMXPYtynPOicS9N2y5MQSeeqhF3JkBfD5Xep1ZMMdSrUwAz/Moov7e/KTzLMJ+qJ3Us9BDrNAxqXNmzH8S+OhAHt+YACBl1z4+5Jmywj5rgeD15BHRnxuwmEyKH6svdtNPLGM9d4UkF4vgL8VkncNv7+9vhNWpV1V39x0FjO6b8px0/cz3756ygXP3xzWhNqCkbxcXF9JJIHm8aqsHv1CabfUyswmvwjUNP1rg72BmKgshEpXfbhMNYzPmVojUPmrjDwoCkSnpUuQ6+OPXj6opbH2L9dIJdaD55ghR4uq9ey9mde+VAkk1zNwWiMOZcugUS6zNFLKmym+sseLwg8B7a8bfKDZsAoa2q8I1D0O7pbGHcYdolEYHRAKPD3N9Pl5srlidmVZxrVKtqrq1mkvctHzjNrmkCMs6qb0Ue5YQEZy3wuUREhXJzZjLqqz3ZHIdLBQNRDQ58o8FAlD8DFkQZ7LVfVS3zSR08asJy/f1UUHIjZVv7NL3Vb8ptznjtAt3fT4fvSl0f8qNZCIdYlpabfx6lZQGA6/N0cI+AIQTrytMvOlVeVBUCgGlf//++43/ld4B/j//8z/1r//3/xOrRo85gMoCOWj7wHMg4QwUBQTPqUiXtHMEf8QelHpO1X6NmV3h4EpE0is/Jy7Nc8N3WF9ZIcvdqnPKEVDMi7QBWFQM9/v7YbBkC+vgyUw7I2/J684zTOHUGzFO6jGnftob52Bn3hWVKKJmhhKKGFKFo+XGAhNM2HUuR2T09Ljzedmv0X3zOdZl28ku9kBYMaDXVQaqivMl7sloSZbQooxI6YJPFYd1ftTDcHOHStjQwgOzXsQdCwDn+ROJAZ/nJ15b1RkviZ3p/oiDsBPIiIhhP89x7Uj8/Pkz043ROwygKoZ9zmGP7DIDSNSpgzVbfBeexL5FkdrzhSiZbk1FYCi9eWY+5wmzhJXmDNNoF4hiuph1Fg5jKiOzfn5+fG+RdU5VzLSoLPKdHzknIiOy8jnnEVx472cjuLkqwXV1ABAxYHr+nFiiseyhHiNirMqhOMKOyBVHdqgqZSprem5/1BTpUD5PzYhcVJWHiMyaHgT/nOfUAUKvD8lEgXAryNAyLo5MnHZQt+hk5RORM5bLaajiYJSp2E/PugVAY4CwWhnCLxGzSohYxcLXwEdARvdV2bCkDWDU2Q+ntaRLZ/z9eWEUdlv9EgGpVuCaNTO775grqpa+xb7DiMVmrcm3pGuBs6Z2xJfLE+9Ug1aLVoT2N0h3ziMJhjAxcgWyXpSkwlEwXE9LVaAq/3kedzy75l1Oqu9frzpAclBZoo2L8SybiLaPeVTKhh4QNtRdVXc61mrMB3LIGV0kAs8jiBAkKlL+jJJ5zVzhKxD4mJlxNstsBTOjNiw9yZezIWQ/orwopU0bXUn1kJmReQIBwbKaW7giG5sZ16lzhqPO3RyHKC+lYwDZfUFGMAZBjDVc0TNJYliKt4FTVXEqC0TlMb6lfOQGMgMhBp9EczPgtNyxeyggzwgPgKh+paY7aFxkJM3Sj+DYFpMxDK4XrZ6viMkJSEoPmBU7tApTr0mByEhZQWLx9EQQU4DXOrueHktWuHthvLen5ROn/J/p3UVhOvsXIsnIxWlf4YVf4VVQnqBdGtzlckSGk6ZQRBLFRkUnvzWJma7I5kRQ04WqmiYjE7mtfp9M6e00U3J9SoTp7AEVuByB8rc/E6FQT++8SMALh41yZgyoSQS0cxJZUZEQs0nGKWT7gKvsgm8XIEdXVh55A+qLcswfhOckIUXL+OUtrPcdaZaibuNLdOC1kZ3wstvT3YqNYghgmKHFvEjkcJARsxappK58pnWjQdVRVkSK8vKc0zJ4DIlO5L3r2gZAer1WIUMViPKOeYUAgKoDBkMYqHYXJzkC9z0wiJwru3l3gGoss45YOwCyZME/z7OmQ6MoqSpK3rWKzI7nDVSexwM/srslHt+zIatTl/UgXAeqbJjn1KmUvu05f9S51ylCDIPMMpML3oBtjAyLubRsi1LpVGgupT/I4PQFCHmhpsg6sxzeFxuOek4oR1sJmiSwkZ8zmedkkjbszjiB5LDvJzMlJKGjh99ZpLoHJ/HBF1v/ef6U5HRrPnCWeJhVmHjOI7Kb2uPK+sfPP9LThaub/1SZvBQxaNFZAtF9GRiaIinDeuB1x+LsonWSFfnzPJxrhglHbhi1DgjIqKiT1drn5ImLTnnoPaeqhC0FFUV7NGRSTNK1OcpFppSGpVsq+mirUb7Wd4b6uxKtX59eZbJVJLV9bdYX8bXbKwHoKxWS75aei/72kVEJkSefczweqdLuFLVYaeQrxoalU1XDbgxmUotjtgk0i/NeABqKaNHyuFE0xadOvb2fgqfHup4oI1M7nBXVy8s/gjPTfc0STcpvJ/UWLIHMuxP0Vj5nrL2Bqzu5h0dGllKrFDZSpSjRqGlXTanoU3lU7Z1TJ4+cLZd6NcOJQOXhjJKpSsnMU3UGQ2B3SglcDhndq9ZSr5uroZRKOfYNIuLk01f6aQHWNbdTLTq5yKzYwb/bZnpSDSRyujld5ekUjUgS8A18zZciTH7NsC+Ent1zPGBGBNPmeJEhmdM5z/tZWScCTx2rdWFjSeO2XlwzCqMjQ13T0YwoAbzdLVLYjO5knkTgqROIvi2e/qupsne2mxoNp0XYet9V1zPbqYkNPFI25vLuG5O7KDJkPbxibsiyBnHywbt0VHvOdPHMfLzcde5HBXN7aG9bPGERYm5iGFEbjHaQE7ZVkGm9qJ++dUofKYWTR32x9BSCDISlyEIDdJ2sc5w7tB1wtH5GAEVm1t/++MDByDlGIIYUXnqDjuaVAERe9JsFeTmunG4mwL73PE8E2FNL5XKbJ/jC8iypzKlHLZSIoJ4dYryVzAUhTX9VDyjpe/nfK23ptwMW3WmIKKBGtSJDIE9WnaonMwZdJzMeIM7Pj9YunvNYANz3VHI4PVo6ODES/zECyZ5bdX6ep7VTmnSzPI0ZhLW8HMwwyJ/znEwxRJ/yHkctWkDo71Zm/r3TMwEf45lpeGvRrA5Pb/rlHYpEn0cWOVGZdedWpmY8AkMxBD381TFtDIOhIY3os/UrOGv1COJUZTBzXfgIr9OsAubJbHBA7XjI5fwAgZlT5e6aOFlzpzIHfZ6j6p6MrDO8DB4RzCj8cY+BS7siO6UZrlPnKImS3KXBSQJRM5y5ESbwnTyxcaYqJ2YWQyRprygdRXiikOm962Zbo4nxZqBIkXW24vBYMczdnJdZu91MPs/P7TnPI93q8EYAFa17e8QdTgGdJuWwK1Mict09rD/KXBnBjweQYGY0G+CvpdqhYar64HTNE1GlbR/Ssf1ftt52WZIkxw0FSI9T+7x3Z7WmJ5em0kneHwAjT6+pTDbb6q46lRnhzg8QAONkrxpg2jD3LQ9m0t4CZtkd24YbfygLgAgnTU/TPW+YVp8SEY3++/m3OYdy25NqZe19XJPkUfDzu15TMAVgIcv5Vex5oNHdXiWElY/2PM8zGMQ8z08yAqmaU3hgbmEcjK46zyMfDgIWp/RMzc/5iTho9wIePIt5vOOqDHGLKfxh37jyHTGoezOUTJNAV8sl3ZO8tGlHd6tyvFPKZe9cjetT9JIqakrCczKswI2IyJkiDY96tGNVHwgtEna/c+KcPNXXPM/ttXvgtD4Qmqde9ec/Hv9OLQdhADxazLCzWy2+0TAV0qmbpc039ro917IEkcnatC0yKcXPS0knIyibu8Hcjyga2dWL4evbOX1uKwenkB29vOM0jX7VKxjxY57znDzTWnhpBjBmnvOE6cufCOZ//fd/d9/plsqLqaYGQXcXypv33l91l4vSsL+qXueQ6JIPz3v6vX4tlu4k7gMW0cCsLcl7vz2NyaryLo7Vv+iqCyLoRUb0BzWF83rGHZ1J0vXGjdxax2FiFmDVu0zzfM/zCKD3SDNcEorZUt0OAz0EehCI8Zaa2L9BbKPWWmkJYDVJESiTGbVjooAhBZIC7wC8Q0s95/v5CMKLiELroLtu6/sSRLubjOm+VQOkMERHc33xFOBliIgEmCfq3shc32QDxDMzXQzuWF7sb0DXOBJLAhqxyYjnPJE5rcZDP2FmqS/pJUh2N9aberxmfTIf0MjdO80T3lRVn49dGnTnNb3B+8u3UdDGOHdFvJTuz+ff8Bhf10nTvK9fJ8xroBhMs4uh9NxSHZT2bq1r5PbJ38yk0jzXd1X6+N+4uVCegCywKmzbypm5yl7nR5WHfvCY+qLR2s7Ghu2lVVucj3eTKPPXNZtSuSTX5yo8xTnvddvgovuiwi8kHOHr3xfqKMgIcSSlXN6DLv6RTqwUlAZgTcgywslY1dGe250X/yJQxwov9Ky49cEsC/gN9PVr/QmWRc6t/af6ds1uIsnMrr465BHxix38HkU/kvQP3w0oQ8bnfkbWw9uZxPLXdBpdybiYz4Vu/amEjEyvu95OF2CnEaONrrogzrqGOGYdxupj1BLMb9fs+uonFAfOOfdete7I4ODJRydWfZ6kbP4j4cigVRkvw33G+iQqvb0LhIFYx8aTuWfDHybTDllmZEgMZ9l1D6qqhpbVK2u+5wEei9jVaqQyDsd6PQFNtImI3R3SNZE854hJaskh5DDWb/LSra93B0Y3pYfVA4ycFavS5AeCbhs84Xfczu5+2TSRR1BJAxEpTq6urL7Ru1JJp2VmMuPeKyiW+G5rxI7ZVTvqcJCMNSx4uVS6yPJtjIWEUv6YtsIDVok1y8Dlcqz4gj/wDzznzJSaRp83LWKVxijXVkIemYM3RIhVqf+q4ltBb2x2T0zovuAlI3JJTxDoP6S9sOWr7nPqCZEjkvp0xfP3YzsYMkkrJ6YrM0sI7i1qjLOU357bbVuthZa+6qUdV+TM5FnGot77AiIlhmDgHYrn6sP0WGd3OOlahZ/bl/FU13BeaNT02kM5kkATP67Mw2O5cTyNVaXoOajaMe3lFxdvM45Os3Y8CNxURYmq4q9zkr/UNFpooYf8+VzVlP3VnH2hNG7p5RSZKYLu9cjTrKXP52P1xp5xQJ5MmOpzjsqqpDYE9I4VV/2gGe+WOPrrxmL8BObnOST7ClBzzPzcT3zT/wsvhhTO78Kn7q4r+xRZEtXJrPJGu7p/9UV92MI2r3r7b4OBd6Nppp+vctlqRGZTWzDAudUzSORzDmZmSoy/SMu0lRReLnwsS1rKWuwQ640cQSJQ99Z4L4u5V/R3vPdut6AO3DXhvHtBgR41yRORyeyX9eMhou7J996FA/h9o7cizP1c5c1zsm5nxJWuvAxVt81/l6i02RwCX9ZYBohzHqNqaoPaGwUcQCgR18Tqdbq7BjISqSr9ycxTyytyZWhgztpNPQHVbO+300EzS68gMiqMOnDRT3vhRL6mEIPAVnR+ZN2tTdGvOEyFXXcvR9u7wUhBkjKAPjZCWJ/cN17p0woWHHy3Ri12oHjLmSVKQ9MXtYhHZ1IzjPNLuBMRytA78HA3FKEkm76KJV5GzGjostWXmsS6JKvq1j3HrE7ApbqACN1NwFneeao7Iu/9sHG7wDhn9TSw/juTMxNp1l78v6LQGyWUoOuW4BMAExQ4ApcEC25rGDHYY+nWQTc6mN296wN8PFQtK7IByHxeGIXmbnOFd+MtpgtGIJDM53mWJNtlM3YAACAASURBVMu3oFWLEb94x3rj9/PZs4f1Mcc72OBqc7c8wDlpUna3GYuWYdd2VWj5DHTfexEmUXa3FMYzbXb8xmx9aw1UXN+aXWS6DV4NKUArCwAg7aL+Kvx8pftlvyoImsc7VZXM5/nJTC1Z1dvnCkSdW2ECHAAuI/FWPedsjd3aKb6Hg71jFbEGfV8ckSbicMsWAH//ft5cM15pZkazlXDvYJIQq0lzlQjz3iRS9NggjOApPfz584cR9/M3rNtK7Vd4LzIjNS3paWiGB76awrHm0qm/LZtxxPHS44w2OcSAFMnZ7R38qjZ8reP3bsJBBHOXT71anJBHUMskClX3PFIQaNmDv58qIs/81ux0G9kGmFqiWx+S6U8yVS+O4RYlz2kY5gagzlrIZp5Dr34ZUU4jDCgVKDXkc/LeK1cGCTSwE5R5idXTIjRquqnVWiKHvQtVGBI5HvVo79Ooz82ICFkJeund+79hQcOjiHrSOlNvJSIJpEilIzlsRsR0kVQt40UC3TTwwjxH5SDJBq7oxqNmn1bijh8LLVVZRdL497/Pjd8NiyzX0iqFpBl9ur3hWeG6aYs5c2i6o8Ed1mpYKGUziOl+TZ7JXbcWWfURB0A/ASSZdpvoUhKsO56Lu98Mkm0DnA0AyiqrsBRBJCjljc0RI2KsQvOZjIjMo/UAGpeGMWjVQrFFo5dGaAzY88v+HFA1O293vxvpdAz3ac/7CtySrbpos5VFMyqsT2ZVITTvFK0szjkqXHybYLmYvv3zPPhH9u+3OBe6PW4QlmH84rF7OGXougGV3CCvAWQyZtjVSofbNHZmeHi250UTkbd78s/UbpgUSPg3Mz3haK3ZKwDUxc1462duxtdT0p/qPTD6CI7ALWMYZcmduaQsbV91tYteXZq3IcAvivA2O3COMWrB+KUUfydnVQVvC3fMrPqIuyl0MI1HcWbWVMZoKlwUxAvWmqAGJvPVOen2bU/dv7VWEa9bj04XCM3Ivxivnn9VifCqCurPz39wMbdtJnHvFUKivzHit64xgW+1ObuBibugRaq+TTeebcigRcQIAJ/P55wkmf/61/+nrNNL/JuR+IXoIVIbj8Nu3a29PSu0+0A9yZFjh6OxCL+m0zppiCvBmVGbBIScDT0gmJF3tWxZQ3UAoZteeNtCFfmYmTudz0m7POc5KSqKQQeQa2AKZDBkKCSjbNkOvyrN8zyy5FdDrlM4rn6jtBRalIeRCsbQikDJXRlkzgBjQrNEIvPIGojk0JO3T983NGiw65LR3u4ZkU1pNdTZfGXkPV5eGhFVn8w8eRijMs65i4ytjRyUJ2Q9oXn4s6cB2I27XfWp9JTSuOc5IgU/XNAHg3POFtNJBsQKmU4GJUBWInd6pripCAKU03F1iYV9FCXvOsTBQdmXiofB7pqgLLDvlAwEj4fwq81cbgWA25dBFRYycNCGDG1EfJ4fCkXkyBlg7OY0b40lG9WFJxi7YZtkRpStaodyeqFIV4Pu3JmoVkDX54ZQSAbna5CiJF39l/KmxLLamaPg/fmsJKK7R4UFp0XRmp6T0X2rbmbQp1FY9g1Kah1ab0VrXAQwLRtpGkJCxe8maCMWLMYxABLRYxDQrOQIcYFgQLadyAfedqvKLIS5BTNm5LmvuR81hNj4xczsuufwNUNQks5MeZHXdJxUrbJiBUv5Tv5o/4pDjCBZsw413Ukyzsl77yx1SC2ZroT42CAG5eEWpuqekKJQogmPWRQM6lfj5+Vd6k8bwTz5EEHIwUw73vve++7ZGyv18i1TSHG79FAYyIEIOIBNjdzwS6SpIDgz5lbLSMfnShLgkJKDEY3Wf5J7M5eh780458FaN2AmU8xi6JXpcVp9AvyIRQJDezN9Hu/qOPFUNyZGtYehHBC5ZYF15TOTcaZ6mh6ZxIkM98eK8DEkMnKA7upBZDYGYIJdnZYo+o0ojnVNd//8HJrz1TPDDFBEBjlmYKYjn8ijkmgGYrSFo7c43fKX6EB64mkchG+xlctckB2KbuvA3PvpwUTGmXZEfYv4acgHRAVWRqj6hbrhmV99Wny3H3NFwRM1sjg7ZNRowSk2jA3Jb+Hl3SskqVI25aSsuC2G1MITERGIrh5MJk+erjpxMPszvMVE7wg7542ZQlL+yDtcVDD35F6jeIa0jNT2FOWztR2Key8wNVbOEUOI8eHD7+HNtKz251tUYab11I+cBvWgNBD6CgexS89UVnZmvDAt5/2KVV3YWCq3aDWadlYhRppZBcAwyqiIkh4vWceGoUUJwP3IbHRyJ26mok8N5nme7sLbpYc9x8ZgKDOOQ83qGnZg82Ll4p0VNe6EWaWK8AMOPBf89I2MDMkF4h2ATV99cJ0zapMbMAPtGHzbJ9hXV8w+21DcezUsPJnPeeRovGMBuF7vpai4oJ/hOFN/amZKonZtDJvQJRaXnDRosp9Eb7kzjuSkNv8Z+QX1TPXtoK4hBFuo5X3yCN2LCFAG4mqKJCdSW92k5/uMI2ZfrlHej7acIUDW3JnWXqi2kslNoBBwLghbijnb2VQVOUQrw/bmJuVcL6UeCJuWL/lSGgjgnCQxVRKHWOm0Qy/a2envBDh8nkfRTyenpkk++ZC83YM6W6ESqB1EgYjVFcxAUbS63+E3MD8/PxO8XVODvfIa0RHviEwCDp9YV1kRPZCfP205kpb4RTDiyn0FXHn2kJDVkmqAWx81Bc/zR/Gth5mhdR+eo8idQvHhPGExpUC0BLunZN5VVTXNOHkO5BRcPa193grtQ6Km8pzB3NaOALYb+pppfTy3f9uXSlHhFpAk8OlinHxiMDWNILop6QdepNz8ceeC/bceIoKRJxAZJwxyqh31MWBo6YKApKG0m2Q8ObcsA+3SdnkBu9x1fz7b3n5GoFdWHvTcYqZLZKkT3jRI8jfnR4q3mq5ukwqrZ3on6NyN06k9ON0decTRM0UWiMDn6mDtXG0NHEv2e2bbQVUh1t+GG2d05LqvV467B35K0eOczHOnmQcRtxphF9/SV9ZXChdjLzoDyJteSxE7M7zBJn+2cFIXU8/zJ88TPN11q7r6RAZtGX9laxbIPFogoUFA3xWoL0Ml48Q2eB4nWMbnE6ORp86e4nNVgXGlmakieR4nxGlgB/P3XjkyqVbUslwAcpp3QgcxIWxOPMZ7m4znnBdnV9QL8IQ0+QPGvMxKgmR9bng6JQ+A0VaRk3H7isp21tnjZHZdauUoKDWYOSdtGhlJGZMSHl5ALw62TZNbNqme0bPGK76mWuPNJgKyP317pqfjhBeG+OoGtfIwJe0Q7CUqvdlIuj4CPW/fW9cKKsjZc/IcGe1WfTR7rr7PeYDFgiPzPBYFt23Esf5y2jfgJzCVaTGoEcEMrnTPhqwy7mBskyxFbNSUNE8CkfMcroHqFjNzMiPmZNTUyaemKes/Tk+f5xFF4H5kI2ZiexdIfO5nXMKxppZ2PLsPWSBD/5yjI377DnieM+5kvTfLfsLEVDEo9Wf3tF24Pbh9nhR43gIEhj/nQHZSBosBHeyBRCGFRvjtEzNo6Trv/bj1Cw7iVpNR885++pry4BbYTGrXXDHusLjrNNDYbLqYDICT2VUmy7p8iaBTbZe2cTjiCbADIb+S7qrpO6V0YbhNNbw31+LtpklqXWjmE8zbw8gybXfiJFYymUkM9JA347Dqo7Vb17ZyyraPIuGTPyNGjH1HPWWBq2WO7M4QkslUX9W+3cNIQQ+Z2VekBy6+v/cNA/VSM12X785ILxzt1+B1VoWgCo2Innun1NewGevWWzMIxLa9mXktDlOo1Rw0yoYTpN0Lyq3pCBd3pWSgGSDW4UC0KyUmJohhM3CYJVs8II8foIqBiOi60oFtIF1r2irpb6WBUA3T+M4wFC2D3L1TlMOVKkYZyGMn7jANCACtr32dP+ZtSZXFV/i+p6jEyYO0VHqW86IxVH2gurdaSeilW2Ue8QFmGsNzFvXdTRva8BTe2VYjRlc+MOPClI7IL15RXru4OVIlb+RtqPqHt1VuOTMN23rM9F1jg7HkixjA+u6wg4vglPPz6PHkusrrsWhGpV9hCs5rnMsv3JHn87EaW5pLhPY8hbSJ1ikKDAEA3k9BRhfaP1P1nADk4TbyYumpoIybZjjVRkVmptzyaTR13lcoc3XxNOVOhWGmuyp95sxnfpkE6PFq7MfFk0mnuQjRCpdiQv+DjpMe7v/5P/83/9d//aunhWojEREHec45puJORAiba4tZ+i16dnYHkmXD/W8X+g2OAOw7RkYUOjLbpAfMzKevNnBMj2KcdkQwUFpoNvPYJEFFHpqS59scSdUwwbo962rXK1MNBn7Jc3REdDLOVkh+fPbb7XOONzFI5L7XTM+Emnopne5fNzZP1ARjSO2KrJd7kZkGkDiUd+qytiPy8/nEie6WOkG+MWh598OvTV8mIv3WwUGk91Zx2Q29MzpNsRKURwK0M2e+1pykbD09U9Gj6JUUvYwJhR1dvG45dbDbvBsFsMgAeO+t+8nvsmUCkHud+vtCywdJXBJ5wKk1cvoBPFuWKQSDweNVhxDXTACyxmXd2zsRVbs53bynjojPvSR/zjt2ovbCqbGc7dhVJr4OZWOW2UtO9CvIkyVq7h4LcL32AH0jdzjwmVFfpDaganmm8PvyiwuqdyK8+k9BKpYmVvdKAKHZI9/6g3Kt1T3wZ1ZYh7tTzvTn8+FefqoY2hvNbV6rioygXSZlzyIlRy7QrKCamWTfe8MljVED3fRzRGqA9Ulbn+m9UDymnYLFLn6IL38Q0Ngp4iPtzuzw+rXpR9S0isg3nDklnONRhou/meU/ZqYm/Ijfn8HdIO0R/M3HYf38L83N7+DmV6OnkRH5JYh1ez3ROVx5vmbasZkA7ywNmBVIwTEEA58oHSMMBpOMEE8WMAPOjRa0XD0zI7Ot0eZ0zRAj2WZUlYZqPSUNqYaa8o/SJ1G7FQsCzvLSFPNfyKO7Pp8P1hM2I4XaA3wnOL4dU4yIQK3QUoZ5Pa9Eyc8fMzIY8f3tjhOvPTpJL3sOdbh+EUI9tC/H2B7Y3b84+IfUb5g3QwkNV4tCT/7/QedUwQB71rWqmF7mHeDF7HXFU1jK4Z4HrOWdz95W3ulZsrT4GNPTFhfKDdr+URv2VUggzUomFr0deBcZFLvanWqT/9hjtNFeESZ07nu9eH9hNyVmff1SxsjDd35ZysBCIgA4J+W5HMt9gyHvdjkDPYyAtSkTDgKyuTAU5T0u9uH1/9JzSTfteh0rTPCz0i0YgHIM8Oe0tXfvys3XvF1MNIEvfnSt9n/i9+xKpdgSqWbdt5UvorF5B2+NC2h5QQ5ngVJqUzdpTyeFMO79UgG3as5e5B0qgKWWe+NYvPZx4ueuakTv8H1fK6H9irTe+kR8qJO5BWWKlQPIxdun5TzP+6cy897rmLwcvTee/zw/ES5wcmmhCk0CL/TPfJOshpR+feZxyyxmZhDITPmZ+rwtLPhyLsf6htNC/X9t2pjZWbiqaJoaHBEYykI9zykPe3wZx2MbF26qGUJeVUCeY46G/Kn12ayOkl8TzC/jLgJx4RM+w7HIgp+AjJhIEibPimrjl3XWHzzxzU2mjA3Fzvn1Nlcbh/3dzvg6Mc5TYZsjl8TMwIRiF5VPlno2M9arZc4+2yZCgNOKSzKPhoITS/LomZmfc3QZqlt+2aqZVQPIi1ZrW/rWAMdL1mdm+vabPd93ip4u0SbQXavmHACUWhS+AoqiM3OejC2A770vC2zKd/mtfmdQdYmlcO7tHo/cqrvzuMsNeWcLFsh4nfNkSTFr8f8e0ffqKcUgcwgxMSMzfml5u1tWadJI5UkQa6ISpj+D/jn+a71dAIDHydsodqEGkSfj2+gG4jyP1nUkv/eUu7BdmSZ2ANat6Q7a6hM3fWq4NN89fq0DyPgYtz6qbZ7ngTeONABpoeRJTVANmirb1hcvM/5kQH1vzczn/uV2H7kgJTaSyGhChlTrETxvccVf3HNN9MejEZBUeyOjM4ER+6ZAejUFM+xTB+zizX9EVPU+ImmpnkvHVUO0Gdu/UJ4xY7qx6nnZsq3+L7d7cvxZO5HuPnnUIZISvi+PdV7CkGJ17pn/8Nvt85yT68ADDqFxPk+mcBcJYrqbyD0VKoJXKj2DX+eESgS7wAMzoHdF6mFlpr+p9RAFDN65gt6LhmQRqqNIcmCzKR4tpn6/oGqkY+qSvtpahq4KkDT3HK+OEC4l3LOTtz69eMLG/3nfqfuUcDOCzU8RBMbeA7K7JIBO5sljookyb8iYl+VpH1SEcHfUxWoQtezI93r5qnpirxJup312fFXlO7tQ2oXxOB4Kx9BUSUUnLf7Q0/Yi6DABZnKVsv5UY9OeqnvOQzM7S9+8qjVsxsZGXT65yct8H+QiFe4rq2dpGewuHneyiuGP5Agz9/59e3AdjPKqHtrEVi8xvyrtkAVWJBmfviBOHq0CGuA5j/JJvsRN6zZM7iHpTVd75SNCt16/ttdzlyHUyD0deRhV1VcW0HtG3RZZEzBrC9Mzkot5QPJrbZ57ef9LByuNkWbG37eHwRa/BtpPx8G7TNWc61H9q6283f1qXEwp2MFzcAgYoi2SSVn52VxheqqLJ73fjl9oi+Tn88GCiYKuCQjtifApzX2MHvSKXZFfgGVfNDOPlYX6u6bf0K3noHRjHOnXpgoscz8zsfpsxVj/V1uDWTd2tNlCXzPzz/nhLyOdAG/Xk38yT13LgYJ2JKXbgFFn/c3m4+6JZNdVROruUDGwu3MzUs6x8c3gCaLussHeTEQ6osar27P/hOZDAOTdutKQ0eGMFV7cexlx710LOJU6V3apb00i6BymnPf7RrDQzBsTNvw6x+j/RsRMReadZnrlVW/f/VaSeZ4XfXUVoYmO6LCZVdVrJ0tSuHj1vfeznzbOOfAWHDVv1ou8yj8/wIFcW0gvhU/Do+9oz8qt5xz1cAtNtXfeaIQzsAKGfJ0VuGhDV38XsYj0s8RZ/W098+R5EYaZdynFwl9hAfF5nthNVAG+vadTAMngOZmhvC9LusyUzlDy3IBm15n6MBr8zIyefJrK44UKM2PN8f0bQcMRY1LCJkAxqvqtc2YVCb2uaE7H21+8v9QkviYf+mnCOfN///f/Hm81JHtSiE/7fMfxiCszZPqJbZYoZucqg4YcWG6vDW5Eih/XrWmef2bvtJKhgAe1lOmNweyeiWFSP6fXY2RrO9wp/Uuam0bQlSIYycRwup9ziOya6bv2/NyEOgGOyFxj1nNm9ou855azgJYqvK8CYgLoOolOQDDYI/rfoOeah+YOGmu4BuBzr+L9iYcI7SoIw7R4zpEKCb6rR1P3qlvm/0WMPQR1fEzia0xbOTVfwLePbDR0aTHBkMNsw9qr2Qab4DnarF7cP+HMTPvidd2lyklXON1VdSVTrf6M3UVdrEzNyFy7PSuXh6NCqsl2PAAzHyCq5A4f0kFXXRrDFrFd2Y538S800+z7md28p/CUmZb7ZSp8AD54haaWfGybF2DdEuOjOZGJYGNOPPqJ31KMWyXNMNijxTUprEFVMWdyaTg60pSJCp2tN7BanTShqMEkgdFi3j19Il/Oc8T+2GxKhp6kKicaICQ5XtaaWNLEGmIkJXWfoUrV1xGLxMin0oWIguzMiFQpkkVXYXMQmS8gpfQGRTGxLD5tVRr55lGXQRFV9w1VjbEN5Qrt1deZG6V3L5PEFiM1zNQjMr2ATqLVCcj6zC2fNhAERd/nMqz1HZtcf3iDniOxxY4e8WtlzZhlFps89Pt7FtfDV+r+wfTZ8p0Sac0o6MP97TCyB9XV06vlAoBAKG8Fc6Z0HRTi390q7y+St8tT2yp6kSx1F5TyY6/ZWC2tSk7q1GhIZYCTjxonksDc+tC7AeRjIB63VQ5V1/v1iHtvMDJD7IzpCYaV2VucaEuTeI4zw0CeSB4rKmZdnuk/RPLz+RvBE0/mEx4Mpxh63MGnfmfyKBDGSbWEQnL9MyU3Son+DtUbtKwSjxvb0isezSr8Hr6UilkE7K0IxUdo1R8vZ3QsyQzb1b6dJ0I9G4LVSNWCLwYFubE9DZhFMo0e+aTv6C7feQIpO3tQaxXAGm+I7ZFX7Ft5gBHTVwxB9TyS+IAa7nujidatyUy8+uo7dmsfOuT7rGU2Xkuu7qtunnDwHDGvJVVYP5OZsJowxbdS4FORpIXDWoqrGUzmopOmQ6tj1Es3ysbVFvpsVftFB7uE/3lXwVh3NpiOMGelsX7HxLvNPF/ahNp4SBOpjoVkbH5E76CYO9jrNhDYI/KAItgLQItfzpm9vzPMswOMaC16CfTX4XoyMpAROZjc/QqtLzCzB4AyfQTQbY1UWUKDWVu/PDlTn99O61vDxjm9qDcY/vwYIZURIa7lMBCoaY08ufFc2ksNZ8JeyY3XvX1pByfPKzf2GxSmAkBh07QGCbvO8vhGdIcT53PvzGD6fm7des6RyNK2tt5dAaE41ZUnqH2nwyHyJMyetnveiyu9cM+9n5n5eX5AbYl8jftC/g/za3M1ABsPEIVR87Mz8pT0JNaaRqxP6Q80dQLm2L9b23rY8+LaM9UnU4RrLrtQYrhdUvfCedj7Ylcrux+tB8lMM+KcQxPqv1lY2qzbjZgVo8TJE1YXMSNyhVbn/Agcubty5kTez9+fPz8z05jgmeqq+zyPoqFQFf9dmRHx7NZEHdmTxxORGRJCRbSIuNltn2oG5t6PvqiZV4juMV/DDx6GoDCYzqBKWIIjeyIpGRxAUKVLSWgGqfc7wMjLiATu50M0ANkUMNanXzZQjRnkoSFuYDj5PL9WOMjfVfF8rkyBCICfe+WwF8HDSAYnMvLEocSum02WlkGCeuMwrozprluEI7OWzGVmxMl4ZkeYU/OdfIS7NhECZoYTGSfijCUaqqE3tACK/Ry2M7SaGcyIWcKu0llTPBkCXopw1PV/7gVii7SYdzwJmA+g21RFjN2cSW6QYWRpn5/kHut6v3BDn/TyVXR3XSnqFKt/zh8/v9RAGm7RPWfuWLuYyHzOyThwyzONQXCuLUzlHVvV2lYtxq7traBrecgY9ISHrN8zSQK8V7bAVp+kFFHT55wTsnzJGY1dt9cHuWp112ZBRkxVRoqJj1aFJmG0FroU0c95ulocFDmGk4I+FfNsvxbByJNMsd1/fv6MerZ7N4e+HqRGBq/mQ6adCYdtp2X6vGhzxtQQ8fw8/c5QmRy8vTaNBjTXRYckA5IbvEwdkplPzRUvOOw8o63pgzD9wPJ6AEDmEURbmDBZBwIEGYxAAGdZTfoiRwru7jwxHpWO4nNNJ+M1rY08ebI+H4JTCGZ3PeexkEiveF1SW5ozgjPytwjXL54eMo/U71W1WMdU1XQBMrNl1UfjL7oMheETeHN1t0jtM61lfiXpqgKCQpBpVYOS33+EulTCZ15PsW+fPKILdHfm2RKIGSl7kDHoysA6fxhE1vNxn15Vr1uAnibXYSzUn2AUyVSpniQbyWgqVzLkBNCjvR0aHqeyP7R+Jm95PeTUrSkSOiXV1Wp0q6puPonAoBG8VcM+lF77S5/qYQ+qhyJL9QvCVno3pPJLJE/GGRkSLhFoMLsR0DcfrjebzMxz8gRTF7b6zkwyKTZCJGbOOYrkRDzPj9fFv2gb+eTTt6pupO1edQd7IK0/gqo3PGjsD5LanJERMmbIiCvZYHCAWx/6INmo8Dw/up0Gyudt/7U7C1XFroW2+uymxq5qk/Okox1iakp+OL8qLpUQJyN04KdLDjfhzZT2Y2FE2xlP6Z52GaGBF4mS16Vn1CkLu+hWT9dVNxliWwMm3wifGS3Lms4INF+6u5C3c8yenqlg8p0/yRJARqCbrter1lqHXCmhSoaxwcnoknT3ixS/GVBVk6kqDe9tAkNrHkC5FwOhjbZBaOzade/9KDx57hK507Ha0TsxLnYb9lEnQG+SGiCYtkmICEy8laSHcFrHtW95BtCN3o6DkfJz02hcxBftOHQdy8nMk6eqeqTYsPFURJznATFVz3nADHMr2a1VvMq2EWvDyFFTrzwOfgeufTKC+mbhzUGjkaz7u7epJxlMP6q5Eme5t7YlnQNV78bv57Hd9E4XbCkh2z2K1zKt9VQe6Lb3+AofG4kharpaUI1xeTbDyjxqDgq+vbyOSt2i56EmivucG2yYccPF7tFmjpkWFipWScY555HbQngx+BaWyuFfjYKvQ/yTrG9E3Nf5a0i1Cmlxaqe7TgaJ/Nd//mv7Pi0/Yd8ROxUAaBczp7Gxtz5lOmFtiMcNpD1Se1qKBDVaBKilZ/xakeqZaM3k+x2wnMQMA5nvNDt3r9FMi+UaWjeyjNR3vuRmkmHIRVum+UWvsL8GICRRcWHq5VjLlXPpQu0dWSYbrTl8nodvcwicDCw9k0AcM6bFlOdLMJQ88OcntTrV1HxseeRAtk2+GfoFg7OxDC8Vcvorqqru1ZxWIWYwXM1amCP8zirVBNZ5npZuS/t281TVeAG8vqltvPzh9m+cmXvv99VEBFM68T2p3Imlhb3YCXbsLjYV97pI55zP569nVoKl7VqBXQoU3S02wizLeGaCaONZ0SIah9pIjbitptdnrioRWs19M7dF7FH3NlhuEcWkoDYuLDpL3fovJRN0dhGV8ufnzzYeFKqTJ7oLkzO4fbVOfWbyRGae8zMzfe/sbrf3CWNHGi9Prb/+p/YiUEjoZevM2nBX1QIkUfWBB6TKDBpC/GNwHaDKyp332npFUZmAQHxZZllAbX+A1tmKVfzlia4yEDnzzj8XwvNd+86f4/R2m7T9CBeJ5g7/AeDYlVvVEiX/V1msSbDkiZqWz/4yIKhjFf7Jkgv0L86Ihp1233ofS+zdHCyWEYKn9Wn1vz0jBn33nZmu+vn58dePFEvcpbaiyvLyIrZTUPkPhJmUAHDv53mek3k/n8yse4XOKCKZCNM2F9Qr2XDUDgAAIABJREFU6Glk9ExufVP1FhlLIUnr/m977KEGY2Zufblv9Cio81UVmDetRbW6LuZRuojZS8EgbNVaeRRtVHpSWBGADAe6c45qUGzL955n9+mYAG/fcx7sFH1xDWr7AlNcbw1aAMDNLfmRHSGsctCHfL18xBrvV8dg/pTZebp0enWxic/j260/uYWpKiaoKPklaxsvdlPbNr16CPyKIUop/iM2bxE/xasIHckZedLm0S/GsbRNBc7uXnRXn+p/PNJVRQfeusOQQaO8v9Hqn1kdlXIG6Xbe9YhfuY50vF8nnHnNjFNwFQTw4if6PPLSxUxVSwXsN9VCJ0vuMW/O2n+YrQREzRv4IaBnPEDdAp97LPVL6HkBKrLTyzAUrtsZH4GJtVvUp10ERMQZBQLG535IKUn9jfTPb6zQJ3mfsO/shr7WwkYsODLOdA4RGpE4bMDU9fcEO+/0rsMx+5jU/GEZ0J7LBMkT2d1PHuEDfz8frr8/AAH8/9hPUK37Pmh5huaKLVSZAHbeWLuweF/UDPrW0rr32cZSY8e76BXNtPhBxWutGL/VSKizTfGYXGrr52tSqMZj4X/pmWxtjyG0mLqqas558izGsaiW6ivt0PZxHoJzb81go2t+bjnXiMTtG+ScoioUricRYH0zsqMYaaaEsufKVr5letV9KZtuDKBUfrEqJZh/ir1faWYcDeEZgNrBoRVXW8oW3uXkBNCoRRsZTCHi45z4wdcug9xtH6Ms7F56Pvc25qgAJPZRlxi1PuRqRWh2mxoEA/eqcFJiRO8Book1olMwZOeytx6Mc056D1AMvv1P70+e6j1FOtffUgQ2w9RCmejXDmKwoKe+dedursJ8Q4/yneK/ja3MDtM7s9vYpnsLCM55Il7nui8/F0YZQ98dy5TfMMf3vy41WxVFKD5ner7IL8k0uiYiDJz1RErrUxqZV0/fD8mx+TO6J9/Z8/4VJG3yOAhm5CO0OYKMrGqjHb8lp+KcroxDd1zM1ogUtTrosl9tcA+6S6ixaraddW1VNk72P+fBq/SdsYm2TIoZO6wUB9d8w/UXgnRIb5q2f7H93JWbhmRV32VZKpk+52RmW1Um1Qu5kmJnaqBEngveqYjQvigsld69kW83I+Lz+cj/Ygw/mVHuMzBiAEBVTUbIcQWA1kLqyZt3VH4LEWctOxymZkaMTtd19+OGYhXz26aLsPumuVYvPFY29vM8sg900CNvVX0+3GZW1WOezHj86iHR0Y3Vr7ynoq9lJ3tkjANkpsLFdEkNCUBy2JmBup33xbwDrRmp/K0IqXrLdVcsoqPRLsSYAUfG0CQz0uylcEd25CIbJFBV1rL3dIuhTMBM81TkNzHCin+AGqzr9+AlkYp5dj+vxUt3xz7PAWdK24tVeQKvK7o1cLOjwW3hCaDu560F0huYTnff+1Hc4Or8sMVtd9so0sWM7kKoTrv3agZSpZ09R6pfx4S37jBnTDV+AWuay1/KOdWTjFu1PJ/5RmNvffA5BDDiijF1KDOf+AZd6AxbOgbx3pRDmSeVO8QAqN/qCkdv66joZWOju+nouuhNVb0ojRGDL4N7IqjSNNZuSzVhV0VoAbhZzNgXpn/+fP4qT71QstKQkFV1QHqzuUbHL50Zu65MR7w/Nx1S/IOwhBiuNF8/E6IG0vpFADF6I5DzFkY9pEsNOd8aRlhgd5+wExy5VHRJGIMktZ1++pueNRsuLeDxNY2NUYH191N8m3E7HOQ56Tz1az+i2NM+pgY0TYdVvaFB46uE8AIqd1zTM4+WJRBpG3OQnJruIvD38yH4PKndXQI/I1KTT4np0KXnG68jyPtp1vBjw9K872uf4cxoNpOmIvUv34K3hQGBVaOq6DKx46F5ITEz1XWehzA7czFba6z710q5rs48DFTdGasf8BKYAGBsW7L+nOuz+0JPX+WlT/Uq7b7Z51dHjLe621bRV+fXFiWdeey/x9sfUZB0AC3kZ2FOPTE732Frob07h0Atdtfbq/us7l+jzN6/NhvpRel5CKRyFN2gOCh6IjV9SwvquT246ijLS94hn8pxAGWc5EW3hJD/ai35Phjlu/etyXll70W//0zm3VB/vXk0Ijjwngn9+p5PELvXfW9uzshrB7KSFrlBP/+FOsd6BYcpVapvKPsfkW2P9xc5f7M8AOEw3f35fPJ//fe/YN7cEY1stGpy7WiwFfNvVsVmwB3lRQwKJhdS43oxkmzvsIVyE/ejZT9KjTEcScWRHJpNZDVX94lMHjRamUW7tiO6uU4p2rSc4S3OajBTtpwa0EfweR4NA2GVLiMyEDu3HPl40vzO7zBgpaAFztl5l3QLsYfJZpY9nDcI2uEa8Gof5Y5w1+QWZdBTrTGi4v5MB0KTQAzOk6JbqoOOicwTIXCcJJhRXV0tAvhGLhLT1aQ4pCtoCN4qMybQ3Y2RzKIiZHk83UP54YLknAwRFfhrvFJ1BxDRTQGiulTtnXOS0dXneWbw+fvJzEx0XdcnINC370bArntnuuuKd5oZtz46LQu6xdFiaq29F5UPAPC5l5w71dPoOc/ZwxlvmuTuS9E5DPkPRgguqRH+Is4lrOYBk/HkmemJV5GjuLU6JqQM93XtJybO2SHEVONo+ZuGpaIOxR6YEAoP2LAbT54AtCeju7U4Tk9bSpH5BdbPr2C3OrBgpLKO4TWO9svRz1ABztx87Q2D5tiWtu04V3CVKkRrb/abo/vlab7Gu3wj2kKo2jAkFr/s5BaiXRhaMX2wtZBZh05mJONd/vwWN5qrR0iqOb1Eqn3mkZGB6Sowz3mqOiJ/znnyAFN1m9AmzF4+BYVSZJJhE8Op2Yrc/YyDq+n2yz6iNRyyb4TyqJucWYgzU70ldhyh6sosicHs+PbKOTApW7Y70I4QwDtX8CaziJhqce2PLVk8t3jpYGb9wB7BwEBrA+DL/ulK4mQ0kYyS96i78sQgn7wG67UWHl7ibTZ3/vw8XQ6wcAPmIWxQxF5xcMZl7dBz4SCTXZfLNkoywkNBZbtAiks10/++H+gMSNK2sVc09JpaGKWPnj2mutyCDgVw0J7y88Z/Vfbkmqbr7bi4j/dfvH6dMxJ0uYkKaQAYAD410h7Htz4OMCwVn7LkP3j2bIiwMOgl8vY/4g/ZjfWzGnFsFRz0wLXzQIdSISO21s/MPMsqMr11C65wT47UlIo9U5+rc1LubbIX/MrQJoTUBRaYC2BQLnDpFZeYQoCBrh1Mrh1T7LCEW5nX9PTk7uC5VSk1o3b8wl9HPuDcaBNk9XUkGwhGswHF9vIZyfWjjEXPtUfKllxUl5gBAQyhPRlbZYbfOUzB14ei9ytIlLDDS5e8PpBlMVOSjqval0O0foJqAIiLFJTiygYxfj4MhArc7f4UADuC9a7b9b98m0DmCWjbE8DB1RAR2HU4MdXJ+HRxC3dgxPigM5o2wQAzJ7LXXgAA0RCk4gYjztFIWD/EBCsN+GuRKdk8RujGymDQY/pMcSHF7Zo8IvhrtOZQg18Mo3POv//+23nsHAaen2camZkBEtuo+0p6cmA3tvF4RjsrxcpvYvicxKjU3aKOGYyarpaZmzNQt7R9soN4AKoWZU+Au/FCK6DbrX/EK2HVPiSAXdJ3aifTyz5OkJKBk0HkdNEy+VSBMIvOwMQRpUSRc+fW1c+XmuR38tK5VZor6MQm3pChUYRkv4z7+QTmOSmObVCaxT7P+fspaW11mc/z1JVUUyE8zzn1KZe1aKeR1+pqMMvz6O5e36rubjDzfOpDMlZ1ugENrV3N5lVfncmUXbTakwmjeQrdfJVriHxIb1zYBa0qC0e4t7pdAUax2I2pnYQ4zVs7ES9eOTNuvxVz5ud8A9xOjAEv9nhhtUS3pJk/5wnM9IufzsggGAZbuc+NC9hh13os12QEGIn25DlQxq0LyXzlAKn8G9GDE48yCxmBl1gzq9jbA/a2jiQzVQbKNSb9cHJmnpO5iy5doWmxLak9NFqcJmr9TN/pIM+JgXUqdT8qkEhmPl9EGJjhydDWXPH3qUBKz+81TiutP62a7vP8yTwzNW1LvGrBPSQgZw/pQd3FcCKoWCXo57vVfFs/BFXF3i4LGtWrMxBmuZNU81bvNFqL0DkD28kCanNI3UYtIeY8JzVv7cXvgif2god9XEUeMmkgUyJYZCSx3KmQm3IwQHSuO1AmtSAKQD5P5HHdLsBavYPkfUnq2A/WJwAADjWpasAE5+pLYjXEIDk9mccmnJmSDii5d7dYk1PmOUmKkc8BMfAwdTBAc6jlve8WE9FBJBiPEAJr4CYiqq5YaGho800umDkzkkkkvGxmNLwh0d01szsR1ejhreclMceczCd/gva47J5zHkP/WmSaSQTWf7GqGqgWOY+LJeFkQtPTYAri2l8K8qoeb3VGSuijKroL95Zt0+oTmSaxi0fehflHh3jvR2NjnfnM/Pn5A+D2XVnOxPESvny3lLWCrow7bJEUR9RQfO5HTx6SHACvHEQjWDFHQ3WXbm6PFrabh75PWdKhgHwlSprxSD1SF2WAFu0K0nDGvFMeyuxECvsFdbq66/ZttPKY8CsRNbRiL3nE1dDAGNUu7Wc0LAyQE4G4/ZE+e6ZjRo44wDTlNvnihvH3/ltLJt5NkFBJYZVFZ4YKAbHgdSb//fm/PaXC5jw/pPfBvOxmz/xmpEvTl7YJz8yTx5yMpRpwQB7Xk3KrUnaoXkdhkl7yNjMTfFJPQ6PHwdQTxlIHkIBO/Z/2ZyzfJpdi6e0sNRXm2vesaaHQQvUqwWjwPCIZNDIR/DnPBjT0IE8SyiqChntme+QJrYwmicjqOXlmEMp4xnNORCLj9r1dFvEHtXMllKGmAzb5NDkP8cudTCOcfPOswqA4LR489+RSJVRTvWCuTu5sq/9aVkSETBmECWxsj3Y57e8obxzaWz9mUPUROjDTEXkig16ShwjNZqfhiTOlzl8PMjIz5V8SVthXk4F8CxiXKGaFqVSZMeHJeR/4dripTCVwMljdPS0xa0RwmhiatPFakC3jbe1/M4/IE0KcJLH39ladKiNRdT8f7V/clHcpIFp02OCOH6DzM1iC6ezbiOjRqoMWeVNfOTLGTAMrFz3fXfLBzLxLFyx2jQBRdcP881T1fz//5js/YUaenmbGnTvTXlsdp3vEC1Y7RGY+T1p5GTB9CosJrbruqGtuwD78kZZ1LsAuZgNIql+bhlxnSNjyfXqm7/0wJoKv7lwULpESbl0/N6LXDIZkxEvd5q9/KQGfST9TnWs7vyfLleNeJaH9lrzmv/71n1gQFoiXoRgZL4RHT2PMUHtZ9jP/w2FWBjgJTCBKnqqc0VQ5SEKLHJXMpA2J93zMTLVAn5D6cVkwezV9ZYOyn1NPxvP8Mcq6/mhvUR5WNph5qmxAWlDjcACNgHK7AkNm78PTH9sHw771SktcnPNrpCVxOYGevp9/8/XkQlPbmNJpVWNtCwxpOkNVhyd7fPfIi2CbjBU0aDto374hwcdJmtlM5y1y90SqlJtGlzwioElvW8o0ffLpd0oh50dP/8RlyPcMuKWRlE/5VlNWg01Jsqszk/KP9u7v72wNy6HA8gFT+xW2K/aPC2g+pncx3cP2QSfvrfHcrCAw+9d8heS9FQG6dQ95U2baicuOBx6lqHDDy47kS9gxqohQ7nRcVmHtYx/b0o5u4PSYL2CXXuFP+oPvoRLby2W0QKdRM2daPX+dgVma2Hss0/uBX2iSzIyMnsr1RvczN+xsz3R92QHU/Fm7ty9XmWNZHbD4ePnmQPvPv/jjDhXezxamt6SiT+/cTNfXPZljDGZtjN8/7p8mf7pkd8tpxm7jA6Cr/TGCMgDZZd3mF9jJ9B1+qE+zM+mLd3a3umePtBtBOWE4Xy5WoMP4DqhmNSJQ4dib3+0EXVwL0d61KMq471Pa8+ZYtMXBOy4kGQPfoCBvXQV94yY+Cmoy9WpMLcn1kjaTWQwy9/HYW+x7h10H2hjljDfW6XeWdu7NIg4zmWeWub/EutEV+CXvNW2TC8oovCmMTwMZMz3osOxOPYhVlPqm+vkKpd8SHJ2QONqLE/SBa+miJDGSGarXHQD5/DQM72J76zwnki9/4eWH6v8zY4/0LT8s2n1nRAK5DO+q0w6nlxGnfiaOnzY3ofCknKlnRu48b/4wHjejxP/Gf36VBwS8C0SwqSqkGZsHmoasByVSYea9l6TGqBGRmQ2VO4GV8shFZK8tM9NOCrvGiqQ8dsnIPBSvlR4uYjn7GgePwuOWQW8e6ZmXnT0b657nkdy16sMFu/XJ3/SamSMdpHrj8DhVim/A9GKdd7mDkcuzoOYQQQSC56QQV5mxqS/QvZqvh3KQ5kfoh7TWWlo3pjv6hdXQk7Fe9pAxIHfeYcJy+L6wXQOEYSKqbKiQt0L1OWfeQV1GN9Zl7MtbxC+ZuQ/DYsoMaVYy8hl0gOSIxOQ0SlJLWT0JtnhWp6hRM402xPbrb5TBwo2NdBKk6fmokXBu844TcUJjvLQZkNG5WDPaCq5KCNqwIqcvrWV6TTy3ABuSrK7neZ4/f2bmTt2uuaocKD/xmdl6z+ehtU9v+5/Io+zQmwRcWGFUUcw6udsNMOL+va4Gf1FtXAFO0/WYd6tUDzgCemgjfonoVcAQwo2Arxf5/jif3hSPXl40IGI0MNzSlhGSRE6v+9DX1HiFNXvl3sOsv0LLfEXkDI1UB2Emu90wFD/fCPyGoOkJ4XgaxpN93aI/51FtHzCNVzCB/q7tN/p7s5ZIu2wPWn63tXpVxVfq+rY3K+0CgLm33uUdOvb96vBgCxjFavUXbxx726HZ/VV6uSOrGfjIDb8fQGksM/v18/HVdcf0cxZhh//fQrdYnDdnJIGiLBZflepbBci2iPk+Is1OVj5CO69hF0ssDjWb+9Rdc2bWXEUWxLY0CVs8WXt01v31nLM7k93o4dsTKQuIkdokmHAjskybWl5eeRHuQDhmu3p5Y2zPMGN6Ms7Ltfx1JADMFe4DPM+Pd/PI1Ufa5QVtrc4SY3GaI3rTvCfNKcdz0HpP8vMcZfYtcRFyeFBEZQyW5df9buar3bMqKkBv0IPGDLE9kSYyOghATQFTM+/IyagoJsI7HjxAer2k+1eUeLkC4amGoEdyMr4lN70im0vgmBlDJwKa98xSAU1g1hujdCMys+417dfMVign8tsJwG3ZeCnoewjzV6xoy45/LemRG+qQZNfApb3vBXdgL4a40t97Dl0GjHGWWGuLt5h/O8p9m+RboS3Re3YNqeAHyZEUBnodYmcpX2alWh4qCksN3v+qv3r5nrD3vb5pnofyrJej1tb/1fd5DhmNyS1j2q/euSAEhH0NqQxWbk8wkSnusx9717Fx4pqiZJCicg92B1hVvXsL3vw1U0IhlSjOOSJMxJ7bWRazKsYw4anOc94Tq9YEX3GD9MFi1/r5ql+4c3fx6QAQ8SUYR6acpMKL8unP8Qf7xj2l6v3ivRDnrQuyNbk8GSG3Nx9F1Ww/50cPVbQ+BtfWMrpr38X3f+N80bJ4a+mFCAXuA7hdwNzpJ0+ec/KpKuzJVL0RWuGUgCn/sUgVQBAsb7BQM8oZe7CcyOm2HtFDFP+mCFGqaqTdVNDEL3ROZ6McAwF01dFOUBUwwa72LQCk0lu+Y75K9ztX55/7C87SutfYCsex4vllvO4aaRqyWnKzWaUP+Y8yW28/YFKpAF98t+kogy0yBj1bQyqGQUlOWbai+ocLx277/50KmDpmTOZ78ad7vpWwo4ofEr8PYXYCZG6aKE22yVWG/YUZ8g26a/fS3uejimXWSsjjCiHa0n1qj8sYFZE/s/BcACeX9xwWfEd+z60Ah6sdY5zZnQdvUa1nrtxJu+RCzjxbT7pnCb4VyAYLn4V9L0GS60ww+6UNs75uH9/ILFjcMdMnf4tq6zD0M7UUmpSZjdBC4XVbZMy8aIZhApPOm8Q5Z9tE2+H444X9dahbmQfgrU+efPkV+uQ93X2B0faj7jk/z37HBXAiVLOKJCpSzuYWEXa9QQQAVyiv+kmdiD43XN+LJw/jTrTlbK50pvqjR9PTeqzVRebxplUAbzTTGfOtdyyKuPWXO4TYnSi5n0RfyHvaTIDcXxr+ab8ObcC1uIdRgu+vmXmeR89cmvv8r//+Tzne9ZIogZlAFYJh8bhYA313vMYpLw6KCPtnwPDCvCxL+aETCKrB02D25JluTK9rpY6sh/97RYV43iYCUhIhPeud7qHHeZOp98SZuV3V7Qmw0tJ4fjXANHtK38KQTbc5SdoDAWo+WIqvEY2RnXbNMLOnSoZxaamUBfvGRrV1oAF8Pp9IkJnP0XbBnvrJ4wbVyJoSvxDpb6s5mOrPoCNV3BOccx6lSXlNDFpLyd9SoEcu9u/9j9ZxDRYGw17cnN0hk6IBdzGaCOB4pU96AEePTg+7Z+Zz/870z89/6PbmSSm2tCvs2hW0q+paFDxSmGQeMU9LnfzInIQnzzk/XkEWcx51g9FVdMMv2MMV8Gh1T77pLAzrl7ZaaRkZ7v008YjJOyDyPA+tbWw98gl0Fzi3bk/friGORIJjJUEJXkFpOahCtoZA8Lex2FwrkdHjsa+j66ggn36ProzaedSJaTeJp5GK/DWBmkZIXlKxBwMvTgoLC3recfp8+jKi7rV3i5MuQd7qWVZ2jXfmKMbpuFAgYAaYe3eUPlrGQatSw0y9m3QX2XM1tkgclt+ktORBkWLxnRqDlNpTdVTwtajpzmIDrEQRDcxzfvwwBZ0kIKbY1BvztQ1EVk5mWjG7WqYoCoXmOGnqP3MyAiHyRanfAKb7nB95x/eymzagxTo4j73CPfxqjKcpPcM4KcJFni/5dFv31hZdMzofQesnDwbH7LN5fh4n4+V5kWnLk+Xj6wfKTYpgMCnaKUxlajnknuiZNIAy6DUSMevG5VAwn3zEUWVmif1HTvevTciYHfxMt1T/Oj8zUz2Z3thz+w5QBncoppO0aa4JZptbq3YbjL4TzB5RJQbS2mNSNoqaDZkpNrBgzACucOvbd3aiMszqSVr8SY6KFeFa3a0rc/uqtqv6cAsXVb1M9qyZOLxOwxggaVvGf/BBQHBQILpLppbI6GHkMY/Noxemd+rqWo0F2iHxmc72FUROAYKByADBmEgn+6ki8Dx/Mo+cvodo4nbVdN2rNp6M5UFb15zrfcddjPY27SPF1pqbd/edATIjZ7wYSodPuGZzEF5ewkEyZAZvvn9fIeAq85XZMxMMLifRLGPxXKScMyHgFeD3dhnf22RWLwLrQX/iVJVYb0GvOic50ElJylAPUH1NtpnHLzi7YeuNPNx4q2MeQS2inGoNll8Z6WI95WNgfNaQ5YKDRgQExKBL24AOgxt4uXaI4JTsDW3nBYowm16A7NpUhO9BD5KquKKnqltMW6UdYGQJcecKUZshusTBKjPvUjtsuvvOctMM0n0XlYuzv4BXkLh18c9A57L1ZQvuhup5Y9f2bIrHbqe9J3m0gFGAggqJc879fBheXn1EwXZDOJGWzOgDqLVu+YREgOwrtmmR4nLaj1ghTq2OFBix3KbzGCxYT/memb9XW4sZEe51plRPnHNSlFjpKjwYwz6B5cKrap9bUq2h3USJq9g2zp+ZURVBFsyn1pOTv8vsLyrQzMKZ0rz3EGbh/a2rI4cRP2SqSl5JjlonZQ06uwi6u4ddfU3smvk5j0ojDd/6zvPz071OspDlKz0/Mx6h1yHYJXrAfbPzkifQVTfAn+eZqvROkQ5kxlGKQbX21zJABsIcvZSbx1hwFZlgqNKZHqDv/Siej1lsSjQDTEROaBSoGZDpCDMDstmMFCRJq9HJndNQXQKGAe3ds3PxHv/vrIevRkHUPY/Dpa1s062EPkD1s/19u3TjRQwGNhGMZHOMiHUFzADzHOEsT/6QMX27roFyeJxP486QT6hrgKkIftfDkHE4I8QkGqOyDTvMVhy+6/jh2jigRgkvBTKsA2CcMYgsbiN7VAHhF6Bjmo7byGl6uVTKs1Slf29Pp6wrBncDciiCz4AnaHqxSfkKenlbVclCyku2F4Cf4JoSILjzfuzolGpcUH3xQidQCa51FwNMQpBJjMA+nYDQuNpO7TVd1RxOzYAlCdSiLK8PL8EGGcjModR+QS0hIOv+nV3eGCSYr5/hrSsj2My83ZHZVdLHEDNdM/3kTzD1WXqPAQA5/oeomwTTtU3G8/UfHzNRVPTLPIlbkUpFvduD43nOdGdkylAeeL0mVKIIuRQZK/LstqHXFXnu/ZRNRexC8VKa9sWh5h/fQhlAO5zEA8USchmqgvb3adlM4sgDwLbyw5PEa5Xsv1RxAAAaGTF9uRc8DzOtU5/1aeHLy/zy6lwjxRF3c845GrdEZAB3ioLRrxoxSg1ub3GMqNVVN+MAkxFtCxRbpUnVETteEtJl+gKJrrofU3dbvlLz+fxlnAhzycH9snjtiyeCGLNLu/sI+ughgpEDV8JBZkRPR3JmmqgpgRKNGgQz763MQ0T1SDep99GmOHi9SWNnSRDJo0jb9k7EEMwojVwY2jMxL69cwP1Qop77+at+YJaSSLlvDwXRnlWHqAVLJgYNNpo+S43RSmmbJ0hPc6ewqxblwP7kDxHVSuiAhhNblDRwnp+MjEzVPlJh3s+/CegKZ2KmpRjWLl8MtEaLlHVCRBrjBAIxEQx16HJJE5tEUGngRdhniEYmWxJjXfg8ipSOO1pTH5Chj8MfWXO1zqyqnjgnYqr/PH924iM7LAFH6lgyzzPq44L5POwh0Hrvu7QOPbfvOYcBlWozc86jjxsunlB1YQ85cGlewBQGUzPQLoeZOWvg+eka4HZVSzLiFlWnI/LBYv2aYvaMs7ZZc35omMJOEqQd4A4pOWFNDukKHcXAtocWvKkZFXKicmvo7Wg1t7rSOlRhdSH4kSm/uPGFAI7S/JeBuUAtVl3e8qvvqjvgeY6YL699AAAgAElEQVQwG9WWzfbIuGwPSJgckCnH3UGy0YGXWduwhfgloTFw3zL3ztUdOYizUh/GYSDVDhgQHo/9TXo+cYKhz7mBsSOYcSIcLUM9CFg9qf2VkBmmWEQpLFFUXmfOma7Pqm9bu+iwhNpzjhXwUwxOM/O4L+qSA0ZohA3dD2Jw8jDRM/8/V2+7JUmS24gCpHlWP++VVtpX7wojeX8A9MjZOnu0Mz1dmRHuZvwAAfA8z7333r/NkcuF39LuFe6+EXHca/PEgZpevZlucBTe41WOwoFavGerTle5LiuR8SLHW30ZBxQAMOgGZwonT3hPzxXh1jbmLj/Y67YBGunN1A6JXvLMbHxSk4gZyh1W+3WkVI7I3h0tPSU7KXUBBAbY+RpmXk+OJuN25//873/rJW19jBZHbzjAiiX0pr564V5CXLz38k25otNGdA8TvZpuABE85yhKq2FOZnp/8gSCYHU/z0PxVkTaZ34+/wJ4d/yKeysr8J6OUNXiEplfrLN7bbly3dz8GZQY+iqUZHqKpcSPr1TEawzgSQ7OSf2Pr817ZppFZe5/qOwAc2ZCu0nZYTIL51vkCGvorVaBfcK0TIR6YQg8hidqeeuzYXPeL4h9DR6KrjLu++PfmfAOk893RFYWy2QAOPkgvvNGKArKl0rfQvWE/L7DXdaAGRoxuLms+9HbrCpN5FQ0SLnv1SXVRjdOkpw2b9cQuaZtAt1oIGkH1PaihYlI4n3w6ia8/JU2wN3u4QVX2cKDu03ELdM5nuC82BCwZphQcRYR8MGoTHdBviFLnu3uV6qm95vr6itRhbqKro7deR9a/3vMefQJdNn6NmOeLsSywMS+732/A2mmPEp5abz7ltso6A6iZuzNR4EsPZnn03cIAZT6JLO+LplaDOTBScbh621HVLe4JDrYGVFdv6ahVBt8+yPXsFa066L2l6xGamuBkMq7X0DNR49qVyaiuo9VeGZGKON8PeZmJ9ikCtedSOgOQta9Qf69/5IR8cyeajeSarj9DSQXqKCQnI05tpH15Fw/XjdURHL9mRlGzrJsBH/0yiAcwbW747W/DFco37jRpaJqc4dgMrd/g/dXN0++4XqIjNjhl2oDqMJYUkZsp6tCjhGRYZ+fvfXwsKGH69zn1xtWLylU7AM2Hqb/HElbnWH5IFx+wyI934qO6K485+R5R1n4VormO+9dJqzO3ADIL6Cpr+P3ktQvEWzhaV/mmBrgp5eZGqe53Hw9GmlhzT4rZZmrZckaHSn86nooa3Cng2Kf/a3LDPaIbCrVUUREUKrvCO8AUAHKXzxBD4okHTBEMudkVd2uepm2vVgAGAG3au+aTTIk2Oqv5tdRlyPx+8v8Fam9q4QFv8N7B1XMaG/VjtvppffduxVW3tCKw/PLbZ+MtQzmdL/LGzdTH3wPM1SKbeqcTZHwyCY8BaRjqXiv6zgcpDcixDnHtmZOuf6BX/w3vU78FwSGF92I9C6vb/adeWm5y7nbggmoafMHSXptoAgnpWxyvGrV3xrLLiGXls49gzRPOfc07ldTbLHJANZTlQRXZ/b5fHJtYYAJHKUrRqRsQHQFgZm5IoXRWBwMbcPZE85050kiyosW4y0OdaEB7I4Wf+vP5+NRjcXC8zXK0D5eOpiRLln2zLtyxYJ/A+9TnSVYvA9c//U3DXNkf7SmBxpq6ihS0880/1GZRbBAZurIea+GZSLa0nSPm10KtleFo6db0+cc+xUISO1fgiR+n+eeOtVXPpCCWt7JdG+u1xfZukJFnInwCyuouO9zHufHnZ2/B5jk5/M559S9JxIjCk7Kmk/MzVleW2yOxqp81N/PzMlHXVl3E5MRMqWZmXOeRstFpKrC8f89blTh9/b232MDz5xCFJ5VKZlvyPn5+VG81ZlZDAoMnvNUVc2APArdcDJqNZIy+nllGXaQ/8WEUGIMhYboGQKl3X0YMsYEkqEGpgr/AjJVsuj/rQCCS7zwAV6e+RpHWLKAPRsQxhCSsGjR0f5dRQz90e63/GYEbQmuz0U47q0lYIYWpdLkxfi1Q1jVu15pLwV1gJ7KPF1AfIW8b44m+comWvfEy8DVWUxvab5/y+ptaBIgoCF48ss49jlfluuGR4iRvWwV/2q19zOyqU2l/PyqS1X3lrnhb7W/3ZyjjZdRR0Qgvy9ra6K3F27dd//JmK7vgAGQiEkF0olDQJdRlOUg+2UUabdHkIKd3nK955xjx38Td4TfruVdAKNRHLqq6/N9qlLhRpC8Xfde+bqI1bh3U3+39FsVbXSz9JXz3XvBPKbAF8hIaidKyEZSBs3B53lI3ip1GXULb8H+jc0gQ7y50L60nliN0XuSNsIpavlA6V2MqR5tazv++rv45hrN2PxP3PnaLu/E8vSdHIfhHC3xlrNGQHdNP7O7bjcjnjhVzlZ6d2F6o+uTX0d3yuKteUN0v3cE34+NmTzZre0ORLr/feLMVFtIZwptejg0+Zx3H0BGthUDXHDzP7KzDrk+9swwQl1J92D6eR6N59XpawD5RtQIevdVi0ltJfH7AHtNGvSf+VKn9+b6Fgd5PJYWEsjQzrOFj9qdkU5j91U7s5FJiXKCRGx7Qk5XZtbGmn71YTD3i7+T16BaUX/e5hc7YZBVtZ7AvTfWVSy8kE+Eg7FuIM7MPOeQ/PTNc57z3HsRiJNPeG9iRExDqpHMvPcDCYKnz3kAVCMiaaRVPGu18KILYGaCUpg9NS12vw+6VbA+27RE0l/InOJgVWGsYLbSDJhg/8p0csUwbgBw2F2fzwfmrnm/jrCa8zwRcTVOG4+3Zw3nfR4Wdn8PyS84gZJK6y9IwyTXHlloWocx/fl8SE5QBJdVf1L1iSLeW8Poi3AgXDUibheV9zWI24svD002iRhYQXtvAZPPEd7yZhx9TnKVlMuj5DoT5DnvLRDB8Zx8q+Rxm6xEYz4p7Au7VYcq/B2qkZzGOVHWoAeAXlSHqyTDInDvvzOFAet+YnUbM7hdJApDzJ1Sj2CfRn2PQVCWkvNipFDPrIn+2+GrKgOxfuBY5vLMPD8/LxyiJKucRRcaQ1qzMyuezlU2jy2/mmSDeQ621wAorObKIUbl09qAzIzUG93f0yutz9ZZDi+teQRkI2zziXCFiQyjLnlOVanbkrR3bMplsEdPAqAAqBqcfFZ5bEVFJO80wlbV1yP/6Crli6qbz+nFVUSqVUH65rWIALT8xuQAdccyD9zwpYNkGoS0+rOuElIYdIve4RHji4v63wwGj0b1MnwSxp6/0mss2y/ChqiDtWTYKmsxFroLCK3dxqpqv6cdwarK/++//kuVklJJqXiL143OCKxatO4p9JeOJRd+m9UqCgyIlkmIHfQYzxGlQDmXEbBGOxq9SluCYhM77OpG/nn+9C1ivNAO5rWN7VMZ9kCeRmdGC6CLiEPOkGHnBJDB7jt24h1lXT2Lc459vmhpf0R0QRbygGIDE+B4pZKckRkpXoaCFxn3c2cm45w8ywF52U3NQbpNwwvB/UoepvIBnIFsZyNCI2+OtkhJGbQRHHLF0rcEBXLZhiiGG+zeKgfAMDK1CmbJsJi2dP05fwQBqlGRF2DYwmyCNvie7kLlSSAZ2WimSF8ERqj68zx5nojsW12loluhBub5A7ThkpK/fFF1PbRuBy01snoKdbwgd4K6klvVnN3179+beWiDNQUphcgGRjFeJEMyMh/ZFyYj13s64wvnmn2g5dWIBAtDkTgwNoHeLAK45xAvwB3nCwMF7+ejaGwmMxl5xKxvLFeUBOiZf7M18ycjaRcSgCEL3tG8wCACOd1S7wY54qaF5ltuhH258mC+bfC8IE63kqi5XRFBacPFIx5RyV1lto4kxpZZcyJPZkPwSGN2jBzfE7ur1YT2mP1hadL7KQNN6d84e9nb7tWYMS1hl3sL6Lc5klY5vYa9annOOXQnhmSo+SFiLKN47v10t80EwOreHZ/T6GR4zu/SfeWdO7La68WZnm4RriO0Y1zkFJLxqc+C+DOYPOochL7h1SU8zxMUEcZtT54EY4DqO5iThzs9VebXDmHzxzKQtOw0IpOJGL4q6Vib3TYo78VE4hQgzhrjMN4v1t2Dei/EWyRpEB/5vAh4z10/NP85mVz4YFsyNGowTHKwAV8rNzslE/YoLTAtz5IxkTG2AOCIayBv9BP26gmZ2Z6uz3QpywwYO6KTHGcbUQ2wx4uzYhVgTLHyZZ/BtRcrFDFbhWScg55HTqsDYrpuL+0dgLRSgQ5CBotA3jJxPtZqScWcyqa6lz5jiUEvBfst6YBtH0RwpTi2WhAaWhP6PAnwZAYyAkJmZ7y8+upLIfUrRKDDeDqMmeecviWg5PP5JPPkIVJZSdEvwv4S5rvFCUR1nbOem2AwEMzj0X53ZXoAFoD8VWYMK44nIdzCNCF40BdGYXaJoeGMML344MBrSSb09qEeGMzM72hNEkyVzCYCqURO1SBDF+XeF8Jtp9706ZpNRpk92D4wojEnHrzh1KyuoA0UZ9AMRmZPV92fnx/NLserZSdCVq1OKLH+19im7cSjUWJEiAPIkf8JMNFjI10Agylv8DSN4N5dF9wzpeEq3FWJhbUDeI3VBVRRkJO+tIouQ+eixjpfR8hT9bW35oyVZGpv1JOBVNfa3ckTTGaKtixvzF7vXVlKnnw2uYdsx955mDUwnHHLwRe82oISGSHO5nXhPnEOmc/zAzHrXSFOT0kzqnYidsdgRLSYpHEyD4QR73L7c04PnnwIkdknZSvR8hCXXuIRg76uDAk7yPWEowpRpUU9pdZU006wsrkzEUxMiJHPeU9mbMIqeocwRtPNoAQWVfXPnz+YQc/1fux5zh/Fq6rKw+c8PmMAQ+xq7yhFRJ5HD9b2C5DPQMzIwOHtZySS86pYgu1lmxmRnMC0RU8mGJGMq0WL56lbcR6/tcyZqs9fqYU0h6A5eHKfl3GNXLx1f6UpiSef0kKumuGEfRTRaBDMoMAlk8r5vdIKp4i2YgjYMT8jXjLK7DA1nCI7qJJ8I4RYLUxVP++J9SmdIRgZEwva8luGHe+QKuXfzGydT4b8ymHCiPH9wnTV9HzuR/HHNw1WNvD1gtP4HdNiZXW/35zkQBvU4L5Qw/JuepcS0tXUAN5sNPo96Q9mHIEZkTa+b8HjHcSTh4Cg1xMZDDVBPTeSPXXr0zu1rarnJ2naKjU0QsytO0Sjn/yhZOV9p+p5jsXG7SXJYjhycG2JRq2rVb00LmZHZlazbmzvYAZ+DGPz+XFlKOeS7o/e90yr4gYipVDMQ/tE64UyEJCbCsPaZt+BFHcyvUeaWpi3ExZVZqoW15znXgDVk+cJg7/neR5QlP9zTkYw03VGiW36Bm5Krxo9FUnG6c0jA5U3owZqc50h46rbva5Wy6GNTOqEv+VYhHylRd0QMVRKEWJ79ITUsQkhmCfCekf1jZHxPI92DyivV33OyXcfgxTJESFXmpimNq+I/buWHYGQyMby1RlZRgCIaS4DXCXsbevjOZagZEb9/ZAcIHYcVN2930StgaoveFTx7DZ1TDDPGUl4MQGUS1OR/VnVNbyfkk4aMhKcIc1g0I6W0crZd1qg/2uYxcFFYBA8wvGOtIggU1YBWmkj171qi6uqC8RJ29D05gWdFxWam+h9R6hlaccqZTVW3dVdj5b9qmc/lDy0uzG1WWheh/pZFZ3qmb5XMQgzyeimlp2ePLfq0CKktkFldPPkk+f1wCEpL/ucQcbpHu0dk44imOd8l/EwRA7uKZDRaAaf5weAJI5Aay1od5NntbfTM9X9ZECsT7RA4bm36q6ZiQSsg4Wtu/s8p7tUzSbDGhEiM7tGbsWZB1iJuecgBMBdl6H8o1uQkdNaoKHNo+410j0dVAkIWHst4Ahq0lzVU9JenPv5qxO/YyqbzGiqAWAEdPacOEd+SmIBauGDIOzzE2nyvBZ0a1rTHASPl3sJAYhHUosZgvdeopWSdKmnbJXJEHNo3jO5A4aqukm7PD3Pj5kKESeyF/14O8141e0QX9rjPnAm2DVCXSJTWhz16ffzbwS345jNCKHKTUlSSh0DmkZp3+nC3PtZ08ghESdkrbJbTLzxeO+CuDLXBhZdJ0NbaXePVL2c0EDMEPTkjFZUCMlEYUKbX8nIVKcGLb2bkYGwcmW7wFR2CGW5k+d9dCS7PoNiMNJgtKEDe/A+3WOVidKpnrl6SUx3JYMIn9bA+/x3WXSQ/NzCGH7UEKhshmMyk8CzXOxbWdKsaW2ptBiO3Rfg8zwciZ00ELoqlAAbkSm/7z6/wLQoLKo2hdQNpGljvRQoQDtXqjtUj9EjVZgChgkygwaW4VJtfVZnTCYQoVMhIhSRAJOVNXJIko7kGhBqCENMdZ/nuGPOYBh8i8T93HPOUNuJh5YhYaqDVFHr5zz9nGNWMBt4J2KTKSrhl+PL7UFUeBv6cgsGC63Ac46w6+d5hJA/508w83//7//MjqF6WSqzU4izPpVY8R3Vp0XKwmvHk1vJKBwER99fon6aQSNdjHiOAuL7t8/XgnRijekzfD4f5dRed9d5+SbwEH72Eyowe6nyulfrmXZ3z32e51l/CdHrXu7bXq3l1s1gBDqYsa4XpIAS6wt2nh++7pP0DDmWW8eIu9swxmWEu29S0IzkyYCAG2litIR5+OfPP+J96P3LcoqrPn7/b4bl0lWlN03iiqsNKKXNL+fTpAsLfj2+B+9IM2IAgRHNhU4084y8tggQUeI3F1V1rAcnZxfj6MHLFVd/7q2NwlV1RWTT59Ezy/NIZTKmaGnC5inC1ssO0IKGfx/CiNTWDfdpmWs91OH4QQlWrCDeW6S5V3cLqjbPEXSYHkQQA3ULwmvEPX8BoFmLlR0f+DLOLI1dqGBmZN57zWQJabfFPTxKGjrh61+igC2WE6AeGdJSZISv2HseXDX2iOL9RXs1U1Nuw5TMl2Zid0c/z5PnCGrPxy5UItBHeIOTuKg67XlOL8c7ltKrbhyzlLng2zXpbaq31FWtX5zriGB6bcCotCChEQvGbGUCu30UE2uT4jsliUlmCrRcqfXqsSwNCydmu756zl9VlrMsLKJiS27mpk7TrsRcqJKGieiBKIWY/qb+vbgwdt7uqKXRyfMcnTTx4PJl0wiVm2kiTmrwFuuZS6Ou/l2glrmHyaoLw/f9aAlngCVy4VDSzoGk2f45jgbYFamqH7mOLtBnOyQLoz1aLl6fo2Vf/o5b92B5EDsEAuxrN7c/b4QUl8o1jZIQzO5hhM7w/XyE8oTLOI7vstj9Pl3AlC6OI494eSomjJB2d/fVyEeRc/rOjMi8hDkXQeTJ+/mrkqJXcl52B5J3gSMRd1eNvukxHMa9x6SgzHBZs+jDSAslWtOYFOvi8B0nxH6dN6AAb8nr6H1O2GlqAOJ5nhkcRiC3ORrQloviZ01bfSLWT5egZxH6JLQP0CTHEMKV1GEctD2ad8B2zlERvwIkBekGIfbWeY25aQC3qyMSv5oZwf+r6aSfLXzH9/v/HouKzaFfacRIcSBhMDTIzPz8/ctfbqEkp3opy45O0hUhvmThZZnOG8ixOZQ0rXkPpCWDm0gX6t0jB8zGgZcvZYAAbvzEzZGIOC16ADJYVTxndltvtxtUbFWoSKUNV7FSwnOOHgnVazDlNiO8YoZ5DiNUa6VWwARJmV1HaF9cK3K2xjhvybHR3Rc8z7m7bGbf2hud7JGqHUhvkvKfni3Zr9DE/uWYv19nQd4M0dyUgDa66gImSHnc9kBTlV5GjSuQyMZU3zcmW4gzExG3Pn7p70lzLTr1LVAdmnoBqYwUXUFwoeouAHsZ59f5VKyTCcB5j02e4yjk5X0eM7daC8JTh92qRVEL4y1Z3RLoG7lFGdT0vX/rfigu3gbkIJ+fn5lRAWNlXICMmW6nFeEwAa0lbKb96OXIMVIXdHUc1as+0KQ1SVxbLX3tRdWDjPLOJ4887707LnWIA5z8YwkEgPVbJBb85DmPJp29mcvwlhWBPTPIyJOrMhHko2HqG0hdtf36r96buC+cb9zV/9fdmKG3Zejb6dVutfOlpKgomQ0XestSR8Tfz0cVu8bmb1T5HpsvchtvZaufI5903fE4uWySAfDn+eecI/jpeZ6Qjx93d8K+F52HXPYisAs2aOLeOQbKvwANm/m9BcpRmTFLcooxXgl4SWvG6e6uG7+Yeh4rRXQVgRnqSoq198YEcQ6grT/bygLdg8y8t5+jILlIf+/KX6hX7961k1oc/TxP1T3nnPzRl4hVDU7XrbXZoWkKqltVd2em3ua94tU64ejV72kcL3jUu0t2twZp1XfE2IGQmo2BpkL6gqTWws+su7GAmp71HFBGOOccGdnHISACWWaejJf/8YKbbWPrCHFcgC+wq57IeIGMX3zS3j5x9ic8z48ax2C4HWaqntS/LJ1o/jIc194jv/Tg9FRfBNg+J+/zXy2r1xJESI91dgFkbwWylhe/bplGR5Y2DrSvy/GEHDYwab07Yt1l4ld9pdZReKKkzCIpJKWvEhBmhqUCgR4illO/BcmvuPebQ+2/5PcANxdRPe/fDbt/MuOc51GQv1c8Oc5aJcSXC+yzQXJrCUcw3dmqatmXdXdbLX2ep1fvS/K81eDeZwDStcwv20wypOTwfr4ZVR2fz6fto9hSsZN8nkfocFe9rdYqPfnuNUl+G1VZcLhyQ7TBNWquRrwlh58A5fD07rdTTpxRnbBEGdJAn21eIFcDCx2EuGVr09Fr5efE4VFWHstnNQR9zg+3Ppfl53NORshKS1tVdA6XYAG9aOkII5IBhQKRiiC77cbMDie6u+7i4z5Frf03lOQo3jylcjKsXfAdHNk1K7jti+7unzx23XAf3Zth4LLg5HkecXEUOQjms0asb4JGi0Ra9dGX2mPuOJbn5z35Qt0w6LqbPb3sSvHwPcNaM1ndx2p1s/tljbVmJ6p+63kebabBSvTe2lK7bp88jXnE2MBk5nMe6UjINcjljE19M3QT1hkbu+jOY7yxsVvt1kyNGH2dASxWhlXAvLc+A4MOycJmnuen7sv0ilxf/llxVa8XwMz8eFGKe2q9rqqaxnlyz7yymK2qyzyJfqtvjE291T7zl5WF2y2VbbcG3/zyvmtDXrIYgrFNhUAXhMLKRJlqEzFjlWqZKY/9AeVNwvft2xRxN2UCmnf6J8cGxojfu8rUP2qnJsTL1Pzm5d90LXpDXT7daFUdZ+VlA1rF7hzEF7+W+1wv2QupLSMPSVkIzujs6O/2vOJ1Jb6d542PVt6RSmwTgDwhbsmcDQJ8f+WRjQ8zmvkb88LzaMn5N9Rz735VZeqZ96A9cvDma6FvmBkd40VZ+9f/+jbX3ELUBLzMbEBEWB1Dc+C2MMC2bPqH/yl45b319+/f/O//898KPTO7O+vTOyPl1MeHlUTbbXAGu5kZpCbksZIQxeh+LSUQ0z31UX5SJtNUKul1pJHyzJGVF+I5T0TU5xKzUW8Gs+uJOoLPc7q0uV79nsb0ExF/zk+QaLkGFzTPQseOAT2WHwDz6Vof1Q/gwmu5jgrcvSjVR2MGTEVQKTbjBHm94Ehzi8yI88horABRwNdcSGX8unOp+iBsNMFlJbgsORaSqDXy4dhOuO8Ljm95QYgnJSuh7orz/7YuCpHdTS020FHCECjZGHFu3wVtfw1L7IsVrkRl3Bihqj68NV2cb1XJNhc+52eLJFNTtc9wujWhPXGm8amKPJEq8sQ86h3DbMph99inNhCYEVNcv1uyMrqfAUCkx9aa6o/oYxHa0jGgDErBqb5mMevkwDMgvQlPv2eEtM2MfMZUGyJYy3RWkK+WmYMsX7LqpVdp6bSonfH3fqrvjNdoH9UrPQTtMJkcW6dlILodzq5aaDvP+qt2jSxoE9rhFgCTieE0MEweEJYGzTSszMKEWWIhVLdvVYbFKZ++swkpEr8sHLUX1N/7HBFR530IANZNgE1GHkSIyqvToLmobvdhDNB9meyGFpTr1YGioxExvQz6WTm8/p0Bbl9S+8e4vZMcvaOqe666hZnRXPfWB3ZDlkBVvSl+njx5BNqsJVTUWjBVlxzAzL/w3cudyWnvonhb78LFrLrDTh6lwZPn5M/0yOVfw54BzvNgvAQCoiUI9e7RiZWTYMQh49j+KIasAREcQlARZrSNimInEYDmggEP0oTzzoIXoiro33wbj57p/mgjkE81RuPJ4JHsaN5FUreCA2Z3FWbYPTi2DRxSdNeUzPmcR2XMiSPq2ADhbyrAReztUndUVWCScXQwSMCN0DK+MQPE9BSmA3BB0ObonfP8hr32m7p2UfGBmUCUm++7s6ORP2/VzScxrye2MvWd6dsFIiNlIICZmTuYkhP9YGYaBYxswXUOTzwzrVkgOZ/6KD5ZPikLi3d6LZZEezgOucdOBZE8eot36olH1PE2+wO6DrLpdVs+QdgzV7evp//8/OjDeGw8nOk8R4UCzK4aAsTYm/ttPBwISaXC6ud5RATWx5X5L6BjofnZEcgIyEPKRYkcg8Usa7m2G+H9sjt9aOkoBBI9kSHVXYxsawT9HK4/T3invfPBvCJMu9vbnmtmyBSOpOj9Viw23ca8dSZJsWAi2V9ZsVuCF6AMGb5HxInbdeJkZnNul6SHHktv8gpoBCJXZTG+97m9O0IgNDSqKyKmixhigjgZDVusHJ6TZ6bTjHTSSKHHn5nHtID4D/6saPIyEFAKDKY9rBngmDPqmkRg+n9Il/x2QNXTPYIOLTLLjPM8Yvx197pzoL3FnTvspzJdd0cchD9DjbZ4ARHHCqqovm2ypAeN+pOpZkcLRbqnb99SIeF8gJMn45AB4t6rvSkwkzHPeTgtsYt+Dk/KBf5++srfudsOhCova36eH0odtW0Bd/KqR13d52jB7ARQ9wqC9D2ldysoJgf5ME5a8K3vqFFZT3WXKIrdN4BAPs/PaJ4B1r3SQmmN5L0fjvncIU8AACAASURBVPY6+DLFS3ZGSK+4fV9gZgtzqmMkhhnnnJlej/i8XQpOkV47rwotYqRd6N3lqJSnTN2Ncx57fnik0OfQSBJsgBMRCozdcyTSHVHxPl94pft+PioHdhLNsGC8Xqn1+wqAN7Y419GUXd3cpjOiG3jsSwGcmWVRhzGWsNWIzt533Qim4AlL3s+HZCQDzsQZp5ezNwPsEm+M23gA8msW90KxJZDc3QkBAvHnzz/C3XpLozynd3Os+CucCBlqMblrqNXwSOr6rgjGiM+uwCiDCPmHjIsrz1OHiOlXDj4zjcaJbLQYxPUpTcWe8yP0yggs85zn3htMDK06tXo+BgwkyOpumDdnWyeMpAlChYaQxEO8bMfdBsjneQjQPhuYmYwHsMLjxOkqU0EHQb7QMJbRAmDniatacJSjQubJI7UBveOh3266umYncDastmXZlHWu7oJXjmf5l8y+ItPsOKEDHgiqzOO9t2V3EEHy3lv301UuvshGmZEmyHjHwt3NmL7F3VEn7Fj6XA/7gwPU9Wwy81geKibqmgFKRaN/PDVybe7dtDRE9SeSdT8ql6BSPkLmhx7+jThhD2mTt8+9kVKCe582tf5ENBWdSTCYA62gzxPBjBXuT6FB/5tAJW2LpAZfPaZIkPoiTtAIMv79/FvV/zz/qP37W5caJAMeVk5n8H7+ciJ9hIhpwcdN6ECMSSTQFziRqVlYF6Bjg2F3l5g3Jr/WdNXtG4LbpmUWJ8pQQ+wQTSWd21R5bnkQrj2kW8pTVSHSSRdGKcIK+yd/1OX3mtPuJpKU98vAuwZ75pxQqTSNujJxTd8dRN2rE3zvFVKsyiBTGvSJyGrfHc163BEjzpMzw2NHaIZW3CsoowcnbeYmcgy+0w55E8njQdxsaWgMAXCZ9ugKQtYrbTb3AJMhbWvnify1LlXJWv+rhuJpnaPEeVatdLc40W+mNsIKvPA3weCRO8LMyH9/7elScaam61a3rXQjTj5HFaBGNN2deUYjf35ZubXiFKM1jCBFXhwaKj+qnSgwNzWjOXlskiZOqbSqYERUXXH+Is5MISmTwYnp5eNKffWkpKjVreVVgk/D9TZjlt0ciJrBxHBOJLwTSKLCcBBI72az7JbsKR0/4T+v75/6fXVz76hJJJtzHoEe9flwe8OXeb1WbJDt9qzfXsitEBAVLCJI8VEWPDWZSBNowZK/aHQopQapM4KQn8RCd0pd0vBNyMVBoF/tYFVT28ZzDugpkVvDutLODqyg8pedmsGJ9FLYR7QVF7Q/zz+cCKZ5lwDIJ7Mb9fmI5EoR4EBIFqO05z9y2x/KkwaAbXZOrFeK6qXz/AC8ohGMf5muV2ipK+Pn/Cj33bkcdree+HN+9HMt0beRpla2tD1dtt17kYrP568e6Jtb1VqpiQtrA0R8x5NHdzbj0XazXltmqVjofseF3+x4aVzhATOF1jDOFIZvHejXKzI0IxJMk+yI1YK/nzyQ06OFWEpehvfdsE5121dAjBSVork4vhOzRCNR/ZG1GrSiCSYbGTJbFzX1QYD1wwZv9UM08eACvCRD4LN6ENXDDHKquwrdj9n8rks9VMiYHZXJYk6UiCeTGCsY1I17gV56tqmLfc7RNmHbV2GOKnWwpykW3ui+aoHJFnDnAZCUb6DVfNwyS1ORk0eb7vslMue5Vf3RdgRRD/Leex6NKz8vPwVGK1x5DDGDVGmjD1S6wr3TQrcsPpdSIczIUWV5CfpCTnKiwc6M6JxbXL7DQ91A3KWJ+Xauk13IFpwAUD3nPLHsaS606g+j8Qw6yBNnlEpnflEMzOCYtU2f1X98Ph8A9raSb0NbKRbLmMaOGdKOBDPrxD09X2ZT7PIGMCNq/M9jh6saoGAFs929jpaqanbqSKrZ0eSIJxA8cdzt9Az61hVcItBZbD5grZm6AyHbPn2weXEo24noRgmt65+fH8/WxudeRgLvFQLmnNP1vmu2BmWLbX3xIPFuaNvcjAxui2KZMK6NTlrFPd9p3m63JzneJEE1nHESELUWf/78o8FAKwNo9dFrK/SWLMSzhhLTbzOMAHsmBnDJAgHTt28MAtFVGozNUkVGynBt44uYkTOjSrp0/R9x71WPOigxrHXGIo/ueQ/Wym3Egtd8u7vcEis2aiQZCv4aHjSF3+jz730fD0gsE+NiA/qfPER09fadjuqP7+ao0hbrLIQR93KrZ/Dnzx9Vcn7Rv9h5YlFJ3rUzZtGmOBxxExipaFKvlNijFOxmWq/TXDaKzyS12zw40/IrBzBdhOfPg5a0JTN5Uvol+aIC6OoBnjy1i08fu0DqmZCE9+8BxyYw6GnB+mPIkkTcqhAgsudfsHWKtLWQpZliWv1kgyY/6t7NEGIu1FVorcZojywDklICwilAQvuOlBGeczzI15prQ5UWjUrhr0TV33WvRm0UkdpDOnt3nkxx1t7jIPW9zi0RdSu1CdM+wlZVS+k1M1NlLohOUjcRGSlGiQ/YL7diaIQiYF66n42i55yWY3sVZrRCtmT7IJrqCS1fEYZsm3DKWICMJOwdzxdu0JcH+JtdKHBGgVBjaQSUdELzXvP+DM6u2DHzwHYQmjoPYA9HVRIOLqNDOicf98eEMldV6ZKsDP+9gM4m1T1YP9yMwsgaUd/x1lcNIFBSmOF72d+vRHvO+tO8b40id5OImeAAmm+rqt3HJYoDuVuC1J2+VG4lkLfs0zM0VmWCp2+fc+7LL8a4WIcH1eWzj7FVk6Y3ueFxvudtJk7e+3meP9UYUQpEsvQQqKe/5lpbXbggma0E7ED6a+9rrMPYm+Jnpqs+98K6U977yTzWVQxIfqoFJ6lJjoiekkSgu2FVIjcjW5PXrgfMsc3M87gzUf/lJDWj1Cw7aVsthX/yK+9bpn+pkImIIe698P5h/C6Rq6t7qhtdb7b1+6vRu9C91D4VPYSIOIzPvZEp9CqOEhZIclD3/jzPm01CtdlOCiP46RJpQ4xI07hCpWD2rmzDXPnaxSq9zGoX3VKFOPweY6/zQGx0Weg0M8YLt+f9kLkhI2HZE/YuZKa7WHR3ZeR5HkiF1jjPA+BeGzjo8vqmyDfsHDsMMG79Bfg8j4Wbe1owCNibWzBWLsNaEA4wxC8mu/dgbf7auuu9bdxVw5l5732bmXH7ani/avoX3jpjudDz/NCQI2e0IcNU2XvvW26f5xl2T3G+PJEltf+KQmaiOdEIOFZm14f1Zd8f8TrwRsSO+iDDzRec7Q3db22jkrpuvSdflcy9lbY/sphAnywfL5U9FosbI6DVtyIkEkDdv/mkrGvdQku3RGyaM2lRZ+85T3lt0o4WBED/ijl+JlVB5nkEUDJC1iWifEUmQZkZ7m6LDm/FcKVX0+yJ9amYGQ4H3bCtyswrI6B2aA5MJ3w/1czc/pxcqqPUn5m9ez/NGn4XmGwkTBeLOsKzGmsRXCDZhPKjiI870juRZpjOrVg6qI7KW2nEKwnyCD9VNpP2wsNyIrnURcVtx3AR7fE1zoLZ6F8tL/wXOWPvtyB7OskusVj8k2vk+2QRxjt+vPVRMsIazLoA9s5gePVCxFDMx3S+2IXYsb9iRhwI0isrYycmflMhlHD74ohYI3ZgCSizzDa3BoCUqW/qP+dgf+DZQtQllmg1X8Y0Gcc+G6Pd9mHLC4b2mUamEovoMdwyctkGatuvuiEA2v5dVVqx+rmXgQJmjROcmlfJoL5S78g1jEsLrX6x33q8cUb+ToGM2OvsnyYwpMXE1rrOwPeMZYgkNHblUtVvnd8Kpd5iBgsoafmljv8rW2m3ZLoXDVBbo2MJFvpxfr/AyI9e+6K0pwcWs+R0a/R48unddzJDxWClD2HHaFM6fML9yfQbALk8brnUHrx9Ya9Y3kNEfOqSkykdz7zVka4Aye778/NPdwdxzvFmoO6Z+fn586mrD/bugPmmJWLloXHvh+ZKu5niFqcRYQU5oWJAtNffmT12f56/wQRFrUOzmZGD+Xw+qm32nLjPBVC9XBbjNkY3w6b5s6nKw2yRBi1RZSg+Q25poVGXoVGB+NIrYxNE5ikXNq0WCJrRdY93YAirb2BOnhboAwSsFqp6BeLFzZ0u9oLqr8UeS+8KtZ2vPv8j5IdCJxfw0QmZb4TB0vZ12N3ZZb6RTVWraHHd1dOB7DbHjsR2zUxmD97tLjaQUFAlq6GeEcBGfCUTh0DZoX9HevTbn9VTGsPZG+qaMLw1AbtPS1+H1GB9vH9MwN6Ij6yVRRoGDGY0BotAdyezu/1OV9V9zvnJH/QwMjM/f//WVCafRypzwrZ4Dom9g+e3/6uq102Bji5zb3X3yZPermczVfWPIH78Py2YLtOhuopyBKtvY4QBem6gH1RawudOrbvVGPeUYuTv1ubNKWO7JN2dU9V2aunWngkAUqGhoema1okDyPP4+8r1YbVQ6zLP1QjGOWe2eplxHn0jM01ZCObW87WzsfWoeJtYVRo65OE9pmC+kg7zYj1wAI5tRUpf9fFOvuRLAJXZ2iqB9AFyF0rpM6ONrHHTkL6ajq4cUzPOngW8iAEZYyGo4ADxSibi+8+VLgGI5jL9WobQTTdjZvJ//+d/dZGr6vYHGHQ/z4+i2JE9K5mZTz6fzycMnv6CPwTo01oM6NlBA7XQi9DJuFM1Nar26NmraP7ixjTBwN/Pv0kvrrH9whblOxxToXle/L6HHMOX2HHHgLG1ZqjkdYCGoLd7VZyJBqLb1aTRF3IwfDIxwxkOTsirZOQdLCutPIfMGUzNcx5JmbpHulRknHN6WsM0TS+VS0zhZHvZgDxfRgMiyJqLHBIZFODdkuwPQGNhQQs5ZW2s5ry7MuLEo65Gpo5BPucnI6cups/5CSPLozSQ+QzQcIl82/5FYfgbWxQgDnuqa37OD3c4Nj16/Foiv8addHCE4zDWnO55Hn0TEJnPkXqoPl1XtLWXFJbP6e6/dRMI8uf8EKwpYqo6qRK9pTI2FcNFLfI8g5Il/dd1NzDyle6X++0cQfIwZ4nRa2kln0K5oc2nPkPkideugRsBQxhkwBcPOqu6yYFRAg5EIlDTiTzCnomMhwjA21ntrjiDNn8G2LkkOpjoCcoVGoPmiaNmddps1uWkS3PTJcWA8euMQCs6lHx0etfdPEl0Pc/pLjHB2XMi3RO+YJozPrpbtvp5jrswj8TpkDcvsy9lKCEJy8kc9ox35pLICDnpmK4HnojgnAxdQOKlpHlElwgC5VV76QFuxDL9deWNPoUIFMH1EFQDExFx5zI5hQj+reucRM60FAa9crKxz754c50ndmJsgGlcaHOwIK9YPFWxl7m62skgnuen720zB6PrKjf/PE/XnWkZYWviSKIB171jEYm2Uc5s2BGsz8mUtMV6zIDNbSPSn1B2MdIaxmpHN5WeODMQyWj/obYXTMi/JSO0HS7Es7afbEqp1VV1exrNqtnJpvrbASgQkJiz/oNYN4DbJQiT2lFsxbScu1q/VFKMmWma2KZCcEHYITPzEFP3M82TB9sezkxoqOfCEiC9XHQKax0GBsAC4hxDvRAgKg7EiaDQFgQ/VytAtLk3ta5IISKZgZgeDk88MxCzL/JhpNhM/AJwMewIeiAas/MIkukKDeuaMjt+mwVk7QKATDH7JohtGoHu6dL2nfv333hHofOib1r7arxCFWehOVP3PyaLY6HD7oekk1NEqFaSDuzkc2+pT3qep2QZFJYw07o3hCXMThVKc4OJ9G6GhrZyDb4LBlXOjtgcVRWR0j+pcMTCfIaHJvSDIwLiJpstJa9NAWH6h7rRQ7DnmuDMbTg0NKUgGUwSGn6YfKTR8kREWpvVUw3Z5X1KYMEM1sd1tn8hycJASxLcS56I5DDDtoF40xIAaifYzcx3uBLLSNWdT7dDjFAK1SaS5bMsMqiYsCS8ZYTovOsMn3Q93MsTXxhoOyXpMw22DgqYk88Qd27LAKqnewDev59gnOeHImOfdM8/WJBiOJaGiHR0jpd+ApYp5I58rBebWfw38pygVjwJF4PAdFEiCFvBZATjkFF1q8rCwAHY997AJO3jAcDvAiQCU/qPjH7OmZ7zPOf8fD7/AnOenL1zcuXIeOSpKI1rBBk2Id5BfMzMS3rKeILJblsKAiNdxRpHqLEcYLxIXFqr4cnfbJ4d2Djw8Us0mbo3DHDvTfFC+C294oA2A5mZiLNm32tAh7itmXeQFKlIPYIZ0KqFBDlFDFD37/tJ1HxhIP/4AfreusZPn/+Y/aRN3hbBEVKufRiuJWY85Kakn0hZmWXMsNmSZ4AUq3GCWmj/6xh7tCkGFYEaX4SROsp3LxJrLL/Tyu/o7BexI1Y+DyAPdSruvd0905ay7yGNE5FR3S3XPqqGNFFX0f/TV9oh8UPTNTb+vZ8WOW759Un1sXMyP9XneVSPaElRGys85zzqj+7ufCJpvyOHRJKQaOLtP1/kVPI+1VqMUNs1YAJ//vwhvAv6PGemq8rXMFIG7jUlCstweupFlse3cH7ymMNEEkjNuRm1kz3l8eccTvS0OHQin2nIWlXP82zlwMFkqppqUmz9WaZqz4xvHB1/AnSNKpGFJoVNtFoGN+H4VoYG+1Sgftl8oZgv3x6O1OGWnVmnpdpFt0Ce5tQS7wjjLMCs/9bzaPwzxkw1klzYUaOrHvWgzmU2vbnempPnRKYu0nmeCaqT1e69YEYevYXQVeXuwXQujNAanL5q8WYmzoOX0yZJJvLkU1e2hHHO40il3ibQ029nNuMu+J09xPJO7IGKLKBKY9QSqASgR94ZMgSLrk7OSYm/+TovktTbvxaDQp3vGx51oVJoA3Wtzwxs79XGjwCkt6x1d4++F+x7OcNg5ObTKbwIzslHx+A5KT1x5tMqKzERcY7XOi5b/PZ07MQ9PCxsVbZdTdAb+PR4NJlDC0YQw78ax5u2+thqQjhqqc0BNGcjGZRREibCdZ3qdg2lsF7Kqn3+/PwDCIjNqj4nujsyMk8g7kdsAN47GfnE6eryyvE8TP1A2Renlw3aIlVRTJmytWuGkxLlL8tYmQjgCftCnwwy+9btO4B6rj///CiWkuyuE5n5fD4q6ojIdS+A8tV4L8h6I5NSiJrTQLVOKBks51G1eeL5OthYrnEyc1rycdHYezhlIX8/z8lIzBj0h+gscpjYi6ZzI9Zzy5NKRAF094nE9L0fP0ltK8kMMiNN3vVPQ3V11/18lCiXpvCcOLnirbDsO1V36uIrxupyglCpYfWSK/Cjy6UZgzoyaVU4aEtf3yHxdHVVMXBOKra++28ys1B1PyonU1hTT+5E78Qh0HXFBM/Iz70/P38cgbuE/5ARq989JxbybiLFmEmGCHKESJPIOFXN0G4tKYHg479BPtZlZGZm6uWMK01ruSR63IshfH4wM81gOz2NzzCxI0L52vQi+0kvJJPGmSdzCzMAKuml9hv/16rAUsjIrjtdNuKTl4RY5hqEmB7RM51hiEN4kfDAzFR+ubcAPs+fGfSo40Z3M58eYKSMxFtYem6N5K5ilXRAScRn496jhef38+PyIzA8mdRaSmuS+vZkRPfte4UqUBU4+fPzowhg+F+aLdJUv0gPgQQHqMrltFxnMrUwzk310F4eQHV/Ph+nLw8+I/P8nPNm+e47yzSS8JaaDm7DFhEG7QoiYOTRmNT6Ce0R0b88wZp+8pmxYkC/BnztzXvInrl1d1rRJx5Z68k4S4lYIIamgBJrZmSQzzk1V9uMSImTtqZSgd5ySDYXobtUgRHsKnvJZFZXppYNDymptvZ7UaiaqJcR8fl8Pn8/9978r//6r3yOIHtoE4spyW4a771X++48nPw1WlAEtB21Kyp4xug4Mhg1b+ruRDSLNfE3IxWdmb0zNJIntQHVXtuMqa5fZpR0Qt5AGblq0BGWZ4cvsexNdNpF8Gpiu3Z5F61LiHifuVmBCuRhhb6rav3AtSuWe/ICwA4lLraE1gHggEy5yXvOv+KjPP/hvaVnG/S6lWo7hCjcyE5B5ePKiHZV9SAjpmZabJSxIUnd2FmTPufn7z1HBD3/83MetX9KRflS/MifPH3N8MpdpVCfz8k85xkbTLP6A06s0YGqENEBqurv/UupRNdrtTkMuw9nHga0AlEVD7wmYarK2L9zleZpHvIymEo2U/69ZL/90BoLMICvUZrm7mKjMzNnr7Fup3pILW0TrTKkshQ9R51+0L5ULfKqv/JP/ocX+axvpkKEYpX6c3kpJCEhj11EwXvNsNBU8H4++mu5jGnnc474zsoZLsFjXfa2Vhao3essSVhcUt3vpvYgNYyTRp4zhKwM8Pl8MnNpor/moqusGzTjmf2vmrRbfRLZhpnI8XpPjJ2IuQvSjFDR7YUQru1ryYjDVQPsb9dTjaV7RIT2rls63arBSm22BE8qLN6OZZns0W2Jq+qb+twUmlytDbFKpWrYeuY556w/IPeI7qtxXFb9xF/mS/CEubvneR5Fm7YkTV0zjddEnMylAikXmtuocKPvpaQg89mFTxGR0zWmaWA3Z2jwoB7D5OJd0hWqDOZXUvRsRgTzc/Sf771yCJ911O22tiN+Te91Vd+lDioa/WMnXEeJIzYMVxJzMp88YkbPzN+/f+cLr7vM0uCkutT7DWEfxq9ZQY+kK7CdcSz19X22ekQR8TK+Z8t6rSqR7/PnamEUMlOEbnHYa77nJ9ZZiBEpoMpmMk+3996mXqViTvCN7YaixN+xa+Er2xoiemqpPZZ5znhw69zE0CBeEYkRYif1tNKi7KdcnmL79jUucH4xI69Vf+iEV3WmPShvl8ziZ3DvZ2ak/TSDaURdcfMDWOy14yUNGMSK8lfWkQ7GAE8e0upA5egZEf+HjMyjh6AfzPVwH8Ll8uLaowrRCbrEMtYLqrsbels2facdOWMvnUOKr5jfM99Yp/ig+v3rNCJkIUVdd5Zvm0oFsXqURdt1foKWJJePEAbIjJOJeSmcZsT7nY6mgPpGa4S47Cdg7poSmD8yInP17AhwgDznfUPuK/ajiYLkZ7UENO5oisZ/Bd266Oru0tYfIy0zM162Ceo/EyItjoHFsepiMHwCYJ7Ug38ZLsqdppdQcJvuF4BRzqJDokZQ67RgormbPZJTcq57Zw6j3lWnnVhy2y9rOOXT67Xk0zPP89Pd2hNzTlTVQvB+SNiBStW1jvklU2E0Qpj9I/YuwcgQSVZP+N6KE/d+FiMdrGfdlwJvz2J/YGUxZcOxSSPWu88ns7stlgfvvYXhrG3mcsAV1t6C8z3P1Ih5v6n+5Vl60OawGeL5+W4y1+k656D7e87v1Z0VlWTxIHvavWjp+9tdJvm8NYA42eOGYD2OLWWAD0x7OT3MiVa9GSl7yVH7023aS2nas8ClJj6zu9AcncLMNXvTDyPjjTZ6KG+vg/4W+bovvZIaPUzLH0lMLMXsPXbYW3b2bM+Ihe4EQbc3s0Ey8pycaUzZtUxHegFurnYkVq2158oH6IViZ0rRsm0X4Ew6a8Qsw1DN1zeH6pj7Wu05nG+KF09nZpFUGF1iq6n+fD7hqAI/WxLAu5ZAcVY//25UBPC18dpL7WMjHiLEyNcBBYbCaKhlj1vYxy9inSIqAK1NjiX9+Ym9hkemTGo+pvbnvBEjfy9EjRQT5a2jxCTFVgvKAp6XTwe8x3fecguTJ7t7gl1v7vNgUj/Z9ED71KqrwVtv5zJIfE7TQyZ9Hq4OI97GdvGg94/A9j3m0dNT3vdTVT3F7VMi8nV4z/WWfL+7akBHsFXMf4+0Ko2uFcj+xyepqscTZOf33sWbcvwbkBBBlRpCaS9dPudOScU+Mz+Z0y4pp5oZyykR8XZ0Z/LVvjQYrPo8z4nVoEfEfT1eIuTKgF8BE4P3eeZ5AJc05/zoRp9z7v1ERGmasX2iKE3QxGaHmozIc/R5rjRbeiwRBnF0XzRhJV+IZnaBx8zWIQQwmdFaIDwE0HV7TYpmu483KWxEpdzPZlPALanzrQl+TyPf60ky4nNvdT0/j+eOiHOev5+/eU7mE/HdTECOlsC/rYeSKmlFVKu9X/cYANMF8nl+pgaYzJQl9UanAVYpwo7M6KDW8EYIf6i6Pz8/ipO52JWIFBQLqlXet1QaTk+o2bWkEfHx0kRUdaaV/c/zR/dOiV3kTh1aF+kAdtMMQZ/k3ceDt6oPCyirMWixhd5b4BrbeerrZKCootqDYCzo0Q75/ve7u6s1VK6qDGVK/cvn/RV64G8/e875fP6GcfnSjZBG82ylKveCXHOb/yDYYfRrFFtS/dXbxesCbziXvbDeS4Q2PeP4zvofvrWiD0hdAGJCi/iiIKnfG3mCZ1NGb1WlvioASDRhEEPDm93auBoavuz+WdKb8LEIr8XWlxBdoF/vifl1NbbG1mm899KjWrwtZJWQ/W+ay3xIfD5XjgUQjYCam4QSNBdnEKN8DDnqa37LEnvSkDq3WOoPnD5EGPVAEatAdfS79//Jg6ozlW7KIu3vDsWSJ7DyoGU3ciY4ukIzsyKhbx5/q183vN2v/mkDA7srGOecpbK/ia67Ba+H/nrd29r5ing/mJ4I1lbr3mp7WG0R4jdn/BDi4Mn4SwSOt+zUrGYDKSgidTKloP3WAJ97I+LJ5CBSexHsB8CNsDpXdH+P3JyuGUL1bZvC8e4WSZi37bf5FrQy4ZhB9Q0SE/XdmjOZOaoDS5laUc6nYsZdSHUbXiAjvu1zMO81NcTv5R2JjbUL3H02+luq92Ym/+f//p9e9w9C+9+01J4Rea8Yskhz/EeTmelLU2cg1oYebPelacoCPWeNknzWt8p0yOCOTUgNdzGvPdHMYD73AwuFtnKNKIx0W1LvAiZ1aBaJEUUPAt+xbm4RcfKZriDFWzHQo7XS5IApkKJ6rcM3RoDPORIxClnSBFXO4JpY5hM9HWuwGJp/rs/vGkCHEbzenYeyHmFoSY9YHhL19dgDesAqyRtThZoBBU5kytAM4+XmZDAtYAAAIABJREFUKZGsXLtndFfF2pi6n79XXBpNFyVNEFm03GWJ04fuSsTUu/TG7QWmM5ZhQFSXbFiIAKrril+jwHrOI9bSJtRXVnPuLWnL7/0EYohbpQmki344VjUhwXJ4tuzMRPLkY2tajdjy7O+K6dZo9sRj/GINf4BBaplY9L0ykw6EAMqVaZBx9C70vTlU65pCbsalYZoQKlTIHTVgIcrIaDsDpDInN7dmem6mOBh5enNhVekEUUIuiBOxU/RzlunWrn/joPHpKzlqxhmD3fXqx92TRMpPmRAiOU706peAF83ULtxZM2LAALdIHiKb0F7JE5mw2503+aGJ7lnVrOJYD25JYRqj1ugcEUJ/zkmGJn+0C8c29Ep+yGlxcxBIqViqSiYRZ/tnmQdKqTAzE0RYcKhGPmTCGtACIumRDR0ynvOAkAVemqeokWfGgEw0RM/n1hCfz4cUSXO27FgI22sjvf/g1pWtEEOzujUDadnCNMHP5xMJBs95Nln6k3P7OgwIEfd+NGcWFz8z5UPaXrsajUmDO64IQNFQRF/1mIRxRok8Yt3dmBHiy38+H8X6MGo/j8AOTKPZ0Npn7Q4Vk5rrKhDIz+dD6Q39emAGJfvE0RmaHW+rFHD7N5zuri0MM7E6cWSMAEj6fIiQIaCEyv26tBF5zkA+p/Xqe04G87wdvJga55w8R0yCgJz6mccrnR1z6PWm0F6fGeGgJ47GdfEdb4RKtrMJXi7YZg+51aTJ7B7fBmW2qzqcFiP01uPKlWNCysI1ipawOF3nmcHBhBqPyHdKSr+F3a8VY66HVFphIQvJO/2598TJPJmnqsVKHj8K2/j0itC9rsMDhtHSv0xbGMe2pm8q1z/IODOvb6nQfD3IASgln5PBS9PYicXbhJFCFCGz5nMU+iTEDtL1zF5MOx9Kwrdax3mLWuXN9YEfjwoQEenaN1WdJ8lECi+j28VwRTSoWzobxn9NYkAuYSy1bwDMPAoCJI8xjmyPSwVnf6RO4MhlOLQcbMQcAatrIoac6sxE8Od5MLFw6Mjvux1MZzjEK5NPZS417WohODNtGEh1fWRqXjZWgSSTBjiDiQSIHVooej/nBzHdBWaIKiFPes/e4mh3qMcGigBUq3DyvD12fglc28CA0yXmc0auJZGP1ufzwcytwlYvmTkomX1FnOZMadnYZIZIx4LPEGyTb3OonUARyQGkCxQfn8xpzHRAzuYiefgk9JpEuQ2oajSo3zk92to1081x0pmZmUo5ZCiH7g3f4APyBdydbdJuD0a+0DZNVjrbfA05pW4LdISszw7YGmJmCPbsrrttqtceO15N6+vtHWFEYmq6EPQEQsPgk7IFULiJOIiAaiG1u9NiLse2FgwC09PneehhkhDG8zw/Ejln5qduz0QyIL9mOeTiVtkvrZERqiK6Z4JDVteOZ9XIubLPEKtLfNhwftIKCuFub1iget3tqMmaTn7B0GH2qHPiyLf3HUcEIevq7fwzE+aIQPUMSPW9zzlq4+VfqpunHqS6Kev8dYUP+8bgZIxXfc2+I7zUKEzPmlbPIPdmNRy7q6+CmIdDTA06G6NrWHXbw6oUfCL4eJfruM+pqYTbfc3zzdILJnOXlFC6EQ2HXucuacH9sFSTk+3YxbcXm2DPPBEnTwh5HM2RODN5HkrKvrD1+8r0d4+SyADh7DozaCMs0y6KZHcx5fUFpJbUGM7TVA8tuobyYWdaC60EF3ZK4QxGS+CDkKRep6tnvZTsO8ARurTDofWFgGZbBBHnHNiCHyT6znl+RM2JkIGzJ0PCds95pEB6Mfsg7eutzdTMzBPM6anrZg1tu+PIo0YAjEG/i9Pu/au6hWTa3sHPO+MISLWXZJyqYurIODiFa4wd4fQEY7UCSnz1rjbReYDTN4nh4ByqcVK6wQqXARWK7t+1ox7QtZfcg9UtZwJdrlv6Lhxab6S9U+MujoM+jLBiWMt4oAHq+fkD2idFoIMMt8bC/5gB6CVYetXP8/T0ID5dbdNc3CpCLXzIBt5yKSAX/SwUNeRggoqQpacTlA6A2BWsb1nMkQjG9V/PyFhC0FjmCzR7GN+/DLj8kWFS1y11LiHIqOe2F3KZpMIIMDmq4t44gTSbsMbrkU+c8/IelCMFe3k5sJH0ac4OM3R+3UZLPaAREQB6f4P6calpR2Nvey8Az3Pq8zpsi6U7Lyp1Mk3/j/DEHe9cyghoZjbm1mcElC1jdadZcr8Qum0FWNVn8FKLjAWvusW1jH78rBb5y2JG923tKA4vlW1FZg/LMQz28OSDtS1VjhfQ392BwPDJRy6RyDj5DLAqK/32fsm7s7d4pq308nsMgCfP1FD2UHq0Md2a1BsU0FEQCex4f148z1NiYv3/XL3tkiTLbiMIkB7Z87Y7NjYz0j66KtzJ/QHQM7XHZNLVud1VmRHu/ABBQDSDVjHvVhPog0YwV0qPUWCBvk6uRySFqt57rJ4G06iqOq+KSUzBpOamSnXNuSdZVNr2AlpJdTczSx6HKt07epBNl5TKSJK0AjOXjEUj5M6ouqVpcyX1QCYcFxi55CnjP0w+n0/7rxBABy5NR4jKQZ8+XdZOx48EVhd3bWggN+fc2bxae/NSW32ep877WeLgtqq9/DbRmD5RxpUkLMCeGXtvO0GKagYEkeszTCB+Hk1DZZ8jiH8BjJTTpIjLmTHCGEwdNK2UiooQoUJeyhlkCBeZIt+uvTTxOyQhcHYfME5v70+EfykZYrqt5x8zjsSoDVPFqRO5TnVkxkqRmUb6zxFGTE5VR2utZGbk4pcVvusFKsRL8PtiyeazDDeLNCZVkpqJzy1gnktacd14AGpFgYHqI4yw4U1TBeeVS/2OwJy1VoO5Ul3ZnZecEZYfCjvJ2FsyEkctRXcdV/UBMMCMsPaAEP6C5rJqIp7HEOu3AOs+fUAXUDQBy3OLW+L++x//3r3zf/7v/5XPygELMp8q3Mps9LK9BNBzje+ikG9RlX7NOTvCMSJtW02SdXadI5pGjXcKLEnE9Pqe7bakDqMYKrhct2Lv7cpvtJDW85TFwbPbmPSTj+/494kUQ8SU6K69d5mNK/JUVUnf17q98PoCu/rd23qGNyG4R9L8kBfKMff8pyhUy5ezz37BhRbjdeZLLn0nCAoQWevZfWL++mUfiDKsKF/lYYyAj3PO++68WvMkyYMCuWKdc6TOIk3kSEQQKqr8XZzUGBJwqajvxPKeLc7ePVxTgFPMcWCg+/X1fl958bWfTGgXK0LVpqKMz/TIlr3v+zwJ9D7SFree/tU2NAWGCcAOlqMjCRG6u0k8z3PZK7iwLzWcWJO2eywEmvQWW2kXgSTNaNM6Xs/CTo/yAAzhgEqrU0ha91DglJ4SpXmSmtDU3qR9aDV+jOGJ6ZhliFCgdZbzPSQO6P7nnKPnfFosclF+9u857MvG0nt20lQ18KVZVVWM0ph+uLBO3R0z6PVVpBjccU/+gA493zZGubtJZsRMam3LI90qzfCr+s5OzzlSHNRHckk80+yZB/hb6A/r8DzPU1U5ZlPmIYYHTgKP4qvo59ivBmvvP90RVSiqZPeWwXVnpuV32lNfndn7hC+G5W3hzKraA881us5s0ocQovF3U8Y+1ajneVQeLkmRuBWTjpAmLtju/40MduPK6oVPo1+B/o+YVre5dXAj+VWUNgtvrjT0GbT5pJJuZt07PFnEDS86KU/avwdAhMTf9MwfzCeUItxtFVay9lEBcfaLEbkiWFXy/rkRY2nHjlZp0FebLCo4W43uFY782QLJrLIe/W0eAJwuWS7n4M4kY2WPeviQSQGyq/YwAtTyoLVXGRhJ9JUPgD6tIwqytSfXFszpUxq3LyNHTrR6/urrSiPc6oOWslhVdeice2v+shju7Y7hGgxupnLS2UGRrMcYUPO3+b3eAqkrSTZ//a3z79+/9327ao1JXVgrWYxdVQjAbMhWn7WWustRdTHRo7sxZtr73ZwP3O1VKhBX+1JV0Zj4Rs04eYh1KgdDulLa1okI7SOay1aH5LOe7q7pE845kJyXmrH4Qoc9tg2A+Wj6pRiJBsBxFQ5J2nubgIQZwrocOkqRdCwxj+aznpiSrn+FODwiGr3HUhv5JUh29+4jkbqztxnKVofXHddSGElqy4qNXScZ3i1RqwmLy4m/sWxs2JlWCeiR6dSXf/9euI3XiChBatdQ60Byk8YUAgCqj/7DOSeuXAN5LD8Ypf2eKRLWz2aeZs8ySs3rNzv/xIyB75O/3lG61DX7JROKJV/JfLzJIbSfVt3rnvbFrWOrvI2tYcC4WwVsaAwgh/5Z5cFKQ09MttgeLnZLYYdn7xi2vlbvb2Uyadm7O2aQ8YoXf7ffOBw6jn7asP7rbiiuKa05l+CexhzGsYjhOieXR8ah+a9llYNAzGqvPE4DVxD1bogaJV/iLk3X2jdPqbCZq4o9BgiZSeb8uHkEVQitb3b+nIeegb1WKTSbPXUUCdR+k6jZhtTITcZdvGEiUzTOrlpraaV4ykiRFVRsWSkejgGul245B/fJw0kUbbzm8pJlAEKrQtHteXx4CYfTh+uOA8U69ol71oejkHMrikGcZyxaqqzQNg/wZqdaCf/YYzn4+G+nunsakNELClW4HDPSc7YmOtYOtsxaPc8zIzMrj8VP0XvreV0E033hfq3kZlxdgnjaACE9IL9RFEOEByN0DL4Ve6ZYfpiKFEE9+TtfFtwpfkkuy8+6chBtRRyRtXSuIhLG9Dh3ZJmyOiz7BjUgx48u/I1IisDeYR/KIQBtDokVa7EmfPMR+L3vEpKV+pMokapk9j6YLrIl40bSMBxEibkXR7d7ToVefZ9THazdc328q1Hd9VVLF4ddD9S3Ua65YgiFF6Ct76d/hAO8tUFxOwyJ/qzHeTW23fUrD05eoFDUJvn5aId+Bmwepn5ppxoWmtVItQN+/noa3b1No4FpRvPezzk4W+8nZ92wqqy4PU8wZ4UrXBt7e3gmUmKP2kZ4tn+UN71tqf22+ioruPDKTCZJ9lGnz1zZs39WJTjR99Sswd4r8v1750gL0hJiYOBGqPWlZtdRa+aTcKvruT76tIZgxEj7+b6tflNbhyClqiSknxHzaUXQVu/53DhjgoRvkMbDUoty5D97M4gMzU+MHRHnvCJ47dmy+unNFQQqOdFYG3XVwNi5Kb3OLEu5Zj4Ig5FMy4rS/WMPkFr711ZKmuwaHpy1Ul2P2Oi61vBomOpcAHkBO2Lc2hLumFzJhPecQFLmecMKd5ddP5dFp2itZR/leLqxlnKoB8gKJnWBD0dQaFutZQm35MYkpUSHykHe/FbWWvvsv/1+lhZ97BfY3e5wYwFf3EA/QVlS/2/NTolCxnO17NHaNlRAbEALWsLutLGhFHPOYcooSyIZng52d8wi4wVVgjwTeM5Ygt2S2PSH+t7fvhAiSUQuKZh5j/CtAzKsud9SpjIBY94pPbb3zcEUkzHp6X4A3STtJ5Fc61H3qp76jH+VCkoTpqU8TCOyXz4TKdNpVQnP84mwi+STT1WZ7ObPGZew24XM5A9k5LdG7wXqxbjEan8/ddD6IjdQqHMcLoiBVmWiaQW0h6Fn8o3S3XieRzFtz3xOFVla1wHHBz6oHnkEALprtuTtLQHU7QHb+HN01SktDxFAyRC7tdag/dfUoLy7Tx21TkptDXso1IB1Vr2G/ELo2zStFr+bT/ZRACA8MHIBxYiqg+JMgdk2NXIQ7v4dNwrmDIh21ugWpUyD/vIdl48CjK5rqeiearTdRzIzpmDrQfNoar95bz/ZnLibdnPKXBG3GYTeqPYgpz6fjz7V79+do5Wc/SR9eIU0NLSDOwHH5KfMVOtUVfl///N/n7PTqXS15vgkUej6rI8i93c5wvkoOIseAnbM3Y682AGSgjsBiEORy7JZZJyzdYUM2pLJ1ZIOMA4o1eOQBKEqY+d4E/S9dO9QI+kdIiNq77Pl4GQrkrlCbRWcAsFcoRdYAizskAlf/kFaI7J/rPksZSDeO769n2Y4DOxzTumOPT1Q6U0q0LwiuPJDhjyqurjWk0+eKllztMRMCt0zbZaJ33fPEbRrmbQpQnAdyGobISrKiUkXYa3zWNGotda4EzeAWCmf4fWMT0hw2dZJeK5QrSC1JEJhtyBLhgxo6SlLfietWUaSK5cqgO4OE4KsbyhZ/Ko+5z0oq4MFSe6/bSFoiAD9ALw88Ymmoh/K/1M5xhc7MwOCkc45u42l6/lrxphiq1VJj4W7G9KmzqXzHEBXOV6zGxaHQfXKz91QIVBAOU2ardL2qq1dR/BRVWc+jIgVMn+fdAgCttuaodT67m5TxA5RV8hQw3ZlBrpHm77q3/PRYyDcUNEoD4JRI/gT/p01+xowcSIWCDbMem+5jps0IVLNkI+U5CgHDg7A2yNJUXUwOxeuTtDgwFV9NEH9ymh0HxQz8hKGPWYlnN21De9S/nmWze6oNTR75Hab7atytOugG5D0qhS9APQuVGO2gRGR4p507apzpGA4HDORKSK+KssAHS7glr67W3BeNVBMauzbwOlT51WnCoArIcWagVFSeqyIs7cGaXI+zbVUbYuN0lo9CVSfoHEBBb2WhKN1sfXaJWPMtZ78kSGKCDVI+k6NPlWhVLq3olUpuCjoMLyqP5uwkDS+C+AURJMZktc/fdCiPapxEo9YD0NogvE9eOKPzNWNlZGRp80F7omxsu8ThOft2WZbAFE4RgVDcbQjIKVcqC150B0BxUBOWXe+tooQoKnMvd0Sy+dKMBOrq2ojoH/JOdJx92yEMFSxmc8SVPK+2yDRAHmZKf+YqvfUET9IFYGiR8lSgxRFtyT7nNM5iBKHAlsgmvYSfMnii2XPV8uZGwHo3aNOPT0bNScEG6dlwEV090FbFLELVTLm0tMWm7WBvTe7JQj7PA/U1evRVH8r5shTp7ZmSzTVTxlnWoU6XdWSpZIzSgwXKdeqPhKpBJnidjXUN06ZZVzUrGfZ1I24qZDIkIZSQEyc++p7MqYqfmn0yPLiPnMAp947Bq86SNeLandr79k8q0CcfQhcTxGp4A794gRIRJfgOLSUgqoygra72PrVjz3TpKoXkoMgwUAkc8V6/kWmhweMJTcLdGDUWrpRRYmGgRr5Nru7ouPzfFCn0efsYge+Nd7usgafBop9VR3YQNfWxyC1eqWeHwycOj1hQ9rEDpWalYu4pHlqH91lzyeE2MZa+dyXosOcYE0FFcPJUAzXqRD2FglUrfVEpuQ5iaDkkq8ag9RgkGW+JKCFpj4NDchB8vkkG8GphFdYUpDsVlIzrBFhDdzlrkAZpcPUP+lii+7UQClr7Hej+Swnui5ELIOtWmCqGjlpfb9ARmTu979I7O61/gniYWucCWRcybXvyGdAZ7OzacRO6snaCEQgDI1VilmZfsgHHmw/Q03KzNkT7cjY521U5NqnlhFk5kg0GAXyRQwVsG3GkvqwXsPmNqgXfCSwEFoj835Dd8dKyiaRY/rVZd+OW3znqupB+eAavtBynq8OMgM5cH8HfxcUFHKOg2OUq8G6wwYnflUC7JhzWGR1J+Bifj6A96EHoFGak4gtgMh8Po8uOxGnatfOCHSg2exnLcr6xQirIqfeu8H67g5wZQoE1/ae+kfliHxWTzU4oHBX1fPv090Ray0poROTO9R1dnfZABZAa9tPCfE9W8CdbmqhvZOgx1gF9PZiRBl9HNaeqQCeUlONhkHIbpRRqoPTxKlalP/tW3UiUkqMKljZOHt37WHlh5s2IhDPWoyO4NbQZT6tIbO4uliSK1HbHABXLAUrdFsaURTKMO5Lki3FM1Lm4e21dLP5zAbtzDwNfVO3lJH0qqdN2gEwmujdzQx1NFPhWECsqoYjabdCXG9Vdmk/Sjs+3lGRBog3AeHrEJEeIuqdqlwUMvHu/5piJDOI7vX5NNBn1zlST1O0ZPXpDfTz+afuXqCA3MVgCVZ0NQK5lgxXMUhVWK8Ot4FpcZJ8fUAYFIf2LIMHyt1elowRCmaCAblghTZokdpvcHdj5yTxw/0wA8qVkPr9bttZOyrOglqEKYbe6tev8EgmB9mM7jpnQ5J0fUDLtsABEBGx+zARkGHbo0H3CPSgS1trrKqYUKb/xn9kiGU0A3J1d58txCZy3E0s0ljPelYuNKrxPE+Q2n8gqTUcat1BS4GNyFwr3zpeiC8Es208VHNaQK1t6OBp5IaQ5XhmrkzMXk3PxuHK1KeFiSMg0adPbQTO2ZfkR3KXvh2p4Zyav6bk1FU31sFaqeFchI0lYsoaQ37lca+sX/XvD1qiihoMMCPXOjViQq0D25GxnqXVOnkm6Zuu9SHDVXMzmMdSdYJN8/aD8n3RIoYAogycYULgpz7fEqev0+pe45nZBps47INelymFU6czU3uQysIxOt2X7CCipNiD1RvoyAWJkgkZJeNH3s1DiOrMpcsndpSWn7QfU0JRumzfB4hIZAlEt0Pqriq83Cl0+1i1icJ4SapUCT3uOqfH4VXLRRrve6ogXhYQQFc/ljowGERJOlsFzkbHBTzL2MY55+/8nS6RhiWimxMr1NRWVVOHRPLXCuX+nhFmkXZten5R5+z3/QtQu6orl+EKs/rYLXg74HqpeybvDZWk6kMLKOdZYSYIQLsLhVP6GlWFPjcvD4YsFK5IMPJvH7M+TboSLFm1pX+j/maRgcLuw0t48LzcMeGcfZcs22OnsHEBWikaXfIK9f2qPtseCwKvVtLxXNtUjR7oJsbffu9dLI5MTpVAHqBRp+scDWPSOgeuE6zoAKC7zrT8CHSrMe8uERJUbiouCXFxQTg74ujW5VWEV0PmzW64couRgWUgRk6t0Gs9sKcIyeja6HqkbZ1MZaPq5yNmgDtOAc4BnFegq52XAGQygl4G7Fi56pw6J5h1uuamcCR81dx1QXtpg7+FfCw0xpjWt0hoybv6ZApEhe6RnliupT35W7Vq5Dmlkc/dOVuumeRADh5NhzySpcyxkoLm9n4l7pP/8R//B7Nd3rJJpDhEEjxZ1T3CMrhlgXOOBwxqSMw36Z6l/pLskhfehyJAaXuJCzAMR2kKI76KNHdDxDD9vRNV9eTSiKM9FT+qbv2APIdUX2MgVv+87zsKcSD57jciBA5g0H8OM67bVOUy0sNzzr9///SbR7sTaz0i/Ch5fB3YQ/BNqx/qqnwWcI4ySoRlkGzCYxIQtMYUjsmpj4e6THb4XcRaj46EhWu0rDehwRdq+i0BAufsGvfLnglkZuLLZNHMU31DrzSn2/iLJbr6zl1ixB/VeEijU/rXvpzDp5sBLFp2fDMl0zvdVTWcyoh4a7PxzLARgIbY3X2OeTQ+hHqSglONWPF+zsupLGuZTTZsSYFlnXNG3azb2N49zzobNXqdAG7rbtbhPG/lvRrbEv3d6q5ThUsn6fccDffBpmQxQL1BWsPBHBy34PPPvXf42dKooVmvtcTvyOXTLvboyBp462gQY5BmMOkO6hX48IGUX1A4ro9bm20hJydBwPqAMnI6WW7eyLFE+sIcK4b2GEH2fYYmn5gtaGrjVzYKlraIoCTYJcNy7J3QmSnTp0bt/RpVtCzYGmiAcxRNKxOUU6M6RbHbzIAGyX///qlqWpF9xUC7WYT3f725r5NPCzMhgrdZrYYEr0kwfVbLIxZSndyYucVspXV3rC9/mT5RAgg9sRc1oWdmSUfCuM2Avkv9jEXh1WmSTBPHNBRpwRbdilIylEZEnr0BiiUqHOeSTDWejIirwintUW1itr0iAiOrJW6pAAJdfKmlpxuMVlVJTxYKNPv4Z2PD2soYwju8lybpIQbj1K6GLnTeKT2hhXcijka/4uGubJQeS+Q6e3/1tbsyM59V7RFIo2LNYlaD5Iqsc8rdS2lYcupgSmSSqeWKKea6G83qLYbIvDq96DQfPSFbYLujM+SXs2jlk9nBlTiUO7/L7aqf9fYRBGNEvNPhmKAaDqxWHdVSJUxtMAaUmeTZ+5ySbN05RwIaiu05Gwn3zHVbG+TmXG1WqZ7LXLtK8ycJQYh5qpZPOU5xHhd3IIvfcbLbsy/M5t8bE9t/IrBHd/V1XtEg/3tlGKLzJ2cl3Vt4I7sl4L7QSIb9fP15psKpkqXhDEtorWQTsW8Uj9kqUM6dZlttCRhR3haP3acJE6gUczQQddXkn8hhj77vX2aeLd05ai0XFzAFM/PSonvOiVnJ865FL+DwN0X66+6SiD/g5/blOQmQ7MyU2KieoMC1yIT1oL0qdDOyvOlSQN5ULIon96utsVMr4186xnFTz30OK/OUjWQyvBygoctEue/rns9MWIUvYnxoJCoZzGSClXaV3Cq1Y+X9vehx1rFhQbSY3c2z9wwS4qdI7hvhzc+1Txq7iyISxpM5JJvM7j7o53kC91p1uz4S4979UHevJcyHeySA9j7x+7r1HMiDi1L5HzcTw9i4p12AqiRLMpe01ZQiu5vBiK/BgM5hzD6iilLVVJmQRNw5h1cqalDdGMLHTVLiq94Ng3Dl6Pv/d/7YArX7TsKCPIMt3m+RU3ACkNaiitfZUdCrlHianq2G9NHdpyERfyfimSf3kOXvPzEzDMUpbTlp1ZwkO4S43jh25p+foARMv7BySWs0It5X5PMWAqiRqir5+8w57TrJ2ZT6grYzRteh003X3df+ltKSKmpvP9fwlvSUdERVL51z9t4Z0ej9vvI/rTYJtCZUCkgzjr6+dNRY4vGgBJro40dUn4bAHUkJ2dmO5MGpEQTnyFXE7Me3BOoMKd6JiB/18bZxvO+rjag2e1FFs+kqtytRxNNW1u0RxoV7WikyM9/3Ly0ciq7v1lcg6hwNAzhdQLfF2dzsT5ex9/YQwng7QhKOjXxWtwUtDXfMYNUXJziiZ183oAmhyxc6GZErUh/yllsSp9IA4xsPfVZ0oHzoSOp7redzzlHuXOtxxiDYWBEIZq5wOfKNXbo2HaicAAAgAElEQVSG1utHi71xgzZnNa3HRSYsG6Xb+t2vxU/c1jmXmWTfYz3K5phO4dLdUmYkyXv1VA9r3Vm6TTJPFr1a3W5OasR1zHbUjurW1qPeozsXBXrvmugz+wHEl6E8gxPw+rfpbUYIEoLm92jkEFYiosZ4XD311DOwXJVRK5zSH/Puggo/XeEaGked3d2xsnEutJhrZUbVcXY4R8sOuptAVOtZxdl/cBsf3fIrDs5ujR5gph95GzLLc07/dL5z3ThIbrvYBsUxP+N1dMexkWm2wRyqVkWCesalTO/3k4tc5uYwRhJWX58kuVLQZHfPftW4FomSpXVMihTI0B6VPPPQ3/OjTQ6u7hqRQ/axJxwnVuhk+vp3q0/Roi3J53m0BSisLMiS3qooMz2uk1cPA9AWvlj/yt/Kjxp07fPqPyMur0UuEaZ36PyoaVI9UFV7vxQ31PacBuLL8qGODXtvoUAc2vs5Z++XU+v+vX/KhzFqEDoV3SfT8mgK5sf+58b9cDcPqnJl+vARkx+TSXNCsJak9r7ok17T8tXoJrZAhy4Aex/9yaoKiUpp/NWc9V/NY0rCoTfscArvq3FyzlE9PzRi1YFuta45H2f3VIUMoUGpg96s9hFAnZPpJsYVFDsiAnHOUbm7DHDFDc3nnLXWmQ1FPTcE6RUGsZzNSZU4mM5kru+Qj7QSIH9smakhVpARAog56pS6oT1dg05CN/bIWCn6yZReD+e8L6yD15KmwMSKvTc6RmJk5XyAEMj5rYvEvhTmxlvPdKOqnHPlI6IqzBTViohY69Qxpcywxw9Oop+ku98AoTNPg69yxVC+bgBp7oVLwXMOO64djioHRRg/TOGiGkpB5eg3z0YEQGgxLt0LRMQZSx4VRmQKf9ZdxlQLtxYlDYXN08upB7+j6NonM/d511p6m2I1CO65yd+la/ferxpMdWoK4HrOmEibuX6gdH8nANoQMN1nypWI+Pz7VFX+3//zf0CGyWXCGKhzWdLnogYUSmCjQazkGXrHDZUYqmxM2Qii+5RXwkMsV6O0AywLXQmQRxNYUotUtU8MZCw7i73fquLQBpOhjU7/wLAGSHcHotHrecQaO6euSwF9cKPRZV/EzpBqp/K6lsMBgM1nLRUNSx7fyfvfaqbUwDnbut4yrgw2UX0K1SLLKylltnNMdGtQj6DIdIue1x0AZzsia8KpYW5E9CUODHikAS5IMFAHs/N1kwrZSStj1znSQWuzchgZIij3rL3D/G4EEl9k7Ar4XPmRM2WSAPqGDMXREZGxyvO4W/ef7nm0w+V5nufv/CFw2lv2vf1YqliNf//+VWM49yQpNbcc3lBEZqjeCk9nWsJonVbuFlMJEZobz+CBFijsAaksr2LCopYx8TwPHM29cEpesvLJDDF0ggFM0O8jc633bHR//n0miLuM+R//PsqZ12YDRIg7LyG0GgnPFtMF6/kn24np9PW7mo06UrSMOlvV/DdtOQBkmy0vmTYXarwivj9ztVYLAynTaFOn7SQhXEwgdQYG2xSk1QMnmbwQdAIQeUrchGJE1tmqnuL7XbyRADTEU2ACLF4yfotuJoOStqQVLlNAw+NTW7m6zsn1xHgwTA4XHq1CPCKsSCvZn/B0A+iO9VBTApI9uj36GXpuRHf5oMpDWVc1lBqpuVAjZHLwrNBXFlcIbHFhIvNv/60RvZnS/JEKhFtruMPXQChDUJj/fWY2o4FlwEVNlDZsEIyGWB0dQbm5cJoIFQrKwCQFWjX7+TzJ7Kqzz+fzD57l9DVzXtpCk0ge0H3kZSfGYkjfTexaxsAvnF2i38TG6opcjcb4MFfvn4Vij1WMalI1OAWRv3uH+Kc9igfQfpOFbJDMCKkY0VwBAJBqarXX/Nt3w6q1Z7wrKJ/DbotONCOyNelBJBMRHOFjEaDTag/RbBlbde8InD7qi+erd1hk3ZKREVEingYCsmonu9mQ8R27wx07ukkEIj2lFoufwrv6raNRdxXcOFd19ylkrLUywlrpMQAeRruzp5BakXIhCon1xYPGEWs1QkovVfafgGVbFq33Pcy8GWsBHnC2XA2QUCj+KeZcCkeoCdHb177+BeIA8UwrmLfp5ITv8q6JG8gI1eK4MOKcdLUTOmy4YCBVeLV6/gvPGcJwUnGzY3RgkiP7IOghXHXnyjr71Fs1/P1IMLvBiHLXc+60b451yjCAjIi8+wSSBavaAuV/EATL8lpbgwn0YCzfkA7rwuep3qcaXGQN4Ftdz/MYc99bzgBK2+nKwEcW95nP2J6BzHWGAB5SS642M+KiK9OShYirjbWWtETP6aqOGV5W1WmY2pxZKh0LZIDD27VWTDFkCrIJopjr6capU92SKAmrPygsdAibKnKa87Zmaj1L24o4uyTX+r5/ej0ICV2DgLXmQe29KX311J8oVwthQJf7vGslO9C8cii4K4mknDnO2ev5lEYW8Gic7f/JAZF1WrSLxpkKVJkVWGULVlVrfiMR2kTxG1SvekZvISguOO/utlUAC8DuYmmVWhrhPZ88zj51KiOCmbG0sqBIi6kJvacYmij3aXTttVIc4SdTWTWGuCCrcCIjUiiLtp5xUWNJC5jNysvzUGTrQh2ZXFRGTjGrjuIL9ilaylVO9aoiPPunOUcv2ZijVByjK/0jGrOS2Lps2hEEBfiueIJZkNm1WSoRoepUmOZowgRAGf+ReOsE43mekuC7C2e90Djd3TThbjZEy3T76lGjuyUKAI3FRXP0xi2jRiIPLjekhnRcEEDKQ+sCo6praN4/nQozCpG5pDBMq3UlJEo+dgQ6bMscQ8hsPCP3lejxkFqnEQCKDav518TfJtHsZsc0jxFcucSF+P/1HXK7kQCL5R/Vu4W0UEpIdTdyxXQvR1bqegL6eKfQaAbFWVkrVwaqlnzsXKhI+tlAZ3WJIuqarXZYKmQVjq4nLmWk2SUVRuxzGEHXsSsQb23t0y/tjw2kXiyg2Z4xqI4VRWWtJaniiKAV2Eh2pmYABOXaGkI02uVBztRVirUC+nPvLbcMr9tqC8GrAFO1M+T0oEtvQt6x90tVDYXlKgPne94pzzikNOq9N0VkdKKAqcTQPicAl+OzkeD0XUdNdoB1DqL1tzRNg6Rib8/aDF4Yy0EYBJlCzzzGZhzp/58O5rKsEAhE8HkegPsUJBoOdHcuGWD0WtmIAiMfBv/2XwMSzk2md4xnvPqbmESd+SUDKWjrcAq8Uz8u8HciVdzmv9ybd3dR3D7r+9Xer+7O/N0ZQ5IRqyZodHfAs2qlIZJPrjvAiwja6VoOBxLuEPfuiXHicZYP+/Bpzlt1tAsonw9EPM+HTTYt8aKJFJnL4Npt2QTqrFgMEknYtEz8Tek7a7zR8C4XgPf9L7A54kio8xFbcaqXd2/hn5/PJ9w9xef50J1xSVv820irhUNjPO0IGT3OGhMaqPLeYdxHTY9UouE73zNuycggz5hRr5GK8lsIVFlavasDXr9m/ELtrVKnqkTQudvMkxF+3I/Jv/0XEU8+0IZqaO9E3mmtcW9t8cdbIM/zPCo1lF/gLlWIvMH9IGVKIqWTS4CMiMjYZ1cL5uYgxX3qdJVsxiDgQpO83WhoR1cuYKdqPUt0PQVGORlYsHfEJKu1LFWGIxC5Uk/yWU9EFEqM0m7Z/rhfc59y0W3PCbDWhzaBh0bsOg36pGonrvzD3rvOjoi0+FiNyIecorUj4CGobNf4M96W1aC9eaqftaTm8r7/lRnyPFNPrVx26r1dlSpsKYOZnKdxiuYIXSnHcAu+oZvBNJD4xK5tKYNBwi4LUOseHghoUzxSWy6ZjjZoPM8jgN67fWCmf1ifSodZRZCFPjokMffqeH5vMX8VVyEwe0Y1LbZodVdHLjJWZEbu97+IXvnRHEStUataxVyZHwKc1iQUQzRJ1k2M1MiBU3k5U9clozCPnQ0UcrXM1XWOjjWRp3rLllmr6S2P25yy0b9WNd7ffknK402iDCZSND35g0XgBTd5UamPfg5H6pYz6jY/AKjzsr0+opR9hFnE1UMDfDhzQhy7oeZiYAoAkDBs1XXpm7l44Hk+KsYy4/6ilbmrTjUY+xy5NuZ//ud/1KlfRTxTcqnGpi+I0D96eRM9b1aiGqGupteE1e244ZnCV//7CkHKs1WUVa5xKSBJWApGF7C8yMOgdEuFv/eN/REJxumjvYYJ8RohIgZ/Ibme1Xdqp9YCsjpRY6hFxRvnKcDQeujq1jxnU01nqtTluM06vxXuqkp85HmxOF2Cu1Zml8Bla9W1AfokWefN0R1z4J4S7LZD8VXRCa/yiXXiF6SP5IdQLguArnyGfTC5Si23YHfohGqlKyLiq8Y1v46cTRRjybnEpDja0HA15SfcxtG+Rec5tfefupH3fafyFsGHkStlSmZswtcAZuW7iQJgMHrEiEK+Dnpk40OgroyS6GWOdO89AKrq3LFPku4Mywq3BRQoo7aMEMtS311WohqcAJAUssJrjJCxpoJrLbdM0oUY+80eENMWoCFx4VxpAqa07fiVBIFZWD/61DNNjamvW2mjC0LnGUoxg7lMhJqhsRB/0dl6zL4M3RaaSKDh5rZMqzMACH9HNd7DIY3gtYQVl0F5nBd8NGzX999Mha0eolV81qmqw3GsHIg2I+LdW///2edYZz8n5/qJ+ej2EMaGnQegygLZpMIOzq5WIWJ/hJLwsf72Cu9wSFfGi4Utglij+faWwNlK63uGOFxkriQgytKuU/L2QaPb1sROhMYbywK++H1W5cEd8E2NcmtQ8sPeb886T1Xts032DLPG8MOu6oZ2fBXi77Cty0zGW5ta89ltYWcuzWbUrwnTPO+OzEKHrMUVc8pDXHQzv4ngeZ52RSF5ZeP8ay1P7JNNyHWgZ1UnIubzIzKkxqhzK4AKQxPQEjegyN/3Y/B2DDT+ojgfEWCcqs/zRIggXGhLA/sZfqfQpBwsyCqtZ4arGqBwBJsqkVWdyCTy9hXnHGljDZCCc87wAWdsB1BUcP3qcpHhmrWqzViwEPm0rJ3PypT9lwFZxzRLRiranBuZMTH24t0mdpXfLcnMoeZdbtqoAvZIewOs8vCqxsvuPu0eh4MAI1d3hy4mtBuuZVLzy/Y5kDAazI6JzKqOWYEa31kzScLdneF/w9/jKRUj3D9XJiJi7/fK6banUcIDQbJPcbhjOWy7iFD8vLev5yqmd1ZcgFbtOqWGQpOYiTxOoCoWaVBPDDV/hR6amNSia3Rm9GBFntWvft+/c7YkTt69E0Ft8KiNqU5zMKPmgPmc/1YmPlBjOd7m3+mT3NJCSV7tioJHRGz5AJu6Bje/FzoZcRjMnqJ+5no+aD+rWfA4vMrXkczkD0RFQPNsZagLwbh9vrkgA9oyHnY8gLOVEGv+Cqaevh+SQzpx3WvOVATXD+P+aEQ3XgggvBjB+zqMi7naOedsfWbYvF18w2iJGIS2T0pFcknZabLbrXmcwXUZT4U83Hzrq/HrWYJ73cjvge/BBAHoJ4yuVVtidECgb4Ed3NtWctrKqtK2Pjw1Ygn0zRFvIUnYG1xPiTFhqhtaK/lxjXLt0H0rkC/KBKiOvWeMmv+RJJMhXK8c75mZ8/N9HJQiI2gxkKHE3iiHjBwPp9nudTa8f6z7a9oZUjYzOmKCo4uloeA4ts8WYAOs/r0L0zSBFNvXZ3RlKm0YfHQq1kK6O7KqetZz36lCwbQwPyr/Px2WS0F8T8V8OxmfquE0pin0ROckYt4a2N17v+TIQkaf2rjIMqVpPqGsyrlLkw+xGyYL6CfeoSk5c4ikpCa67VBS7apPQS+vEcv0PuoHRcLg5Igej4T97kjZIIfqEzLQXhCZYpM1zanuASew2FETjGCVXd8vf1wkjPjZOr0/QfEfYJ1qmmSjECHQx+ZIdL2h+Dberd0Db9VsnEfkytz7VaarKmV5jhZTd9tEffibLhO650Cyu1XLVXXVr7Q6pu+ruS/um+QjhUZkmmEdP8Wfk0IC3LU5dTVmi7eH4pahcZpbS2HmPUoJ+Oll9tkRgZ/eRD+wPQ8LGKiyBrRj4E8Mr1ayU62ybnGSF4TtzulhSRawntVVp46wwtOH5IK3mm7MPGdj1OGvR9GtJZ7JsAAiskacKol9TshmweS8XnJRHpRAR27X7u5k/Pt8wqA8JeBexCO1buMqera+iuL7p32q/czVfYsSKgnslvyd6fydK1Ro62KW9jLOt1AUk1rn4Rl/yqlVbjyJG/FqfOAULYf0GjdDVw3n7If30N4JgD6KQ7smiK6UcI9xVdU+MIjVqtm7Sle1vBkJT/78tw6AXEsPRdHMtFAYrj111InfUy2dFmd8ayT4Xl/sy02+X6C4seF8QCmksau6TlpeQs4BGdp+GBRQcL8PsNVi1WVUi3TVPcMFtplGRuc4KOHNsPQ+kPJF3fslefSy37sY3watlPRNYgvWOW0KvImQvyFO0CfnLleV1OG6NALxPhi0ZrEWXdsHw1IEV7BeZZ6Hjh4Vu7g9e7tFGHSxx4NtwsKX0u4oQvYoW3hrdt6LANVT53kexeeeZayI0LJJOBJa2HkWHNXgq1bC2fu2PBpOrOfTU6XLOljvfVxJ6GM5xbzAIos/dTcvfOqqoDii/5bu/sKOHrNEqGYGsN8tlbv+cib8dPREVB/eM3p3KDHqMvrj+rAmvvyIo/5Gp1nJwTOuez0PkFNLhAnQZ+JPyWKj0bW/0aAsBKLtx6gRv1LfAbImdNQlb7mMSX2anwHPkeJO7cMfB8HqAqK6tCMoMOd36eTmvpCrZY4xJKDPT9Nm+z4KPyvvcACA9iZvlc4vOBnQ0BFk2DN8cqKqIa+OgGzJ000qaRrm1px1rSWx3JX5LT9ULYvxhFSTF7G+L8uTv+w6vDQnR4O4+C3cXHj14UaP/Lo1fKPTrfB/A07ErSi+GIJZLDBzRds2JP/+/vJ//e//eZkFnMZG2V3JQB0NPBHS1ceoOylkVvdseaDB/+aEdqCZjpnsa2VyESGgX22SBHikDyVkRFMsE7UoTedEa2oKxretmo0BfW1kxmJEsNhMsREpqpof33A3SEaszAXyh52n5sFQr0IkSTRtwfrly/SVQdPEu6XyKXAkUFWhcnDOa4RfvOgTswMn9qPitC6nrqIHJ03wMjHRLc10yVghvbNqTo2muyjWri1+TXXtc5hZaFKrsp2ZWyNNyX3M8nu1ZBDHMlGvvgvognAdQeSaCqxzKldmZh9hzn32qTrPs8w4Nkm1h/QFcaJ2bwQXwwz5IEQaonuWSNbe3WKlUavugjMyUnwNHT6qs4ORbrU551QBkk5Wi3Sq6M1NmA+LQNvR3qtDS/pFyLAPG0muRIxmZRVQwsrJvPtbRyrz6GSUvAqm+dyttXGvhhz0PltGsRFmpjhGyXDD+UDDViubz2U87gq6DirzGUY7GhGKhDBOx5TL37Rz4EzohkhFgkUpf0gUNS0tOlrVQbBgzrTIDoB54l87gykC4uKVQHWf84rBqouGPt11OSGkJa517/bfEaFDb/+g+O1GNDmfkZK6BcPozBRBGJCshJcKK4Ml4TSP32YeZWcO9nhHR0TtE7KlWtGnMxh0StN6RFVpz0mCPDHDr/62l2PCEUxmHdTZK6PHk5MgTRKCi7Yh/ZVUHW4txWpUTD8WXCtXQ0xDPM8q9KkTuapx3j/BKs/zZARRHKdnMV2YwbjiacdT+qWE5zWCqYMV/EJBpmY1WykKIPVlxZNmCwuQ+HujM1mS4OSlu5JEMjNSBJ8OjDZEaOVcPijdoviFKLkR0ec+2Es0p9pgSyugzf2RZc3U4m3igIsFQbQDHzznlIdJGJ7bROcnVlAkuYOY6fI0Y2AZJY+wq5AU4IGMhW4bYGS2xKmO96/1QY41Hu86luUUzEaJYHOtR5ijmhYhO+jo0teJu37kVnMFuqhLz5Y3QELmggB6ZQD6OPHv8w/ddfbZWxlThgatzcGjJxhkcEUTAZ0eAnjEDIqIXBGuqCYf3afY19lZLR/VywFi2csiWRVCUOt01B6dlDHVS4pxqShRJSVfkVhaErdVipzRVUGufAh2HVh7Te2lth+wVpa0iXlp4NHdCByIle+6q9DtNNJhG67jjgVT8gwthWQLhEWLmZaTd1pIvZDE9VGRISKgaKIamPEOfugtEGFRPueZ51hD7xJP2FSXkplFpzZRSCLYRHcd+y25wwRwzHFulzMTUG9xW+oXtSmQueLHE0tkwHqDofZbL7B+1rTRbss57F1leYJd4lhxfsvWf3hF7eyuOmtl+CwdBvY5SuZCoO8Mrix7ctFPiCgg5hcY16ShzhEqJVkDeMlXLJNR8OgK+lTB0F4AV5kWp87p+nw+rIOutZJEV6+0kJR+Zpi3deBaDoXTOiTEWg+ZcjfRZxbrXPjM7XemZ24oq5P3DAejL5vSAxwXR91NiepaOmYeTF1/v1LsZeMCyspW55zIaCDQK+Og3vOGgXWxQEL2GOaAMrW6pFymNmQYqdFVe/9Xd++95a6XmaoEAozMXTtHwEQhpmmPPtfzErIA0IXZKoZZ4R7cZgRtNYT1POe8mdEmhmm+Xr7sQM+Hw8/imsMCkFzWlyBBfD4fmZta1sA41OWfCqBxGDcarRw5Q+tbTVGHukt5RHV5VXlPvkHEiM2qchA8eqpb8giNFoVFp31lLu1CBJ7MkiEUXXF1dzKF6zxjWCoefTjJ1shyaAHdeStMomIdvQKuXKPBawNbmMnnWVp7CNIqE1R0atze3ee8ls4TfhopJn4D2gUU9uRBLFolh963Ct21VgCFJnvXhjlDEZHRDMSTj/80w6wnt2KkhX9csdBig03yiAmkn2YlicnrbYbNQORBRq4AAAkhebCqrZcy3lRFlGb/EdG1gd6vdknhJgfGlffeSIbSrU6UJnZWz08M6nCnQQBK21do8ZnaJmSgRN6/q64pOQ2BhqbcTW0f4Nkq9rKqiXrW2ntLwavGxDvHUoCEt59VvfTx9+1OF9RUAomhqnQ1PZEVNNDdKoyVQznHBntvpzwVnOhZzff3VRV66pw6zeZwTlOrKu4bD5HSiALYQdT30QEgka4bnb/OPgD2Oc/z0XaUJ56xGqZDRZgPkZmfXOeI+uMEpNstG21TCWW5p//cjhRtOWg6Gu0j5QDVhDIy6a73PZSRkqNaG5odh9I0AhjudcrJqLu7sNYiQFoKHxGzYvKV43NGn56xOzLXro1grKAhhegZFaBaSsi36g6Y3J0yrwarepu9gxXJ0XECIJHJloYBZxAZ0egODQ/Q3c/zNKik00ONUoYKrqomOzMyKA+nAmW54XYwH4hfxkAfyxKY95GDBhCQBVQx3NRkLh07fzUGEbvOqfOIiRPdXZ/18dv2pkVMgh4nWEDlUFgRGiP65xs3U+c0skNt0qtlEKJlSFHxMBwSLAZL0ttykh22g6p8rStpyzSY+l7dVWy5WqHKJb628GONFkprW726n+eR0f0MSwyJqD7a+82MlYtswuE3Inou/IrU4++WtDIiwsLJPkexL0BMua9oEm0JaB3s00TjowSHRLOJUyVoQuBA5JrjgRUrZodYxkkgXYRPBXUhLKdz0drAEeytow1K2MfUvnfdmrZ0j5ZDh9SUdQHJUE+qCEajJUNAGRBWjYkqbv2tozpDs4ZB/Fo7Xt2IocZXkTjoEr5KNJrgqSN3+P2+A3i476jWARumHbG7eIWGtFyu/bDaVZ79SwIkcxWQVGNUanMnemlP3TVnz2TrnNPG+uV896292d9Ml9anoZLOytAYH85Hs2PrqVileRogGba7cMkFoCxWqZOcIE+dXOknhohIidRJAxBNRu7z1+i1PpqWy6lXrfpFOay7W1v8jxoKhchAwjDhiYpB8xJnYlpEcxNkso3vn/GAoVlds7ykxMSMGB8RehvEeIsFOGDlJZ05Fclc6wMyIrfEx2xWYZpj02/gHg6aFGikJHOp2RCD6PZKHj5RmTtGfAgSr/ZwMdCDw+eYrktwKKRuZwFPQAlb6gjyR4yQ3DG65Yu88tOF/M//9z9a+PgdzpsFbEiuqrSmh1ZWcLmZgiO1G21MQOWAoUczI4i1lg6i0fV0UwFfQ9BEIf1wiW+uXZVBWf2IdKwrxGnm3/dPnJeIdav8YJ79qs3uqnOaY/5O8vStSNzkKobUSEb0j+7q7TF0kW7gE/9ugEvJrlV3OzFwTn5Qc2nmd/+xLxHvlIS0/Nhv62LjVhF8GWvtvbtnD272YoTpnNqfzwMTWOQ/zMzcJatYf0cVoxHyAOkgMlM2pwpnv4wnqXbIwsY/YcTM9BCvhp1ZMPLobPRXcCYAL6zp2dLR1o58MEwcJM9+NU5V46HR80S/Ly+mVRbrkrgZ1tMIV+5dY0CqGLGqbRF1H3K3TPiYGRp56izlmDW1hlJ1ZBHpadrsMUCtR/Ds0mRozHmcT1Q2ao58mxOQVtBQDTPyr2mZVIzYhWSXPEVf6xFQwqESgKKbaUtD7ogxowt2A/wl6io24pb4YZeyGZuXrWFgQFDwmlmlaib87u651x+fjDu5T7JmUnJ3tO2Wcs9UHxFuYPxvPBpSmd5TnOnHiZnSwym+XQppZP5KagCgmKGM7l5rJr0SypzrDDpVqBAkDQbts9tzzJUz+NMxF+mDgizHnYXjzMEffVX9napqz/ybDEmmRFx238zJa+s7nH0I5lrDufZbi8xT71xD43lAr5VX00CJXwBWd2d8uef0oNGJcPLPlc0Tv0a3qXSvI8JTq4iRFpqg5+KRp0vvVxyN6s0Ra+GktzoVGSmZ3Nnd8Q32POW4EA8kAmjp4QIi/ngMBuDOnO6lu4fkZig9ipBQYFdmKKweVAav4RtG23cOUvma69YEc1SbnoFxrSGAU1373UHviIDT6ZZRph6V1yHdGKF71sOIuw291oL2CUKOs1xrHalmKL3KAZgSwjajxDOQcZ6Y6GHQ7Wg7gTSO3mLCFghQs48R3+AAACAASURBVI2ZJXbMjp3tvDq+WhPnHCkvZSy7XpNSLm5w2Yy9q7aWqHI9zn13zuHA4OSFC1P6X7ji5zX+moGNlYi0hydT65DqnTjnX2YcbBjj36JTVyOVW7s8/Pr+hVtsV1U9z9N6HmED50IXe+oZmP16CUakt/dGNVtNYN9LqnNFr9wpSP/UAxM/R33YockLIQXQDRhJ8bZ+4mlGyGa8a2Spb+h15NR/KQr7l+UHsAahuEyRGFKkhxmz6heXwT16x5gW2tqyZgU0yUgLazjgDjDKgRevfUJjdGyHMT3wmZ6GfSNEdVbQVU5nyD3FcqKcx9F3Yy/AiD7fTwswF2VFvlbW1HUplxF/r/iWhV77eN0YDBja3nq0BvFayyxg6VD9lG0eTVVnBOPLzVTtkmOx4QHn7PRc3mtEPM9HF7yc2DkxIHQ4AFwXUQ1ydM84fB0n9O4WZU8w5DmXFRh5ibq+l6KFrlw9UT0zI+PYBoYiQ9wYW1V0E+MyuHrfsOtuio7qXpaVFnC6/NZ7JymlhZvjbjyfMz1bIO2YHxHL5W7fi3bPIewhwb3382gHUdWypuPftz87keOWAcwur7nGfXn9Op/TqqmywgAE7RGdHUoAb4SkBxUhK0L9yXOOwWtxQbwhYfBoroXHcp5wgEAxJDioZbVINwuYaocm+mg4+pNoSN430n2XEvru/Gmblt5o4ZMX1+w6B/zeshvP7aeOnBvEzNWuS0UaGG0EdDClKlZVYtsBkAtijD6+trEFpJp46P4uSBY6c105nSAL4kG7/9fVV0yvyTjuNVCx0sz3/i190V1icEuFzBri2h+9k6Buk3ZnZKjPTFKX6FijvBT178+fulEL3OjujJWZYEmxjWQT5xyk+iOTLXQ+xSbJCBVmHhkOvVd3U/kopolQxtAq7U9gNHInbC7tV9cASn4SQw1JC5CqZDM6TAtC1jTCN5tPnaCYk9laTJyQ/9OEXvJmI1rOpXTGb1tzGDib8uD+Nd/BUAfdxL3FTiyzUgmvzUVcDTZgrXW6JoR6e8MqvAKALO3nLqO9gjjrFAwGNJTqeRw592GIkoQ1ImbTTnuZVpNXDSPVAfPHMzPEZUTprd5n5UwaGnIcEr+1h7DQITLqcKFPrVwRnIHHFGzpts0fagrd7hZu0LOWkpl2jyBI7v0i5PbZRRQ6vMxEiZfeck5SV5mJoHlc4WMQ5H9HG40PrLUuB7aJmslvzCa0zlVPOE47kGkwwXPME4+IXM97/nxafOlUmav/3SpQPePHjUvxvv81OQLz2XSWsiwv7lc4eXAmNBNqhAOoVdExjpVpD6Gv/5PR7J/IGb7hSht6pwqnP29fG7GRd/HNmJhWoT3Bkf7SNyxIdZ7fs2nJRHFnacsAmVopMjjZTn5xDqJkxJS/qINRJafVwdzE43Y4VIZtpW9nyOEsLxE72uZVyqqRmUX9zJ7myH/LwU2bHFuLTbiKHQqSqhLxg0OqcRbor/t76u0uBbEbhZRfa1jxJAcZd7XmLfmuZz3bNSQiPGDQP94yOZYTREhH9P4Gtx+irUzJDYwOkpC3FtmN01oAerG8mJVF3uZlDaxheivsxEDey9EAJD785KN3TbJwSGh+M2hY3xpSONJ9/oAXFrqO6jH+4Jwk+7iy6u7MR//+Zh/VDxPB1K8F2s6mrVKHk5YsX9GEbd5dgoJkrym9NFmXgjR+fn6Vme8wMcg/VchShiRAmIw+R705JEwyCB6h0f9s1urkD7pbP6sDRi+7UlbSGPD+And+gSTZfX7VDkahwc9ECRMK66PKh8Gx9btEnmtA00H1FzGFvSq3Jv2q5GlqtFzZIsQxa0NDvNdKlwyA6i53CvWNPwNWac43MicYwt8Xy9ORhEXwZqHEcSkzIrXqej/5ehZJL5MdE2723ndeQDL/1//6fwipBE5E0Dd0ILbssr6Zrlr1Dq463cRBA3fQISiEvwzfsN06IT4dROOA5uqSUYQ0p/qcPkxZMpxYceoQCQQL2gloA6xFMqxCGIqD0m5Et651l5WobuErcqeKHwktagmcgEZ8Da+Y6XOe3i35P5ewffowEJnVHewMrnzO2fqKVdJ2SFBcZrclRKxYUB/Rhn6rdAm9CTFB87zvH+ll4cgIhJiSVdXN5/lI7vuUXGS/zQEiG2zW6cNq9nV5+r2uAmhY1UdrTQLKa3dXn05ts5KSGFWAA+fy+gTqYYoq3SqapcnVNit+6hvmKsLJ9Xk+3b3P3z1WJM25WmmSHTqGDnp1HL8XHVKvYlX1OZEZIQpktL4AbhwsomuftZbuk4TF9WO8NEEyYqj4M0IH68qh0exUaTapMLhLxzT4OJelRZSVAGwC3LIQH3kN1ZdfulzXKNsoVDUQsrCeNsls2XdviOkjuJitGWPt3XXCw8PtuJyWQqopXm+cVZirOpjtAL1aDFJWVWtld3HajMw4exPQzPWGCL28VzKIJJlNSlvvdFVv7wZ9geamlZplP3WICIa4L8E8vUU88ccYnlQgR27IBacs7+vHMErtLuRqZXzRauxtEBMjmJMEY0kDOl2xdYOejdXx2T67P59/4iWgdS6Aa1zPaNKas0SudF1RRdMULOU0dChqs8ydqgcwPmBV8LKRdAARa2WjI5ZW5zDPv7SCSlK4PPrs/azVmslTpN4gQjbCZWLzAet5niqb1UdSfKhzjlqM5GCjhDY8Cgc0FZqkFjnFYWQkWmP8cQz+FisVYMRSmYYGgo1Tuxs8daQQUdXwGQyQK58SjZ3Aj6ZK1U5v0bqRkKYzTdNLorcZoFlVNA641esxoKEjwjKjYkXfSNZ9EMpe5prpt2sAc0VaptIIjJL5+/6pFNMQvfamSNtVovqevRmR+SBCTafEfDVIeNbqxjnvQUU+CFYdiWgBaLC6gt11/ENxTNWK/KsKLVr1OW8RUb2BZiyKEQ+gQEq01FvGe79Av3W+fWBjMXXF2vsZjcB+NS9jrtXyUBmwA+xkoM3W+ekBMcy+ADTJCvJrM2gxFOFFlgF85MSglRePXMNhHLP8awrn3CZz5AHIOrjNEWPw1J79ygA5BRZLFKVQlNenggqvsJJmsJnMNlFJI/MDSvfcgqkrF6TlouWdQKEFKbtRqULDzij1HTN3j4mKQfww5UrGzsrIdstQW4iMCCJznfG7BhCZI7+b6Ho+nwjxBrJ3BfLJZ6lZ1f6WR/s6tEKHSX6V+j+fT1suaXWjtj1+GdRKs+Zc4SHi6eGhL1HUWUSP1JJK1YSUUZzdU1rnsEhI6Hk++RhrUgkLLzroRyGjC7nWqYpcd5JbWi2au7/Pe0quwqu70VVda6WJyd750eiiqvvs6kY+U5t9B2MX9GFE7L1V6ybX2W8H0j0VZ+MBAM4+qYYHlIupHO/hllvLakq6FqG7CsTdnQw71lwar3zevpivYIvo7lnBBCYG9rCVBSWRirddtWN8awDPcmraJoWwI48WjUDKS34ZiQ5ptpDUQgCDubRN69t+q02NP6vl7pF1BSWaycXId78AaF+3zggtyAz4ci7YSAYzzvsy2E3VP08u3Sb9D71yKDeLo/pN8zWAsppP+R/UER2qu98qjAkk7SRgO8evIMA+qO3VFpzb/BclHRGYW+yYhuFQATCZ+urS+l53CUWKagTEDBV3CmYKjlxnWcE8Ajw9qkFNoM/xmxVrj0MGIQn0Qd+hpgBtNbjdpiyphtHqX2vuOJGkYHEVnerIx1K5GUyh3tpuoQiV3afckOuV4VbaXXDaHy1QlXnn7N1DQnLS1gMuAM96lvf8ks0ViSoZpAN4j/3Y0tijl/+Odt1Ea2PPhK9rb5WxAjuq+3fgBFpikfK9OYfa/ZqbTOpoFCyRbtPgPt6fSGb48x/g5imLh0iAorTJOAO8tdaFIftU1RE0rA7aj2KgfHU0dY547pcVFEwUJPtJ+eiIVLGelihJ5rMeGuyGEazw7wUgwWEBHKd671O7Qt1rGaRDsMFqe/+q+1PlaV5py+GgJV5wzitk9QaziUjHZa2i03SaLcDNzGJNED865QZPpeub2UTGo0RKuvONofrZZZdZdfTqb40REUCsO/hkZM54LFbksj9EVdVZ6znnZDAjxA/lsPV7Nnsc4luIm7YMUXVswCgyp2pdVbCafoiCqscSGSZ8ELYxrytv3XWCIWKBtL+JsWWe2bApJrZhlwfM5f+hEVWjm18F7ap2aadTzusZq7VdN//+yLwXkeu52e+MTGU7wrThNsrvAapvw8uBpg3cOCls4RmGAYDMB4z3vN2SWjjaU2A3CdFltBshaSz1qpmrG7lkcfHK/MlQj0FVNJQHYz3P1ERquTRe2p6RGIQ031YbFt65HCArRItU49fYrzY01Ls7kjRONQ5a+2tnH2gt4WyCoywPh8OuHoPfsjIEXexBiZuqpY+pM717d1sMwN8xLHTcYJ3a5w9oItd6AF700NulX95Dd9fu3nUA0xPkM1R9qkU8fWsWgaWOkRGA7CLQXfRyiWaWC0Cf0u4j6ZMpd0kEGp35YBTJHGkRz7O6TlJEKtuGKXWv5+NF9JH6UXmmRm8Fu8tVRuCc3afROL1Be/6d/VadnufAGfBUbRL6dop+VXsUOUF5crT+ZM9PCKCCbDEhQBFwa+/Q4C2XV2mhPW+cY5QmMzPdmJA8fU5pQzoKB+hHdcDItyg+Y4ZY997p0No+04lOJzYhdEx+VGJPWowIVYchE0dM7Erh76WK9FmnauUCWDiSYCmPXntG+8KQ+OSqXYHotpb4NQTGbHBeyMfbzyiirQKcjJVh2WBnebHlnOgAjEBxtx37fPvk9C7hdMnZMaAtpzB6Jk/ZEdSos7duR4CNI6Rg1wt0cqFxjCvWjXhKyxwlFQDNzpVd9Tz/bPHnHbU1DFeIfaRIp10N7d5M76lUXpPuJMTJb6Qapj+sUSyCiNI6ujszCkUdD8/JkkR1pwgZwdnuSqB3bU1xuq3cK7Z9mqKHuYY5NFZTpiLdNZ8Ss03fixGpst+b6+7vHHv0+s45Edj7tam44uTeaT1k7SdNyQfsdxfavcCy9lT1ObW1wfAVayU9o/ahqXqeBzPRMhNEdA/0QXexmiEDacKOLw793Rp4igrUzfjKqImqM0Wz6zP9Z+nY6D6jAVP6ijQudglgdSryIQ2L60NmWqCTM2Wa1ea4IVnVggqPGfNQr1C9Q5thkaj/1tRNKbBngGx9QDPIYlEr6RpeTLt4XyF+oIdIykShbT3XBiV/tNvq1DnvDJAN96+lS9j7/DUKhbWWWBXVZzEyc++tWWXmqvr/uHrbLUmSHTcQIM2ztc8rzWj3zdUZRmJ/gPTIqzpz7qnprq6McDfjBwiAsyzL4PggicGfPZecA2BWy3Wg6WUyvi/IhRqWeL6MSKdSoyHqYVpJ678cO7/9/f1k5nmed9rh1aWlyswuRJyIdC1FEn/YWC6Y9i2PV2AM8RR74ScsZubOriP4Hb8bjDjndFVDuTJwhwh/wYKwfKsX6ETjyTMtyggSOetM9ozlsm+0TEAMj6/sJ74Zcbi3WFYLAMneR9NAOkDbYdkfPkZqN0/bes/YPmq3wXhytMCE/6t9LOccnwFLtVwMWU2jamJUCP7DhkveQe77abHNebUNOsYjOFxitgvBehub91LPX465RM6mHo5OzDKQfXKswV4Oo6aCi3chUiDO7COJP/z9l1XkCDBJLkb8hW2SEWF221ujGL68t6z45nAhT3ebunvyqXW0H2x6E/ycQ3t4ZbbF4EuTt6pmcupQjqYujjibcC30zTipN2vFxh+vvsA2hO+7mMBimgDeNgcj1OV2uTH5FUOK8VDTBF5DY/USTF6v4fV+lZDx5IlPf4Bhoe6E4++2HoeIPSqAZOJhkNGjGZ0bawpVxjvPdilokFEvpYVDyhhbjFhnHq5PhZ+lX6hH9bGd0Isd5HiaDSjd3XaQm2MsCXhOqndp/R4zH1S3D+d85XFvJGwI3gLdiIjznOrWOH7uJKw7zgHQVXlODakPniB+eqahLll+ziNpONTLi3WTOZQlgoxSV3dmEKhqtTLzeQ6AFp5zbtc7n8OAw9DqRvnHq9ExOuAhykgQlxoPALN0TuD7OvZYLA1knnN3L5XR3EEXEkP0nrjBGD9A62Dqzm/WPdZR86143rOx2r7hRX3fhXOoYyC9I45vyPHvY26xT7/l2DHpYy8j+r3IJghTdflnEaW/V+asHzRH2INGt88ewOT6pfg3Axn7PX7ZQJyUJA1tE2BOYHfrEmt/3ypLiHOJJGdKt4/TjU/U+vQ5F7hksotNkCMp8uy3/6yRfI8zd89WLD4oyVolTpob4alHI72TktmjsNKBzaQTu4CRwpCvYi+0ajCAWt69MIuXSHofxuEPEedJLoiTkeq6VX9YzN96L74K6NEoOOP0H19d7/moe/MsVRmThvyZPezRd1VARLBaop78Q6tfaqrv9cxIVsYR4RVKzkd1dofW/fy+dbn2oDv2nr+B/c8vcouvOZUDAAHWQ/KW//7xocbkSbn90HoNSxpG8zup2utcvxUkoqalBfgn+Ro36e7nJ5easHf5DwtMEsc8xzdRJii40foqLP3Th883LgERodlJw4gssVq5xcZ3DEB3pKMHdWOWjIhUNfBtjO/9WEkQORZqWgaOs9L7SxLQy6eJgVwp7lD5lb75j/IPp35jVPyt2OezSSdD78/t71ktLbBirGxfd3cBAWHN5dlfEQyco9+8A6AmN/3tyMI5z7mP++ff//W5JSl2RkDfeYB2AuHetqrUyMyTSfLW58161dfMNY+X/ByCYSWNJRHMKOj3fnxC2PvQOGVevLLU13sQ3/jlaJB5aLubVbydc0ZPrM7MZMj1p4Y9DeDdDATaES6nIg0SqCob/ckWc64kdz8c6UEqznPe52ZbYZv1e4fKPjRoGevOSnjbTHno4tSqdxke34p0zf3e07ggy5y1yXWmleOldwS3goXY0ufzC0RGALEroPpNYT51Vne5bvTQZYVzEGDgIBjlaeKfNlw+29Db5bkUipif1S/rxX39sHpdM8thH/ZWDXhklZG3L4PB6K674bq6p4fAjGYBzzKGw43tX/xP+N1P/gz4nqkVVWZmprWYQ1CQ5OFx3etorG8Ltpz6vVu2+cL0Na4fyJcdjIEmYkl47n1kThDR3XNm8mFEofMcdG24k3sE7SaGiJErzbzyJZ/u//rjeYvvi6JMviaa6sGa00k5ZkmPpwHrY7Jbsmy9Rb5TbLSQEUxLi3y8B+OOiBkMuAvIsLN5fld9Osnec47hnjMbKcCYNRK2OdL4ao2OKjPt1vVajvyJVNldoNvhr3n6FlT1RfeSUD/5Y8IyaVWoIiLyxHKW3/c10Q/2ySgK/qZOCBknIsThSmZmnu8Z9la5fMH9iFGBr2D0zbZb9/omx3PO2N9FIl5Fkb9sxxClwuPet3LNHBMqDzFz17BtUPrlGE05GFOB61Uia3vgl3vOef0kXDw8z+NO0MpRL4XefucLTbyP7q2advbkaYjzzozfsAfMKFOvsto/McY1k7Th8H4GSbfbcvzMMTacwQa+nhDLFrXTQ+XQ1VtjLOPo6qp4KjajLpZHm1cnwSsxHIVJK3uGWuefVW1ba0FTNauHF7uZbtiB997eBt91O9LJd27N9EdbIpY6ngO+7UTH4qvvB45xpxkksKr+eX781OoaXC59HR3GFZtk5pkIsU3SMvHnZ725+y0nNgLkW8j5bbqVfp7HCsXuJhXxfCtGEPsdM1IAAuccivfec3ITgX/8oDi7B47vk7ldjJmLcLwowjmRtjF/H8v0R/FnoaCnGTuoJoWOTOMV3BuVh4SjaJqke87xHSRR9lDlZDptN/Qmmm98Gy7AsBH2mqfnJWnLSu+EmAFAmc+pURYOpRXjKmEEhrc7gliwL2LY58+T89OAquv6turmORE8ax0W1jrIk0y9h02LOr6v7K0KHHWn3baK1E/bsTG+nJupFXdYAsC18fM8u0xlbgEGTjHW5+cfb7XmP/zz81NV+b//9//unk66RhDBzKzhg0vqiYRy3uU5DzMBxjQzLgg8UGlJ60i49sHk77V8rxPeT1CoToZnYncWsQbEJw8wK6do/ctSfCJ44rTkbG2v26Feru02Gf9+rkCpIoMc+Uqs2KclSxsw0L+ZOxzHWWK6zXfv5VRdC8HY2x8QMG4GWwn0FYSGqj775qLtmfc28MA///zzuf+2Qf2IewWOm+deLXXdQNTdVSHj/+g5rZ1vW1gPB68nF55zBviD8Ro+gz/O0fTjWi9sRqQKQXZdb7zwBkLM22y3E8YEzRB/U117qhLHBRwZIgRaxwQ1wfv5eLi3TyAk2tLXmN4kY/DzuXYbx+b+7tlkAI6To7X0AAtlhZQTOYD/8Hv1X34t6w6A5gHNxQNjZx6rMp8uSO98aQafJEMlC+G725tSvUySMSb+pK0SZzI/IwcO6dW52+NfSHYZ9nqZPMffz58coKo5w/yJ0yDvvZnPGrAToBrTkCwU6JciYLbM0+tnDTMh8nFH6zAJ7pQS8t08mS0xjv+tj8uLRonwNjNzW6pbqFK5bsnZ/+PV0NWarcKq2ZKNnX5HRtuWUuwWTYePANvmk1jVxUiRptVynTHPSVIwklkorax0ApyA1ol0xdBv/ThPs/1dTCjjsq0dB8mY0x7R4hQlKzu9u95zy51ZEgi5+GqjSvoKCdOf6pzHPpXV1QuHC8PCJ0jEyUdi5mkPqWsY2UFmZF2jPDr5w1ktPd+Fq3OaMW0GRQnmeGY+VW7ehKDQyYRQ6pilVYS157leRpwEs/YOM0shge4Ymjm6bhAe4PVsi/G5ATBmBftmDFoFofPz3Huhvt6OEjTsvr5rk/xOHnvVkDQ/vyVnlinl5wN5osPP56MZuiDHq0YLm66YHbofU3kYcc55YgyReiZtNSnZsxMXRscrGUalG2T6yYODQg4W3ABQZgnoe04GXx7Wie+RuWZJEhmlW4VJoN3JQ3ofgXeoys18rG+G5e0EMqc+9bd1UWgyP4b8zuWjvbDvdIpBlYlpzW3jdyO3Z8NAtSLiybShp8+GuwWCPSZm8pgEMxydRvEdmvqFql9ENRaPmyPl8/G5txuZJ84JzgeYpRpAxKjKxmhBWxcSICjUHaWqQIqqSezjy7FOWbYujCQk9CBV/sO20LOStyGp7v2sDeMOjYnq++lb6oa3NcKyAPNuZg/TJEG2EIzMA2vU/BZa9EACs2mnb8XynrrxW5+ktbfDvfUdnF5NHnqh750yqzvjUPz9/USkaM2WANRY4CoQEzptem736+6rznnvKVknFK3GJK7hpk7alQmV6wCwlmXP+RmjlHExgSMMJn0XIFV19ZTWZ0oRAKquGlLnyzaKtGwr2qViiVAyhK66zkcMvZKm+JMUv1kwZHgxM7lma+HVoBPko8vIcnj+kidvfRS0AsB/X48GRgBvXQRbtP4dA9VNgp7kKzIJYvneiwio0G13ZtNWuru5PrOE6JMdvXI5afeK9QSorQc6vAAj1yeBdBUyxxSjyN5OCRM3RYCFzucYjP79/RdAEJEDYgbDh8ch8kUZHOKqykITSwNjCb/VFa+Nhr8gJN0Idt2dLmQDpFnPdk78DhEdAAHU6tOx60BcD8D7YNYphUjvvPl5fjiC9FPV9/6qazGbwPfQzvuc4Y8PnHqn1X5VmSdH8Uz5TLvejzwTb4TcXXTz4J1RhFEL2CvVueorvkDkVFRWWuc5VX230gzQSxROnhGe9yXgZMEJ0tzJ6xST3wOP+dfG0JptEuBG2iYxroWzUlJvq7+c+iHXm0DJOQZqtTBmPgNlmQCM0OzVBPWdu1uH/G/9Ssp4EqGqx/ZHC9N0lTlu53l8RCkEY+tPd7wPA1VLiQISDLDRodk6DtkyqCPiOYe70PUZv9yvMjXzsf4n1yX8HZb7Y3f3k09GmnUrsy6Y1aUgKKixu6YLsn4WTbPgmSkQ1qzYz9CVjEGnVf55+vjCkbPlYroCDAC6SGvbs17dqknBrq/MCSnriUnwyeNMCMm7CdtM6t1IT/LeT9W1+jmCmb5B6fv4+fxCyhfUBl6VD0EMZ/PF7Iak4q6q7z15TO+bPtosKIvqiMI0GgYeDVh4uPLzPOcwptzqf+/n5+cfzISs6F1ci3j6AXpw2F62NAISyFsDjSKq8iQGqoPzGqU8D6CMzEM7sQDsW16oapXwVG6tcw7HImkWjVQVYzZ8FjqtdhrmRoDwDoO3XaJH7GvYkkgYZM+0+aoERpqV3JOsB7mQFDwAu6uqvFMEIBGZT8nKIeQJxQC7aN66Zv06nUnoVuQTOUM9GBpcJ97B/2Z64uDouNWqzlgVYM5foNdT17tSBgYRyauyTCFPxAkQv5/f+w7S7M2NeM7pW2o/hryf36o7sTnSOrnIwBr+mNaZAz4ayEMTTge2C8kFFqtvWxTiNg2gTFmQI97znMhT3pL3FZqEd6Qb3Ofwhaf7jkg17qdji10TxW7dc07QwlaJMJP1eZ5zTt+OjDW0cFOjyRSDXyjXwtSJlZusR5XialmmQikiQVTXEEkdtQK28xdfOJkhBPnPz7NTSJqDHxEe2zdKHCGmr6rJNi2vb4HRj3yO3wIV5zxt6k9TXaN2artFldRiClRXr8mtw13yqOEFHk4ugKz8cBlTVblChIjoGdqZOhYAhaouc7Rb3V0GMbzH69PX1nsR9sZuI2L+w+ZdOiCrZ4wU9ggxWe1ta9uzJbbFsi6EkpCtKbqlQPSc4uhZ4DeB+tavJAupTd8+P5m+46g40SqMy+yYBvfKp1sC+rc+CFTdqhsvIdtFyQSf0XCcOJol6jT2ffIwTlVZw4Hhoeh5DgysIZgnjsns7NGTOzC2C9zR4E495tJzgCzORIyqO0Q3qaE8Z5txzxwUYPUlvY9WhteqO/LpO8ioHBLJc37IaMn3/Z1sXeuE6oOluDFgQ5wIvjLlzAietrDAGMA5BnVNuTa4Oyrtt2P0ydmuzgAAIABJREFUAsC1NlqKcJg7yDzm14qIjKFnqd2pDMnNxeqSgN0UuXiONaDyGEZt3cyZnU+j8Ii3WHOLnXFi8Yp768nse9GKlQtHxFutQbZ3U1X79UnCNBHWkUBq8/6xY1QAa5qHpTpNwLebBWlrNZL0k3fnnmlTuIil50rlwYl2XO2o9Tz/APRiS39xCfeWR0cWsOV//df/0hBzhjdkdoDv25rP4C1MlxE8KJgpJ0M/xbBiMTyRP8up6aUdTA6virbCgCLi5ANuMoRJPtuESD+mcnMmP68FG/5wA/WK97yjBMhJHvGOT4BpEWM24w6ZhTs06x5jR8N2RILSHw7RFqZz4M45J2Nb8Vl4MiCXkOf0n56cMQ0Gg1UzbzdjSBJhXUK0FRUYdpIhpExU3ZMZDC8wbn0HSq5cjwtVD23NS2LQDJdF/GZWvDucKTyZde9Ifj28GtHrtyD2Kxn3EjP4jAsiWj0u0jG/egwKpD/0akm/v78/z0+7htt1xD+Z9UVvIzw/LQ0ZYYCe8dl3OQIjzp7eQ+6oey2zurd1dCVl7cjwQ1PS/dyM/NwbMwn8z3YtXrxgV2WYbJLDMvAygx332XnZLwXaje1bng6S4r5dWy6ne5IdMz/utQbMhX3sX+qT54HaoGi5p4tOA7t7Y+ZATlAD37OB1Ru9DC/j5hHxXrgBgwe3NNzA719r9Axrkb8jO6k9GTZXYumTERF2zfnUxXf6jV28HbHiQayfnbMCBLdPQ4N0R9WeupWT647cl9u1uPN7Q0160HrSbfcb7tQdlGepGna0Dtx73dIACObuApleFGuz5p9lZtbPeSDPVEUM/VBTW89ekzVKnW4285EL9+Meb1OIQ3yPuUpEuCMwAAoMiOxOwCcNf+bP85EkvFawESLznKlfY07pvffuAhVDmL5EmgD5prRJqhEBOg5crCPtsC8mTn4nOSaxoqE36g1NXJlnb7GngMdFPg1K0cu+ys/feKhr1jYjm8wVMLp0qFlmVbEv3rtkfCoU1jDHLk3H+/y7+3bZWRgYhubJnxkEvsN8I0ITQqa5co5zF92NTHOLzE2xx71e9nrbv3Vb4Rg+poZuxm7vbvUBk4ZYwyDhHfL55EKZaqjsHiKTfTLAqrFenRal56NmDkaAFd17Iu7TGKDBJD+qjPQDUisYeU4Q0DTS2yAN88XfyxftpWTOpOHFB/FGFEiyr+twMIdHI0lh6W5HnFwnXKxwatrX96fEO87xwVh08H1fyyh61dyy3y6XdQJYKeyj2FPuz2YC8ygTdEjPAcXWS93n3BvFc4zv5tX7LnjJ52DKnKKF215iRxV6Wa5T8+QkbJLnnPNMxcL41iRCkvBSmYzP5zNNAr67ZzzOjhNGcnIHOT1mOJxX0ZV5HMpfL9Qp/6ej0FukviELGI+g77xZKjWDO0/9WlKMeaCG5Qogc5a+cNlJLlI9ZvPf6VG/B8QBYEC3dJsEvFIDLdefETHGlVR3n0wzy04mqHvvuqkNTf55HgmDlWzK1ztG4lDzaLBzCaFOviT1Z6NDjANpvBA8poMMdzhYyBXb7hi+eRuVZu/fFaW2PQgIlGKVuP0u64ZXyiJWX2Jc5mX35y5m2Ku3lcCiqFh7THnS6eaNePIci1pcSvU3T20tIYPmrou+1YuECb/9f9utLBtmfrTIDE61Wfvpptp5o6J/jGlfsbTK/S6+O24i3J6Yyav2mmKpJC5IkZmmIftbzG8w1MSXOeORA5Lj4D+8je+mgbm8CMIKPGDTZP9VXS9/8NjdzgAfZkfpe98XsQXXdDQZ55x3yxTJqmZwxEnGTsg4cehr/goov6H1+8ZHtSgBEbZvpSNARHR5ISExzjYgX/nsC5e8mVfE+D/sFV49llUvC3quO/8os2cckPN3ZoRldg6S9n9/L7L/E8AdqaZUtg2sG4NleZPrTblTLP8vpvjfO+LotJ3mP//881aYAO79SKq1DnAa6mXCYiNhrAd35jmPG5MBhmiliADEGZ+67044yMYybdFzRBTGDGrKswXKsYaB2HqJW9Pqpbxss/A8T+z58Q3y9z3xTARzE7eJkiQDzixY97nnPFr4/xmVFRv9Ls6J1Z9Jf/qsjSHvvTMuLyz8Kh33EcNWkaQuRBJqczIcNCLC7MvYHD2NYhoK7ztUU8OsBcCdiWvXO8REU/VPtxg8ZyocE4k2nmDu0R7dM6IxU5bhvALXnANdHVMJC/0OJk2QXGrF1h55fNUDIFFW0sQMpYzRvWebc6Ns5qB776oiMBeKEOTA+/l8MvLZmW6ex5IIY9YRswwADm5o7hmeV4Y5iplnSA6L4cQ6NIytefhc1TmHyLdv6rEMmvs4mQuiIuKYzBQzgspcxY/ZwcNaE7ZIFslIr0iPsMMAxwwkM9M7LerOqrZVuk80nW6p3Qf5fu3diUY/T1qCTDuh2VZRs1YWUtnSJ6yXfdOfsfvIGJeF7zkP9yCjh3Zkxa5Mn5oBighz7M5zJGaEmZCOZLObDoCQ5zjqZEYLuV9T0irIfQvOAo9TwFc1Zv3MSiu2ZrZoYxLrTJjXLFEF4CcfK5m629hdS607kTxZqpPJVln1aObNyT8nvAE8HsP4A/Ts8MBUShOGI+gr+eIYjc6IsQaVv6iDCX004jmx1EAun+nnn3+4AJdv+jtRnnrMWSyoEZE79c8MKSICvPd690+vjo0RU2loUJQ3AsMfkjGzW1+JZbP1sAg64xgGEpAZQ7mOGcu8dYsr2czM52wbbr8No6W7I3d3v/i/TQ9GwK4SlBFoG2sPuB9j6rUCaHrTT7xV6FA563a3Q9uOdgyMTHGAMGfRk1E3RLMDY4qHBdl9y/y+NtfUNhc9pIOYg+qLOp2XW5neEiQiPQt8zQYYQ61Tr1nIuLCQ1rJ8u8gYqIp/e70Yy3270cYgcvtP3tMCIscgiK8XAZYRS37XUA9RaV2ASJo23tVVFZ6R4z9igaSZwU8NsoVeRLwbKQCwz0lzcea/9Vx2Z4AYQ7mpAxzqjJSOkf6yTLrbetCqslbAX0iLz2fmSJ6C1o9idAzfDTQbjeds7MPvyTKDe0e8+2498G5twPlO9ye3V238n1/5Z8/H24/4ttrtDV5697/++78tu3nXAptbMR9UyPNEmJfjiEhIVZ+q21XuDicoQxDykIwyWYH02gGo09KJF/WwNlNu22OxUhdSkeeHVERgTKBmv2WvqSX+nAO8H2JOO55zRkD0UmvBQjnvqPcfhyd2Ll8ewDgn9ui3JATFWcKNPyBansjMd+aDURmHgVeTlF1E+n39+/m1B5Casm/5ie4WKY/BIqoV9MabxGiZ3ViC5Odzjdb2Hef9t/FzNfm516yHn59HXpW2G42A4XdDhqXU92bGOeEuPSI+u3BS3gAuP6q2RN0VRznwKVYEYlrBBDg1QXO5LTbAOT8ReVVx0tL1OTOeBAzV1qQY/20UtNatIbULIw26KmssSCKc9GSWqw2qaRuOYYl6rivDRp+u6o44tQuFnny4RTN3TOQ8Q1PqBS0t4nmez/UiymNcqG53dRdmi/oJTosik+XWn5EwnB08O5zLiDzOYuxudRE6TAGGYj3pnYA7yJ7s2Rb2DdPcULsEQgQ74qvEd+lgSnCM0GcCGUe6Re/h8Fc2QxbrhCj4RwhU1e31lmEGFc/5yZOuCN9xSIAQM461uxHZYKO7yjZntKwPYT+1OA8jclgbpN2ZN9nYkbNQ1bVKVa/IezLP595WmcAwQ6ZFy6Tm2Ix0hvUrplk0nPaQEro+UJtJcU4YhTjnGEuwy+YkoVIwml19Taogz3Oeuh9AO6bIYErW3xnj656FV4IqzuRaWAqA6O6P3c/kFVhhUBuYXRH3XkAnfxBB2qOzIiY3A/jUdRViJiAiwZnAE9HVjuSeSINo6cljAuDJyHy6JfR3gDEwNUFywDgBKvvJTrY22BFr8YzMJyJHW+AiyRCAgSM1ia6uWxkZmVbwMGlaMYh7f0nkSWF3mXRX68SxkXev67QZdj/P43IBwDk/vmoRMRsyvP8c+NzrtwOy1R4ATwNf19q4GARHy106EsBQj7heoUhbeS5hGckI19ldTi86J55zqhshv0YBmVmj9MWnrpuG7kYjIhPMkxOoFGd27dRcbTTJ339/6Se/E7SIqM+9XXc5QV7Cob3X6hkOuTig2l4peJcAI04eCc/zQ0NmKpO3uG2yVeRjheTRJgwjxVvGzd6F12EQMCNebBMgt9fKAD63Fg0RAK+72FFUP5kaCwTT/SB0bKFvEFOSzStHrciwrUaPoEct9HLN1BXBc55Sy6tlugfx8o/sW7PPyQCczFDubjBNNJZg68/IRDCEc455o10X6q7qqnMyLAYHwC7baquJBHbuI+U5bpszDqc6hNVLdmA78eNuyzy8cGiGhi/f/fP8OKqf57SrK7XD/vpZg7PyA1tWMjPpiyx0FUMWjAOxHGdmBGMWyeyM6o+DBMeqJdK24Haq3HLfpxU7Atf4LAfJTAHVYiQtS+8B9Uy8Msoz1XMEoE/dEyczbn0sanmhfJsmdSniZM4hHM7pHviTjwSwI4/j25NJIAivKWJEUJF0eLz344Cm6jEY9hie58T5/fz6OcfiYtSwayV96nosn5kcxvR5W1bnRNlrJay4mBW6b+26MNbQIwY1iCnrLXqbJod4l5rOzgyzsSI1BLQZpJHspQMo+ORxvTcvBWi7SC84u/xoTdzeBmVsYRAml0WEfX7darkX2F7OGW3i9sljA7zz/EQcx3YyMfRTdHceO/ZWTKQQyRM8sfdUGt82IRBqOR5KfdeBBzOuaxJ5foL5Tl+ceiPzHVrnMHlrSOHqpBezYEkhCtLL9DxwgiA1FD2yFL3xkW9f45diNqkB/LY+5gtQWhG5r1rr/BBWk5T0uYUZ7zlow3TjlkLc97tv38kVUHeOPGCq18aSITwRRMxAf3QVMIdCGDFcZMY5rg/J2eoUi6fLeUD+kfTv3eVL6prIw0yaEuYaLm1SYvaF7ufjPPJkmEHvqqDJEznDS98Fr9mVoH7yUKDiyWeslQbKR3sO4VhLEmHGnIhulF06NXXp/D+7u+X8PD/n8XOLYM++BEvapo80tMExQCMZyZxVuJqVZlLf29ao/f77i8hWq/rdf0bi5zxSq23U5pMm75vAMLXDuH1mekNPlcwaJsA4QzSW12vBf9LMdM7oNyMiDquvvdXfjngwNU1GxnQBs5DmdnVZW+cgEwJb7fzb3eUyWp27EG9QBpeWXRm0kjtpTK3Njqj6GETpMl8kz3nODCFsynSkrgVAZE6Vh0wUeSBCYZ/w9//mD0QIDuMB4PP5QErXvXLPNTKKDKjLznua/Qu1cwWWpU4mWOXX195KmsC7t4OHZzpLUxh37mWfMSzzW0KpBYEdyarOzGOW6F6/IJ+TVffn5/GUcTp3DAbNRPW9n4/U1m/5f9fkB0LrXTkgsS1UGcaP18eC0V2KGcr68x3La7oAAw1Eb1rZcmhMNdmY/ZGepODTt6E43nnTJH7rgmROass8IgX+TE2CJ0/dTwA5eeq6WY+Iup+6nzjPFAzHhhd97zBzY7YbvqbCE88xJMJ4Yvrnlmhx4WqA5DRJnifdr45gX1CIkXWLYHd5CZAr7WDU/RjW2nH8We6zHI+uGlKeM6edIOP3Xu4UdVjsEVJ5d0IwCdwZ6s94KyOZp+x0MdFuSoWpmjKlEvg8T56MtTIm43l+nGLPeVwU2a0/BkAMJD/3eudc2ppK9i1ARnDBx6q6o8lWd71Uo+d5gEgmIWvuasLyGOG6zIbdUGdxumZqhbXq9z67MZcfwqV3bt17XTH+3t/IOHHu56qv2jzFsHSGGHUawV3h5oQX6FbrZD7Po0UFLS8kvR7VdAd6K0KedJ2Tz4+8MYkBVZD/45//4VimNQOQOEtkZx3FoK6ZNmsBAMs3wRbU6qXVzxzx5FGp+0ZGwMnMl7YJvLJtrtHiKiwjAurGkNA5PQLDfn2SDDPFHKFjAO2cU/d21cmfk2fltkNuM9JyMku1NPamFMECksEV+ZHf9WBbYliv6UHm68ZMgLcmon4RdsxB9rt2Aytv+s0otHYd2XBZGyePRrddLyp1YnYdVZU3jJYlO+C9r/9DMBJBQUY81BqHIgzITu/NysxzIE5JPK2dpsf508NO2EZnxr3FPRIRXysFs48AvNN3Dx1VTWCUSeG8aWVDgCjDoAiAr/ufebOAmHTdmY6kQqlADs7GbnnfBh5bUpuSMuSbBqYQcnyAnC48fPqgsb5bjIhjkoFqlRa8r/T/S0SeAy91plm/kyDuvZrVLP083ihWPZPIwqtTNGODylgAMchg/s//9T9JCr1lhKqHHf8WtfPD3FiNgeCg51+GaKihwbu8NkvTR5ubT4xPk6QncsBTk4AYXYUutWySWy2z8X0uDcQDenJ8wV5OjeGzVx6CZXFOnwwvaRTJW3ebQPifOJAtxdnTvMncMcpcSfVyQg1ymRnRqiEXDFtkwASu686dQq2f83g4M3+y+t4bMSn/WKY0JFm2lHEAhamU6iDvrenqB7lTMiLz1pjBnHMGGFrHw4h41uRO3R4mUzA2ETtL534Fv3p3BeccD12I8aQjGUB1J3h7LBYHPAXNOcXMZzg+eidamg31ywyVZqmODIcF1e0Vyns8eE4ycLgk8rFgm7rZ+Wx+T1gorVrfJ9JXgjOmM/ozzMgYPHRAUjXuvWaOWxEc60Tm59xQmmq6bjmx8tv7+WiGDeNoj7kcg1Y4/ZhTMHR7zkhmfAzai+np57sQD7rr55//x9Hf3KucH3FbTT4ZOdylmVu8H+0lVeWXe9jizt4GSF1uV6tdoPTivANaLcsgmOeksYpgZiaC55zxoV7r06qa0IOXp5x234MDy2qrqw3dm9Eczznqvtcs8mEmYqegw155twBl+ud+PjciLOE/cVwn5y5Js6J/gZL52r6awAjkg3nOWHvlOeNWOWS3+0ItrtUGCGAvg8NnKVxW/oEbQtiwGSmVpOcnp+nOCM77dX9et4EvA06j//CUrr9RxaO6CPtp6u0gAWb07C1cvdG6TkeEvQJ7fD5MHLbhW9aEwfGvm/cb2d1eBGfI0JxQ7hrDzDxe2rms9heF9JnR7N0LvJ9wCUTSH6ojBEZVGe+Th7vLxPfP/ZZisAo9AR0v/tmdqC5BepLrYGScBYDKhSQyHzNfTmS3cou2F1FwK6WZO/jZ2wCt6haAPF+f3NK128m7jTwin5+hD1b3/dyIpBflAfWKHDEMstwwZU5H3TuXIV3k1cu/NkPknJ06/aEkDyk+zfLmvTf/uLGT/Lq6peGWFeE5UceDLwYh0muWI8aa08tpXspJb8PpciQz82UY5W4msKx4YDU3BkmrOf03wALMTMxiYUY+91ZmZoZ6Nv3Ox5WF2HhP+xQZg/FFxFQ5PopciWj3mlTsLUjD/3S276pRhjogS+K4Szd2hfvb63IE9RHjU0y0bv0GcM2UlM7rFI+tzfsLIHYXYxiy5jedczLPvZ/11Ip7dz/hLH+b3l+Lwnuw+vPz42cSu5Hdk53r9hiAFGcH2Jbrqft2LkY0fbUUCN9BjfJmEke+etMlBcfyW/1UZ1etmcS+4HMLDATYvAhvHHD08T/3HXcd1TXrwuIP7wZskmUHfzICXe2p2OzXSdbnhqPQQi3+zFWl9RV9nsd+zTNV0XfQ25phkiCuQDP3N1yO9htnShOL7Brkd0Qn8uDzPH7altLNHHcTD0mbEGL68SZD+xfOffSjBrgr5f+9n28Fsr9MWAqwMJsi/e81fz2A0S1NfoiXcEjN3q8Z1NW9G7ji1orGtAXVlllu9gB0IyJyz5VP+Ma0b5Dn/tLUhG4ktCjK2BkaK//5+cGW3V07RSC8fKv7vinDjd0Mt0adOZ82x1hcmekW6DzHP5ar9sDOFV7+kqRzHs3ikOFUaqEs7UzIsTqGYTokynyebYkmyrn29UDeOdSKJOmb9WIZ69+0uKYEA0a7Uf86zr3lhMGL7x2c5+wI5cSKYTVOwJgXQquuPeyf6nQG/3aKrxFpAdama3VCjqvfkznVu3nZBhT0BgeAwYyMoRsDrU7Gvn4RMMPUMdDfzjK10kzRAcw+gzE0mxvtzuKNJzZHeq/fa2bofod2LI6v6g7A8zwzenTTZNm+mTrlv2s41Hp7W5lsMWeGZF/jF6qqrnaTz2UFDhgxSUYaqyLNWJ1cUssA91bDTC+5XNT37pzzAFNXvCfmHfd6H9i9JdFs5WDc+h3a95+LrKUfvj/LX1gzTbP1SsQyXjfXe3+Ph3ZT6N76NajnqnX3bcyugqpa5eK8zrTN3XCjaE2Pn6Ff9mxi/8PGfUuIxx56APvLiJyi15gDwwve3mviX7f6OcdjIdcnpp5wRr/TC0zXMImg329qv9AI2kftLb8BMHaQORdwbrQf2loY+enrnPM8Z9QbWzv5hA+Oub/jZsYzjt6O4zKL9g2gHpBg55SmPJc6wdlKHVFqc9AijmOLnQZno7OxLfBW+eaeyDQZCF/H87NS2plgAsDAVdqtiv5H2srzDYPf0xuHUJXeh6/ZA2EW2Te35nkspNi5J7Aa8Y08/Sql+lX/rHOrCYUCTrje4Nv31frkcI0+TmRm3t04wiA0ko6JnJuVOGqJmBjta0h799LeD8N9Nvq2fQQ1omc3WY7J99ow2czo2SEhuS+Pcv3DnZti9NCcatav1IzjAeJ8bGtlImfcQ6bml/C5H+fo7uvhgc1kPvfjZF4f+2AbYznuhjNSswMWZKi67iWmVcaqGWAPq+15F8kYLHfAvZHRSW7E1L3kv3s/55xVUzk25r2mmMzGR08RSBo/zTNqxdHXit09y7qMp0ybFNgzO2k9CaBvdduSWWv2O8c53mJiKzEPIH+e8+cMaIj/3zP5zvbeiDsUq7oFocube1cbsUsX3fJwBnn/US9p/ACy+jLjiTRnCq/1gXS1wGzby+Q06oVqgXHVr/7G2E0ErPqU7psTuRDGyTxjTdnfxMGxB4ihSfQdv5PYH4U8WQs5+gOYpIXFBN7P4POscbCYWZfvYMwwj9t2+Sc66/ntJMnbN0iGgUFeDyH3TQ4XzdX1tA/YYPsdGFeVidDu5WN23jjZHSwhwwMw2/TNXwD+/f3bTkoy7a273w9AEmK3gnSJFfHanDhZ+J5q4UdD5eu5Qq789L1XoxCKRchj1flV5ewPlHc7O7O8eLhDUM0G2XFfAMB1g3ij3Nohbkr8qmnrDEF/OqyI+Pn5cddc9W0MsRX1m6xfJKeqwofgv/77v/z97O/EiK98dq/W3JQYsUkkJmF6ABd4n4zZ95xQMV2oIRR4Bi+cDXPAeKw7NGQcgC10q+vTw3mEIYInn2S6xapuoxcnUpi9Rh68VN2mbHKS5kUMaqSMZOQw/vyThEAkx28RagoncqamVmLJ5sLKrfVRjNy1zwqBVT27oDXl4FX5g7nDcjlouK67InnOMdfp5FFXBk+GlzqY/5gMaTCUN6PL8J9Miw9m3Ht/8kA6cepTyRPriQnIEhuHCdrYTcCyZm7VwHNbtL2VpW06umdhzszyAXuFe+L0e4cTGgj1jZndGbGaBrX61v34TU+QGsG737o7yLYz7nPO0LtGYi+fMgs+RuDuMQ+h2QcACsEjwVC1GFPTBKXKjKr2AvQet01QGIrDYHf02ZNNwNkkIo+Lg8hhXyYPQajUDW/ozhDQhTxDEpSnpvThwskHnrwLEWE7Kc8Pq656WHjWkoJddXuUJ6r6zUybsLs7yEjiz7Vk53mV+JCm4euaQvNvFXjOOXH4YnjjTDCRgTvDnALLxWg+kheNYHmaXgPoN1v0lm5yJlorPfNHbXVQPdvLOQihq3WBwP1c7DDD0uDq68m+ZZbBgfIjs7pbzcjnJAPV3tygRYdX/QxmPjs+dEab1jpP+joEs6ra211FCF23qsi0Ey8oim+6BeGRWtXH33dM78atJQ0IGCjkqy4kFlSyjI5EguH45heeDKDU9ZzHbPFX15mZol3RGcE8P3q9Wbsz8/F2NTAYjfr9/T9SRzJPiDSzfliZu7TnnANq3U6vAJvxErGpFxlp30jTGvXlYI5XlWxAOEtEAzveuHVdKGx9E7NjeKyrm4g4WaJQrbLbbFAWj7wJ8nnGKWQqw4yQbOrSfdF6WYEB2rWQEDPPc3psLqDysoDjTs9i5hyfzZJa3T8/P2CbZgXgZKjbBh675Bl5CJsxy/I9SuBLIUxGxomE+tade8RwXr87NDozUFQgzCodUUNLzgsZJFqVM3KMNBAf3sE4MYr7OnwG4jlpPdY0S3Nzh+8j2VPakpGeYnhUGt39qSJQHu+d5zw/pjEmpsJzIQm8q/5mKEVbXixYUG0+VNgBDJaZfivXOczO+F1FKSM1pYwhmyO4qG5bhImkF95sRW7eR2Zit4xcXcedwQ8as3RzDQtGzARI+Hw+A8qs6645yk4oDVV/hLZi1kauSQKvWVzY890P+J2uzURw0QcM3AJguEgRzh6IYNVtg5GBHKAqSD3PiSUR970gM48pNxnPyWeGiNsgdVfZKG+aJTO/Is9Bj6fTpAjJOwDhWT50nhMRd+SxU+MJ3q6kt0rEns83epj0YMebzEfjRj4qMTfFaPlsS2rT4OQJ/XFu89wrzDHNdFGO0DC9psCIWX/izR+GwFZqzYER17zFdn2W8w/QPDDW77//+upaNShE5PhHR6R6TO0cS39+jvumzEeBhm7f3i15wRORP+dxLgH5ndhlQJzXgVFAuH2ql/gvtZCR5yzlP8wUt8SYloB6sNo2ZIikYF2Gw4RkE+3dSYalRRIwMCQNwzqY67LlonTg78zP5xPkOccCrTwnFirwczFeu2Cr8eWD95yMcZmzgTQUJdqxwYzmuSJdkaF2kUCufdkMn04ai2n6UW1RZyFLEt5hXsUxQIuXRe3vZVjNHleadmWk5VUFI6GjnDZ01UZ4LKFzk0bON6U7Rht8S/YxB9jTUk77AAAgAElEQVSabSZafr0kHtOlY5uaSKZo+p5nq3OPMAy4BSiD2CGN50manWNj7BkRmY/bogieOLsLkVyrEABA216GzvLigvtetxCms5Exe6ewQ6MMjizEuxUcJqJ9fqYuG4rlc07d+6pcSDLsDHCmffcVJrZNs2+SlaPOa/lzfjDGR6jqZTZYV2SLnoqgHOt9NxG2HQWAJALVfftj2RDHRG5GsBFhgMlpNJkMdlfJOoFRCd9PnfO0+jNr0sSI6gowkvdec5lptIrjAG7WlDGfGXL8cbqzGmNECHLiMqMDBtkl1ZXNYEnziTHnuEEvqwNkv87MW9crYXvMjJkx+OcOZWsLASB48thQyyeU2oI/ByJ3RMqYYCXDH0K1deYMWznRlCNYg+v9Lv7OLVd0g8FFxPhqWPQJNJgZmPp/SQBzkAx/l6AkzY8hOZJ6ukccRYujotGJQERk3zLLNRDBsH388aKUiO6LoZSqW1Af21FGEPh8fvFameVEQsa4dHb3k4cYY7q6iiQNKYvEvGu3prY7y1EMN4BPFzzuGm7vaOz43fwBvTurBKnPGZvHsaViu9J43aImUechIpDPcyYNP4eIDJ5Mj05MhFKNRE1rRhfIdwkn3MYgyWHPEAF1xiztuPeC/HQfRvLAlIKWWwn1VBATbMUT55/nn2qpcc4jNFvJY4dkANCsifagiSSSIsakxfufp0G1qVRlWPESdctw9pa3o7oIMEJ2HPLZ7i4KaNlQ4ef52cSR6t0zkwEo40ScYHapWtV64nAHUrvvISOz7q/UvtRpJXS4YWEL4yxvbpyaGWpotRX//PwYYnieZ3pAn7Nz1GMn63gFMrjWPVB6KkuOgQbslZp9e1QXtK33jHYc8WaWiQ1+YwylQDrp/MyGZxlB+nkeIrua0InDPziPQUmnMMMgVtlGRPWooiGBOmfZGDPkqMiInCH0u8TxifT4rKpIJS2V9Jl/Tkw8jDytWb5l9X/PX65lg3iaAxGr+rKa39dk105wyPXP8+ynRTDapu8Db2xxIHVdj2ZceWqZ+Oec24OAbQUUEb4LuDNGDZJ9P8Hdb2f7bkxJ89aQ2yhxXZEUeTSbHfNVUFSX86+zyMZqZiQVXX3STWvTW4+GgmzTfoJooqqE8nJyDAViSojFzKhZRt6xNNbkAWgEb0kPJL1JUYGRoWfEp+z45nlAdstDCfd9g4MRmYm2OvcYQ5B0Vd5DXVVBnYia3aIauuBMkiyXGcMrWUwUc4/a+ktT49V+dgQJ5okN/oc5u+Vd+s3VXM6QuYdQGH9ieHZF7lJDq/ien5/I4z7rHZaY7+frr6lcYV6+e72CTj69EGbQxOnjE3tyWMXTuJvBMOBqSIB6B1gy5c71g8n5u2lskHdbkb9DHTNtIaaJPgN/xaxJWzbz8zxzw0yk28WTmIFHbdPqYU/Os2P8pYL5p2OJmJ4uTGmxXqZV12IUTyBybcyDrHvzv/77vzNzWFSTjyMiXA56bPg8/0iC7H4oz4VyvSP1kuH3pmK53iQh34DWyybbUc9LlnHIu/XVBLwbVjPPi6cCKPW995xjdMnHKFYGMhfbgonhTw4bekIqYEY3/2zTphhMn4D1RfXhUDBfYuJzTjllOWfTdgToats3Lfet3S8xwq5QdkHN3e7VPUQYjdkId3at4LjoRATHR/5MRUn8+++///zzj5/Ysekz8OQ5kWpBypPP+dkBY20jxK3tZuKtb/aa96X14oycFX9/PbW5EI9b2rRTpER4pmozVi97HW/TfhkZESe8M2SctXdGt3izu1/Os1I3c7ZG/gErt+uKCSha/1OXDM4DLvWtF5dNAGGrtcDMIcJSCb8C7z+YQIsXxoJn92YLLKvOzGIsxqrIYwLjdGnu+bvNnYzXxjrifj4Ondip6MTH8Y1gzVRDU2dz1gS9D7+Fqg4aMA2v/3qex3P7KjHSPgYrGOT+EHgx+4sYxOrHNTPn+fbv7HH/c9Poxtfe580Fk99R1Y2M5zkDECzxuLvBBtXlD/C1e8ppPv/D1dcP3Uvg/AS+gWT52oy4PfsGXAD5gJ18MEHZfw0kBbMhxy4I55y6n5dwQTLi1K1zzo6olxtS5eZmWuJeMYqzV1eYS88Mrw6Wob4iI3MsBSJ9eIYb9Tw/3kPrmAAt5XkhqoysvlYrzWjhuFdzk9N+Uf52VWUZ3TyB5R9FWBDrK2D7Ai3Q7G3Dmyz3sn/6A4uurUWdL+jMYSLYcBW5LPX/ixPH8WGkn50WVrOHgJUhNTnMIFG2rBjPMd8Itip6IaSVo2E9/RtynH8nPVXDbs6TjgMAxgB0ZgmDVEcExTyzOttlXBmdR0M6j8czsf9SMeSsYzd+C5FIHju3cpI6aS4VgX6eh6LBa8GELbulW4M+1LOXWBERw6rwv11f+65dBL0Q3qsSmDOQaR/2zYn5PM9rEDfvy8HUJ2eD2svOnks/Dtf0N1J3ZGSE16V8avonvHFhqiOzNjDDgGWVPueJYLUGbtA+fY13zRt7Xz6aW+6IaU0zhyoer0bH93iHW8a8+h08yHsbcrDDmP4P6p/nGU0Vd55hJYfkOsQyVZKfz+ckq/Q8M9V74fXnPAAi8xwrkedXjZj3RTM9/4Mg7w55Y+lEw+mTQHrRXPVEttdVZqiprzIJMGhsfC3dVr0v7lvkOUfk3EF98UcvZv26ZzoyeNuQqq2RkXTL3BaXjz6BJtRPYUpyyCWrW40dYP9l4Gq8knsrhdls6eBnL2yNkFbabV7BzNfhfU+pdrMXyarCEsA/n8/I8gCGuob34F+OWr1+wdpgpS17Xk2DG0tPvjdZaPYqkRHx77V95UPSqoVXj7xvsN0yLR+8JX2WR/zGLqdBvJhsroO2KV1SjTGr/qO2IR3odmLN2NL0u4rsjxRs4snKIF7Ggb3Ll43It66bt2AsYMfHsrS5hzBJW1DupeO6uiOskzNzcH4i39JrdPQE6Gj/eO9RDLPSLdDQxffM3JLUV8IqktcnJL9Pb7+CfxrI+/mNNZf3/ZJAvuLF6h4r4xiFsSfWBfGttEVYU8WdbJDUC0cO0h2rRHHqwbYDKKiqbLUPq5oMxmEivOaC8L0j7/cwx2V6uP0R3X1cQrv0DcbudzER2Nf5TdwBWk8w6vA/I1jIM7MvreRtXB1Dvje6TUBxNmFG/t2bwjC7Y2rG3Gm6PzcwMzBHw4jJ1443hnunMJYpinXv1drQ8R0Fzejar4+bbYY72UPZnkdKGy89sw98aRbKTAeEKXUkE0ci4jk/EfG5HwA/z09DmeHVF5Ls9NhlT7kkGXm8wcW6LpccJAyHvQPFO6uGJ7AMB3waeHdwWeqq3g+1VdyqMVyZEMOON4jZ3Qra9yOTOSYtkcGWmTAGBdpsQdsZYdG253m+RDEyx2tlagztkXPTNGWiT/VsfE4vxnP8ydFe3OWFcExQ8/RIA9nqBs45QUpVMKHjCGNsYblVROS7aWYa8EmDe/kmcq4/M+lOUloqeXR3nvFEJlntPSXj8t9de2UAwKqCiX6Evi1wGnx4qziOzUvMGiTOHpqtkaYXAMZHeww5nwdAgM/zxKo8IyJn31vELmB7uyn9Z3kgMU8Eomud1waV5znH3pWjGQrez/VnEGQyWXfncpwbYivtFUma1lCjw0CkJeD++2EE2e0pCRrTHLL2KL0ARByrMf4ipwDqXjkpNCR/dolj57J/zFVHloYsQjLiJKeDEBS7meNvZPN/9tKDnFUzzvd+AUtE+8k83fU8zxiUv9tTSOPCnOHOPP/MzN25YtQlVpfGV5Ie4zi/n8RHJbHY+iRr4c3mW49ZciQRpg++wVJSq80618a4P8dgQqwJOo7e32aWcL26O0VKUjLU4hhaWj9kkvfget+TPz1sj/nv1thWeL+43L3VflzJlwy39F9khHvgz+c6k/Yfbf1+yOQqcL5XRgwOVuD8+Lm/zqRmFL3PzcJrIw/dZY8ax//ub6QlWZ8GKfT552c5NBMf3lrLI5yYjaSZC/Xs+3o5WOhWBMvoASYngszkt18zm36WTn2/5GydGT6xvjREaVacvlqcSXY1Ic+IYsRfXEV+s6bvvApUzv4kh69gzqgb0DhzygAjNN9XC376/T7PU6r3tL8RJobYDXxVbl3jVzF1bHcHPRWbp2w68tYzGI7W1Bh8A8WcOsr6uHmNXzLT2Yu2ekdXWRsb32hgMORNYRHf4A8s6s50HNL3i0yae0Oub/HJp7tn24q5I+Mz4Qn32Qkx1X3v795rGecZeHLjpO/sdPcTae0hMZltv8huCpyR/AQjK8M2MgHA8zxAY0ibHkdFxvlWcVMFzf06nrlyr90O9TnEuPC32+9lblnuwdCMiEY+nu8Ze8tm0lsGo2pkZL3KIWw5+sbAfct6xzz+TC+w//v7m//v//ffgLpuBO3Gq+6T4Wn2K6qSoVti9xmFnb/S8mmNHiHtorj7A8mXuOPAau4Dd/JDNTOM6nt23YC159iEF936fK6NPjzhmk2GGrQtIn7OT1dXX8nsgG3GuMaygB9Kv+oLMpDBCIzfS7yQq4bM0urt4Pj+RF9Go0Ez/WFAYIi0nIOCGoKKYDCfeHYfil/Spcl+3vFiV9+2uR9eexPTBbvbE9eIANsTZ3+krgrGUFugjIzRB6yuMISByL8SGO5NteaXZKkjw/TGKp043deJtcae+0/oDL04VHstZOY6OKtgrQbJOHlixQTvkhBTp/x5RkpCe+JfP4UkPp/fCLalAtNA++R8i5Kf8wzyCsRsLDYTIf22IPhseFLa6zLxkrKqSi+6EdGSHRV9CAS6BBvuwFJlh7t6Tneb9KIq814smCB5VbnrIt2yjuh55JnjPBth1378GSR68UZUX42SHpxA0N29BxAMe+5yLpnjUtoULyJP34sBzgTu7lP1eY7vbx5X3gBwTvq5Xl1whJDgMBAN33yxkpM7jB2zyjbKhi13AMHAYjPPlHHdVqZ2F5Omerk4O/nc+mCwbQMZx7sExLg9ln8ZZs4SRJLPCWSIQPN5RjLv9+JE3usBclaA/9VSor2+yEK3HEqWgImVMx9+dZHQqBu2Nz7nOKzsLkMKJZgByvfITl0bcRim/lfdVmU+ZNioGAq3S25QIZSq9Z3hk0SgVZZ/ea8JR4ni5TRJhrdf+Pw4gwqe892IVPDWWAP1ijsCxK4uMPRkgNjljg+aySwkza9U3+3qk6FCr2nuzIQyn4Zulaogneef+ag7/zsM45KZaXU2RqjU6pGjjeOYOTuw7orL8DFWCqBc0pxzJBeoRbJV3JHzrJVTvUM+Ww0AcExADxGg0Xlc5xl/74hjZW5myigVp9Ss+9mh2tBs/I4YiBPCgKGRx+hA9zzVIVmYLzbu87MwsKuqNOz1ZcZZQeWiygRU4AstDZXgHEFVn+4KhveINJrMql6IdsKewaDuzsDzHI3vgblUhVj8S22tPYgRI5NNiLIuJXf1aJ5E2idEC3T6VdJGtHnOMLxkpDL7rZqq1V4LLmA2+/h+dyvOUKp72ex5coQwtr/LBPT5/HocjR76QESsFsSIc//8PFuMvCtPIXugzyqLcXkGYU2POMQJrUvbW7xmZmkcupge6wBsV6FOzR5X2Q/VKgafUkDJzIhI/vvv/5lqW+qq5JnwJX3qtqxV2HruMJi3isxhx3gq3xdEWW8eSybADBfNNrJuYxKY4XtGdTutnzNcB+6yU6lJ3rqxpkw+aUajfZLnB3E9TJbR6bEWpQxKzDwZqLrvdkbTajJc7ntV3YmZzF2Lkaoqw5sSLextSR7uetQ30MPogd7zJM/euuFZgDNrZGYeko1u3RltYpamuK578sR5WlJd8zzQyjAR1EYTki0oZwAjgifSHNUkLbQcXTxZAwwZLFMETzx7/ydUhpoep8RkFi/sFYDQ7qVCdx0G7VGZaQAuoJPLwafTfLdGwk4hIzVVU+8ASKE8+cgpY5w5JSIjR34CYKIAWj0sNubJY3wa3/kjANcgYZ5y5nwGwkrAEjqYbx0yIT2P1MZ8u658/TlsdN8dV0OGpT4fb+j5cZsnTsUYMdk5/ghchFE9MrK7nnOEFqLaWgGRyp/TVeccedXqdukTTqdlQS8by30USXMbDSZ8b7pLSsmQxHyewO3bTaadOeUpesTxt+hu7y6q/gCDTdRsJqNaXVe6w3PvtzLC8m0wR/Dt61C+Hmrb8bflktOjIN9TbPZzpgWdBtq+/OIpFzW7EAFYSWk0dEetGqvsrgHOuobfI5w8PvuxDOs8bqonUy9vxFR478HbmiqsqJDUJ7zMAT/Pz/uWgSlwRzPBMDWkJTcBJpyZ5WoFVQwXQe9m46ZsfzrKMX+GFwCKfOsrfqnHINMXLTIZbNG51TI5RjzPj7EuP8a1ofALi7S/PIaF7Oez41yhm+Jbt6xNvEmoxeDz/KMRw3jJk3cLHYJq5dj5ykcFGnMXkBGnuzQzOZ3n8YGUJ8a3iD4Zn7qcs9eNAjksXQ8FDHlECHV/fzNDs0uMPXR/Gsce8NG5nOE16YxoVJuhHOEzrA0mEWEitmS/+xl/ZnqAIUJ5WGt4wrP/fF10vx0u/vzSCApJ6jt2zRl2dtuUj5ld5eYj8zTEKS9x3XFpMDgFn3jQsMWNKY6MEGagbrMXYAg/AMcHR/YrGz4BwPBDG9+3weMIvL1h1bWyxDfirm31icfn3xCY6eHWU8XOmp3WNZtK1rBh3iPficI5j+sx6xKqG4xb11pXazowwMQMYWK8HYIKBvJkd9uqyOzgfrWVc7QDM59OEHZNN8WbCWPrFjM4spGhKie12BFj9c2Mdo7zakmMtrS7W5Xe7xhBb6Y0Khox/sakXd7m/q6/c3fl+SG4ll+UzL7sEwezsTmuF+oO1zNBXvuTd3dfMEZj/J3Fqmdrg/xaQEUwz3NMgoG8ScV+6zMRjiBiANyNlr32mDEOikPVjQjC4ERGpLogXRMpaOUKr9p304QVZ+7BfpIelUz8ofcUMnmI8NLm7rZTCmEH6zwnp+OCzPqaQtMVjmSOPbSvZQhHlKSukyfGs6W6K703rjrHyg8tnZMbwxGRpIgo2cYvutvGId7SOsVEg2Tpzlq4DLYnlP7CwbA5BFs1XqPnGYbnmESZvU13Q5+6VXcWvi7hYxDLsc2QBCKqOjOsBx0DddiAjsx0V26MiyTaDm/g6ibdNXaPd6jbdn+Xqhu2SY/4dNnwkgu/PHnQeJ6fuSDVRq7FKLOKR8/DKu2SJsccJgNrJUdSs+yaPnu9C+oj2FVmpnNNTdXlMikW4O6+BLvLm2unGPNNESBVKyIDefLU/8/V2y5JkuO4ogApj97XPTZ7d86rn3SJvD8AKmK2bKytp6sqM9Jd4gcIgPVqAK42kaBXRHmetznYmzy0pIZRr1pdn+dz8y/Jz/qwwYxdLwz46Gl7rZr+izoRqX5VP2NGfRI6OsAdNIrBSPWParBKraD7e4gWgDt0tB10T1ZSja1VY9/RcgiJIokOqXblTKCGMkLW2S1L6h49rq1QoBHjZdsLjWRDJ8eol/8WtXzrTJWIyBWzoDRikUY/6Bx982T/579wHtIgDMmqk7kuOVh/cmtD4bScCv7XHN6137/++/+QsMfTqTu26rbpx/M8E5rEq0JmitV1PGCE0ZCwRYZnYh6Eiqkx5hV3BNpaRZBkYwZl95WIg0zyfV+VBZreiEeg0UpGqOWsqn0q6Llu5rp7UMsEVjHphqETIRW5GaMtzuEPyZe4QDTEY8IvvrAEJ3lEthadCIsMuX3pSZqOiBAppkcwGPcp2zxrhgq1g0FfucPQoleDBdDeJKC65EsrMFRrI74sLZXQZEN1xqyTirhSifs2NffuOSsAZstFhx/vOPszmt8nCmt5eioDtk13RaawbijCXs+fz8deXe1aMIS0iREjpCNlUQ5NuWkuiZStTfaw0twdqeWztuiH0bNWaqkvI59nYexuzjliGVTVu7cMfJ/nqSrM2sPuljluG/T69tLTIPf6POOSKt/M4WOOlEEiQYIR2my5ATzPssOmptQUJPbNHGDR+1c7l8y90N3HcyA9PC8irtm2FJFn/NAxpFD9FBy3ZXiQirDbjbXb3aeIpN3i/LcgxCO6aSmAjvc5adHSUYBtj5DVaUdVyf3gxr7jcV3LMEbzvjpd3etJFQcATjuqhCGbBow606WtxnKKpLH3S8igrMF81lJDqMltRBxUjWu/P7w1EJmW/bciL5pjuDVjcKPPEVr1FhFLjGaPChix1nrfV9iDEB0tYFjxVHt7wYzQfEnhCYfLx4hE9TmHnmlzn5p0XiPN8tjpeZ6+vJ7MtR6ZPJxztOVMPyO/w2zdEfNnlbFs6SVeiZRZpSHBZUG2ezaSUN8SXRUrf59/ruf9e0nvqId2Us2GjBLbN6+3oEfPBx7M2NgCQJ8VqkdH4QiJ+TTMC/T1fxRzTWc+nseUDZW8cvNUu1VeloVRQuS73xsPafWlXTsEDIgOhqk7HEZpXlJM2JTrmlYL+XZIAySLZDFSB09pk4DlwzbqH97eu8f74poauXl7no8POzAvzvSNUJEa1Cqz8275/2kUJH6QTo1bXA370gyai/XAY36es5Ulq0raMuGKJXCgu4cVdSOfwoiwMIdd9RASPo6/JMZvQl/hWavMiwH1FIYvnykVlwtofD+k0qNjb0SUpoLCIN7TCiBzNvLyZ1sWCs4K94GT8h979WJqMDlNvPUu6F2Uvkf7bJDKs17cXdZcnq7TIleezPC+uBAEpeWKnDJxMiK/NuuWJhhkNOmMSC0OqCrtKIYk/3Nfzrlkdm38noGZtCBmNX4J72Un0KW84IqCZhCb8DohY54S5ZmrsB8SbTVq3y237Q/wVb/p3+eFWQ5ySXPyGW+pvVsDVf+ADGZVfW0yderFNAAIKyC/pxeMfEj8/ZlnpIrczs62vvFNN9Nn9LzdeM+frkMgR5yGBv7+/iYgCNH7SlVcheo9mjcXESq72yNMrZuWIlaxRnjE+Hf5TdlvQ5MAvyNds/OlLyBF1iXNW/7yJ7K7I7MsHifAHlSlpx8WeqW4FPYcNwRPYszhyuRWusdzMKRR9Yi8E5W7AyAi9tmXzqlHpMEqKbnw0ZftouQ0QAdm+8gEH4QZUjoKqbbHXHjXQqqrdaCq7o+WmXlGQyPoCo2fdTg2ffXX0dIXdM0WEICfz6fY3f0Y/HXgl2SNtCraB8AbnjrCJ5lOB4psltJaAOdorNeNvu2l1mbSPPct+Ya7IelFGoCqa/nMdCnAgKGhqb++ssAw1/xXMxMewn1Hp3Dz9Y2iaRbboQtIiO+vS7z3K2MokuJnuRGaAYoaa2ScrnX9jMxqMaypLlrltJ6houXNjz3OZjXWH3Nuvy0rBzjWndUx0O++74vZhlJV3ZW56hzdhg4P2aQYyFx772n+UbVrH2XVfT15SBopM5T5M0u41FRrJdOqr77HRlx/ZXORlLuFWtSuatsHoXZdwPoGW/3TEcx/eK1M6/y7taNQf9pEnNGZzXZHTYKmaxZRiOQY6oqrt9YH8MQQs4eju6tEjXfXoDl4zw6J1xaIfsc9ijT0kU7KKzt8Ntp5YUg5JBXehYBWlzqgzGBfMaULFYtFoJmJBnhfTi4B/d1GaSOIRlvKNfLRluVsxLejr+HIxxgYtnmdWTXERJW/2o/KUgmCbm9Km71EFBAgZ+1M2pGsb5iKcRLXITk2Lh8gRn0HRwYU8Q2fsAELXduTpHYfgl/nhljil5xu9DGIr/dbhkGypdT/Xh/fZUDkmD7nyPbzoF/5LHVPDyuq7zXgch4H676jjGygcZT83/ddsaqPiQ5VCgNVB61AtHCXEvncBolItvnaEEY2+FSMyUGF+7gH6L/3vaCbxr3mEaqZKg+AFcPjNjKul36NJS9MAc8nps4UlyfEp9WQETLgZXCJOHoL0Vuxd7dIBWF3MExk2wAiKQ6yw7SBslCk7XFU72pmuHUbWr2aVABVB7axAEb/qnrvHjxlvOGVa3W85A6A1tZ0ny6vppi/BdvX2FxuTE01mJcpYKwRrlVV5NdvQ1u+whYR/nXOkRpMUVfn9vlIne8Jd1XJZlB71zCXYO+twxkrqgsC0EbpBdteWZVVswq7ZlVYRjJDvOytFn70GarjcrQmAs3TBkSAYDS5dV1RXbDK+xIU3Y71jiboKAgoLkV4ICRWHyaD9HR2M/g8qoFdavgAOm6H2du+pzUkLY1XVUFdPsHzPKiuU+DXGoiQg6hdo4Oy3HS37zMf/Gc9/e0gwrWely13TxHF+aWHpqynbPu/anuQmg2afoqOsPmk0BLhDDemifHlaTsc5a6OUydfT/3sYijrQXiOfhxq97G4fQUb9WP2blqfYeZTzk6yq8zQd2wbVsPEviEfkKSmV7VbeJGuQMfcfcayF4tyYvKR27E+IODzI54xZrHujfBzKqhT2vN9YbTLjXNQ3OWoKnt6XxTLcJxLr/4BJxXNBl+/Fa+ypOx8vzXYdRTA/IWfqub7Ielt2et9/6pKqoh78ef04vrw37+oT+7c8T///h+RQDltiSgYnvnLgSuQGX1aQPx9bSJfSA8g7nZPpe4U7lE44mf+A/RaYkcyrtbG7yDFD0p6+Cxa3kpP3gYq1XSR3f13DiJWJNxys4PVfZPoWuvIVdPpvIk52fKX91bY79tS/NcKvLmhQRIhQ5vuLu1LUJ6TUZfeZWQwNEhHk7LWmfdX8hfWBe06hPd9tybna5EMymuSQGXkWmvvjWAwn+dj3FtaMPTx5aR6Ns8Hg89aaCpGKzFPDz8n3uwkRGqPeYs7ls8js2S6aCghAAM8oTVGYsALJ4DG2a++NAbB0dsHHHMjIsnyEffyZ4YVZ/kss9YYESnmRkvZ5NGOPja7OjJier8urnwa9TzP2bKpkeVLYegtUqPoHwaDutdaUmx0HxJvHVtid8sqRzwuoDJ9/Ny6U3/9YaMNc7vhGv9zBSalGfVOtVYKz1EJJXNDWShY4Ro0FUJOb9tN9QUAACAASURBVOiMVTjdDrKxzMnSlRLorEAJD2wdFHpqzXue1XrpPStM2F8S3aek8CA0XVB9wyrNdDXDCFUrasXVDunCGktESw4ykd0CJoWCZu2S2OoIUaLMi2diD7S2XPeEDrERfS8sJxW8Jd5otPXFUeeESCgIzQKV2CJicQFUcBRWkesB0OjzFZgNjkblJjXDderss2FITCy8FRnaYAfIqVmqWoICgLjWR+InhmEzPde9t/aFpAzxy6YQQK3H6hnVnYQScyCWvqm5RUUMY+7C4JlJxLM+DGZmjVpzfACiC/IuFJ3EWEaozYPtocZvHY1I4Y/OmVV7gjPfKmgnBrmepYENSTbkwCgD8sukrjrynVwrWqgEyEYORtXVdVq5RtZPQ+fSaJcz+UMz4P2oiCQluWCLwyjDq3QVkpG5RM5Fv/ulZ0I6w+oV/tP2QWtvB+zQAxx1kZqV9oGkJSnD5sZBp2lWh5TKlokOxsqVEWkySccUl5q3aGJbODB31Gx0RfWvIZUYqd1gwqznqD6Ks1UaZnn9XJrRSQDP8484pgS0MFlbZ+Zd19k7V3a3t9H82A/XOPmuzAAldtekSrTuFkQc4buDErWc1By3A0mEMsups88RqUTDsarT8UVO5Yuo8lpknMysPt1Fr8vpnipYf2yRK0V0ZYIZsbuMTTiXQexgbTfP9aFdPiEaXWQ8zyczChWZ9mZkwvt7PMkGEB4tWAWPUQm0AQUpjjPWsM+at1IvSV9rHJPbmlONjcE4QCAylwzEcOlpwRWrL14/wKvgPH1awy7emB1jfNErI5h1KvxOXLwqIMQogrX2KWK5ZBrGZUGm5xvkx0uM20TYCAY6rG+7LTqGD9bm0dhbOjPPdNepnIiq7ud5uky2VzkqPmzNbBtMyxCH0lFHj8fTQZWhuolN5NKmWfWcAZBQ9l+I2GdXd/URKWGtJ5jdJSP6boUgKdKaXjQSUvLl7IlB1QHC3XsXsU/9vf+vKXvwOLVzxVqyyQ4VdXUOESEWRINNgGII0qtToluBs4zYh1yPVfszulPJV78tiHmX9jfG4MDn7KraDYZITNYpat19UMul1BIwgpHJNNTIlTKYvl1FlW66meMACmefF7a3sspBXDyRUKqKhFDx7ttyiUF/RWCNUBMFrpVw0iRZIitKBVc7lLQUtMexJ1bkitkL4tnLqVorKBgXkMiqtbpe61XGwOeg1U50VZ/SrjK09nbWOZedl3pHl+qrs4wJg8DwWIR8qc5HhfZwYy5FSWvZGcMDtkLo3JFPPjnCbk7vQQDP0k4aqIE/VdLWxEz1IsQgnl0pruqTkYRo8uJLFtCozkit+Z0mazBK1dZ5ly4S6FfDRRFWWJbIhNPiGmdeGJxzaMJ3cqBOCaf38yxtu5ymjRAHtr30m4xz6mqROa1WNQDurlipegqa2Kllu/7UoVVDqkyD0C63urAIIbuhqlOx0jZg6fbY2GJGronjIjaxwU5D/MEv8gIAIsiKFGfXZl7U3nOgZq2V1dy1M2L3t8jsq0QRzzFynxKarByn6Ck2VYOCk0zq8jNi98kQ4cBwQIkKI33MaJ2Fp8csA2/IP4ckD1CNf54lrIyMtSIipfgPxEqT+aqPWhpJ8IOMWGTKin3lY+ys+QXChWB1ccU+m9VquoOybDWzu7X0Kz3P0ttcOV7jAg764ua40sRkeO8LUGP/4mouVq6ntSTB6ORU7BAhzsD+6DIVENEwzSGArtNax0TADvXIFAc7u7rrRLTFexGiDGZGB/YW7v/ED2akjoAeRdh+QIFQnqKtMpWKmjoedQotSSYr8zmGn9TBlOryvWUhoCyJCMaSuNTChZ5fuhoB1aRSukTGs89fd/WpMABXjVqPbV7Y9kPOCHTdWR5Gla65e2Z08HSteOiNpugDq1gYXtLuKy8+r3FjgMswUEGrDtAZs7o5ZJGQfTbVIjHPfsWGylx9DkF2tE3N77bbHjQCimaxpvOYabT8g8MLwIGv56QLCGGgDEQHCojWlrsIafpNC6gzCc7TQUfBGxJhJXATEbmsgXO+1RY3kJCm2ar2SDlA1DkePBB1TBkuI/cgvD1FIEKQ43hj87dHJYGOYPJov+xUhx5MDllKlYM0No2eHfJ1zhbLpPZZ4S04GRrfSzUvTIjrWSblqO6ttuMoDlt/KDOXal1GaDdcrvXPf/1D9TwRQgNAipfcXad2dc0+nMxc0lZKuwDELgXt/DzLs5DBQ6yqOEarCpZXkN7OLQvW7tYewa5+nkfioydduh4YYZc2d9fOFRkPp/KeoYQ6CNm0asrYgIpZbR9xTrE4WzP45xHeBs+ZPBQRWTNiDXbc+8i5DuecIlROK5OiJVX1PoParwqAiGgWNLxgdkNeEz3skynhmzI0mFjquCHvBETmsmOnehaokNTeXDFCYh4EQAEdh+TK6C5YV6pD0QxW7e4S4VOxAvQKljmbecTbdvVrjHTlevepPqdqrVz5SHin1+gzfW1W3IsJMQDQ+xSDjFQTW+f4rquHtUeGxjYU5gPcyTgLTKD2mQGrlJq2IUUikJmrw469AhPi7rPyiLzsfwhveYAnjam4V3L0oZvWEbjE83xUQey9ydbn1gbZbxXpVkMzJ+3ist4UZCTGgin4A2jkeG3Bo7LdXTN7O7emGnv/rw9Szwwjrm/QD/yY//6//+5hXWFYLbrVNRIhlRoCQYSnZTwwP6Se54PxyJvJuQ6ounSBqmbtYRg0Pz0q9OMF0texjaMKaqnekTxb1GfPJEl6p7yGqK+3SJ1z2DhVIgh7AiZwQJzrYamoYRuMwIPW+4JgwXKQY9EAHwh5jvNuWGIcSwGeO42scyRl0I8TIdCGM/3TPzRV43cOT+69zykRf9dKwtxYUxV0z2bSqBdnNNlTaFUvPGVD7YhviewfbvJKdwtmijkoTLlGXAFKd7e8xqBphb6vanHy7++vjcMF3Pi7ISTxG6qqqkbDUSXmGhFgRvU+KBV94pC2wGvL93XcLQOvEiSK3VX7KPOK+2NNAwUZ8HY+aq2PSDTj9vA8D7VRYMpxwmbf1rLwPksbGrji0uHRygMPZJXQ2yFG9auKOgJfa6yZzrUnj+H1TS12ao8De3WPlMm4XzcU3JfhpPC3+rnPjo8zXbj3S9fejLmSSaXvjbGn+lrjaWYIso57zlPCyAAxf6c+4+g2ctx19cDSbgNL0QMsLzP2DmV9Ni26wektlzI9wz7HiNrPL/lWq/8n8Cg4As9asHyvrsu5g2NX77P9KHyvw+p7RsRvcBzul/+oXo41NGFilG8HLUPWHpfrwyYNU2TGuKOqyJZ05No16jWpXVkmcQh3sCNzd9fZVo8aLB6Ny3gH6evcV6D4hvt5iH3OPqeOILx9bQF0jO+MYc4tx889MoMm5w7xAW3+wpfRSLSmR3XO2w0Caz1VJSBb54HB53mG9YkbBGasgiHgTLGFEmg7FQ8FGFUJ+pFp+7lO9GHyiAizfSsS1c7yXrKqvXwrhY/GFxYHgLWiutLUCTdj52pZbK/XLf/Rqht4AURGodMMX0UDYbw9s2ofyP3nZYyKtEKsbjb0ySwzjFTPVxWFfkJgmf5d707rs1XwYc9xlW3gMUN2kI7uyLVWasrloQKYmV2d3+WNuA9wFAAlXbkmdqJH3WN8ecwcpuTNL+QM4yl9gDer350Ze6S4ast1BuLSMeakJa6L+ZVnWU5LjzKda67TXRguszmbntip47jdYm3UTLioJ7z3n7mRvL66Hqv1AASal3B0hDc7YJQBMr5LQLHUHNLLTfbPNjyAckxrgLOhKkJ+RydXPs9qp7kWpGIXDk5OQq31EdjaP+Yhc4bRA1RhLtFv+Xjv8vWxrBG0Li0zEF9Z8uRjZaTUopiO6oZEAOOh7wIs5lw1xIZbkQF8xbn4X595vhRJmdacLQwxRFsejhJIMuPG3prZvkJJegm5i6JTQ7H8miYLgNM4zS3Fvfv1o3PVV/EE0iCRVlka9dbZiIgnrScDDDim127TM1QNtwBpEzW7ygEgMFMiXaWpww+nrnCOcA/Y2l+jOJ65NFowN5z2n/x8PlMybbGu76tvlnwrrRgj96/drR6wFvDOdPx07f0WnZIaFbQOElMSkYZLBPpg0PAbLfVketijI4ywUlt2j2nFTwva17u+rFUFyLNPrBQ3dooNOTTqVurH5FqP9grotO7RZ9w14Pw6tJypLZVDv3sggO+Vxw8DTv89HEbqZskIL6++P7hPS/vP4+ecZ+Y79LRzzvM8eiPP8wDn3X/iA8ZXPxenDv2Csn/i59n73RsmGegJfOEvE7AVq4lBMURcdSbafQY0tzHctNsOWiuXEFhlUE3x82eZllejeeeQZFgWg9b/ukfVyZANmu/mbKSQdWLVDMJDMao0KQIwFT6GAyspmWvm2bSFHpYfPIeSagdV2vzxbfQuNATHzKyqczasEuCZxH+LqC1f48Eiq8x67rH71zNXnM9YJRa5ez7XcqqRVGOklXPDwnYMH8gmc2pFjaWx1rp7qu79AtnNWFniOc5J0z2VzQuHfx0RzFhrrQgAf1oxNTY1fuAY5VMYSer5WIJLPK86nT5fHpyU4+lRLNDOEjHcr0rpXq7MbNTeu47e+6F9C88UMGbd6SUM+UCPc7Sz89jXWnoXwyP2CYbXYAA2QtfDAZlEgjha2jyjkSZ+v/LAhUHy7KMVU2KpV2mLpuuf0xWpPTQ3wrRQZtV457xy0Hfmm19DCZJtS+x6z9EyPxJcT0akTb0iaNBZbd1c78YF+8gQhBeZ+92OIeYiqAL02TinVoYKwsxE44Y4xaXx5OVNT3prYpjpRnt/xgz8uts97wjsfBN/wH3ZDdU5DWuwepAZ3Yuzz30FMICg/7JkfhgROYV72zXeOOaFHeZnPD2S8MvE9yG8svKc3ZlCk85hUm2vNAZSK3Z5GVtmdLuZD1OnjQhHMGghy80g958SXRmL0D6zuRGCv7uHmqe/DovR/anmKJYVlkeLt/SEFaYyIhf33pBK7BRJ9VDajXR2tdhCNyIF5LU1JznGbwOZ1lVDgvJpbSLiWWvvPfA3M9crx7xpWkhb8bznD8DZVnsrooqhD5jcLCuYvb1oV2pUL2yY2tJETNtNq7OriGhGWQvr/y7lruNGW0YTEVfmf+OPaAFXiS6yWneLQJxTsvIy+pX9VZTw7gn4rniJsW/CrA/kmG1P4zlDwvEkUE0olFWNoq7hWK9/e8wYt8a0bmCyRmHsZOan00w3jVeI71zVXyc9ymriKr3qZv6r/tF91IaeiBiGYdzukibkSZvomABgrYfDB5KCX03FfSD3FMH6Le/4VFwUfASYnxtTBjjaEFXNwK5XkTTnsWiJbNurJkja/k6LI6hjGaqQU6skptzxdzSrFdQOGIQn42iabeXPNcWpLxGCHeqh1ltn0Ak8YsWthe4zKL+ZGQ6z+0akwd6nGRl79rt87uY+JRfdpqBcd+OLDAMTUkg/RZvNKhNlplWJUyrUVQVZh6fdSM/e+33/1OH+IMO4QwUxQXX4f2xOWjtu87//9S8CuZ4IuwoKaAP784/EGkjK2lKbrBWMvL0qgsnc53QXF6HJYcvgxGBrBG2F0fbqIfknwTWmgyKd+AHZAhojIKj9kJruMgKBpvhEKb5DE+jQt8o8531WdmukpjL9Np+U/2Yf/PPPf4HM9XSd7hInookLCGQsgoVj0CQGB1HinNfZE6YD3m4PEz00Al1cgTBrWp5v8tCsI2ckuwNpuBLD1ge5lln51Vu3qLu0I3F3nYLWNEmBQUZVr1w1MltMNiAZsscVDdDNJ2OtQKx8EFqtoeMVxWZbPNvdZFWdZJJMricffX26Vcu7tabqNBiZNfsMWlZiqYMMBQNGHA0zBN6RYKjPE0taF1KU59PVwDkv2KcMRnR3E0E7Ccrfaa6QyZ5z1sVYP5n5PI9+/AEVIqjlkLYJAvxIyTi+b+peFFnkLCwrsO4uDmNILDKScuLWtIcwKQ9AwM1/d8v7u7sI7rOdjL4FGTJjPc8+B+BaK59lGjIZlImtHJBE48qDZofYHNC1yCVWOIRswsLTqqOwu+IJ4n3/35QCEoBPuAlCvqKpKSkDmbEOSv7kIAquTW81Dxyi69j2EcBpDTMiIqtPq5RndOumOA10nybKNCuwobze3Ue3T2WxmRct97CGp4MZRnVuryH4Ro1Q9dlnr/yYtQHanJRFYvhCrdOr7/VZzxSjDeB5npiBSrkLPd0n0r6iEP2mD8mazy+M6Vn/aCkZR/PuZkh0NB+2JtF11krGolCAAFSYEo1aK1WHlr1EVb2Z+esLESqpe8s94PIQI3vGonY9C/8sudJiefVjCtOCqo/868gZAhBg43k+bJz9Sg5yqnI9LSjYw7xpsI83K9Qpqgyl4ByR8sjIGI9FfXIVnd1t2y6VlUBXDU1x2YgdKpdPTH+inu2cAzvYCsYSER8AQnL49hd+nkertKrNL+JwCgAcdFN0lW8H61G/cJ3MrgokmpFBizh6oMYNyOAucj0zmKeGta0LLLfEYKGTFAmu6hC51gMXPnaSC7abluEyxMpdgoxWTL+tv1u1AXerja7qXCtSRtpblMM2NpSYQTKAwHeBOSbTSS62ntX93WB/68uelbz0LFNNilLqAP2NZ60MU/Uz0y6u0keuT0kgp/BXDHGBAZXUGoRqyPE8z5MLAGOtofYUeq2QfYFkv7crS8lZzlFzpTUWVU1tUYb3uwSDyepjeTljxv+hiAV4bFPE6RrvV4vzqorVEdllEjoAu9CyIjnAfnd/W3b1TOccJEHuXRlsI0TiT9j1pfq0WgabIEXbVVM51O9FRiO2T8yH4NnSnXPeI6fl1zS0WrtelPjA1nYoaHD4ASix8NQMngxpMUNESvoiKol4zhqPtfypu7vKdJEB4Gg+0biTuUBPy6pGMY0ZyBFQxtnvidm+0LIyH8hDNE+TmjGRErNV8u4WCFaduwi0zkEjg64nu4dX22jGFMqqAQLpDE8Tm1csiQGqjmoKP4crjwMgDjuAUkT1Sf65gBTPXeDmisUZFDnuttVhRARzkIcmcPbOyCC7sHKZGeAeQwsq9Ww6V+Syq5uoBgc9A5bikMfb0+uz97tL6lj1LR2MZ60lBRIu000a5R9CgIhXA7uqpW81usE+Le87HWvAyxWBflLlvSFhNX777CKe56nuCNzq5Zz3eha1PCQF1kQqyIvtqDEFPPLnylTT4jKix52chB35DEnoDLRs8TT1IdbzJKPGNrpRchwKsrpSNnF0PF8yWmkT6EiqjtUkH0LJGStTL+U0C2qhRT1f1Xw+/5THfXVnBow4VaHtzSiwM75kiCBxX8eQ36ang259uL49mXlQdxJpQo9ukCO/r0lVMUKPnSGoRNhtYYyy6lqu2ERbqRukH0UNnXPFQrNOB/Pz/FPV0y2lT4tYHa0lAVrlWlXFjFypL6K/NRxiTxfqK+FPnZNGOecCyNSTVALWqaAtW0/1EW+cBmHZVeCKyIPKtaRZDcadLgAzo7SAGMU+faxEHxEMyUQG4lkfjFYMLe2iqfQdvfKp7jGraZIHFa6punBsS942JtWjBmvQVNEe2wxiQAx4Gg4zghngeiyR6eqqTq6411c9CKpx2snR7MjWqY8guAckJdXbZTdK/iodJNQ6BoKjcfEcx3lT9i1b3xCD2jphehxVNFJJyiOxqruC9rAOo/+os+HF2qg6xulIbWjj14ZCP1wI/RY9dlftEr6DZJOxzxGWWODYzO4Idkg+5ZpE+yFmuIT9vi2ghxEI6RIMJwYlaIZNn0wy7mFUEAkwU7R0g0pKjARjGbjAsAGEPt9WVyCsNnxpX5dLTXfJ1L0QseaUq5p2OLABxQ2SaJiGosRrcq667Op5IHrUmKva3c6boT7F+i0p85RYWo4A/u4gau83I1em95PBVbpgANfhXefdqvYjIpldRZbIl/q+alxaINHzmNtem9RiZHfKSsv776+rGXmOOYyKAKpR0dA07sn15BOWR3FsPMdi+DiqBJgMdb73GgqnIkMDief5BxHVJ5c8l24hJCrPOWfPiDoueAdLNysyaGR2KhCh2xFFrTGgVGJ+jTiGSs+lEAmLAKoDI3XrujXtcKv6nCNFY4BrrbEaVm6N9XgpjgRGCCkK8v7I4SEHp/CghgTQ9qMQWBWQiTQsrJSWt+0I4kltt9ctaoRwtbYudPfZdUA8zweg2aodK5eGE/o6b73VldRqnzOkDs2owO7IONpvSgVS7ZUJjN1oXcPMhipqE5T7Fi8L5oVQWSnXArir+V343FpJ12jQ+zD6lBl/Cvf+2RESZ3dIxOOekbRzZu1iFypWpLnv1Q1oxNJRdEosbdFrBcKMyGrau1gQpCBaIVFkjEVe/ZhnxrW1V7oxaZgl5+SgHEHA6IbsF6r/Q6mpz6+6GbPgqmX01MhYGUv44Zz5AxdvOlLR6pIjhBWIFvZ81q5aBpMDZJd2HKqd0DcW19k873lHIkITYr0ILleSzJUZ79kRudbDok6+fvr1yNhDP5TG/Kx9pJvJfMAuR71bVSJaMqa9+7SJJvpJlWhUlUTLRAGQYwqG/kLzppbihc78+/cXEcwAY4XKs3OxGog8DSgGdn99c4XJfIl0NjozmDKFU8zvKiSUFEJrPTHToPsbmNH4NDvfDef6L+ec/O///peLwjZhEaCn9IMzTvD0mLe0s09eSeGtYnl9VuY4ehO6D2iTUjTbHEpLabq+A5mZBwbJWW54d+RW0UBOXx6ZPXCYmbgjlHKtrw4tM84pVK1MjZyPmE0xhvsoSQ208igy72CtRx3svGt6i8eht5fDzL11cyxFnIMeEc+cD8AL6BpVVc8S0exU1X5fhQopUM45oGfv+vM5C/2qT4QcOdNjDBjReDxC1NYXcIhYKkqVvIfUg+aXcdA/ywDUE2o6p2LXmozq+wwLdc5ROhGPg0NxzSe7kaNf0URu1xYvWKIBAKelgcAZvqgHYvy5nJJKmBEvIaqHZhFR532eZ+UjVpqAGLuB/4hCbsa6w729Nyeg32erQRRuNqhK7Uz+yrXsFy+mAEPN/Ingl25AYtxIb/dL6We8u1KctQQ8aas++rla++hmLlI/rHk3A1P/aUvSZAWaV9jAl1MvA7H7kTz9sNyiKzLquCPq7ozVM+E31xWHxNIOWAbQwWii+tRAqCGycP9gOlT562dRtYVQJES4QM/gzd2RYDj6qnZfyOP+Q0zhmLORK7479ybMnZVP3OV+X5RkhPkqSTxyiG45scAyYV0gVlcJ9RAppGfqqdnsfZuTY/qCp2v5ZUV4v8C4Oh4AyTxVJYZ+dY/NS/eRb1zM+u4h5ZEEKNE2dRmhNrSrVNuBAnpgdMNfFkM7guXzGhx46B7uOiDEIUKivbCG3Mqe7raxlXZPdf8YCunzNV1AAN47bIlGZWbk4gzez9bPFYA4Ys4IulDa0uE4qSfLPLMv+apq9JsahndrcdPqrnNOdWutS3WHxpZokM/z8IuDI4KnDpf2EjtBzinSW/b06Bs30qcF1WvcwDij+6/85cZYtjBrQPpWe2uutWZoZz+94C1vDMAlo9oO777mQLcJKX7m8AYUjuxayK++0GfJG9EDHnoicwj7xpR4UgCAmEnqsjEg3Rnod5VWq0O6nIg6pQf+974RzFxrLW1hcU3gQeD0snNaZ50pKGhP9UN319H1ysz3fVt/r78JaGYYY5gjTFCPuMeTqvqLQ6Fbe+YZqesMi0AnNcvSaor1iFnJcM6pXDr2UIfKCd0ZJrsB+GX/9U9xlkuEg9N3qyEhs8tbfl1WtUd4cKzDKFdCoG1Loayr0PfZnnP2nn6ejhD4+QxKyN3fYxkGF/B9p3kVdY6sylymiblsAMlztiiRVYZs9OP4og2ydUlM6ZBbE6xNj2jNZVVRZAD1tamFCa0CqQ2UwdukIRM68hKyPh/bQj7PR/lUGVOHpEcX1TLkd/15YuUjiyeg0Mu7KFSxmI2r/DHRyagcbpV8ffl9MlVI2IXv8n30TMxwnIXtqjHm4fQQR/ylIr51hc6MCIOZT4zj7TdLTlHtvz7xM77CRKiNf55nvxskmSOq6JvWMf71rXkUbZiOcfX5/QWgwed5nrX0XfR3AUgzMXm/7+MKkSuvbvK7/wk3X3PIngQaR1vU0G7jY9YvQRiGle4471eloc+p08tmIyAv0+6Va/KpCztBG91aTSyD/Bb//eydmdUb6IxP/QZbI5HmmPe17J8tLyLeSiEnAFQFoGl3ItmNS358aSV+xD163Pm7VVUNrpXCYGH7r6/Ou/t7OP0wRclQma1n4vjCm61skkNxcfh9y2Ovp2h/uliNGk9tc5l7bjpb7ogw9627332COPsPEA7w2w+7mG8VCjQdL8eDIMzJXbdam/M5GMaUcPjpV5c+1Vf0Mz3g/OKPYFc/KYDdFn9HJlzMg7NZRxNEf57gWivN86UZ91zaeGTbIgeMn3Ha/JomJdmIlfXuJq6BcreXoN6goU+iGJ4RjeMyYv47R3iid9rdstbU4ujbIGgfm/jUGuLQ4J62FoYccDWc7MZaK8hTZ78v/kOBwanqk+NKyGmgFOV2ySW/lxDJQYR79IKKJCuS3aRoyLMrlZq/4ux9RYqCWjTOOefc6KS1ZK6K7VcZPSQYHafwbEmkPegeDYIzpb7bNT1w62u7KjCkeO+/yWmRzxxLHtMdNO1OMlBioeJqv6rM9rvQcBkcmH2K8xl0BiQ78M4vCyNVqyTJXd/TgrE1VqfpoH2O9GHzE/VaS7EN3UJF1eGdU7tPMpLfGj5kr1rTE/jdtf//5JcaKoBe3EFHZu3jTMW7jAS3LcIVL8Je8122Fuget9W5s5ffGj8+6cAXrqqWdPJ0z5I+fxcV1XmOnFWkXauQ466mjRIAFUiUzLpMLIi4lFCPW7jWCuI9e4k4e0XhMSRFusYQJiYrlbSVbwlf7+4un3zGNzTphMCUaC0C+T4xWtv7KwAAIABJREFUaqStZ+idcOExZx1FoeojoPyznv7mx2MghTznbG+vFZOJEajea60pESWNOjdu65aJPcRvpnPNtveOZ9VBnS4tOELvvaWQsB1c431fKcki1/vaab1mL8g03NnDO9R4fooHdzFo0cD8dWQBbB2wJBq178JnAFK2/e2ts8KRnuj7iqY56/QMxugfYqkrsbi7dxgvUTzMI5lHEsz3fSUWuS8rDPhaSTPV+yK1K7Sp3XUaFzZgBxHFq/mRATKbrN0NdTfsxvjL3hZbKkBcUFi1rup/iQgys+p2A5pILV1eyA+qat1dj7CFpgguAnVVyXD4e939d3Y+i+Atve697vagemohV/iKCO/7Wk9jfeFNwdB9nx6ZNAb1TdkXDVCI1uIuhQWSaO5zIu2KwXm7MdKEsjZOwxWou4ocwtyAZ41zW1FVoT01xn43OTP+QVgARFtZ6PcPT23ZCDJX9Cnda3Ue3t+iNqFqvwV2ghFZtW2HqoFogBmKs871+A98sqdea20iiNx7T59yIuJRr+HueOJ2netboB11uIR+fnf1xX9UTW60w7zA0XDMiKi+0isvPrk14b31vyXN/cq3xH3fN//1//0fPdNztoE8YOWS8sBv34mBpGglOmSICFFr1a2n5QXWzPO3I5ozBcAVgf5bFbvlfSmb9wx0V6w4tYtyWREDParq9AmCIW0Uj4z5iNOohjzU7qhzvm03uM8RE+Gf57/O6Ygle+gSn4FNUVnh4TNmDMUmfbv62EpSE86txl470wkW6tSprUjX8nVVVD3nmAmimOixW5mwABCpHiPTOJgoriLLYbbBUIe7W8DeLQDrHIIifehu6chxJg1qJ0QnrbN1NLtKn1mpPZBW/R1tbQrYK0NCE5VxZ7dP3sq11rNvjhmyScxENlyWK5aPMkYML4dV0XN9SeRNrHUaJAsn9PIaK4UgU2BdpN3fRtjasewKCsN2i+ARFty2Iydw9hHWoCJeSYhTh3GYVMFonKArT0dF9gzVNPtoR9EBg8ZnMK7jmxzOM822sMhcITtYve0F7ODbJJlxkbrZg9XdnYyMqInUJAMp2UloH0bEZclhnOz6IGN5iZ2pHIHG51lnb5tBNbuLSZFdy07NZosoJnUfKQxQHYgnH3jE5cq1caQrs4lQFdTjCC8I5yQUWWbI0mzQSCa6Xeep877JVtvPABNJ/KQThWASCPLowGuTlexT1Loo2J+zcrVQs97ae6lP6YDU7eFE9ymJk8jG2Ufun8kVzCsOFWJ+EUDF2z4qcxsNqwoUjlXq6bDHAhXNqrtzqYwW80dY9Uy+qqtVwTjYOgiZQMIBi6fVnPPw9+4IPmsl2dX5LI3BYPKZ08lAHRCH7Rb6beeWoZt114yFWgoSRrOqT+Sz1qPgmSpkA7GS6H1ejfk1HgYTKtGqxaJa6yPX/hnxouqIYInug+pqxlq5nMtWNCDpQ5DqdVXpRIScKEXmUKdHDVYwU68uBjOYoUf/Lam166X26e+JC4B9jqbCAK73WkRocxHvfKD7yQcc679YKjaACq4UIFUn7EQb3WesddzUuemKgKS6VZLREAS7A2e/EayuXAsMhkQzLu8+zxPz1Sy0dATXOMRMJQJyrV3xyMireVfjLrnrErhLTSHH4fVprUKBtOcAOpmzs4GBQIeLAXQyajgvmaubb2215TrWr4NzouWZTsZ3Zf1ENU2q3FrrL65MSqAITS7lnOh1PhI121FJq3ZIQpPsaFK7wezf+n3JoKyiNCdS/O/7du0pp/GbLp9eTc0YZp/jMST4X88/3iIjCoK2QGWCCOnVXI00YGd8Hdf3FKPJTiDDsFHmOk29PA5w1t1rhRbjVMt6SEZhhm9wbTTRuRLsdqkFpXjU2O2hhP54lRYiwGoRYdSKA+jdhVGDsVslBNIWQypP67x3x5JAdv/fXBwVSKOn2vmqN+TA0e2F8F1lx4Dxy746w8zsQjBBhW4tOgbRdc7n+bAd1oLJ6FN7mlK7Y7FDFZqtVwhY2IfUkkZM2qRXOruSjlR1gWnkKP3BxE/1KkIE2g7R4QGR26rZYj0K4LTXvxZaefCT62nTR/SI5hTDeVPFmsGaqsw8XSBOKe/2DSmh9W6zf0XsqpbzkMrKhvLycUvs8S6m6VJOCeJZyRH2dZfqARkvIwLkPu/z+Qj6EzdKN+zI2k5kKKVFalISbaZzPysBbSnBgF9VrSmIC0iSfbwDjIHP5yP7cGOIzPHd7qEhBIE63pga1m+di6+HgceB3D3dVoe2XV6KP+Q8yN1nJUObCnSvf1RxYyxMItX+oeWHgMyUNg6X6Qwoh4p4lLHK644CfZY5MWzXtKpdBXskwGSqVuzTzxoEsLq9pJeiJYGUnkOvlMBlkc/4DeRUJrEIBqDdcRi/Mh8IFNGz5BO7e4Sw20HWDv6GAPbeMtTvlpJZkHpgxDQCAi7gVbV1tDj1KhTtdRljZa7XKZuRSZj1GR4Su4aEB65BSk3Vu+sYWSsmys49pj0xshGs+no2NmQ5qDf1PI9SXlVNRXvdsC4S9J0aYhBndU9iQ8eyYaa7BRdTDchVRjk6XfC2GN9t3UndzigglrqgT+f6c2+rgUshA2It6ORX+84N8IHBXSbLzNSwRILWfSh3IhAqGlbhaPNBx3VWWZmnN34IN9qHNNFbn/yQ0KDaWFJERBw0Q8482go7S5iY2heyMqgtUN8dvwpdX2AhI9U5mXin7oZIrbtbqT03flP0bZB8R+8J9A7fIKrPimWjGBAjSbNGpt2zNE47aLVsvt73RfBa75JeUKchpSp/ceDkK+UOzSW/JbwThhhkV2l4mR7hr2DKbks+B2ScU3qctYvuo7CeJGWBa7uqUddJEyrpD2TwHRFbesTnH2nSM5dKTY944vYIbUz4eAvm3toaIg7Nw24Q7/s2oD6X6PV42to4IjNmptwKUIWZmF5DfAi7i2CXgicuABVca3j9iLoPWbm5lc1ntHzBB0GpwWGOc+9Xkzto7RK7qh7tHkkp4L0HccsJJJdcFlXIPM8jey5lzIDXv4OIXNr1gi47YDSBTi3F6VNHlX/Allkgsk49K6nGPrMBseylThPQzO6BXHn6SP6Lq1dQvl5PKiZPkUajpbO8QaodXmQwVix4a0s2Wah9ZJaBSIgzR3Kt7H0AAnFQexjDkXIHWDohIV2GkwID0SWsg7jE08w1FgJn21ISZC4L60QMmvkbptfFSpHTUXXaLSu6VPdqC1p31YpUjH/fXaAiz1YtqvXy+YjYq6gRw5CSbKWq1vpkrgKCsdYD9jmHHRkLEZELfYAO5MqlAlwN7GlpOoU6mnAQZDJEaBAeJeYAZ3QQ1CCz8PNLhXFGig84shB5U5tgoaf95FL9xh6gBejahNfHXMdm2YCTvE9sUNhkRAmeMZ0iuiOHHKk/T4j57Zeir0nfqj59fY3YagnCzDzNLqsq42k7REip4kJr16b0Z5iONQd6pa6Dtm7MmkMzRcXfsr9CxsNcMB0tVbHMdIklPEi0vkYw0fwPmyz0YCwmnmZYaaU30hpzAo1iF+QmN7YXEYGIMnO9T3WmSNuVECPtFLH3voMW2y+pNnabwLMrvCtEaaddro4KQeBTmpnFv78/ZTTR+Nx39NHwVUdbI7RnraGq4OK08DxA5KTuhnwsRpwgvWhnruf5xGwEwQVYDGOfL0hO3iQOQOFHfzH/59//zak//Oc8eZYK9Z58TgkFsfkiPZ2r2up5lMKV8r+QgeIdDmQobIVjdXfCsLImjR6QTGXUghcAzuY9t7UrYQb3dyKdNmsT49oVZ1WNl1xcUEnZ/e/dQGsEJTNLzX/ws6yMP7M4/Yt8rvVI0nsmzdvKzH125vNzek0OuPMy5b9MbcPq9/273yWY17JD7/fCT+t/FS7Q74LkMeA1SWRMhOklH9qBJtbt7pKUe+VkHWeLO2+UhY4BlgLYde7MuaoQfGeupSBS9e3lXHlPKzVMbTXq/1GId2sdDee4aIwAXfKqEqovlvSK1WXdieQeK1dX9UCx3S2G+Fsn10r78vt7R2SM0qVnyDbzdhXfuI/6jpr7a3mPzDwXF7gzOm9i7szFkGSwu8sMYk626JhJr10Ce5i+3fvbaN3mT4qm/o8J84xzoeigc67FHr+ciJ5YP4whTUejp71fw3uinemsJ8tY04TodVn9amY6/Kmu9khfwRtQEIYD8F2hLFPdrrosgB4FqZYEzmP8wmcTW74qrUvqBK47oUBqNxW6ZWHdANFybBRb2SezZyTbwHuONltYMj+j17jqB7m7aZ4sOrAUDL/7Nn582O/TgJQE8/lny5YgTn4+n3f/cZpJpdL8Ers8kwe8opbzqao7c/0SjgQNKzLOvZkmm5yB11dOeHGNy6l0qfptafzhZcnigQjvCwLmUmdmaBuNsQD0BBx/+2lI2kAb72z8ePzpz4aqtqS9IvKcN3RgIL6D5vDwpHeep595tXCkuhYxM/O7UVquo2Yf2DbUiWB2qcLk9NI6QPzcbjfMMOI8g7p5kr8vHfLshjvwGVoB7CefAQhIstDAwTym3dUoHmSkLYmkVNUGCwABZaA1Bk3KuWVg3bXcj1Vxh/f06JJSDaJAkb1F3wsAuRKiQmgmWkegTERQhkV+j9FDkmmzwhCRGWvv10ZSDYAzlRdrVTnOxCh4OS7E+xvj0qgqMTEvi1bzr6vxcmxhghTDqx12NA6+Fdj37RhHU6brFsO6zVPU5HuCHolLDyEb1wG/f3WmJGNcnnusMLVhVgHxWe6YEvx8Pm4tzmG43nCoRGQuR61hJ3EYQIws9y3MXDE6ijK86CMnzw2M6kWfc0ttMAz0ewV0YLT6hmFHGsUHudJlmlInTk0wNdByHhn0w6YDPrWxhN8G17cwFW49fJYZGkWElro5xnqRgMo7AiIdCCiI6l4ru76lah9Re7w18dJk7L7N6G4xj3xtrxE/cE7lClv3TmUiUO3mspvCSnsIJ/t/OdZzruwtgsugvP7pAri/Ofd/xQfykkKaX0uxb2mYX9gKUyZFzlq8W6nfr6nfNt4hEdW3NvAoRk2ybwoqMzEVGXnF7LjH226/tnL/iZ9zp9qvCVA/sV9BDzPSnt/tOOdMxjk3nd0fVt/3XmAPuc1Qzm2JdxDo8rKlKg/y9ROm9eOmemmKKSr5dQ6OiHfv+GHXAvZoxhRXQZ9PZ0qURqg9fCkICNbTyKjaDAh/